

================================================================
== Vitis HLS Report for 'MLP_Pipeline_VITIS_LOOP_69_2'
================================================================
* Date:           Wed Feb 14 00:25:29 2024

* Version:        2022.1 (Build 3526262 on Mon Apr 18 15:48:16 MDT 2022)
* Project:        testHLS2
* Solution:       solution1 (Vivado IP Flow Target)
* Product family: zynquplus
* Target device:  xczu3eg-sbva484-2-i


================================================================
== Performance Estimates
================================================================
+ Timing: 
    * Summary: 
    +--------+----------+----------+------------+
    |  Clock |  Target  | Estimated| Uncertainty|
    +--------+----------+----------+------------+
    |ap_clk  |  10.00 ns|  6.858 ns|     2.70 ns|
    +--------+----------+----------+------------+

+ Latency: 
    * Summary: 
    +---------+---------+----------+----------+-----+-----+---------+
    |  Latency (cycles) |  Latency (absolute) |  Interval | Pipeline|
    |   min   |   max   |    min   |    max   | min | max |   Type  |
    +---------+---------+----------+----------+-----+-----+---------+
    |       77|       77|  0.770 us|  0.770 us|   77|   77|       no|
    +---------+---------+----------+----------+-----+-----+---------+

    + Detail: 
        * Instance: 
        N/A

        * Loop: 
        +-------------------+---------+---------+----------+-----------+-----------+------+----------+
        |                   |  Latency (cycles) | Iteration|  Initiation Interval  | Trip |          |
        |     Loop Name     |   min   |   max   |  Latency |  achieved |   target  | Count| Pipelined|
        +-------------------+---------+---------+----------+-----------+-----------+------+----------+
        |- VITIS_LOOP_69_2  |       75|       75|        29|          1|          1|    48|       yes|
        +-------------------+---------+---------+----------+-----------+-----------+------+----------+



================================================================
== Utilization Estimates
================================================================
* Summary: 
+-----------------+---------+-----+--------+-------+-----+
|       Name      | BRAM_18K| DSP |   FF   |  LUT  | URAM|
+-----------------+---------+-----+--------+-------+-----+
|DSP              |        -|    -|       -|      -|    -|
|Expression       |        -|    -|       0|     25|    -|
|FIFO             |        -|    -|       -|      -|    -|
|Instance         |        -|    -|       -|      -|    -|
|Memory           |        -|    -|       -|      -|    -|
|Multiplexer      |        -|    -|       -|     36|    -|
|Register         |        -|    -|     261|     32|    -|
+-----------------+---------+-----+--------+-------+-----+
|Total            |        0|    0|     261|     93|    0|
+-----------------+---------+-----+--------+-------+-----+
|Available        |      432|  360|  141120|  70560|    0|
+-----------------+---------+-----+--------+-------+-----+
|Utilization (%)  |        0|    0|      ~0|     ~0|    0|
+-----------------+---------+-----+--------+-------+-----+

+ Detail: 
    * Instance: 
    +-----------------------------------+-------------------------------+---------+----+---+----+-----+
    |              Instance             |             Module            | BRAM_18K| DSP| FF| LUT| URAM|
    +-----------------------------------+-------------------------------+---------+----+---+----+-----+
    |ddiv_64ns_64ns_64_22_no_dsp_1_U21  |ddiv_64ns_64ns_64_22_no_dsp_1  |        0|   0|  0|   0|    0|
    |fptrunc_64ns_32_2_no_dsp_1_U20     |fptrunc_64ns_32_2_no_dsp_1     |        0|   0|  0|   0|    0|
    |sitodp_32ns_64_4_no_dsp_1_U22      |sitodp_32ns_64_4_no_dsp_1      |        0|   0|  0|   0|    0|
    +-----------------------------------+-------------------------------+---------+----+---+----+-----+
    |Total                              |                               |        0|   0|  0|   0|    0|
    +-----------------------------------+-------------------------------+---------+----+---+----+-----+

    * DSP: 
    N/A

    * Memory: 
    N/A

    * FIFO: 
    N/A

    * Expression: 
    +--------------------+----------+----+---+----+------------+------------+
    |    Variable Name   | Operation| DSP| FF| LUT| Bitwidth P0| Bitwidth P1|
    +--------------------+----------+----+---+----+------------+------------+
    |add_ln69_fu_89_p2   |         +|   0|  0|  13|           6|           1|
    |icmp_ln69_fu_83_p2  |      icmp|   0|  0|  10|           6|           6|
    |ap_enable_pp0       |       xor|   0|  0|   2|           1|           2|
    +--------------------+----------+----+---+----+------------+------------+
    |Total               |          |   0|  0|  25|          13|           9|
    +--------------------+----------+----+---+----+------------+------------+

    * Multiplexer: 
    +-------------------------+----+-----------+-----+-----------+
    |           Name          | LUT| Input Size| Bits| Total Bits|
    +-------------------------+----+-----------+-----+-----------+
    |ap_done_int              |   9|          2|    1|          2|
    |ap_enable_reg_pp0_iter1  |   9|          2|    1|          2|
    |ap_sig_allocacmp_i_2     |   9|          2|    6|         12|
    |i_fu_32                  |   9|          2|    6|         12|
    +-------------------------+----+-----------+-----+-----------+
    |Total                    |  36|          8|   14|         28|
    +-------------------------+----+-----------+-----+-----------+

    * Register: 
    +-----------------------------------+----+----+-----+-----------+
    |                Name               | FF | LUT| Bits| Const Bits|
    +-----------------------------------+----+----+-----+-----------+
    |ap_CS_fsm                          |   1|   0|    1|          0|
    |ap_done_reg                        |   1|   0|    1|          0|
    |ap_enable_reg_pp0_iter1            |   1|   0|    1|          0|
    |ap_enable_reg_pp0_iter10           |   1|   0|    1|          0|
    |ap_enable_reg_pp0_iter11           |   1|   0|    1|          0|
    |ap_enable_reg_pp0_iter12           |   1|   0|    1|          0|
    |ap_enable_reg_pp0_iter13           |   1|   0|    1|          0|
    |ap_enable_reg_pp0_iter14           |   1|   0|    1|          0|
    |ap_enable_reg_pp0_iter15           |   1|   0|    1|          0|
    |ap_enable_reg_pp0_iter16           |   1|   0|    1|          0|
    |ap_enable_reg_pp0_iter17           |   1|   0|    1|          0|
    |ap_enable_reg_pp0_iter18           |   1|   0|    1|          0|
    |ap_enable_reg_pp0_iter19           |   1|   0|    1|          0|
    |ap_enable_reg_pp0_iter2            |   1|   0|    1|          0|
    |ap_enable_reg_pp0_iter20           |   1|   0|    1|          0|
    |ap_enable_reg_pp0_iter21           |   1|   0|    1|          0|
    |ap_enable_reg_pp0_iter22           |   1|   0|    1|          0|
    |ap_enable_reg_pp0_iter23           |   1|   0|    1|          0|
    |ap_enable_reg_pp0_iter24           |   1|   0|    1|          0|
    |ap_enable_reg_pp0_iter25           |   1|   0|    1|          0|
    |ap_enable_reg_pp0_iter26           |   1|   0|    1|          0|
    |ap_enable_reg_pp0_iter27           |   1|   0|    1|          0|
    |ap_enable_reg_pp0_iter28           |   1|   0|    1|          0|
    |ap_enable_reg_pp0_iter3            |   1|   0|    1|          0|
    |ap_enable_reg_pp0_iter4            |   1|   0|    1|          0|
    |ap_enable_reg_pp0_iter5            |   1|   0|    1|          0|
    |ap_enable_reg_pp0_iter6            |   1|   0|    1|          0|
    |ap_enable_reg_pp0_iter7            |   1|   0|    1|          0|
    |ap_enable_reg_pp0_iter8            |   1|   0|    1|          0|
    |ap_enable_reg_pp0_iter9            |   1|   0|    1|          0|
    |ap_loop_exit_ready_pp0_iter10_reg  |   1|   0|    1|          0|
    |ap_loop_exit_ready_pp0_iter11_reg  |   1|   0|    1|          0|
    |ap_loop_exit_ready_pp0_iter12_reg  |   1|   0|    1|          0|
    |ap_loop_exit_ready_pp0_iter13_reg  |   1|   0|    1|          0|
    |ap_loop_exit_ready_pp0_iter14_reg  |   1|   0|    1|          0|
    |ap_loop_exit_ready_pp0_iter15_reg  |   1|   0|    1|          0|
    |ap_loop_exit_ready_pp0_iter16_reg  |   1|   0|    1|          0|
    |ap_loop_exit_ready_pp0_iter17_reg  |   1|   0|    1|          0|
    |ap_loop_exit_ready_pp0_iter18_reg  |   1|   0|    1|          0|
    |ap_loop_exit_ready_pp0_iter19_reg  |   1|   0|    1|          0|
    |ap_loop_exit_ready_pp0_iter1_reg   |   1|   0|    1|          0|
    |ap_loop_exit_ready_pp0_iter20_reg  |   1|   0|    1|          0|
    |ap_loop_exit_ready_pp0_iter21_reg  |   1|   0|    1|          0|
    |ap_loop_exit_ready_pp0_iter22_reg  |   1|   0|    1|          0|
    |ap_loop_exit_ready_pp0_iter23_reg  |   1|   0|    1|          0|
    |ap_loop_exit_ready_pp0_iter24_reg  |   1|   0|    1|          0|
    |ap_loop_exit_ready_pp0_iter25_reg  |   1|   0|    1|          0|
    |ap_loop_exit_ready_pp0_iter26_reg  |   1|   0|    1|          0|
    |ap_loop_exit_ready_pp0_iter27_reg  |   1|   0|    1|          0|
    |ap_loop_exit_ready_pp0_iter2_reg   |   1|   0|    1|          0|
    |ap_loop_exit_ready_pp0_iter3_reg   |   1|   0|    1|          0|
    |ap_loop_exit_ready_pp0_iter4_reg   |   1|   0|    1|          0|
    |ap_loop_exit_ready_pp0_iter5_reg   |   1|   0|    1|          0|
    |ap_loop_exit_ready_pp0_iter6_reg   |   1|   0|    1|          0|
    |ap_loop_exit_ready_pp0_iter7_reg   |   1|   0|    1|          0|
    |ap_loop_exit_ready_pp0_iter8_reg   |   1|   0|    1|          0|
    |ap_loop_exit_ready_pp0_iter9_reg   |   1|   0|    1|          0|
    |conv4_reg_131                      |  64|   0|   64|          0|
    |div_reg_136                        |  64|   0|   64|          0|
    |i_cast_reg_116                     |   6|   0|   64|         58|
    |i_fu_32                            |   6|   0|    6|          0|
    |i_cast_reg_116                     |  64|  32|   64|         58|
    +-----------------------------------+----+----+-----+-----------+
    |Total                              | 261|  32|  319|        116|
    +-----------------------------------+----+----+-----+-----------+



================================================================
== Interface
================================================================
* Summary: 
+--------------------------------+-----+-----+------------+------------------------------+--------------+
|            RTL Ports           | Dir | Bits|  Protocol  |         Source Object        |    C Type    |
+--------------------------------+-----+-----+------------+------------------------------+--------------+
|ap_clk                          |   in|    1|  ap_ctrl_hs|  MLP_Pipeline_VITIS_LOOP_69_2|  return value|
|ap_rst                          |   in|    1|  ap_ctrl_hs|  MLP_Pipeline_VITIS_LOOP_69_2|  return value|
|ap_start                        |   in|    1|  ap_ctrl_hs|  MLP_Pipeline_VITIS_LOOP_69_2|  return value|
|ap_done                         |  out|    1|  ap_ctrl_hs|  MLP_Pipeline_VITIS_LOOP_69_2|  return value|
|ap_idle                         |  out|    1|  ap_ctrl_hs|  MLP_Pipeline_VITIS_LOOP_69_2|  return value|
|ap_ready                        |  out|    1|  ap_ctrl_hs|  MLP_Pipeline_VITIS_LOOP_69_2|  return value|
|input_features_address0         |  out|    6|   ap_memory|                input_features|         array|
|input_features_ce0              |  out|    1|   ap_memory|                input_features|         array|
|input_features_q0               |   in|   32|   ap_memory|                input_features|         array|
|input_features_casted_address0  |  out|    6|   ap_memory|         input_features_casted|         array|
|input_features_casted_ce0       |  out|    1|   ap_memory|         input_features_casted|         array|
|input_features_casted_we0       |  out|    1|   ap_memory|         input_features_casted|         array|
|input_features_casted_d0        |  out|   32|   ap_memory|         input_features_casted|         array|
+--------------------------------+-----+-----+------------+------------------------------+--------------+

============================================================
+ Verbose Summary: Synthesis Manager
============================================================
InlineROM: 1
ExposeGlobal: 0
============================================================
+ Verbose Summary: CDFG Model
============================================================
IsTopModel: 0
ResetActiveHigh: 1
IsCombinational: 2
IsDatapathOnly: 2
HasWiredReturn: 1
HasMFsm: 2
HasVarLatency: 1
IsPipeline: 0
IsRtlPipelined: 0
IsInstanceOverlapped: 0
IsDontTouch: 0
HasImplIP: 0
IsGatedGlobalClock: 0

+ Individual pipeline summary: 
  * Pipeline-0: initiation interval (II) = 1, depth = 29


============================================================
+ Verbose Summary: Schedule
============================================================
* Number of FSM states : 29
* Pipeline : 1
  Pipeline-0 : II = 1, D = 29, States = { 1 2 3 4 5 6 7 8 9 10 11 12 13 14 15 16 17 18 19 20 21 22 23 24 25 26 27 28 29 }
* Dataflow Pipeline: 0

* FSM state transitions: 
1 --> 2 
2 --> 3 
3 --> 4 
4 --> 5 
5 --> 6 
6 --> 7 
7 --> 8 
8 --> 9 
9 --> 10 
10 --> 11 
11 --> 12 
12 --> 13 
13 --> 14 
14 --> 15 
15 --> 16 
16 --> 17 
17 --> 18 
18 --> 19 
19 --> 20 
20 --> 21 
21 --> 22 
22 --> 23 
23 --> 24 
24 --> 25 
25 --> 26 
26 --> 27 
27 --> 28 
28 --> 29 
29 --> 

* FSM state operations: 

State 1 <SV = 0> <Delay = 1.23>
ST_1 : Operation 32 [1/1] (0.00ns)   --->   "%i = alloca i32 1"   --->   Operation 32 'alloca' 'i' <Predicate = true> <Delay = 0.00>
ST_1 : Operation 33 [1/1] (0.42ns)   --->   "%store_ln0 = store i6 0, i6 %i"   --->   Operation 33 'store' 'store_ln0' <Predicate = true> <Delay = 0.42>
ST_1 : Operation 34 [1/1] (0.00ns)   --->   "%br_ln0 = br void %for.inc"   --->   Operation 34 'br' 'br_ln0' <Predicate = true> <Delay = 0.00>
ST_1 : Operation 35 [1/1] (0.00ns)   --->   "%i_2 = load i6 %i" [../../../../HWSWAI/HLS/SampleDatasetMLP.cpp:69]   --->   Operation 35 'load' 'i_2' <Predicate = true> <Delay = 0.00>
ST_1 : Operation 36 [1/1] (0.00ns)   --->   "%specpipeline_ln0 = specpipeline void @_ssdm_op_SpecPipeline, i32 4294967295, i32 0, i32 1, i32 0, void @p_str"   --->   Operation 36 'specpipeline' 'specpipeline_ln0' <Predicate = true> <Delay = 0.00>
ST_1 : Operation 37 [1/1] (0.78ns)   --->   "%icmp_ln69 = icmp_eq  i6 %i_2, i6 48" [../../../../HWSWAI/HLS/SampleDatasetMLP.cpp:69]   --->   Operation 37 'icmp' 'icmp_ln69' <Predicate = true> <Delay = 0.78> <CoreInst = "Cmp">   --->   Core 9 'Cmp' <Latency = 0> <II = 1> <Delay = 0.78> <FuncUnit> <Opcode : 'icmp'> <InPorts = 2> <OutPorts = 1>
ST_1 : Operation 38 [1/1] (0.00ns)   --->   "%empty = speclooptripcount i32 @_ssdm_op_SpecLoopTripCount, i64 48, i64 48, i64 48"   --->   Operation 38 'speclooptripcount' 'empty' <Predicate = true> <Delay = 0.00>
ST_1 : Operation 39 [1/1] (0.78ns)   --->   "%add_ln69 = add i6 %i_2, i6 1" [../../../../HWSWAI/HLS/SampleDatasetMLP.cpp:69]   --->   Operation 39 'add' 'add_ln69' <Predicate = true> <Delay = 0.78> <CoreInst = "Adder">   --->   Core 1 'Adder' <Latency = 0> <II = 1> <Delay = 0.78> <FuncUnit> <Opcode : 'add' 'sub'> <InPorts = 2> <OutPorts = 1>
ST_1 : Operation 40 [1/1] (0.00ns)   --->   "%br_ln69 = br i1 %icmp_ln69, void %for.inc.split, void %VITIS_LOOP_79_4.preheader.exitStub" [../../../../HWSWAI/HLS/SampleDatasetMLP.cpp:69]   --->   Operation 40 'br' 'br_ln69' <Predicate = true> <Delay = 0.00>
ST_1 : Operation 41 [1/1] (0.00ns)   --->   "%i_cast = zext i6 %i_2" [../../../../HWSWAI/HLS/SampleDatasetMLP.cpp:69]   --->   Operation 41 'zext' 'i_cast' <Predicate = (!icmp_ln69)> <Delay = 0.00>
ST_1 : Operation 42 [1/1] (0.00ns)   --->   "%input_features_addr = getelementptr i32 %input_features, i64 0, i64 %i_cast" [../../../../HWSWAI/HLS/SampleDatasetMLP.cpp:70]   --->   Operation 42 'getelementptr' 'input_features_addr' <Predicate = (!icmp_ln69)> <Delay = 0.00>
ST_1 : Operation 43 [2/2] (1.23ns)   --->   "%input_features_load = load i6 %input_features_addr" [../../../../HWSWAI/HLS/SampleDatasetMLP.cpp:70]   --->   Operation 43 'load' 'input_features_load' <Predicate = (!icmp_ln69)> <Delay = 1.23> <CoreInst = "RAM">   --->   Core 83 'RAM' <Latency = 1> <II = 1> <Delay = 1.23> <Storage> <Opcode : 'load' 'store'> <Ports = 2> <Width = 32> <Depth = 48> <RAM>
ST_1 : Operation 44 [1/1] (0.42ns)   --->   "%store_ln69 = store i6 %add_ln69, i6 %i" [../../../../HWSWAI/HLS/SampleDatasetMLP.cpp:69]   --->   Operation 44 'store' 'store_ln69' <Predicate = (!icmp_ln69)> <Delay = 0.42>

State 2 <SV = 1> <Delay = 6.85>
ST_2 : Operation 45 [1/2] (1.23ns)   --->   "%input_features_load = load i6 %input_features_addr" [../../../../HWSWAI/HLS/SampleDatasetMLP.cpp:70]   --->   Operation 45 'load' 'input_features_load' <Predicate = true> <Delay = 1.23> <CoreInst = "RAM">   --->   Core 83 'RAM' <Latency = 1> <II = 1> <Delay = 1.23> <Storage> <Opcode : 'load' 'store'> <Ports = 2> <Width = 32> <Depth = 48> <RAM>
ST_2 : Operation 46 [4/4] (5.62ns)   --->   "%conv4 = sitodp i32 %input_features_load" [../../../../HWSWAI/HLS/SampleDatasetMLP.cpp:70]   --->   Operation 46 'sitodp' 'conv4' <Predicate = true> <Delay = 5.62> <CoreInst = "Int2Double">   --->   Core 66 'Int2Double' <Latency = 3> <II = 1> <Delay = 5.62> <FuncUnit> <Opcode : 'sitodp' 'uitodp'> <InPorts = 1> <OutPorts = 1>

State 3 <SV = 2> <Delay = 5.62>
ST_3 : Operation 47 [3/4] (5.62ns)   --->   "%conv4 = sitodp i32 %input_features_load" [../../../../HWSWAI/HLS/SampleDatasetMLP.cpp:70]   --->   Operation 47 'sitodp' 'conv4' <Predicate = true> <Delay = 5.62> <CoreInst = "Int2Double">   --->   Core 66 'Int2Double' <Latency = 3> <II = 1> <Delay = 5.62> <FuncUnit> <Opcode : 'sitodp' 'uitodp'> <InPorts = 1> <OutPorts = 1>

State 4 <SV = 3> <Delay = 5.62>
ST_4 : Operation 48 [2/4] (5.62ns)   --->   "%conv4 = sitodp i32 %input_features_load" [../../../../HWSWAI/HLS/SampleDatasetMLP.cpp:70]   --->   Operation 48 'sitodp' 'conv4' <Predicate = true> <Delay = 5.62> <CoreInst = "Int2Double">   --->   Core 66 'Int2Double' <Latency = 3> <II = 1> <Delay = 5.62> <FuncUnit> <Opcode : 'sitodp' 'uitodp'> <InPorts = 1> <OutPorts = 1>

State 5 <SV = 4> <Delay = 5.62>
ST_5 : Operation 49 [1/4] (5.62ns)   --->   "%conv4 = sitodp i32 %input_features_load" [../../../../HWSWAI/HLS/SampleDatasetMLP.cpp:70]   --->   Operation 49 'sitodp' 'conv4' <Predicate = true> <Delay = 5.62> <CoreInst = "Int2Double">   --->   Core 66 'Int2Double' <Latency = 3> <II = 1> <Delay = 5.62> <FuncUnit> <Opcode : 'sitodp' 'uitodp'> <InPorts = 1> <OutPorts = 1>

State 6 <SV = 5> <Delay = 5.92>
ST_6 : Operation 50 [22/22] (5.92ns)   --->   "%div = ddiv i64 %conv4, i64 1e+07" [../../../../HWSWAI/HLS/SampleDatasetMLP.cpp:70]   --->   Operation 50 'ddiv' 'div' <Predicate = true> <Delay = 5.92> <CoreInst = "DDiv">   --->   Core 39 'DDiv' <Latency = 21> <II = 1> <Delay = 5.92> <FuncUnit> <Opcode : 'ddiv' 'drem'> <InPorts = 2> <OutPorts = 1>

State 7 <SV = 6> <Delay = 5.92>
ST_7 : Operation 51 [21/22] (5.92ns)   --->   "%div = ddiv i64 %conv4, i64 1e+07" [../../../../HWSWAI/HLS/SampleDatasetMLP.cpp:70]   --->   Operation 51 'ddiv' 'div' <Predicate = true> <Delay = 5.92> <CoreInst = "DDiv">   --->   Core 39 'DDiv' <Latency = 21> <II = 1> <Delay = 5.92> <FuncUnit> <Opcode : 'ddiv' 'drem'> <InPorts = 2> <OutPorts = 1>

State 8 <SV = 7> <Delay = 5.92>
ST_8 : Operation 52 [20/22] (5.92ns)   --->   "%div = ddiv i64 %conv4, i64 1e+07" [../../../../HWSWAI/HLS/SampleDatasetMLP.cpp:70]   --->   Operation 52 'ddiv' 'div' <Predicate = true> <Delay = 5.92> <CoreInst = "DDiv">   --->   Core 39 'DDiv' <Latency = 21> <II = 1> <Delay = 5.92> <FuncUnit> <Opcode : 'ddiv' 'drem'> <InPorts = 2> <OutPorts = 1>

State 9 <SV = 8> <Delay = 5.92>
ST_9 : Operation 53 [19/22] (5.92ns)   --->   "%div = ddiv i64 %conv4, i64 1e+07" [../../../../HWSWAI/HLS/SampleDatasetMLP.cpp:70]   --->   Operation 53 'ddiv' 'div' <Predicate = true> <Delay = 5.92> <CoreInst = "DDiv">   --->   Core 39 'DDiv' <Latency = 21> <II = 1> <Delay = 5.92> <FuncUnit> <Opcode : 'ddiv' 'drem'> <InPorts = 2> <OutPorts = 1>

State 10 <SV = 9> <Delay = 5.92>
ST_10 : Operation 54 [18/22] (5.92ns)   --->   "%div = ddiv i64 %conv4, i64 1e+07" [../../../../HWSWAI/HLS/SampleDatasetMLP.cpp:70]   --->   Operation 54 'ddiv' 'div' <Predicate = true> <Delay = 5.92> <CoreInst = "DDiv">   --->   Core 39 'DDiv' <Latency = 21> <II = 1> <Delay = 5.92> <FuncUnit> <Opcode : 'ddiv' 'drem'> <InPorts = 2> <OutPorts = 1>

State 11 <SV = 10> <Delay = 5.92>
ST_11 : Operation 55 [17/22] (5.92ns)   --->   "%div = ddiv i64 %conv4, i64 1e+07" [../../../../HWSWAI/HLS/SampleDatasetMLP.cpp:70]   --->   Operation 55 'ddiv' 'div' <Predicate = true> <Delay = 5.92> <CoreInst = "DDiv">   --->   Core 39 'DDiv' <Latency = 21> <II = 1> <Delay = 5.92> <FuncUnit> <Opcode : 'ddiv' 'drem'> <InPorts = 2> <OutPorts = 1>

State 12 <SV = 11> <Delay = 5.92>
ST_12 : Operation 56 [16/22] (5.92ns)   --->   "%div = ddiv i64 %conv4, i64 1e+07" [../../../../HWSWAI/HLS/SampleDatasetMLP.cpp:70]   --->   Operation 56 'ddiv' 'div' <Predicate = true> <Delay = 5.92> <CoreInst = "DDiv">   --->   Core 39 'DDiv' <Latency = 21> <II = 1> <Delay = 5.92> <FuncUnit> <Opcode : 'ddiv' 'drem'> <InPorts = 2> <OutPorts = 1>

State 13 <SV = 12> <Delay = 5.92>
ST_13 : Operation 57 [15/22] (5.92ns)   --->   "%div = ddiv i64 %conv4, i64 1e+07" [../../../../HWSWAI/HLS/SampleDatasetMLP.cpp:70]   --->   Operation 57 'ddiv' 'div' <Predicate = true> <Delay = 5.92> <CoreInst = "DDiv">   --->   Core 39 'DDiv' <Latency = 21> <II = 1> <Delay = 5.92> <FuncUnit> <Opcode : 'ddiv' 'drem'> <InPorts = 2> <OutPorts = 1>

State 14 <SV = 13> <Delay = 5.92>
ST_14 : Operation 58 [14/22] (5.92ns)   --->   "%div = ddiv i64 %conv4, i64 1e+07" [../../../../HWSWAI/HLS/SampleDatasetMLP.cpp:70]   --->   Operation 58 'ddiv' 'div' <Predicate = true> <Delay = 5.92> <CoreInst = "DDiv">   --->   Core 39 'DDiv' <Latency = 21> <II = 1> <Delay = 5.92> <FuncUnit> <Opcode : 'ddiv' 'drem'> <InPorts = 2> <OutPorts = 1>

State 15 <SV = 14> <Delay = 5.92>
ST_15 : Operation 59 [13/22] (5.92ns)   --->   "%div = ddiv i64 %conv4, i64 1e+07" [../../../../HWSWAI/HLS/SampleDatasetMLP.cpp:70]   --->   Operation 59 'ddiv' 'div' <Predicate = true> <Delay = 5.92> <CoreInst = "DDiv">   --->   Core 39 'DDiv' <Latency = 21> <II = 1> <Delay = 5.92> <FuncUnit> <Opcode : 'ddiv' 'drem'> <InPorts = 2> <OutPorts = 1>

State 16 <SV = 15> <Delay = 5.92>
ST_16 : Operation 60 [12/22] (5.92ns)   --->   "%div = ddiv i64 %conv4, i64 1e+07" [../../../../HWSWAI/HLS/SampleDatasetMLP.cpp:70]   --->   Operation 60 'ddiv' 'div' <Predicate = true> <Delay = 5.92> <CoreInst = "DDiv">   --->   Core 39 'DDiv' <Latency = 21> <II = 1> <Delay = 5.92> <FuncUnit> <Opcode : 'ddiv' 'drem'> <InPorts = 2> <OutPorts = 1>

State 17 <SV = 16> <Delay = 5.92>
ST_17 : Operation 61 [11/22] (5.92ns)   --->   "%div = ddiv i64 %conv4, i64 1e+07" [../../../../HWSWAI/HLS/SampleDatasetMLP.cpp:70]   --->   Operation 61 'ddiv' 'div' <Predicate = true> <Delay = 5.92> <CoreInst = "DDiv">   --->   Core 39 'DDiv' <Latency = 21> <II = 1> <Delay = 5.92> <FuncUnit> <Opcode : 'ddiv' 'drem'> <InPorts = 2> <OutPorts = 1>

State 18 <SV = 17> <Delay = 5.92>
ST_18 : Operation 62 [10/22] (5.92ns)   --->   "%div = ddiv i64 %conv4, i64 1e+07" [../../../../HWSWAI/HLS/SampleDatasetMLP.cpp:70]   --->   Operation 62 'ddiv' 'div' <Predicate = true> <Delay = 5.92> <CoreInst = "DDiv">   --->   Core 39 'DDiv' <Latency = 21> <II = 1> <Delay = 5.92> <FuncUnit> <Opcode : 'ddiv' 'drem'> <InPorts = 2> <OutPorts = 1>

State 19 <SV = 18> <Delay = 5.92>
ST_19 : Operation 63 [9/22] (5.92ns)   --->   "%div = ddiv i64 %conv4, i64 1e+07" [../../../../HWSWAI/HLS/SampleDatasetMLP.cpp:70]   --->   Operation 63 'ddiv' 'div' <Predicate = true> <Delay = 5.92> <CoreInst = "DDiv">   --->   Core 39 'DDiv' <Latency = 21> <II = 1> <Delay = 5.92> <FuncUnit> <Opcode : 'ddiv' 'drem'> <InPorts = 2> <OutPorts = 1>

State 20 <SV = 19> <Delay = 5.92>
ST_20 : Operation 64 [8/22] (5.92ns)   --->   "%div = ddiv i64 %conv4, i64 1e+07" [../../../../HWSWAI/HLS/SampleDatasetMLP.cpp:70]   --->   Operation 64 'ddiv' 'div' <Predicate = true> <Delay = 5.92> <CoreInst = "DDiv">   --->   Core 39 'DDiv' <Latency = 21> <II = 1> <Delay = 5.92> <FuncUnit> <Opcode : 'ddiv' 'drem'> <InPorts = 2> <OutPorts = 1>

State 21 <SV = 20> <Delay = 5.92>
ST_21 : Operation 65 [7/22] (5.92ns)   --->   "%div = ddiv i64 %conv4, i64 1e+07" [../../../../HWSWAI/HLS/SampleDatasetMLP.cpp:70]   --->   Operation 65 'ddiv' 'div' <Predicate = true> <Delay = 5.92> <CoreInst = "DDiv">   --->   Core 39 'DDiv' <Latency = 21> <II = 1> <Delay = 5.92> <FuncUnit> <Opcode : 'ddiv' 'drem'> <InPorts = 2> <OutPorts = 1>

State 22 <SV = 21> <Delay = 5.92>
ST_22 : Operation 66 [6/22] (5.92ns)   --->   "%div = ddiv i64 %conv4, i64 1e+07" [../../../../HWSWAI/HLS/SampleDatasetMLP.cpp:70]   --->   Operation 66 'ddiv' 'div' <Predicate = true> <Delay = 5.92> <CoreInst = "DDiv">   --->   Core 39 'DDiv' <Latency = 21> <II = 1> <Delay = 5.92> <FuncUnit> <Opcode : 'ddiv' 'drem'> <InPorts = 2> <OutPorts = 1>

State 23 <SV = 22> <Delay = 5.92>
ST_23 : Operation 67 [5/22] (5.92ns)   --->   "%div = ddiv i64 %conv4, i64 1e+07" [../../../../HWSWAI/HLS/SampleDatasetMLP.cpp:70]   --->   Operation 67 'ddiv' 'div' <Predicate = true> <Delay = 5.92> <CoreInst = "DDiv">   --->   Core 39 'DDiv' <Latency = 21> <II = 1> <Delay = 5.92> <FuncUnit> <Opcode : 'ddiv' 'drem'> <InPorts = 2> <OutPorts = 1>

State 24 <SV = 23> <Delay = 5.92>
ST_24 : Operation 68 [4/22] (5.92ns)   --->   "%div = ddiv i64 %conv4, i64 1e+07" [../../../../HWSWAI/HLS/SampleDatasetMLP.cpp:70]   --->   Operation 68 'ddiv' 'div' <Predicate = true> <Delay = 5.92> <CoreInst = "DDiv">   --->   Core 39 'DDiv' <Latency = 21> <II = 1> <Delay = 5.92> <FuncUnit> <Opcode : 'ddiv' 'drem'> <InPorts = 2> <OutPorts = 1>

State 25 <SV = 24> <Delay = 5.92>
ST_25 : Operation 69 [3/22] (5.92ns)   --->   "%div = ddiv i64 %conv4, i64 1e+07" [../../../../HWSWAI/HLS/SampleDatasetMLP.cpp:70]   --->   Operation 69 'ddiv' 'div' <Predicate = true> <Delay = 5.92> <CoreInst = "DDiv">   --->   Core 39 'DDiv' <Latency = 21> <II = 1> <Delay = 5.92> <FuncUnit> <Opcode : 'ddiv' 'drem'> <InPorts = 2> <OutPorts = 1>

State 26 <SV = 25> <Delay = 5.92>
ST_26 : Operation 70 [2/22] (5.92ns)   --->   "%div = ddiv i64 %conv4, i64 1e+07" [../../../../HWSWAI/HLS/SampleDatasetMLP.cpp:70]   --->   Operation 70 'ddiv' 'div' <Predicate = true> <Delay = 5.92> <CoreInst = "DDiv">   --->   Core 39 'DDiv' <Latency = 21> <II = 1> <Delay = 5.92> <FuncUnit> <Opcode : 'ddiv' 'drem'> <InPorts = 2> <OutPorts = 1>

State 27 <SV = 26> <Delay = 5.92>
ST_27 : Operation 71 [1/22] (5.92ns)   --->   "%div = ddiv i64 %conv4, i64 1e+07" [../../../../HWSWAI/HLS/SampleDatasetMLP.cpp:70]   --->   Operation 71 'ddiv' 'div' <Predicate = true> <Delay = 5.92> <CoreInst = "DDiv">   --->   Core 39 'DDiv' <Latency = 21> <II = 1> <Delay = 5.92> <FuncUnit> <Opcode : 'ddiv' 'drem'> <InPorts = 2> <OutPorts = 1>

State 28 <SV = 27> <Delay = 2.89>
ST_28 : Operation 72 [2/2] (2.89ns)   --->   "%conv5 = fptrunc i64 %div" [../../../../HWSWAI/HLS/SampleDatasetMLP.cpp:70]   --->   Operation 72 'fptrunc' 'conv5' <Predicate = true> <Delay = 2.89> <CoreInst = "Double2Float">   --->   Core 67 'Double2Float' <Latency = 1> <II = 1> <Delay = 2.89> <FuncUnit> <Opcode : 'fptrunc'> <InPorts = 1> <OutPorts = 1>
ST_28 : Operation 78 [1/1] (0.00ns)   --->   "%ret_ln0 = ret"   --->   Operation 78 'ret' 'ret_ln0' <Predicate = (icmp_ln69)> <Delay = 0.00>

State 29 <SV = 28> <Delay = 4.12>
ST_29 : Operation 73 [1/1] (0.00ns)   --->   "%specloopname_ln69 = specloopname void @_ssdm_op_SpecLoopName, void @empty_7" [../../../../HWSWAI/HLS/SampleDatasetMLP.cpp:69]   --->   Operation 73 'specloopname' 'specloopname_ln69' <Predicate = true> <Delay = 0.00>
ST_29 : Operation 74 [1/2] (2.89ns)   --->   "%conv5 = fptrunc i64 %div" [../../../../HWSWAI/HLS/SampleDatasetMLP.cpp:70]   --->   Operation 74 'fptrunc' 'conv5' <Predicate = true> <Delay = 2.89> <CoreInst = "Double2Float">   --->   Core 67 'Double2Float' <Latency = 1> <II = 1> <Delay = 2.89> <FuncUnit> <Opcode : 'fptrunc'> <InPorts = 1> <OutPorts = 1>
ST_29 : Operation 75 [1/1] (0.00ns)   --->   "%input_features_casted_addr = getelementptr i32 %input_features_casted, i64 0, i64 %i_cast" [../../../../HWSWAI/HLS/SampleDatasetMLP.cpp:70]   --->   Operation 75 'getelementptr' 'input_features_casted_addr' <Predicate = true> <Delay = 0.00>
ST_29 : Operation 76 [1/1] (1.23ns)   --->   "%store_ln70 = store i32 %conv5, i6 %input_features_casted_addr" [../../../../HWSWAI/HLS/SampleDatasetMLP.cpp:70]   --->   Operation 76 'store' 'store_ln70' <Predicate = true> <Delay = 1.23> <CoreInst = "RAM">   --->   Core 83 'RAM' <Latency = 1> <II = 1> <Delay = 1.23> <Storage> <Opcode : 'load' 'store'> <Ports = 2> <Width = 32> <Depth = 48> <RAM>
ST_29 : Operation 77 [1/1] (0.00ns)   --->   "%br_ln69 = br void %for.inc" [../../../../HWSWAI/HLS/SampleDatasetMLP.cpp:69]   --->   Operation 77 'br' 'br_ln69' <Predicate = true> <Delay = 0.00>


============================================================
+ Verbose Summary: Binding
============================================================
STG Binding: 
---------------- STG Properties BEGIN ----------------
- Is combinational: 0
- Is one-state seq: 0
- Is datapath-only: 0
- Is pipelined: 0
- Is top level: 0
Port [ Return ] is wired: 1; IO mode=ap_ctrl_hs:ce=0
Port [ input_features]:  wired=1; compound=1; hidden=0; nouse=0; global=0; static=0; extern=0; dir=0; type=1; pingpong=0; private_global=0; MemPort=[13]; IO mode=ap_memory:ce=0
Port [ input_features_casted]:  wired=1; compound=1; hidden=0; nouse=0; global=0; static=0; extern=0; dir=1; type=1; pingpong=0; private_global=0; MemPort=[03]; IO mode=ap_memory:ce=0
---------------- STG Properties END ------------------

---------------- Datapath Model BEGIN ----------------

<LifeTime>
<method=bitvector/>
i                          (alloca           ) [ 010000000000000000000000000000]
store_ln0                  (store            ) [ 000000000000000000000000000000]
br_ln0                     (br               ) [ 000000000000000000000000000000]
i_2                        (load             ) [ 000000000000000000000000000000]
specpipeline_ln0           (specpipeline     ) [ 000000000000000000000000000000]
icmp_ln69                  (icmp             ) [ 011111111111111111111111111110]
empty                      (speclooptripcount) [ 000000000000000000000000000000]
add_ln69                   (add              ) [ 000000000000000000000000000000]
br_ln69                    (br               ) [ 000000000000000000000000000000]
i_cast                     (zext             ) [ 011111111111111111111111111111]
input_features_addr        (getelementptr    ) [ 011000000000000000000000000000]
store_ln69                 (store            ) [ 000000000000000000000000000000]
input_features_load        (load             ) [ 010111000000000000000000000000]
conv4                      (sitodp           ) [ 010000111111111111111111111100]
div                        (ddiv             ) [ 010000000000000000000000000011]
specloopname_ln69          (specloopname     ) [ 000000000000000000000000000000]
conv5                      (fptrunc          ) [ 000000000000000000000000000000]
input_features_casted_addr (getelementptr    ) [ 000000000000000000000000000000]
store_ln70                 (store            ) [ 000000000000000000000000000000]
br_ln69                    (br               ) [ 000000000000000000000000000000]
ret_ln0                    (ret              ) [ 000000000000000000000000000000]
</LifeTime>

<model>

<comp_list>
<comp id="0" class="1000" name="input_features">
<pin_list>
<pin id="1" dir="1" index="0" bw="1" slack="0"/>
</pin_list>
<bind>
<StgValue><ssdm name="input_features"/><MemPortTyVec>1 3 </MemPortTyVec>
</StgValue>
</bind>
</comp>

<comp id="2" class="1000" name="input_features_casted">
<pin_list>
<pin id="3" dir="1" index="0" bw="1" slack="0"/>
</pin_list>
<bind>
<StgValue><ssdm name="input_features_casted"/><MemPortTyVec>0 3 </MemPortTyVec>
</StgValue>
</bind>
</comp>

<comp id="4" class="1001" name="const_4">
<pin_list>
<pin id="5" dir="1" index="0" bw="1" slack="0"/>
</pin_list>
<bind>
<StgValue><ssdm name=""/></StgValue>
</bind>
</comp>

<comp id="6" class="1001" name="const_6">
<pin_list>
<pin id="7" dir="1" index="0" bw="1" slack="0"/>
</pin_list>
<bind>
<StgValue><ssdm name=""/></StgValue>
</bind>
</comp>

<comp id="8" class="1001" name="const_8">
<pin_list>
<pin id="9" dir="1" index="0" bw="1" slack="2147483647"/>
</pin_list>
<bind>
<StgValue><ssdm name="_ssdm_op_SpecPipeline"/></StgValue>
</bind>
</comp>

<comp id="10" class="1001" name="const_10">
<pin_list>
<pin id="11" dir="1" index="0" bw="1" slack="2147483647"/>
</pin_list>
<bind>
<StgValue><ssdm name=""/></StgValue>
</bind>
</comp>

<comp id="12" class="1001" name="const_12">
<pin_list>
<pin id="13" dir="1" index="0" bw="1" slack="2147483647"/>
</pin_list>
<bind>
<StgValue><ssdm name=""/></StgValue>
</bind>
</comp>

<comp id="14" class="1001" name="const_14">
<pin_list>
<pin id="15" dir="1" index="0" bw="1" slack="2147483647"/>
</pin_list>
<bind>
<StgValue><ssdm name="p_str"/></StgValue>
</bind>
</comp>

<comp id="16" class="1001" name="const_16">
<pin_list>
<pin id="17" dir="1" index="0" bw="1" slack="0"/>
</pin_list>
<bind>
<StgValue><ssdm name=""/></StgValue>
</bind>
</comp>

<comp id="18" class="1001" name="const_18">
<pin_list>
<pin id="19" dir="1" index="0" bw="1" slack="2147483647"/>
</pin_list>
<bind>
<StgValue><ssdm name="_ssdm_op_SpecLoopTripCount"/></StgValue>
</bind>
</comp>

<comp id="20" class="1001" name="const_20">
<pin_list>
<pin id="21" dir="1" index="0" bw="1" slack="2147483647"/>
</pin_list>
<bind>
<StgValue><ssdm name=""/></StgValue>
</bind>
</comp>

<comp id="22" class="1001" name="const_22">
<pin_list>
<pin id="23" dir="1" index="0" bw="1" slack="0"/>
</pin_list>
<bind>
<StgValue><ssdm name=""/></StgValue>
</bind>
</comp>

<comp id="24" class="1001" name="const_24">
<pin_list>
<pin id="25" dir="1" index="0" bw="1" slack="0"/>
</pin_list>
<bind>
<StgValue><ssdm name=""/></StgValue>
</bind>
</comp>

<comp id="26" class="1001" name="const_26">
<pin_list>
<pin id="27" dir="1" index="0" bw="1" slack="0"/>
</pin_list>
<bind>
<StgValue><ssdm name=""/></StgValue>
</bind>
</comp>

<comp id="28" class="1001" name="const_28">
<pin_list>
<pin id="29" dir="1" index="0" bw="1" slack="2147483647"/>
</pin_list>
<bind>
<StgValue><ssdm name="_ssdm_op_SpecLoopName"/></StgValue>
</bind>
</comp>

<comp id="30" class="1001" name="const_30">
<pin_list>
<pin id="31" dir="1" index="0" bw="1" slack="2147483647"/>
</pin_list>
<bind>
<StgValue><ssdm name="empty_7"/></StgValue>
</bind>
</comp>

<comp id="32" class="1004" name="i_fu_32">
<pin_list>
<pin id="33" dir="0" index="0" bw="1" slack="0"/>
<pin id="34" dir="1" index="1" bw="6" slack="0"/>
</pin_list>
<bind>
<opcode="alloca(26) " fcode="alloca"/>
<opset="i/1 "/>
</bind>
</comp>

<comp id="36" class="1004" name="input_features_addr_gep_fu_36">
<pin_list>
<pin id="37" dir="0" index="0" bw="32" slack="0"/>
<pin id="38" dir="0" index="1" bw="1" slack="0"/>
<pin id="39" dir="0" index="2" bw="6" slack="0"/>
<pin id="40" dir="1" index="3" bw="6" slack="0"/>
</pin_list>
<bind>
<opcode="getelementptr(29) " fcode="getelementptr"/>
<opset="input_features_addr/1 "/>
</bind>
</comp>

<comp id="43" class="1004" name="grp_access_fu_43">
<pin_list>
<pin id="44" dir="0" index="0" bw="6" slack="0"/>
<pin id="45" dir="0" index="1" bw="32" slack="2147483647"/>
<pin id="46" dir="0" index="2" bw="0" slack="2147483647"/>
<pin id="47" dir="1" index="3" bw="32" slack="0"/>
</pin_list>
<bind>
<opcode="load(27) " fcode="load"/>
<opset="input_features_load/1 "/>
</bind>
</comp>

<comp id="49" class="1004" name="input_features_casted_addr_gep_fu_49">
<pin_list>
<pin id="50" dir="0" index="0" bw="32" slack="0"/>
<pin id="51" dir="0" index="1" bw="1" slack="0"/>
<pin id="52" dir="0" index="2" bw="6" slack="28"/>
<pin id="53" dir="1" index="3" bw="6" slack="0"/>
</pin_list>
<bind>
<opcode="getelementptr(29) " fcode="getelementptr"/>
<opset="input_features_casted_addr/29 "/>
</bind>
</comp>

<comp id="56" class="1004" name="store_ln70_access_fu_56">
<pin_list>
<pin id="57" dir="0" index="0" bw="6" slack="0"/>
<pin id="58" dir="0" index="1" bw="32" slack="0"/>
<pin id="59" dir="0" index="2" bw="0" slack="2147483647"/>
<pin id="60" dir="1" index="3" bw="32" slack="2147483647"/>
</pin_list>
<bind>
<opcode="store(28) " fcode="store"/>
<opset="store_ln70/29 "/>
</bind>
</comp>

<comp id="62" class="1004" name="grp_fu_62">
<pin_list>
<pin id="63" dir="0" index="0" bw="64" slack="1"/>
<pin id="64" dir="1" index="1" bw="32" slack="0"/>
</pin_list>
<bind>
<opcode="fptrunc(40) " fcode="fptrunc"/>
<opset="conv5/28 "/>
</bind>
</comp>

<comp id="66" class="1004" name="grp_fu_66">
<pin_list>
<pin id="67" dir="0" index="0" bw="64" slack="1"/>
<pin id="68" dir="0" index="1" bw="64" slack="0"/>
<pin id="69" dir="1" index="2" bw="64" slack="1"/>
</pin_list>
<bind>
<opcode="ddiv(511) " fcode="ddiv"/>
<opset="div/6 "/>
</bind>
</comp>

<comp id="71" class="1004" name="grp_fu_71">
<pin_list>
<pin id="72" dir="0" index="0" bw="32" slack="0"/>
<pin id="73" dir="1" index="1" bw="64" slack="1"/>
</pin_list>
<bind>
<opcode="sitodp(517) " fcode="sitodp"/>
<opset="conv4/2 "/>
</bind>
</comp>

<comp id="75" class="1004" name="store_ln0_store_fu_75">
<pin_list>
<pin id="76" dir="0" index="0" bw="1" slack="0"/>
<pin id="77" dir="0" index="1" bw="6" slack="0"/>
<pin id="78" dir="1" index="2" bw="0" slack="2147483647"/>
</pin_list>
<bind>
<opcode="store(28) " fcode="store"/>
<opset="store_ln0/1 "/>
</bind>
</comp>

<comp id="80" class="1004" name="i_2_load_fu_80">
<pin_list>
<pin id="81" dir="0" index="0" bw="6" slack="0"/>
<pin id="82" dir="1" index="1" bw="6" slack="0"/>
</pin_list>
<bind>
<opcode="load(27) " fcode="load"/>
<opset="i_2/1 "/>
</bind>
</comp>

<comp id="83" class="1004" name="icmp_ln69_fu_83">
<pin_list>
<pin id="84" dir="0" index="0" bw="6" slack="0"/>
<pin id="85" dir="0" index="1" bw="6" slack="0"/>
<pin id="86" dir="1" index="2" bw="1" slack="27"/>
</pin_list>
<bind>
<opcode="icmp(45) " fcode="icmp"/>
<opset="icmp_ln69/1 "/>
</bind>
</comp>

<comp id="89" class="1004" name="add_ln69_fu_89">
<pin_list>
<pin id="90" dir="0" index="0" bw="6" slack="0"/>
<pin id="91" dir="0" index="1" bw="1" slack="0"/>
<pin id="92" dir="1" index="2" bw="6" slack="0"/>
</pin_list>
<bind>
<opcode="add(8) " fcode="add"/>
<opset="add_ln69/1 "/>
</bind>
</comp>

<comp id="95" class="1004" name="i_cast_fu_95">
<pin_list>
<pin id="96" dir="0" index="0" bw="6" slack="0"/>
<pin id="97" dir="1" index="1" bw="64" slack="0"/>
</pin_list>
<bind>
<opcode="zext(34) " fcode="zext"/>
<opset="i_cast/1 "/>
</bind>
</comp>

<comp id="100" class="1004" name="store_ln69_store_fu_100">
<pin_list>
<pin id="101" dir="0" index="0" bw="6" slack="0"/>
<pin id="102" dir="0" index="1" bw="6" slack="0"/>
<pin id="103" dir="1" index="2" bw="0" slack="2147483647"/>
</pin_list>
<bind>
<opcode="store(28) " fcode="store"/>
<opset="store_ln69/1 "/>
</bind>
</comp>

<comp id="105" class="1005" name="i_reg_105">
<pin_list>
<pin id="106" dir="0" index="0" bw="6" slack="0"/>
<pin id="107" dir="1" index="1" bw="6" slack="0"/>
</pin_list>
<bind>
<opset="i "/>
</bind>
</comp>

<comp id="112" class="1005" name="icmp_ln69_reg_112">
<pin_list>
<pin id="113" dir="0" index="0" bw="1" slack="27"/>
<pin id="114" dir="1" index="1" bw="1" slack="2147483647"/>
</pin_list>
<bind>
<opset="icmp_ln69 "/>
</bind>
</comp>

<comp id="116" class="1005" name="i_cast_reg_116">
<pin_list>
<pin id="117" dir="0" index="0" bw="64" slack="28"/>
<pin id="118" dir="1" index="1" bw="64" slack="28"/>
</pin_list>
<bind>
<opset="i_cast "/>
</bind>
</comp>

<comp id="121" class="1005" name="input_features_addr_reg_121">
<pin_list>
<pin id="122" dir="0" index="0" bw="6" slack="1"/>
<pin id="123" dir="1" index="1" bw="6" slack="1"/>
</pin_list>
<bind>
<opset="input_features_addr "/>
</bind>
</comp>

<comp id="126" class="1005" name="input_features_load_reg_126">
<pin_list>
<pin id="127" dir="0" index="0" bw="32" slack="1"/>
<pin id="128" dir="1" index="1" bw="32" slack="1"/>
</pin_list>
<bind>
<opset="input_features_load "/>
</bind>
</comp>

<comp id="131" class="1005" name="conv4_reg_131">
<pin_list>
<pin id="132" dir="0" index="0" bw="64" slack="1"/>
<pin id="133" dir="1" index="1" bw="64" slack="1"/>
</pin_list>
<bind>
<opset="conv4 "/>
</bind>
</comp>

<comp id="136" class="1005" name="div_reg_136">
<pin_list>
<pin id="137" dir="0" index="0" bw="64" slack="1"/>
<pin id="138" dir="1" index="1" bw="64" slack="1"/>
</pin_list>
<bind>
<opset="div "/>
</bind>
</comp>

</comp_list>

<net_list>
<net id="35"><net_src comp="4" pin="0"/><net_sink comp="32" pin=0"/></net>

<net id="41"><net_src comp="0" pin="0"/><net_sink comp="36" pin=0"/></net>

<net id="42"><net_src comp="24" pin="0"/><net_sink comp="36" pin=1"/></net>

<net id="48"><net_src comp="36" pin="3"/><net_sink comp="43" pin=0"/></net>

<net id="54"><net_src comp="2" pin="0"/><net_sink comp="49" pin=0"/></net>

<net id="55"><net_src comp="24" pin="0"/><net_sink comp="49" pin=1"/></net>

<net id="61"><net_src comp="49" pin="3"/><net_sink comp="56" pin=0"/></net>

<net id="65"><net_src comp="62" pin="1"/><net_sink comp="56" pin=1"/></net>

<net id="70"><net_src comp="26" pin="0"/><net_sink comp="66" pin=1"/></net>

<net id="74"><net_src comp="43" pin="3"/><net_sink comp="71" pin=0"/></net>

<net id="79"><net_src comp="6" pin="0"/><net_sink comp="75" pin=0"/></net>

<net id="87"><net_src comp="80" pin="1"/><net_sink comp="83" pin=0"/></net>

<net id="88"><net_src comp="16" pin="0"/><net_sink comp="83" pin=1"/></net>

<net id="93"><net_src comp="80" pin="1"/><net_sink comp="89" pin=0"/></net>

<net id="94"><net_src comp="22" pin="0"/><net_sink comp="89" pin=1"/></net>

<net id="98"><net_src comp="80" pin="1"/><net_sink comp="95" pin=0"/></net>

<net id="99"><net_src comp="95" pin="1"/><net_sink comp="36" pin=2"/></net>

<net id="104"><net_src comp="89" pin="2"/><net_sink comp="100" pin=0"/></net>

<net id="108"><net_src comp="32" pin="1"/><net_sink comp="105" pin=0"/></net>

<net id="109"><net_src comp="105" pin="1"/><net_sink comp="75" pin=1"/></net>

<net id="110"><net_src comp="105" pin="1"/><net_sink comp="80" pin=0"/></net>

<net id="111"><net_src comp="105" pin="1"/><net_sink comp="100" pin=1"/></net>

<net id="115"><net_src comp="83" pin="2"/><net_sink comp="112" pin=0"/></net>

<net id="119"><net_src comp="95" pin="1"/><net_sink comp="116" pin=0"/></net>

<net id="120"><net_src comp="116" pin="1"/><net_sink comp="49" pin=2"/></net>

<net id="124"><net_src comp="36" pin="3"/><net_sink comp="121" pin=0"/></net>

<net id="125"><net_src comp="121" pin="1"/><net_sink comp="43" pin=0"/></net>

<net id="129"><net_src comp="43" pin="3"/><net_sink comp="126" pin=0"/></net>

<net id="130"><net_src comp="126" pin="1"/><net_sink comp="71" pin=0"/></net>

<net id="134"><net_src comp="71" pin="1"/><net_sink comp="131" pin=0"/></net>

<net id="135"><net_src comp="131" pin="1"/><net_sink comp="66" pin=0"/></net>

<net id="139"><net_src comp="66" pin="2"/><net_sink comp="136" pin=0"/></net>

<net id="140"><net_src comp="136" pin="1"/><net_sink comp="62" pin=0"/></net>

</net_list>

</model> 
---------------- Datapath Model END ------------------

* FSMD analyzer results:
  - Output states:
	Port: input_features_casted | {29 }
 - Input state : 
	Port: MLP_Pipeline_VITIS_LOOP_69_2 : input_features | {1 2 }
  - Chain level:
	State 1
		store_ln0 : 1
		i_2 : 1
		icmp_ln69 : 2
		add_ln69 : 2
		br_ln69 : 3
		i_cast : 2
		input_features_addr : 3
		input_features_load : 4
		store_ln69 : 3
	State 2
		conv4 : 1
	State 3
	State 4
	State 5
	State 6
	State 7
	State 8
	State 9
	State 10
	State 11
	State 12
	State 13
	State 14
	State 15
	State 16
	State 17
	State 18
	State 19
	State 20
	State 21
	State 22
	State 23
	State 24
	State 25
	State 26
	State 27
	State 28
	State 29
		store_ln70 : 1


============================================================
+ Verbose Summary: Datapath Resource usage 
============================================================

* Functional unit list:
|----------|-----------------|---------|---------|
| Operation| Functional Unit |    FF   |   LUT   |
|----------|-----------------|---------|---------|
|    add   |  add_ln69_fu_89 |    0    |    13   |
|----------|-----------------|---------|---------|
|   icmp   | icmp_ln69_fu_83 |    0    |    10   |
|----------|-----------------|---------|---------|
|  fptrunc |    grp_fu_62    |    0    |    0    |
|----------|-----------------|---------|---------|
|   ddiv   |    grp_fu_66    |    0    |    0    |
|----------|-----------------|---------|---------|
|  sitodp  |    grp_fu_71    |    0    |    0    |
|----------|-----------------|---------|---------|
|   zext   |   i_cast_fu_95  |    0    |    0    |
|----------|-----------------|---------|---------|
|   Total  |                 |    0    |    23   |
|----------|-----------------|---------|---------|

Memories:
N/A

* Register list:
+---------------------------+--------+
|                           |   FF   |
+---------------------------+--------+
|       conv4_reg_131       |   64   |
|        div_reg_136        |   64   |
|       i_cast_reg_116      |   64   |
|         i_reg_105         |    6   |
|     icmp_ln69_reg_112     |    1   |
|input_features_addr_reg_121|    6   |
|input_features_load_reg_126|   32   |
+---------------------------+--------+
|           Total           |   237  |
+---------------------------+--------+

* Multiplexer (MUX) list: 
|------------------|------|------|------|--------||---------||---------|
|       Comp       |  Pin | Size |  BW  | S x BW ||  Delay  ||   LUT   |
|------------------|------|------|------|--------||---------||---------|
| grp_access_fu_43 |  p0  |   2  |   6  |   12   ||    9    |
|     grp_fu_71    |  p0  |   2  |  32  |   64   ||    9    |
|------------------|------|------|------|--------||---------||---------|
|       Total      |      |      |      |   76   ||  0.854  ||    18   |
|------------------|------|------|------|--------||---------||---------|



* Summary:
+-----------+--------+--------+--------+
|           |  Delay |   FF   |   LUT  |
+-----------+--------+--------+--------+
|  Function |    -   |    0   |   23   |
|   Memory  |    -   |    -   |    -   |
|Multiplexer|    0   |    -   |   18   |
|  Register |    -   |   237  |    -   |
+-----------+--------+--------+--------+
|   Total   |    0   |   237  |   41   |
+-----------+--------+--------+--------+
