

================================================================
== Vitis HLS Report for 'MLP_Pipeline_VITIS_LOOP_128_10'
================================================================
* Date:           Wed Feb 14 00:25:24 2024

* Version:        2022.1 (Build 3526262 on Mon Apr 18 15:48:16 MDT 2022)
* Project:        testHLS2
* Solution:       solution1 (Vivado IP Flow Target)
* Product family: zynquplus
* Target device:  xczu3eg-sbva484-2-i


================================================================
== Performance Estimates
================================================================
+ Timing: 
    * Summary: 
    +--------+----------+----------+------------+
    |  Clock |  Target  | Estimated| Uncertainty|
    +--------+----------+----------+------------+
    |ap_clk  |  10.00 ns|  1.100 ns|     2.70 ns|
    +--------+----------+----------+------------+

+ Latency: 
    * Summary: 
    +---------+---------+-----------+-----------+-----+-----+---------+
    |  Latency (cycles) |   Latency (absolute)  |  Interval | Pipeline|
    |   min   |   max   |    min    |    max    | min | max |   Type  |
    +---------+---------+-----------+-----------+-----+-----+---------+
    |        7|        7|  70.000 ns|  70.000 ns|    7|    7|       no|
    +---------+---------+-----------+-----------+-----+-----+---------+

    + Detail: 
        * Instance: 
        N/A

        * Loop: 
        +---------------------+---------+---------+----------+-----------+-----------+------+----------+
        |                     |  Latency (cycles) | Iteration|  Initiation Interval  | Trip |          |
        |      Loop Name      |   min   |   max   |  Latency |  achieved |   target  | Count| Pipelined|
        +---------------------+---------+---------+----------+-----------+-----------+------+----------+
        |- VITIS_LOOP_128_10  |        5|        5|         2|          1|          1|     5|       yes|
        +---------------------+---------+---------+----------+-----------+-----------+------+----------+

============================================================
+ Verbose Summary: Synthesis Manager
============================================================
InlineROM: 1
ExposeGlobal: 0
============================================================
+ Verbose Summary: CDFG Model
============================================================
IsTopModel: 0
ResetActiveHigh: 1
IsCombinational: 0
IsDatapathOnly: 0
HasWiredReturn: 1
HasMFsm: 2
HasVarLatency: 1
IsPipeline: 0
IsRtlPipelined: 0
IsInstanceOverlapped: 0
IsDontTouch: 0
HasImplIP: 0
IsGatedGlobalClock: 0

+ Individual pipeline summary: 
  * Pipeline-0: initiation interval (II) = 1, depth = 2


============================================================
+ Verbose Summary: Schedule
============================================================
* Number of FSM states : 2
* Pipeline : 1
  Pipeline-0 : II = 1, D = 2, States = { 1 2 }
* Dataflow Pipeline: 0

* FSM state transitions: 
1 --> 2 
2 --> 

* FSM state operations: 

State 1 <SV = 0> <Delay = 1.09>
ST_1 : Operation 5 [1/1] (0.00ns)   --->   "%i = alloca i32 1"   --->   Operation 5 'alloca' 'i' <Predicate = true> <Delay = 0.00>
ST_1 : Operation 6 [1/1] (0.00ns)   --->   "%specinterface_ln0 = specinterface void @_ssdm_op_SpecInterface, i6 %out_data_V_dest_V, i5 %out_data_V_id_V, i1 %out_data_V_last_V, i2 %out_data_V_user_V, i4 %out_data_V_strb_V, i4 %out_data_V_keep_V, i32 %out_data_V_data_V, void @empty_5, i32 0, i32 0, void @empty, i32 0, i32 0, void @empty_0, void @empty_0, void @empty_0, i32 0, i32 0, i32 0, i32 0, void @empty_0, void @empty_0, i32 4294967295, i32 0"   --->   Operation 6 'specinterface' 'specinterface_ln0' <Predicate = true> <Delay = 0.00>
ST_1 : Operation 7 [1/1] (0.00ns)   --->   "%tmp_dest_V_reload_read = read i6 @_ssdm_op_Read.ap_auto.i6, i6 %tmp_dest_V_reload"   --->   Operation 7 'read' 'tmp_dest_V_reload_read' <Predicate = true> <Delay = 0.00>
ST_1 : Operation 8 [1/1] (0.00ns)   --->   "%tmp_id_V_reload_read = read i5 @_ssdm_op_Read.ap_auto.i5, i5 %tmp_id_V_reload"   --->   Operation 8 'read' 'tmp_id_V_reload_read' <Predicate = true> <Delay = 0.00>
ST_1 : Operation 9 [1/1] (0.00ns)   --->   "%tmp_user_V_reload_read = read i2 @_ssdm_op_Read.ap_auto.i2, i2 %tmp_user_V_reload"   --->   Operation 9 'read' 'tmp_user_V_reload_read' <Predicate = true> <Delay = 0.00>
ST_1 : Operation 10 [1/1] (0.00ns)   --->   "%tmp_strb_V_reload_read = read i4 @_ssdm_op_Read.ap_auto.i4, i4 %tmp_strb_V_reload"   --->   Operation 10 'read' 'tmp_strb_V_reload_read' <Predicate = true> <Delay = 0.00>
ST_1 : Operation 11 [1/1] (0.00ns)   --->   "%tmp_keep_V_reload_read = read i4 @_ssdm_op_Read.ap_auto.i4, i4 %tmp_keep_V_reload"   --->   Operation 11 'read' 'tmp_keep_V_reload_read' <Predicate = true> <Delay = 0.00>
ST_1 : Operation 12 [1/1] (0.42ns)   --->   "%store_ln0 = store i3 0, i3 %i"   --->   Operation 12 'store' 'store_ln0' <Predicate = true> <Delay = 0.42>
ST_1 : Operation 13 [1/1] (0.00ns)   --->   "%br_ln0 = br void %for.body137"   --->   Operation 13 'br' 'br_ln0' <Predicate = true> <Delay = 0.00>
ST_1 : Operation 14 [1/1] (0.00ns)   --->   "%i_3 = load i3 %i" [../../../../HWSWAI/HLS/SampleDatasetMLP.cpp:128]   --->   Operation 14 'load' 'i_3' <Predicate = true> <Delay = 0.00>
ST_1 : Operation 15 [1/1] (0.00ns)   --->   "%specpipeline_ln0 = specpipeline void @_ssdm_op_SpecPipeline, i32 4294967295, i32 0, i32 1, i32 0, void @p_str"   --->   Operation 15 'specpipeline' 'specpipeline_ln0' <Predicate = true> <Delay = 0.00>
ST_1 : Operation 16 [1/1] (0.58ns)   --->   "%icmp_ln128 = icmp_eq  i3 %i_3, i3 5" [../../../../HWSWAI/HLS/SampleDatasetMLP.cpp:128]   --->   Operation 16 'icmp' 'icmp_ln128' <Predicate = true> <Delay = 0.58> <CoreInst = "Cmp">   --->   Core 9 'Cmp' <Latency = 0> <II = 1> <Delay = 0.58> <FuncUnit> <Opcode : 'icmp'> <InPorts = 2> <OutPorts = 1>
ST_1 : Operation 17 [1/1] (0.00ns)   --->   "%empty = speclooptripcount i32 @_ssdm_op_SpecLoopTripCount, i64 5, i64 5, i64 5"   --->   Operation 17 'speclooptripcount' 'empty' <Predicate = true> <Delay = 0.00>
ST_1 : Operation 18 [1/1] (0.67ns)   --->   "%add_ln128 = add i3 %i_3, i3 1" [../../../../HWSWAI/HLS/SampleDatasetMLP.cpp:128]   --->   Operation 18 'add' 'add_ln128' <Predicate = true> <Delay = 0.67> <CoreInst = "Adder">   --->   Core 1 'Adder' <Latency = 0> <II = 1> <Delay = 0.67> <FuncUnit> <Opcode : 'add' 'sub'> <InPorts = 2> <OutPorts = 1>
ST_1 : Operation 19 [1/1] (0.00ns)   --->   "%br_ln128 = br i1 %icmp_ln128, void %for.body137.split, void %for.end150.exitStub" [../../../../HWSWAI/HLS/SampleDatasetMLP.cpp:128]   --->   Operation 19 'br' 'br_ln128' <Predicate = true> <Delay = 0.00>
ST_1 : Operation 20 [1/1] (0.00ns)   --->   "%i_5_cast = zext i3 %i_3" [../../../../HWSWAI/HLS/SampleDatasetMLP.cpp:128]   --->   Operation 20 'zext' 'i_5_cast' <Predicate = (!icmp_ln128)> <Delay = 0.00>
ST_1 : Operation 21 [1/1] (0.00ns)   --->   "%output_layer_casted_addr = getelementptr i32 %output_layer_casted, i64 0, i64 %i_5_cast" [../../../../HWSWAI/HLS/SampleDatasetMLP.cpp:129]   --->   Operation 21 'getelementptr' 'output_layer_casted_addr' <Predicate = (!icmp_ln128)> <Delay = 0.00>
ST_1 : Operation 22 [2/2] (0.67ns)   --->   "%tmp_data_V = load i3 %output_layer_casted_addr" [../../../../HWSWAI/HLS/SampleDatasetMLP.cpp:129]   --->   Operation 22 'load' 'tmp_data_V' <Predicate = (!icmp_ln128)> <Delay = 0.67> <CoreInst = "RAM">   --->   Core 83 'RAM' <Latency = 1> <II = 1> <Delay = 0.67> <Storage> <Opcode : 'load' 'store'> <Ports = 2> <Width = 32> <Depth = 5> <RAM>
ST_1 : Operation 23 [1/1] (0.58ns)   --->   "%tmp_last_V = icmp_eq  i3 %i_3, i3 4" [../../../../HWSWAI/HLS/SampleDatasetMLP.cpp:130]   --->   Operation 23 'icmp' 'tmp_last_V' <Predicate = (!icmp_ln128)> <Delay = 0.58> <CoreInst = "Cmp">   --->   Core 9 'Cmp' <Latency = 0> <II = 1> <Delay = 0.58> <FuncUnit> <Opcode : 'icmp'> <InPorts = 2> <OutPorts = 1>
ST_1 : Operation 24 [1/1] (0.42ns)   --->   "%store_ln128 = store i3 %add_ln128, i3 %i" [../../../../HWSWAI/HLS/SampleDatasetMLP.cpp:128]   --->   Operation 24 'store' 'store_ln128' <Predicate = (!icmp_ln128)> <Delay = 0.42>
ST_1 : Operation 29 [1/1] (0.00ns)   --->   "%ret_ln0 = ret"   --->   Operation 29 'ret' 'ret_ln0' <Predicate = (icmp_ln128)> <Delay = 0.00>

State 2 <SV = 1> <Delay = 0.67>
ST_2 : Operation 25 [1/1] (0.00ns)   --->   "%specloopname_ln128 = specloopname void @_ssdm_op_SpecLoopName, void @empty_4" [../../../../HWSWAI/HLS/SampleDatasetMLP.cpp:128]   --->   Operation 25 'specloopname' 'specloopname_ln128' <Predicate = true> <Delay = 0.00>
ST_2 : Operation 26 [1/2] (0.67ns)   --->   "%tmp_data_V = load i3 %output_layer_casted_addr" [../../../../HWSWAI/HLS/SampleDatasetMLP.cpp:129]   --->   Operation 26 'load' 'tmp_data_V' <Predicate = true> <Delay = 0.67> <CoreInst = "RAM">   --->   Core 83 'RAM' <Latency = 1> <II = 1> <Delay = 0.67> <Storage> <Opcode : 'load' 'store'> <Ports = 2> <Width = 32> <Depth = 5> <RAM>
ST_2 : Operation 27 [1/1] (0.00ns)   --->   "%write_ln304 = write void @_ssdm_op_Write.axis.volatile.i32P0A.i4P0A.i4P0A.i2P0A.i1P0A.i5P0A.i6P0A, i32 %out_data_V_data_V, i4 %out_data_V_keep_V, i4 %out_data_V_strb_V, i2 %out_data_V_user_V, i1 %out_data_V_last_V, i5 %out_data_V_id_V, i6 %out_data_V_dest_V, i32 %tmp_data_V, i4 %tmp_keep_V_reload_read, i4 %tmp_strb_V_reload_read, i2 %tmp_user_V_reload_read, i1 %tmp_last_V, i5 %tmp_id_V_reload_read, i6 %tmp_dest_V_reload_read"   --->   Operation 27 'write' 'write_ln304' <Predicate = true> <Delay = 0.00> <CoreInst = "axis">   --->   Core 123 'axis' <Latency = 0> <II = 1> <Delay = 1.00> <Adapter> <Opcode : >
ST_2 : Operation 28 [1/1] (0.00ns)   --->   "%br_ln128 = br void %for.body137" [../../../../HWSWAI/HLS/SampleDatasetMLP.cpp:128]   --->   Operation 28 'br' 'br_ln128' <Predicate = true> <Delay = 0.00>


============================================================
+ Verbose Summary: Timing violations
============================================================
Target clock period: 10ns, clock uncertainty: 2.7ns.

 <State 1>: 1.1ns
The critical path consists of the following:
	'alloca' operation ('i') [14]  (0 ns)
	'load' operation ('i', ../../../../HWSWAI/HLS/SampleDatasetMLP.cpp:128) on local variable 'i' [24]  (0 ns)
	'add' operation ('add_ln128', ../../../../HWSWAI/HLS/SampleDatasetMLP.cpp:128) [28]  (0.673 ns)
	'store' operation ('store_ln128', ../../../../HWSWAI/HLS/SampleDatasetMLP.cpp:128) of variable 'add_ln128', ../../../../HWSWAI/HLS/SampleDatasetMLP.cpp:128 on local variable 'i' [37]  (0.427 ns)

 <State 2>: 0.677ns
The critical path consists of the following:
	'load' operation ('tmp.data.V', ../../../../HWSWAI/HLS/SampleDatasetMLP.cpp:129) on array 'output_layer_casted' [34]  (0.677 ns)


============================================================
+ Verbose Summary: Binding
============================================================
N/A
* FSMD analyzer results:
  - Output states:
 - Input state : 
  - Chain level:
	State 1
	State 2


============================================================
+ Verbose Summary: Datapath Resource usage 
============================================================
N/A
