

================================================================
== Vitis HLS Report for 'MLP_Pipeline_VITIS_LOOP_58_1'
================================================================
* Date:           Wed Feb 14 00:25:08 2024

* Version:        2022.1 (Build 3526262 on Mon Apr 18 15:48:16 MDT 2022)
* Project:        testHLS2
* Solution:       solution1 (Vivado IP Flow Target)
* Product family: zynquplus
* Target device:  xczu3eg-sbva484-2-i


================================================================
== Performance Estimates
================================================================
+ Timing: 
    * Summary: 
    +--------+----------+----------+------------+
    |  Clock |  Target  | Estimated| Uncertainty|
    +--------+----------+----------+------------+
    |ap_clk  |  10.00 ns|  1.512 ns|     2.70 ns|
    +--------+----------+----------+------------+

+ Latency: 
    * Summary: 
    +---------+---------+----------+----------+-----+-----+---------+
    |  Latency (cycles) |  Latency (absolute) |  Interval | Pipeline|
    |   min   |   max   |    min   |    max   | min | max |   Type  |
    +---------+---------+----------+----------+-----+-----+---------+
    |        ?|        ?|         ?|         ?|    ?|    ?|       no|
    +---------+---------+----------+----------+-----+-----+---------+

    + Detail: 
        * Instance: 
        N/A

        * Loop: 
        +-------------------+---------+---------+----------+-----------+-----------+------+----------+
        |                   |  Latency (cycles) | Iteration|  Initiation Interval  | Trip |          |
        |     Loop Name     |   min   |   max   |  Latency |  achieved |   target  | Count| Pipelined|
        +-------------------+---------+---------+----------+-----------+-----------+------+----------+
        |- VITIS_LOOP_58_1  |        ?|        ?|         1|          1|          1|     ?|       yes|
        +-------------------+---------+---------+----------+-----------+-----------+------+----------+

============================================================
+ Verbose Summary: Synthesis Manager
============================================================
InlineROM: 1
ExposeGlobal: 0
============================================================
+ Verbose Summary: CDFG Model
============================================================
IsTopModel: 0
ResetActiveHigh: 1
IsCombinational: 0
IsDatapathOnly: 0
HasWiredReturn: 1
HasMFsm: 2
HasVarLatency: 1
IsPipeline: 0
IsRtlPipelined: 0
IsInstanceOverlapped: 0
IsDontTouch: 0
HasImplIP: 0
IsGatedGlobalClock: 0

+ Individual pipeline summary: 
  * Pipeline-0: initiation interval (II) = 1, depth = 2


============================================================
+ Verbose Summary: Schedule
============================================================
* Number of FSM states : 2
* Pipeline : 1
  Pipeline-0 : II = 1, D = 2, States = { 1 2 }
* Dataflow Pipeline: 0

* FSM state transitions: 
1 --> 2 
2 --> 

* FSM state operations: 

State 1 <SV = 0> <Delay = 0.42>
ST_1 : Operation 4 [1/1] (0.00ns)   --->   "%n = alloca i32 1"   --->   Operation 4 'alloca' 'n' <Predicate = true> <Delay = 0.00>
ST_1 : Operation 5 [1/1] (0.00ns)   --->   "%specinterface_ln0 = specinterface void @_ssdm_op_SpecInterface, i6 %in_data_V_dest_V, i5 %in_data_V_id_V, i1 %in_data_V_last_V, i2 %in_data_V_user_V, i4 %in_data_V_strb_V, i4 %in_data_V_keep_V, i32 %in_data_V_data_V, void @empty_5, i32 0, i32 0, void @empty, i32 0, i32 0, void @empty_0, void @empty_0, void @empty_0, i32 0, i32 0, i32 0, i32 0, void @empty_0, void @empty_0, i32 4294967295, i32 0"   --->   Operation 5 'specinterface' 'specinterface_ln0' <Predicate = true> <Delay = 0.00>
ST_1 : Operation 6 [1/1] (0.42ns)   --->   "%store_ln0 = store i64 0, i64 %n"   --->   Operation 6 'store' 'store_ln0' <Predicate = true> <Delay = 0.42>
ST_1 : Operation 7 [1/1] (0.00ns)   --->   "%br_ln0 = br void %while.body"   --->   Operation 7 'br' 'br_ln0' <Predicate = true> <Delay = 0.00>

State 2 <SV = 1> <Delay = 1.51>
ST_2 : Operation 8 [1/1] (0.00ns)   --->   "%n_1 = load i64 %n" [../../../../HWSWAI/HLS/SampleDatasetMLP.cpp:61]   --->   Operation 8 'load' 'n_1' <Predicate = true> <Delay = 0.00>
ST_2 : Operation 9 [1/1] (0.00ns)   --->   "%specpipeline_ln0 = specpipeline void @_ssdm_op_SpecPipeline, i32 4294967295, i32 0, i32 1, i32 0, void @p_str"   --->   Operation 9 'specpipeline' 'specpipeline_ln0' <Predicate = true> <Delay = 0.00>
ST_2 : Operation 10 [1/1] (0.00ns)   --->   "%empty = read i54 @_ssdm_op_Read.axis.volatile.i32P0A.i4P0A.i4P0A.i2P0A.i1P0A.i5P0A.i6P0A, i32 %in_data_V_data_V, i4 %in_data_V_keep_V, i4 %in_data_V_strb_V, i2 %in_data_V_user_V, i1 %in_data_V_last_V, i5 %in_data_V_id_V, i6 %in_data_V_dest_V"   --->   Operation 10 'read' 'empty' <Predicate = true> <Delay = 0.00> <CoreInst = "axis">   --->   Core 123 'axis' <Latency = 0> <II = 1> <Delay = 1.00> <Adapter> <Opcode : >
ST_2 : Operation 11 [1/1] (0.00ns)   --->   "%tmp_data_V = extractvalue i54 %empty"   --->   Operation 11 'extractvalue' 'tmp_data_V' <Predicate = true> <Delay = 0.00>
ST_2 : Operation 12 [1/1] (0.00ns)   --->   "%tmp_keep_V = extractvalue i54 %empty"   --->   Operation 12 'extractvalue' 'tmp_keep_V' <Predicate = true> <Delay = 0.00>
ST_2 : Operation 13 [1/1] (0.00ns)   --->   "%tmp_strb_V = extractvalue i54 %empty"   --->   Operation 13 'extractvalue' 'tmp_strb_V' <Predicate = true> <Delay = 0.00>
ST_2 : Operation 14 [1/1] (0.00ns)   --->   "%tmp_user_V = extractvalue i54 %empty"   --->   Operation 14 'extractvalue' 'tmp_user_V' <Predicate = true> <Delay = 0.00>
ST_2 : Operation 15 [1/1] (0.00ns)   --->   "%tmp_last_V = extractvalue i54 %empty"   --->   Operation 15 'extractvalue' 'tmp_last_V' <Predicate = true> <Delay = 0.00>
ST_2 : Operation 16 [1/1] (0.00ns)   --->   "%tmp_id_V = extractvalue i54 %empty"   --->   Operation 16 'extractvalue' 'tmp_id_V' <Predicate = true> <Delay = 0.00>
ST_2 : Operation 17 [1/1] (0.00ns)   --->   "%tmp_dest_V = extractvalue i54 %empty"   --->   Operation 17 'extractvalue' 'tmp_dest_V' <Predicate = true> <Delay = 0.00>
ST_2 : Operation 18 [1/1] (0.00ns)   --->   "%input_features_addr = getelementptr i32 %input_features, i64 0, i64 %n_1" [../../../../HWSWAI/HLS/SampleDatasetMLP.cpp:60]   --->   Operation 18 'getelementptr' 'input_features_addr' <Predicate = true> <Delay = 0.00>
ST_2 : Operation 19 [1/1] (1.23ns)   --->   "%store_ln60 = store i32 %tmp_data_V, i6 %input_features_addr" [../../../../HWSWAI/HLS/SampleDatasetMLP.cpp:60]   --->   Operation 19 'store' 'store_ln60' <Predicate = true> <Delay = 1.23> <CoreInst = "RAM">   --->   Core 83 'RAM' <Latency = 1> <II = 1> <Delay = 1.23> <Storage> <Opcode : 'load' 'store'> <Ports = 2> <Width = 32> <Depth = 48> <RAM>
ST_2 : Operation 20 [1/1] (1.08ns)   --->   "%add_ln61 = add i64 %n_1, i64 1" [../../../../HWSWAI/HLS/SampleDatasetMLP.cpp:61]   --->   Operation 20 'add' 'add_ln61' <Predicate = true> <Delay = 1.08> <CoreInst = "Adder">   --->   Core 1 'Adder' <Latency = 0> <II = 1> <Delay = 1.08> <FuncUnit> <Opcode : 'add' 'sub'> <InPorts = 2> <OutPorts = 1>
ST_2 : Operation 21 [1/1] (0.00ns)   --->   "%br_ln62 = br i1 %tmp_last_V, void %if.end, void %for.inc.preheader.exitStub" [../../../../HWSWAI/HLS/SampleDatasetMLP.cpp:62]   --->   Operation 21 'br' 'br_ln62' <Predicate = true> <Delay = 0.00>
ST_2 : Operation 22 [1/1] (0.00ns)   --->   "%specloopname_ln58 = specloopname void @_ssdm_op_SpecLoopName, void @empty_1" [../../../../HWSWAI/HLS/SampleDatasetMLP.cpp:58]   --->   Operation 22 'specloopname' 'specloopname_ln58' <Predicate = (!tmp_last_V)> <Delay = 0.00>
ST_2 : Operation 23 [1/1] (0.42ns)   --->   "%store_ln58 = store i64 %add_ln61, i64 %n" [../../../../HWSWAI/HLS/SampleDatasetMLP.cpp:58]   --->   Operation 23 'store' 'store_ln58' <Predicate = (!tmp_last_V)> <Delay = 0.42>
ST_2 : Operation 24 [1/1] (0.00ns)   --->   "%br_ln58 = br void %while.body" [../../../../HWSWAI/HLS/SampleDatasetMLP.cpp:58]   --->   Operation 24 'br' 'br_ln58' <Predicate = (!tmp_last_V)> <Delay = 0.00>
ST_2 : Operation 25 [1/1] (0.00ns)   --->   "%write_ln283 = write void @_ssdm_op_Write.ap_auto.i4P0A, i4 %tmp_keep_V_out, i4 %tmp_keep_V"   --->   Operation 25 'write' 'write_ln283' <Predicate = (tmp_last_V)> <Delay = 0.00>
ST_2 : Operation 26 [1/1] (0.00ns)   --->   "%write_ln283 = write void @_ssdm_op_Write.ap_auto.i4P0A, i4 %tmp_strb_V_out, i4 %tmp_strb_V"   --->   Operation 26 'write' 'write_ln283' <Predicate = (tmp_last_V)> <Delay = 0.00>
ST_2 : Operation 27 [1/1] (0.00ns)   --->   "%write_ln283 = write void @_ssdm_op_Write.ap_auto.i2P0A, i2 %tmp_user_V_out, i2 %tmp_user_V"   --->   Operation 27 'write' 'write_ln283' <Predicate = (tmp_last_V)> <Delay = 0.00>
ST_2 : Operation 28 [1/1] (0.00ns)   --->   "%write_ln283 = write void @_ssdm_op_Write.ap_auto.i5P0A, i5 %tmp_id_V_out, i5 %tmp_id_V"   --->   Operation 28 'write' 'write_ln283' <Predicate = (tmp_last_V)> <Delay = 0.00>
ST_2 : Operation 29 [1/1] (0.00ns)   --->   "%write_ln283 = write void @_ssdm_op_Write.ap_auto.i6P0A, i6 %tmp_dest_V_out, i6 %tmp_dest_V"   --->   Operation 29 'write' 'write_ln283' <Predicate = (tmp_last_V)> <Delay = 0.00>
ST_2 : Operation 30 [1/1] (0.00ns)   --->   "%ret_ln0 = ret"   --->   Operation 30 'ret' 'ret_ln0' <Predicate = (tmp_last_V)> <Delay = 0.00>


============================================================
+ Verbose Summary: Timing violations
============================================================
Target clock period: 10ns, clock uncertainty: 2.7ns.

 <State 1>: 0.427ns
The critical path consists of the following:
	'alloca' operation ('n') [14]  (0 ns)
	'store' operation ('store_ln0') of constant 0 on local variable 'n' [16]  (0.427 ns)

 <State 2>: 1.51ns
The critical path consists of the following:
	'load' operation ('n', ../../../../HWSWAI/HLS/SampleDatasetMLP.cpp:61) on local variable 'n' [19]  (0 ns)
	'add' operation ('add_ln61', ../../../../HWSWAI/HLS/SampleDatasetMLP.cpp:61) [31]  (1.08 ns)
	'store' operation ('store_ln58', ../../../../HWSWAI/HLS/SampleDatasetMLP.cpp:58) of variable 'add_ln61', ../../../../HWSWAI/HLS/SampleDatasetMLP.cpp:61 on local variable 'n' [35]  (0.427 ns)


============================================================
+ Verbose Summary: Binding
============================================================
N/A
* FSMD analyzer results:
  - Output states:
 - Input state : 
  - Chain level:
	State 1
	State 2


============================================================
+ Verbose Summary: Datapath Resource usage 
============================================================
N/A
