

================================================================
== Vitis HLS Report for 'MLP_Pipeline_VITIS_LOOP_123_9'
================================================================
* Date:           Wed Feb 14 00:25:23 2024

* Version:        2022.1 (Build 3526262 on Mon Apr 18 15:48:16 MDT 2022)
* Project:        testHLS2
* Solution:       solution1 (Vivado IP Flow Target)
* Product family: zynquplus
* Target device:  xczu3eg-sbva484-2-i


================================================================
== Performance Estimates
================================================================
+ Timing: 
    * Summary: 
    +--------+----------+----------+------------+
    |  Clock |  Target  | Estimated| Uncertainty|
    +--------+----------+----------+------------+
    |ap_clk  |  10.00 ns|  7.016 ns|     2.70 ns|
    +--------+----------+----------+------------+

+ Latency: 
    * Summary: 
    +---------+---------+----------+----------+-----+-----+---------+
    |  Latency (cycles) |  Latency (absolute) |  Interval | Pipeline|
    |   min   |   max   |    min   |    max   | min | max |   Type  |
    +---------+---------+----------+----------+-----+-----+---------+
    |       11|       11|  0.110 us|  0.110 us|   11|   11|       no|
    +---------+---------+----------+----------+-----+-----+---------+

    + Detail: 
        * Instance: 
        N/A

        * Loop: 
        +--------------------+---------+---------+----------+-----------+-----------+------+----------+
        |                    |  Latency (cycles) | Iteration|  Initiation Interval  | Trip |          |
        |      Loop Name     |   min   |   max   |  Latency |  achieved |   target  | Count| Pipelined|
        +--------------------+---------+---------+----------+-----------+-----------+------+----------+
        |- VITIS_LOOP_123_9  |        9|        9|         6|          1|          1|     5|       yes|
        +--------------------+---------+---------+----------+-----------+-----------+------+----------+

============================================================
+ Verbose Summary: Synthesis Manager
============================================================
InlineROM: 1
ExposeGlobal: 0
============================================================
+ Verbose Summary: CDFG Model
============================================================
IsTopModel: 0
ResetActiveHigh: 1
IsCombinational: 0
IsDatapathOnly: 0
HasWiredReturn: 1
HasMFsm: 2
HasVarLatency: 1
IsPipeline: 0
IsRtlPipelined: 0
IsInstanceOverlapped: 0
IsDontTouch: 0
HasImplIP: 0
IsGatedGlobalClock: 0

+ Individual pipeline summary: 
  * Pipeline-0: initiation interval (II) = 1, depth = 6


============================================================
+ Verbose Summary: Schedule
============================================================
* Number of FSM states : 6
* Pipeline : 1
  Pipeline-0 : II = 1, D = 6, States = { 1 2 3 4 5 6 }
* Dataflow Pipeline: 0

* FSM state transitions: 
1 --> 2 
2 --> 3 
3 --> 4 
4 --> 5 
5 --> 6 
6 --> 

* FSM state operations: 

State 1 <SV = 0> <Delay = 1.09>
ST_1 : Operation 9 [1/1] (0.00ns)   --->   "%i = alloca i32 1"   --->   Operation 9 'alloca' 'i' <Predicate = true> <Delay = 0.00>
ST_1 : Operation 10 [1/1] (0.42ns)   --->   "%store_ln0 = store i3 0, i3 %i"   --->   Operation 10 'store' 'store_ln0' <Predicate = true> <Delay = 0.42>
ST_1 : Operation 11 [1/1] (0.00ns)   --->   "%br_ln0 = br void %for.inc130"   --->   Operation 11 'br' 'br_ln0' <Predicate = true> <Delay = 0.00>
ST_1 : Operation 12 [1/1] (0.00ns)   --->   "%i_4 = load i3 %i" [../../../../HWSWAI/HLS/SampleDatasetMLP.cpp:123]   --->   Operation 12 'load' 'i_4' <Predicate = true> <Delay = 0.00>
ST_1 : Operation 13 [1/1] (0.00ns)   --->   "%specpipeline_ln0 = specpipeline void @_ssdm_op_SpecPipeline, i32 4294967295, i32 0, i32 1, i32 0, void @p_str"   --->   Operation 13 'specpipeline' 'specpipeline_ln0' <Predicate = true> <Delay = 0.00>
ST_1 : Operation 14 [1/1] (0.58ns)   --->   "%icmp_ln123 = icmp_eq  i3 %i_4, i3 5" [../../../../HWSWAI/HLS/SampleDatasetMLP.cpp:123]   --->   Operation 14 'icmp' 'icmp_ln123' <Predicate = true> <Delay = 0.58> <CoreInst = "Cmp">   --->   Core 9 'Cmp' <Latency = 0> <II = 1> <Delay = 0.58> <FuncUnit> <Opcode : 'icmp'> <InPorts = 2> <OutPorts = 1>
ST_1 : Operation 15 [1/1] (0.00ns)   --->   "%empty = speclooptripcount i32 @_ssdm_op_SpecLoopTripCount, i64 5, i64 5, i64 5"   --->   Operation 15 'speclooptripcount' 'empty' <Predicate = true> <Delay = 0.00>
ST_1 : Operation 16 [1/1] (0.67ns)   --->   "%add_ln123 = add i3 %i_4, i3 1" [../../../../HWSWAI/HLS/SampleDatasetMLP.cpp:123]   --->   Operation 16 'add' 'add_ln123' <Predicate = true> <Delay = 0.67> <CoreInst = "Adder">   --->   Core 1 'Adder' <Latency = 0> <II = 1> <Delay = 0.67> <FuncUnit> <Opcode : 'add' 'sub'> <InPorts = 2> <OutPorts = 1>
ST_1 : Operation 17 [1/1] (0.00ns)   --->   "%br_ln123 = br i1 %icmp_ln123, void %for.inc130.split, void %for.body137.preheader.exitStub" [../../../../HWSWAI/HLS/SampleDatasetMLP.cpp:123]   --->   Operation 17 'br' 'br_ln123' <Predicate = true> <Delay = 0.00>
ST_1 : Operation 18 [1/1] (0.00ns)   --->   "%i_4_cast = zext i3 %i_4" [../../../../HWSWAI/HLS/SampleDatasetMLP.cpp:123]   --->   Operation 18 'zext' 'i_4_cast' <Predicate = (!icmp_ln123)> <Delay = 0.00>
ST_1 : Operation 19 [1/1] (0.00ns)   --->   "%output_layer_addr = getelementptr i32 %output_layer, i64 0, i64 %i_4_cast" [../../../../HWSWAI/HLS/SampleDatasetMLP.cpp:124]   --->   Operation 19 'getelementptr' 'output_layer_addr' <Predicate = (!icmp_ln123)> <Delay = 0.00>
ST_1 : Operation 20 [2/2] (0.67ns)   --->   "%output_layer_load = load i3 %output_layer_addr" [../../../../HWSWAI/HLS/SampleDatasetMLP.cpp:124]   --->   Operation 20 'load' 'output_layer_load' <Predicate = (!icmp_ln123)> <Delay = 0.67> <CoreInst = "RAM">   --->   Core 83 'RAM' <Latency = 1> <II = 1> <Delay = 0.67> <Storage> <Opcode : 'load' 'store'> <Ports = 2> <Width = 32> <Depth = 5> <RAM>
ST_1 : Operation 21 [1/1] (0.42ns)   --->   "%store_ln123 = store i3 %add_ln123, i3 %i" [../../../../HWSWAI/HLS/SampleDatasetMLP.cpp:123]   --->   Operation 21 'store' 'store_ln123' <Predicate = (!icmp_ln123)> <Delay = 0.42>

State 2 <SV = 1> <Delay = 0.67>
ST_2 : Operation 22 [1/2] (0.67ns)   --->   "%output_layer_load = load i3 %output_layer_addr" [../../../../HWSWAI/HLS/SampleDatasetMLP.cpp:124]   --->   Operation 22 'load' 'output_layer_load' <Predicate = true> <Delay = 0.67> <CoreInst = "RAM">   --->   Core 83 'RAM' <Latency = 1> <II = 1> <Delay = 0.67> <Storage> <Opcode : 'load' 'store'> <Ports = 2> <Width = 32> <Depth = 5> <RAM>

State 3 <SV = 2> <Delay = 7.01>
ST_3 : Operation 23 [3/3] (7.01ns)   --->   "%dc = fmul i32 %output_layer_load, i32 1e+07" [../../../../HWSWAI/HLS/SampleDatasetMLP.cpp:124]   --->   Operation 23 'fmul' 'dc' <Predicate = true> <Delay = 7.01> <CoreInst = "FMul_maxdsp">   --->   Core 30 'FMul_maxdsp' <Latency = 2> <II = 1> <Delay = 7.01> <FuncUnit> <Opcode : 'fmul'> <InPorts = 2> <OutPorts = 1>

State 4 <SV = 3> <Delay = 7.01>
ST_4 : Operation 24 [2/3] (7.01ns)   --->   "%dc = fmul i32 %output_layer_load, i32 1e+07" [../../../../HWSWAI/HLS/SampleDatasetMLP.cpp:124]   --->   Operation 24 'fmul' 'dc' <Predicate = true> <Delay = 7.01> <CoreInst = "FMul_maxdsp">   --->   Core 30 'FMul_maxdsp' <Latency = 2> <II = 1> <Delay = 7.01> <FuncUnit> <Opcode : 'fmul'> <InPorts = 2> <OutPorts = 1>

State 5 <SV = 4> <Delay = 7.01>
ST_5 : Operation 25 [1/3] (7.01ns)   --->   "%dc = fmul i32 %output_layer_load, i32 1e+07" [../../../../HWSWAI/HLS/SampleDatasetMLP.cpp:124]   --->   Operation 25 'fmul' 'dc' <Predicate = true> <Delay = 7.01> <CoreInst = "FMul_maxdsp">   --->   Core 30 'FMul_maxdsp' <Latency = 2> <II = 1> <Delay = 7.01> <FuncUnit> <Opcode : 'fmul'> <InPorts = 2> <OutPorts = 1>
ST_5 : Operation 52 [1/1] (0.00ns)   --->   "%ret_ln0 = ret"   --->   Operation 52 'ret' 'ret_ln0' <Predicate = (icmp_ln123)> <Delay = 0.00>

State 6 <SV = 5> <Delay = 4.69>
ST_6 : Operation 26 [1/1] (0.00ns)   --->   "%specloopname_ln123 = specloopname void @_ssdm_op_SpecLoopName, void @empty_8" [../../../../HWSWAI/HLS/SampleDatasetMLP.cpp:123]   --->   Operation 26 'specloopname' 'specloopname_ln123' <Predicate = true> <Delay = 0.00>
ST_6 : Operation 27 [1/1] (0.00ns)   --->   "%data_V = bitcast i32 %dc" [r:/ci/prod/2022.1/rdi_builds/continuous/2022_04_18_3526262/src/shared/hls/clib/src/hls\utils/x_hls_utils.h:317]   --->   Operation 27 'bitcast' 'data_V' <Predicate = true> <Delay = 0.00>
ST_6 : Operation 28 [1/1] (0.00ns)   --->   "%p_Result_s = bitselect i1 @_ssdm_op_BitSelect.i1.i32.i32, i32 %data_V, i32 31"   --->   Operation 28 'bitselect' 'p_Result_s' <Predicate = true> <Delay = 0.00>
ST_6 : Operation 29 [1/1] (0.00ns)   --->   "%xs_exp_V = partselect i8 @_ssdm_op_PartSelect.i8.i32.i32.i32, i32 %data_V, i32 23, i32 30"   --->   Operation 29 'partselect' 'xs_exp_V' <Predicate = true> <Delay = 0.00>
ST_6 : Operation 30 [1/1] (0.00ns)   --->   "%p_Result_1 = trunc i32 %data_V"   --->   Operation 30 'trunc' 'p_Result_1' <Predicate = true> <Delay = 0.00>
ST_6 : Operation 31 [1/1] (0.00ns)   --->   "%mantissa = bitconcatenate i25 @_ssdm_op_BitConcatenate.i25.i1.i23.i1, i1 1, i23 %p_Result_1, i1 0" [r:/ci/prod/2022.1/rdi_builds/continuous/2022_04_18_3526262/src/shared/hls/clib/hlsmath/include/FloatingPoint\hls_case_IEEE754.h:15]   --->   Operation 31 'bitconcatenate' 'mantissa' <Predicate = true> <Delay = 0.00>
ST_6 : Operation 32 [1/1] (0.00ns)   --->   "%zext_ln15 = zext i25 %mantissa" [r:/ci/prod/2022.1/rdi_builds/continuous/2022_04_18_3526262/src/shared/hls/clib/hlsmath/include/FloatingPoint\hls_case_IEEE754.h:15]   --->   Operation 32 'zext' 'zext_ln15' <Predicate = true> <Delay = 0.00>
ST_6 : Operation 33 [1/1] (0.00ns)   --->   "%zext_ln346 = zext i8 %xs_exp_V" [r:/ci/prod/2022.1/rdi_builds/continuous/2022_04_18_3526262/src/shared/hls/clib/src/hls\utils/x_hls_utils.h:346]   --->   Operation 33 'zext' 'zext_ln346' <Predicate = true> <Delay = 0.00>
ST_6 : Operation 34 [1/1] (0.76ns)   --->   "%add_ln346 = add i9 %zext_ln346, i9 385" [r:/ci/prod/2022.1/rdi_builds/continuous/2022_04_18_3526262/src/shared/hls/clib/src/hls\utils/x_hls_utils.h:346]   --->   Operation 34 'add' 'add_ln346' <Predicate = true> <Delay = 0.76> <CoreInst = "Adder">   --->   Core 1 'Adder' <Latency = 0> <II = 1> <Delay = 0.76> <FuncUnit> <Opcode : 'add' 'sub'> <InPorts = 2> <OutPorts = 1>
ST_6 : Operation 35 [1/1] (0.00ns)   --->   "%isNeg = bitselect i1 @_ssdm_op_BitSelect.i1.i9.i32, i9 %add_ln346, i32 8"   --->   Operation 35 'bitselect' 'isNeg' <Predicate = true> <Delay = 0.00>
ST_6 : Operation 36 [1/1] (0.76ns)   --->   "%sub_ln1512 = sub i8 127, i8 %xs_exp_V"   --->   Operation 36 'sub' 'sub_ln1512' <Predicate = true> <Delay = 0.76> <CoreInst = "Adder">   --->   Core 1 'Adder' <Latency = 0> <II = 1> <Delay = 0.76> <FuncUnit> <Opcode : 'add' 'sub'> <InPorts = 2> <OutPorts = 1>
ST_6 : Operation 37 [1/1] (0.00ns)   --->   "%sext_ln1512 = sext i8 %sub_ln1512"   --->   Operation 37 'sext' 'sext_ln1512' <Predicate = true> <Delay = 0.00>
ST_6 : Operation 38 [1/1] (0.39ns)   --->   "%ush = select i1 %isNeg, i9 %sext_ln1512, i9 %add_ln346"   --->   Operation 38 'select' 'ush' <Predicate = true> <Delay = 0.39> <CoreInst = "Sel">   --->   Core 73 'Sel' <Latency = 0> <II = 1> <Delay = 0.39> <FuncUnit> <Opcode : 'select'> <InPorts = 3> <OutPorts = 1>
ST_6 : Operation 39 [1/1] (0.00ns)   --->   "%sext_ln1488 = sext i9 %ush"   --->   Operation 39 'sext' 'sext_ln1488' <Predicate = true> <Delay = 0.00>
ST_6 : Operation 40 [1/1] (0.00ns)   --->   "%zext_ln1488 = zext i32 %sext_ln1488"   --->   Operation 40 'zext' 'zext_ln1488' <Predicate = true> <Delay = 0.00>
ST_6 : Operation 41 [1/1] (0.00ns) (grouped into LUT with out node val)   --->   "%r_V = lshr i79 %zext_ln15, i79 %zext_ln1488"   --->   Operation 41 'lshr' 'r_V' <Predicate = true> <Delay = 0.00> <CoreInst = "Shifter">   --->   Core 75 'Shifter' <Latency = 0> <II = 1> <Delay = 1.38> <FuncUnit> <Opcode : 'shl' 'lshr' 'ashr'> <InPorts = 2> <OutPorts = 1>
ST_6 : Operation 42 [1/1] (0.00ns) (grouped into LUT with out node val)   --->   "%r_V_1 = shl i79 %zext_ln15, i79 %zext_ln1488"   --->   Operation 42 'shl' 'r_V_1' <Predicate = true> <Delay = 0.00> <CoreInst = "Shifter">   --->   Core 75 'Shifter' <Latency = 0> <II = 1> <Delay = 1.38> <FuncUnit> <Opcode : 'shl' 'lshr' 'ashr'> <InPorts = 2> <OutPorts = 1>
ST_6 : Operation 43 [1/1] (0.00ns) (grouped into LUT with out node val)   --->   "%tmp = bitselect i1 @_ssdm_op_BitSelect.i1.i79.i32, i79 %r_V, i32 24"   --->   Operation 43 'bitselect' 'tmp' <Predicate = true> <Delay = 0.00>
ST_6 : Operation 44 [1/1] (0.00ns) (grouped into LUT with out node val)   --->   "%zext_ln818 = zext i1 %tmp"   --->   Operation 44 'zext' 'zext_ln818' <Predicate = true> <Delay = 0.00>
ST_6 : Operation 45 [1/1] (0.00ns) (grouped into LUT with out node val)   --->   "%tmp_6 = partselect i32 @_ssdm_op_PartSelect.i32.i79.i32.i32, i79 %r_V_1, i32 24, i32 55"   --->   Operation 45 'partselect' 'tmp_6' <Predicate = true> <Delay = 0.00>
ST_6 : Operation 46 [1/1] (1.38ns) (out node of the LUT)   --->   "%val = select i1 %isNeg, i32 %zext_ln818, i32 %tmp_6"   --->   Operation 46 'select' 'val' <Predicate = true> <Delay = 1.38> <CoreInst = "Sel">   --->   Core 73 'Sel' <Latency = 0> <II = 1> <Delay = 0.44> <FuncUnit> <Opcode : 'select'> <InPorts = 3> <OutPorts = 1>
ST_6 : Operation 47 [1/1] (1.01ns)   --->   "%result_V_2 = sub i32 0, i32 %val"   --->   Operation 47 'sub' 'result_V_2' <Predicate = true> <Delay = 1.01> <CoreInst = "Adder">   --->   Core 1 'Adder' <Latency = 0> <II = 1> <Delay = 1.01> <FuncUnit> <Opcode : 'add' 'sub'> <InPorts = 2> <OutPorts = 1>
ST_6 : Operation 48 [1/1] (0.44ns)   --->   "%result_V = select i1 %p_Result_s, i32 %result_V_2, i32 %val" [r:/ci/prod/2022.1/rdi_builds/continuous/2022_04_18_3526262/src/shared/hls/clib/hlsmath/include/FloatingPoint\hls_case_IEEE754.h:59]   --->   Operation 48 'select' 'result_V' <Predicate = true> <Delay = 0.44> <CoreInst = "Sel">   --->   Core 73 'Sel' <Latency = 0> <II = 1> <Delay = 0.44> <FuncUnit> <Opcode : 'select'> <InPorts = 3> <OutPorts = 1>
ST_6 : Operation 49 [1/1] (0.00ns)   --->   "%output_layer_casted_addr = getelementptr i32 %output_layer_casted, i64 0, i64 %i_4_cast" [../../../../HWSWAI/HLS/SampleDatasetMLP.cpp:124]   --->   Operation 49 'getelementptr' 'output_layer_casted_addr' <Predicate = true> <Delay = 0.00>
ST_6 : Operation 50 [1/1] (0.67ns)   --->   "%store_ln124 = store i32 %result_V, i3 %output_layer_casted_addr" [../../../../HWSWAI/HLS/SampleDatasetMLP.cpp:124]   --->   Operation 50 'store' 'store_ln124' <Predicate = true> <Delay = 0.67> <CoreInst = "RAM">   --->   Core 83 'RAM' <Latency = 1> <II = 1> <Delay = 0.67> <Storage> <Opcode : 'load' 'store'> <Ports = 2> <Width = 32> <Depth = 5> <RAM>
ST_6 : Operation 51 [1/1] (0.00ns)   --->   "%br_ln123 = br void %for.inc130" [../../../../HWSWAI/HLS/SampleDatasetMLP.cpp:123]   --->   Operation 51 'br' 'br_ln123' <Predicate = true> <Delay = 0.00>


============================================================
+ Verbose Summary: Binding
============================================================
STG Binding: 
---------------- STG Properties BEGIN ----------------
- Is combinational: 0
- Is one-state seq: 0
- Is datapath-only: 0
- Is pipelined: 0
- Is top level: 0
Port [ Return ] is wired: 1; IO mode=ap_ctrl_hs:ce=0
Port [ output_layer]:  wired=1; compound=1; hidden=0; nouse=0; global=0; static=0; extern=0; dir=0; type=1; pingpong=0; private_global=0; MemPort=[13]; IO mode=ap_memory:ce=0
Port [ output_layer_casted]:  wired=1; compound=1; hidden=0; nouse=0; global=0; static=0; extern=0; dir=1; type=1; pingpong=0; private_global=0; MemPort=[03]; IO mode=ap_memory:ce=0
---------------- STG Properties END ------------------

---------------- Datapath Model BEGIN ----------------

<LifeTime>
<method=bitvector/>
i                        (alloca           ) [ 0100000]
store_ln0                (store            ) [ 0000000]
br_ln0                   (br               ) [ 0000000]
i_4                      (load             ) [ 0000000]
specpipeline_ln0         (specpipeline     ) [ 0000000]
icmp_ln123               (icmp             ) [ 0111110]
empty                    (speclooptripcount) [ 0000000]
add_ln123                (add              ) [ 0000000]
br_ln123                 (br               ) [ 0000000]
i_4_cast                 (zext             ) [ 0111111]
output_layer_addr        (getelementptr    ) [ 0110000]
store_ln123              (store            ) [ 0000000]
output_layer_load        (load             ) [ 0101110]
dc                       (fmul             ) [ 0100001]
specloopname_ln123       (specloopname     ) [ 0000000]
data_V                   (bitcast          ) [ 0000000]
p_Result_s               (bitselect        ) [ 0000000]
xs_exp_V                 (partselect       ) [ 0000000]
p_Result_1               (trunc            ) [ 0000000]
mantissa                 (bitconcatenate   ) [ 0000000]
zext_ln15                (zext             ) [ 0000000]
zext_ln346               (zext             ) [ 0000000]
add_ln346                (add              ) [ 0000000]
isNeg                    (bitselect        ) [ 0000000]
sub_ln1512               (sub              ) [ 0000000]
sext_ln1512              (sext             ) [ 0000000]
ush                      (select           ) [ 0000000]
sext_ln1488              (sext             ) [ 0000000]
zext_ln1488              (zext             ) [ 0000000]
r_V                      (lshr             ) [ 0000000]
r_V_1                    (shl              ) [ 0000000]
tmp                      (bitselect        ) [ 0000000]
zext_ln818               (zext             ) [ 0000000]
tmp_6                    (partselect       ) [ 0000000]
val                      (select           ) [ 0000000]
result_V_2               (sub              ) [ 0000000]
result_V                 (select           ) [ 0000000]
output_layer_casted_addr (getelementptr    ) [ 0000000]
store_ln124              (store            ) [ 0000000]
br_ln123                 (br               ) [ 0000000]
ret_ln0                  (ret              ) [ 0000000]
</LifeTime>

<model>

<comp_list>
<comp id="0" class="1000" name="output_layer">
<pin_list>
<pin id="1" dir="1" index="0" bw="1" slack="0"/>
</pin_list>
<bind>
<StgValue><ssdm name="output_layer"/><MemPortTyVec>1 3 </MemPortTyVec>
</StgValue>
</bind>
</comp>

<comp id="2" class="1000" name="output_layer_casted">
<pin_list>
<pin id="3" dir="1" index="0" bw="1" slack="0"/>
</pin_list>
<bind>
<StgValue><ssdm name="output_layer_casted"/><MemPortTyVec>0 3 </MemPortTyVec>
</StgValue>
</bind>
</comp>

<comp id="4" class="1001" name="const_4">
<pin_list>
<pin id="5" dir="1" index="0" bw="1" slack="0"/>
</pin_list>
<bind>
<StgValue><ssdm name=""/></StgValue>
</bind>
</comp>

<comp id="6" class="1001" name="const_6">
<pin_list>
<pin id="7" dir="1" index="0" bw="1" slack="0"/>
</pin_list>
<bind>
<StgValue><ssdm name=""/></StgValue>
</bind>
</comp>

<comp id="8" class="1001" name="const_8">
<pin_list>
<pin id="9" dir="1" index="0" bw="1" slack="2147483647"/>
</pin_list>
<bind>
<StgValue><ssdm name="_ssdm_op_SpecPipeline"/></StgValue>
</bind>
</comp>

<comp id="10" class="1001" name="const_10">
<pin_list>
<pin id="11" dir="1" index="0" bw="1" slack="2147483647"/>
</pin_list>
<bind>
<StgValue><ssdm name=""/></StgValue>
</bind>
</comp>

<comp id="12" class="1001" name="const_12">
<pin_list>
<pin id="13" dir="1" index="0" bw="1" slack="0"/>
</pin_list>
<bind>
<StgValue><ssdm name=""/></StgValue>
</bind>
</comp>

<comp id="14" class="1001" name="const_14">
<pin_list>
<pin id="15" dir="1" index="0" bw="1" slack="2147483647"/>
</pin_list>
<bind>
<StgValue><ssdm name="p_str"/></StgValue>
</bind>
</comp>

<comp id="16" class="1001" name="const_16">
<pin_list>
<pin id="17" dir="1" index="0" bw="1" slack="0"/>
</pin_list>
<bind>
<StgValue><ssdm name=""/></StgValue>
</bind>
</comp>

<comp id="18" class="1001" name="const_18">
<pin_list>
<pin id="19" dir="1" index="0" bw="1" slack="2147483647"/>
</pin_list>
<bind>
<StgValue><ssdm name="_ssdm_op_SpecLoopTripCount"/></StgValue>
</bind>
</comp>

<comp id="20" class="1001" name="const_20">
<pin_list>
<pin id="21" dir="1" index="0" bw="1" slack="2147483647"/>
</pin_list>
<bind>
<StgValue><ssdm name=""/></StgValue>
</bind>
</comp>

<comp id="22" class="1001" name="const_22">
<pin_list>
<pin id="23" dir="1" index="0" bw="1" slack="0"/>
</pin_list>
<bind>
<StgValue><ssdm name=""/></StgValue>
</bind>
</comp>

<comp id="24" class="1001" name="const_24">
<pin_list>
<pin id="25" dir="1" index="0" bw="1" slack="0"/>
</pin_list>
<bind>
<StgValue><ssdm name=""/></StgValue>
</bind>
</comp>

<comp id="26" class="1001" name="const_26">
<pin_list>
<pin id="27" dir="1" index="0" bw="1" slack="0"/>
</pin_list>
<bind>
<StgValue><ssdm name=""/></StgValue>
</bind>
</comp>

<comp id="28" class="1001" name="const_28">
<pin_list>
<pin id="29" dir="1" index="0" bw="1" slack="2147483647"/>
</pin_list>
<bind>
<StgValue><ssdm name="_ssdm_op_SpecLoopName"/></StgValue>
</bind>
</comp>

<comp id="30" class="1001" name="const_30">
<pin_list>
<pin id="31" dir="1" index="0" bw="1" slack="2147483647"/>
</pin_list>
<bind>
<StgValue><ssdm name="empty_8"/></StgValue>
</bind>
</comp>

<comp id="32" class="1001" name="const_32">
<pin_list>
<pin id="33" dir="1" index="0" bw="1" slack="0"/>
</pin_list>
<bind>
<StgValue><ssdm name="_ssdm_op_BitSelect.i1.i32.i32"/></StgValue>
</bind>
</comp>

<comp id="34" class="1001" name="const_34">
<pin_list>
<pin id="35" dir="1" index="0" bw="1" slack="0"/>
</pin_list>
<bind>
<StgValue><ssdm name=""/></StgValue>
</bind>
</comp>

<comp id="36" class="1001" name="const_36">
<pin_list>
<pin id="37" dir="1" index="0" bw="1" slack="0"/>
</pin_list>
<bind>
<StgValue><ssdm name="_ssdm_op_PartSelect.i8.i32.i32.i32"/></StgValue>
</bind>
</comp>

<comp id="38" class="1001" name="const_38">
<pin_list>
<pin id="39" dir="1" index="0" bw="1" slack="0"/>
</pin_list>
<bind>
<StgValue><ssdm name=""/></StgValue>
</bind>
</comp>

<comp id="40" class="1001" name="const_40">
<pin_list>
<pin id="41" dir="1" index="0" bw="1" slack="0"/>
</pin_list>
<bind>
<StgValue><ssdm name=""/></StgValue>
</bind>
</comp>

<comp id="42" class="1001" name="const_42">
<pin_list>
<pin id="43" dir="1" index="0" bw="1" slack="0"/>
</pin_list>
<bind>
<StgValue><ssdm name="_ssdm_op_BitConcatenate.i25.i1.i23.i1"/></StgValue>
</bind>
</comp>

<comp id="44" class="1001" name="const_44">
<pin_list>
<pin id="45" dir="1" index="0" bw="1" slack="0"/>
</pin_list>
<bind>
<StgValue><ssdm name=""/></StgValue>
</bind>
</comp>

<comp id="46" class="1001" name="const_46">
<pin_list>
<pin id="47" dir="1" index="0" bw="1" slack="0"/>
</pin_list>
<bind>
<StgValue><ssdm name=""/></StgValue>
</bind>
</comp>

<comp id="48" class="1001" name="const_48">
<pin_list>
<pin id="49" dir="1" index="0" bw="1" slack="0"/>
</pin_list>
<bind>
<StgValue><ssdm name=""/></StgValue>
</bind>
</comp>

<comp id="50" class="1001" name="const_50">
<pin_list>
<pin id="51" dir="1" index="0" bw="1" slack="0"/>
</pin_list>
<bind>
<StgValue><ssdm name="_ssdm_op_BitSelect.i1.i9.i32"/></StgValue>
</bind>
</comp>

<comp id="52" class="1001" name="const_52">
<pin_list>
<pin id="53" dir="1" index="0" bw="1" slack="0"/>
</pin_list>
<bind>
<StgValue><ssdm name=""/></StgValue>
</bind>
</comp>

<comp id="54" class="1001" name="const_54">
<pin_list>
<pin id="55" dir="1" index="0" bw="1" slack="0"/>
</pin_list>
<bind>
<StgValue><ssdm name=""/></StgValue>
</bind>
</comp>

<comp id="56" class="1001" name="const_56">
<pin_list>
<pin id="57" dir="1" index="0" bw="1" slack="0"/>
</pin_list>
<bind>
<StgValue><ssdm name="_ssdm_op_BitSelect.i1.i79.i32"/></StgValue>
</bind>
</comp>

<comp id="58" class="1001" name="const_58">
<pin_list>
<pin id="59" dir="1" index="0" bw="1" slack="0"/>
</pin_list>
<bind>
<StgValue><ssdm name=""/></StgValue>
</bind>
</comp>

<comp id="60" class="1001" name="const_60">
<pin_list>
<pin id="61" dir="1" index="0" bw="1" slack="0"/>
</pin_list>
<bind>
<StgValue><ssdm name="_ssdm_op_PartSelect.i32.i79.i32.i32"/></StgValue>
</bind>
</comp>

<comp id="62" class="1001" name="const_62">
<pin_list>
<pin id="63" dir="1" index="0" bw="1" slack="0"/>
</pin_list>
<bind>
<StgValue><ssdm name=""/></StgValue>
</bind>
</comp>

<comp id="64" class="1004" name="i_fu_64">
<pin_list>
<pin id="65" dir="0" index="0" bw="1" slack="0"/>
<pin id="66" dir="1" index="1" bw="3" slack="0"/>
</pin_list>
<bind>
<opcode="alloca(26) " fcode="alloca"/>
<opset="i/1 "/>
</bind>
</comp>

<comp id="68" class="1004" name="output_layer_addr_gep_fu_68">
<pin_list>
<pin id="69" dir="0" index="0" bw="32" slack="0"/>
<pin id="70" dir="0" index="1" bw="1" slack="0"/>
<pin id="71" dir="0" index="2" bw="3" slack="0"/>
<pin id="72" dir="1" index="3" bw="3" slack="0"/>
</pin_list>
<bind>
<opcode="getelementptr(29) " fcode="getelementptr"/>
<opset="output_layer_addr/1 "/>
</bind>
</comp>

<comp id="75" class="1004" name="grp_access_fu_75">
<pin_list>
<pin id="76" dir="0" index="0" bw="3" slack="0"/>
<pin id="77" dir="0" index="1" bw="32" slack="2147483647"/>
<pin id="78" dir="0" index="2" bw="0" slack="2147483647"/>
<pin id="79" dir="1" index="3" bw="32" slack="1"/>
</pin_list>
<bind>
<opcode="load(27) " fcode="load"/>
<opset="output_layer_load/1 "/>
</bind>
</comp>

<comp id="81" class="1004" name="output_layer_casted_addr_gep_fu_81">
<pin_list>
<pin id="82" dir="0" index="0" bw="32" slack="0"/>
<pin id="83" dir="0" index="1" bw="1" slack="0"/>
<pin id="84" dir="0" index="2" bw="3" slack="5"/>
<pin id="85" dir="1" index="3" bw="3" slack="0"/>
</pin_list>
<bind>
<opcode="getelementptr(29) " fcode="getelementptr"/>
<opset="output_layer_casted_addr/6 "/>
</bind>
</comp>

<comp id="88" class="1004" name="store_ln124_access_fu_88">
<pin_list>
<pin id="89" dir="0" index="0" bw="3" slack="0"/>
<pin id="90" dir="0" index="1" bw="32" slack="0"/>
<pin id="91" dir="0" index="2" bw="0" slack="2147483647"/>
<pin id="92" dir="1" index="3" bw="32" slack="2147483647"/>
</pin_list>
<bind>
<opcode="store(28) " fcode="store"/>
<opset="store_ln124/6 "/>
</bind>
</comp>

<comp id="94" class="1004" name="grp_fu_94">
<pin_list>
<pin id="95" dir="0" index="0" bw="32" slack="1"/>
<pin id="96" dir="0" index="1" bw="32" slack="0"/>
<pin id="97" dir="1" index="2" bw="32" slack="1"/>
</pin_list>
<bind>
<opcode="fmul(13) " fcode="fmul"/>
<opset="dc/3 "/>
</bind>
</comp>

<comp id="99" class="1004" name="store_ln0_store_fu_99">
<pin_list>
<pin id="100" dir="0" index="0" bw="1" slack="0"/>
<pin id="101" dir="0" index="1" bw="3" slack="0"/>
<pin id="102" dir="1" index="2" bw="0" slack="2147483647"/>
</pin_list>
<bind>
<opcode="store(28) " fcode="store"/>
<opset="store_ln0/1 "/>
</bind>
</comp>

<comp id="104" class="1004" name="i_4_load_fu_104">
<pin_list>
<pin id="105" dir="0" index="0" bw="3" slack="0"/>
<pin id="106" dir="1" index="1" bw="3" slack="0"/>
</pin_list>
<bind>
<opcode="load(27) " fcode="load"/>
<opset="i_4/1 "/>
</bind>
</comp>

<comp id="107" class="1004" name="icmp_ln123_fu_107">
<pin_list>
<pin id="108" dir="0" index="0" bw="3" slack="0"/>
<pin id="109" dir="0" index="1" bw="3" slack="0"/>
<pin id="110" dir="1" index="2" bw="1" slack="4"/>
</pin_list>
<bind>
<opcode="icmp(45) " fcode="icmp"/>
<opset="icmp_ln123/1 "/>
</bind>
</comp>

<comp id="113" class="1004" name="add_ln123_fu_113">
<pin_list>
<pin id="114" dir="0" index="0" bw="3" slack="0"/>
<pin id="115" dir="0" index="1" bw="1" slack="0"/>
<pin id="116" dir="1" index="2" bw="3" slack="0"/>
</pin_list>
<bind>
<opcode="add(8) " fcode="add"/>
<opset="add_ln123/1 "/>
</bind>
</comp>

<comp id="119" class="1004" name="i_4_cast_fu_119">
<pin_list>
<pin id="120" dir="0" index="0" bw="3" slack="0"/>
<pin id="121" dir="1" index="1" bw="64" slack="0"/>
</pin_list>
<bind>
<opcode="zext(34) " fcode="zext"/>
<opset="i_4_cast/1 "/>
</bind>
</comp>

<comp id="124" class="1004" name="store_ln123_store_fu_124">
<pin_list>
<pin id="125" dir="0" index="0" bw="3" slack="0"/>
<pin id="126" dir="0" index="1" bw="3" slack="0"/>
<pin id="127" dir="1" index="2" bw="0" slack="2147483647"/>
</pin_list>
<bind>
<opcode="store(28) " fcode="store"/>
<opset="store_ln123/1 "/>
</bind>
</comp>

<comp id="129" class="1004" name="data_V_fu_129">
<pin_list>
<pin id="130" dir="0" index="0" bw="32" slack="1"/>
<pin id="131" dir="1" index="1" bw="32" slack="0"/>
</pin_list>
<bind>
<opcode="bitcast(44) " fcode="bitcast"/>
<opset="data_V/6 "/>
</bind>
</comp>

<comp id="132" class="1004" name="p_Result_s_fu_132">
<pin_list>
<pin id="133" dir="0" index="0" bw="1" slack="0"/>
<pin id="134" dir="0" index="1" bw="32" slack="0"/>
<pin id="135" dir="0" index="2" bw="6" slack="0"/>
<pin id="136" dir="1" index="3" bw="1" slack="0"/>
</pin_list>
<bind>
<opcode="bitselect(1000) " fcode="bitselect"/>
<opset="p_Result_s/6 "/>
</bind>
</comp>

<comp id="140" class="1004" name="xs_exp_V_fu_140">
<pin_list>
<pin id="141" dir="0" index="0" bw="8" slack="0"/>
<pin id="142" dir="0" index="1" bw="32" slack="0"/>
<pin id="143" dir="0" index="2" bw="6" slack="0"/>
<pin id="144" dir="0" index="3" bw="6" slack="0"/>
<pin id="145" dir="1" index="4" bw="8" slack="0"/>
</pin_list>
<bind>
<opcode="partselect(1002) " fcode="partselect"/>
<opset="xs_exp_V/6 "/>
</bind>
</comp>

<comp id="150" class="1004" name="p_Result_1_fu_150">
<pin_list>
<pin id="151" dir="0" index="0" bw="32" slack="0"/>
<pin id="152" dir="1" index="1" bw="23" slack="0"/>
</pin_list>
<bind>
<opcode="trunc(33) " fcode="trunc"/>
<opset="p_Result_1/6 "/>
</bind>
</comp>

<comp id="154" class="1004" name="mantissa_fu_154">
<pin_list>
<pin id="155" dir="0" index="0" bw="25" slack="0"/>
<pin id="156" dir="0" index="1" bw="1" slack="0"/>
<pin id="157" dir="0" index="2" bw="23" slack="0"/>
<pin id="158" dir="0" index="3" bw="1" slack="0"/>
<pin id="159" dir="1" index="4" bw="25" slack="0"/>
</pin_list>
<bind>
<opcode="bitconcatenate(1004) " fcode="bitconcatenate"/>
<opset="mantissa/6 "/>
</bind>
</comp>

<comp id="164" class="1004" name="zext_ln15_fu_164">
<pin_list>
<pin id="165" dir="0" index="0" bw="25" slack="0"/>
<pin id="166" dir="1" index="1" bw="79" slack="0"/>
</pin_list>
<bind>
<opcode="zext(34) " fcode="zext"/>
<opset="zext_ln15/6 "/>
</bind>
</comp>

<comp id="168" class="1004" name="zext_ln346_fu_168">
<pin_list>
<pin id="169" dir="0" index="0" bw="8" slack="0"/>
<pin id="170" dir="1" index="1" bw="9" slack="0"/>
</pin_list>
<bind>
<opcode="zext(34) " fcode="zext"/>
<opset="zext_ln346/6 "/>
</bind>
</comp>

<comp id="172" class="1004" name="add_ln346_fu_172">
<pin_list>
<pin id="173" dir="0" index="0" bw="8" slack="0"/>
<pin id="174" dir="0" index="1" bw="8" slack="0"/>
<pin id="175" dir="1" index="2" bw="9" slack="0"/>
</pin_list>
<bind>
<opcode="add(8) " fcode="add"/>
<opset="add_ln346/6 "/>
</bind>
</comp>

<comp id="178" class="1004" name="isNeg_fu_178">
<pin_list>
<pin id="179" dir="0" index="0" bw="1" slack="0"/>
<pin id="180" dir="0" index="1" bw="9" slack="0"/>
<pin id="181" dir="0" index="2" bw="5" slack="0"/>
<pin id="182" dir="1" index="3" bw="1" slack="0"/>
</pin_list>
<bind>
<opcode="bitselect(1000) " fcode="bitselect"/>
<opset="isNeg/6 "/>
</bind>
</comp>

<comp id="186" class="1004" name="sub_ln1512_fu_186">
<pin_list>
<pin id="187" dir="0" index="0" bw="8" slack="0"/>
<pin id="188" dir="0" index="1" bw="8" slack="0"/>
<pin id="189" dir="1" index="2" bw="8" slack="0"/>
</pin_list>
<bind>
<opcode="sub(10) " fcode="sub"/>
<opset="sub_ln1512/6 "/>
</bind>
</comp>

<comp id="192" class="1004" name="sext_ln1512_fu_192">
<pin_list>
<pin id="193" dir="0" index="0" bw="8" slack="0"/>
<pin id="194" dir="1" index="1" bw="9" slack="0"/>
</pin_list>
<bind>
<opcode="sext(35) " fcode="sext"/>
<opset="sext_ln1512/6 "/>
</bind>
</comp>

<comp id="196" class="1004" name="ush_fu_196">
<pin_list>
<pin id="197" dir="0" index="0" bw="1" slack="0"/>
<pin id="198" dir="0" index="1" bw="8" slack="0"/>
<pin id="199" dir="0" index="2" bw="9" slack="0"/>
<pin id="200" dir="1" index="3" bw="9" slack="0"/>
</pin_list>
<bind>
<opcode="select(49) " fcode="select"/>
<opset="ush/6 "/>
</bind>
</comp>

<comp id="204" class="1004" name="sext_ln1488_fu_204">
<pin_list>
<pin id="205" dir="0" index="0" bw="9" slack="0"/>
<pin id="206" dir="1" index="1" bw="32" slack="0"/>
</pin_list>
<bind>
<opcode="sext(35) " fcode="sext"/>
<opset="sext_ln1488/6 "/>
</bind>
</comp>

<comp id="208" class="1004" name="zext_ln1488_fu_208">
<pin_list>
<pin id="209" dir="0" index="0" bw="9" slack="0"/>
<pin id="210" dir="1" index="1" bw="79" slack="0"/>
</pin_list>
<bind>
<opcode="zext(34) " fcode="zext"/>
<opset="zext_ln1488/6 "/>
</bind>
</comp>

<comp id="212" class="1004" name="r_V_fu_212">
<pin_list>
<pin id="213" dir="0" index="0" bw="25" slack="0"/>
<pin id="214" dir="0" index="1" bw="32" slack="0"/>
<pin id="215" dir="1" index="2" bw="79" slack="0"/>
</pin_list>
<bind>
<opcode="lshr(21) " fcode="lshr"/>
<opset="r_V/6 "/>
</bind>
</comp>

<comp id="218" class="1004" name="r_V_1_fu_218">
<pin_list>
<pin id="219" dir="0" index="0" bw="25" slack="0"/>
<pin id="220" dir="0" index="1" bw="32" slack="0"/>
<pin id="221" dir="1" index="2" bw="79" slack="0"/>
</pin_list>
<bind>
<opcode="shl(20) " fcode="shl"/>
<opset="r_V_1/6 "/>
</bind>
</comp>

<comp id="224" class="1004" name="tmp_fu_224">
<pin_list>
<pin id="225" dir="0" index="0" bw="1" slack="0"/>
<pin id="226" dir="0" index="1" bw="79" slack="0"/>
<pin id="227" dir="0" index="2" bw="6" slack="0"/>
<pin id="228" dir="1" index="3" bw="1" slack="0"/>
</pin_list>
<bind>
<opcode="bitselect(1000) " fcode="bitselect"/>
<opset="tmp/6 "/>
</bind>
</comp>

<comp id="232" class="1004" name="zext_ln818_fu_232">
<pin_list>
<pin id="233" dir="0" index="0" bw="1" slack="0"/>
<pin id="234" dir="1" index="1" bw="32" slack="0"/>
</pin_list>
<bind>
<opcode="zext(34) " fcode="zext"/>
<opset="zext_ln818/6 "/>
</bind>
</comp>

<comp id="236" class="1004" name="tmp_6_fu_236">
<pin_list>
<pin id="237" dir="0" index="0" bw="32" slack="0"/>
<pin id="238" dir="0" index="1" bw="79" slack="0"/>
<pin id="239" dir="0" index="2" bw="6" slack="0"/>
<pin id="240" dir="0" index="3" bw="7" slack="0"/>
<pin id="241" dir="1" index="4" bw="32" slack="0"/>
</pin_list>
<bind>
<opcode="partselect(1002) " fcode="partselect"/>
<opset="tmp_6/6 "/>
</bind>
</comp>

<comp id="246" class="1004" name="val_fu_246">
<pin_list>
<pin id="247" dir="0" index="0" bw="1" slack="0"/>
<pin id="248" dir="0" index="1" bw="1" slack="0"/>
<pin id="249" dir="0" index="2" bw="32" slack="0"/>
<pin id="250" dir="1" index="3" bw="32" slack="0"/>
</pin_list>
<bind>
<opcode="select(49) " fcode="select"/>
<opset="val/6 "/>
</bind>
</comp>

<comp id="254" class="1004" name="result_V_2_fu_254">
<pin_list>
<pin id="255" dir="0" index="0" bw="1" slack="0"/>
<pin id="256" dir="0" index="1" bw="32" slack="0"/>
<pin id="257" dir="1" index="2" bw="32" slack="0"/>
</pin_list>
<bind>
<opcode="sub(10) " fcode="sub"/>
<opset="result_V_2/6 "/>
</bind>
</comp>

<comp id="260" class="1004" name="result_V_fu_260">
<pin_list>
<pin id="261" dir="0" index="0" bw="1" slack="0"/>
<pin id="262" dir="0" index="1" bw="32" slack="0"/>
<pin id="263" dir="0" index="2" bw="32" slack="0"/>
<pin id="264" dir="1" index="3" bw="32" slack="0"/>
</pin_list>
<bind>
<opcode="select(49) " fcode="select"/>
<opset="result_V/6 "/>
</bind>
</comp>

<comp id="269" class="1005" name="i_reg_269">
<pin_list>
<pin id="270" dir="0" index="0" bw="3" slack="0"/>
<pin id="271" dir="1" index="1" bw="3" slack="0"/>
</pin_list>
<bind>
<opset="i "/>
</bind>
</comp>

<comp id="276" class="1005" name="icmp_ln123_reg_276">
<pin_list>
<pin id="277" dir="0" index="0" bw="1" slack="4"/>
<pin id="278" dir="1" index="1" bw="1" slack="2147483647"/>
</pin_list>
<bind>
<opset="icmp_ln123 "/>
</bind>
</comp>

<comp id="280" class="1005" name="i_4_cast_reg_280">
<pin_list>
<pin id="281" dir="0" index="0" bw="64" slack="5"/>
<pin id="282" dir="1" index="1" bw="64" slack="5"/>
</pin_list>
<bind>
<opset="i_4_cast "/>
</bind>
</comp>

<comp id="285" class="1005" name="output_layer_addr_reg_285">
<pin_list>
<pin id="286" dir="0" index="0" bw="3" slack="1"/>
<pin id="287" dir="1" index="1" bw="3" slack="1"/>
</pin_list>
<bind>
<opset="output_layer_addr "/>
</bind>
</comp>

<comp id="290" class="1005" name="output_layer_load_reg_290">
<pin_list>
<pin id="291" dir="0" index="0" bw="32" slack="1"/>
<pin id="292" dir="1" index="1" bw="32" slack="1"/>
</pin_list>
<bind>
<opset="output_layer_load "/>
</bind>
</comp>

<comp id="295" class="1005" name="dc_reg_295">
<pin_list>
<pin id="296" dir="0" index="0" bw="32" slack="1"/>
<pin id="297" dir="1" index="1" bw="32" slack="1"/>
</pin_list>
<bind>
<opset="dc "/>
</bind>
</comp>

</comp_list>

<net_list>
<net id="67"><net_src comp="4" pin="0"/><net_sink comp="64" pin=0"/></net>

<net id="73"><net_src comp="0" pin="0"/><net_sink comp="68" pin=0"/></net>

<net id="74"><net_src comp="24" pin="0"/><net_sink comp="68" pin=1"/></net>

<net id="80"><net_src comp="68" pin="3"/><net_sink comp="75" pin=0"/></net>

<net id="86"><net_src comp="2" pin="0"/><net_sink comp="81" pin=0"/></net>

<net id="87"><net_src comp="24" pin="0"/><net_sink comp="81" pin=1"/></net>

<net id="93"><net_src comp="81" pin="3"/><net_sink comp="88" pin=0"/></net>

<net id="98"><net_src comp="26" pin="0"/><net_sink comp="94" pin=1"/></net>

<net id="103"><net_src comp="6" pin="0"/><net_sink comp="99" pin=0"/></net>

<net id="111"><net_src comp="104" pin="1"/><net_sink comp="107" pin=0"/></net>

<net id="112"><net_src comp="16" pin="0"/><net_sink comp="107" pin=1"/></net>

<net id="117"><net_src comp="104" pin="1"/><net_sink comp="113" pin=0"/></net>

<net id="118"><net_src comp="22" pin="0"/><net_sink comp="113" pin=1"/></net>

<net id="122"><net_src comp="104" pin="1"/><net_sink comp="119" pin=0"/></net>

<net id="123"><net_src comp="119" pin="1"/><net_sink comp="68" pin=2"/></net>

<net id="128"><net_src comp="113" pin="2"/><net_sink comp="124" pin=0"/></net>

<net id="137"><net_src comp="32" pin="0"/><net_sink comp="132" pin=0"/></net>

<net id="138"><net_src comp="129" pin="1"/><net_sink comp="132" pin=1"/></net>

<net id="139"><net_src comp="34" pin="0"/><net_sink comp="132" pin=2"/></net>

<net id="146"><net_src comp="36" pin="0"/><net_sink comp="140" pin=0"/></net>

<net id="147"><net_src comp="129" pin="1"/><net_sink comp="140" pin=1"/></net>

<net id="148"><net_src comp="38" pin="0"/><net_sink comp="140" pin=2"/></net>

<net id="149"><net_src comp="40" pin="0"/><net_sink comp="140" pin=3"/></net>

<net id="153"><net_src comp="129" pin="1"/><net_sink comp="150" pin=0"/></net>

<net id="160"><net_src comp="42" pin="0"/><net_sink comp="154" pin=0"/></net>

<net id="161"><net_src comp="44" pin="0"/><net_sink comp="154" pin=1"/></net>

<net id="162"><net_src comp="150" pin="1"/><net_sink comp="154" pin=2"/></net>

<net id="163"><net_src comp="46" pin="0"/><net_sink comp="154" pin=3"/></net>

<net id="167"><net_src comp="154" pin="4"/><net_sink comp="164" pin=0"/></net>

<net id="171"><net_src comp="140" pin="4"/><net_sink comp="168" pin=0"/></net>

<net id="176"><net_src comp="168" pin="1"/><net_sink comp="172" pin=0"/></net>

<net id="177"><net_src comp="48" pin="0"/><net_sink comp="172" pin=1"/></net>

<net id="183"><net_src comp="50" pin="0"/><net_sink comp="178" pin=0"/></net>

<net id="184"><net_src comp="172" pin="2"/><net_sink comp="178" pin=1"/></net>

<net id="185"><net_src comp="52" pin="0"/><net_sink comp="178" pin=2"/></net>

<net id="190"><net_src comp="54" pin="0"/><net_sink comp="186" pin=0"/></net>

<net id="191"><net_src comp="140" pin="4"/><net_sink comp="186" pin=1"/></net>

<net id="195"><net_src comp="186" pin="2"/><net_sink comp="192" pin=0"/></net>

<net id="201"><net_src comp="178" pin="3"/><net_sink comp="196" pin=0"/></net>

<net id="202"><net_src comp="192" pin="1"/><net_sink comp="196" pin=1"/></net>

<net id="203"><net_src comp="172" pin="2"/><net_sink comp="196" pin=2"/></net>

<net id="207"><net_src comp="196" pin="3"/><net_sink comp="204" pin=0"/></net>

<net id="211"><net_src comp="204" pin="1"/><net_sink comp="208" pin=0"/></net>

<net id="216"><net_src comp="164" pin="1"/><net_sink comp="212" pin=0"/></net>

<net id="217"><net_src comp="208" pin="1"/><net_sink comp="212" pin=1"/></net>

<net id="222"><net_src comp="164" pin="1"/><net_sink comp="218" pin=0"/></net>

<net id="223"><net_src comp="208" pin="1"/><net_sink comp="218" pin=1"/></net>

<net id="229"><net_src comp="56" pin="0"/><net_sink comp="224" pin=0"/></net>

<net id="230"><net_src comp="212" pin="2"/><net_sink comp="224" pin=1"/></net>

<net id="231"><net_src comp="58" pin="0"/><net_sink comp="224" pin=2"/></net>

<net id="235"><net_src comp="224" pin="3"/><net_sink comp="232" pin=0"/></net>

<net id="242"><net_src comp="60" pin="0"/><net_sink comp="236" pin=0"/></net>

<net id="243"><net_src comp="218" pin="2"/><net_sink comp="236" pin=1"/></net>

<net id="244"><net_src comp="58" pin="0"/><net_sink comp="236" pin=2"/></net>

<net id="245"><net_src comp="62" pin="0"/><net_sink comp="236" pin=3"/></net>

<net id="251"><net_src comp="178" pin="3"/><net_sink comp="246" pin=0"/></net>

<net id="252"><net_src comp="232" pin="1"/><net_sink comp="246" pin=1"/></net>

<net id="253"><net_src comp="236" pin="4"/><net_sink comp="246" pin=2"/></net>

<net id="258"><net_src comp="12" pin="0"/><net_sink comp="254" pin=0"/></net>

<net id="259"><net_src comp="246" pin="3"/><net_sink comp="254" pin=1"/></net>

<net id="265"><net_src comp="132" pin="3"/><net_sink comp="260" pin=0"/></net>

<net id="266"><net_src comp="254" pin="2"/><net_sink comp="260" pin=1"/></net>

<net id="267"><net_src comp="246" pin="3"/><net_sink comp="260" pin=2"/></net>

<net id="268"><net_src comp="260" pin="3"/><net_sink comp="88" pin=1"/></net>

<net id="272"><net_src comp="64" pin="1"/><net_sink comp="269" pin=0"/></net>

<net id="273"><net_src comp="269" pin="1"/><net_sink comp="99" pin=1"/></net>

<net id="274"><net_src comp="269" pin="1"/><net_sink comp="104" pin=0"/></net>

<net id="275"><net_src comp="269" pin="1"/><net_sink comp="124" pin=1"/></net>

<net id="279"><net_src comp="107" pin="2"/><net_sink comp="276" pin=0"/></net>

<net id="283"><net_src comp="119" pin="1"/><net_sink comp="280" pin=0"/></net>

<net id="284"><net_src comp="280" pin="1"/><net_sink comp="81" pin=2"/></net>

<net id="288"><net_src comp="68" pin="3"/><net_sink comp="285" pin=0"/></net>

<net id="289"><net_src comp="285" pin="1"/><net_sink comp="75" pin=0"/></net>

<net id="293"><net_src comp="75" pin="3"/><net_sink comp="290" pin=0"/></net>

<net id="294"><net_src comp="290" pin="1"/><net_sink comp="94" pin=0"/></net>

<net id="298"><net_src comp="94" pin="2"/><net_sink comp="295" pin=0"/></net>

<net id="299"><net_src comp="295" pin="1"/><net_sink comp="129" pin=0"/></net>

</net_list>

</model> 
---------------- Datapath Model END ------------------

* FSMD analyzer results:
  - Output states:
	Port: output_layer_casted | {6 }
 - Input state : 
	Port: MLP_Pipeline_VITIS_LOOP_123_9 : output_layer | {1 2 }
  - Chain level:
	State 1
		store_ln0 : 1
		i_4 : 1
		icmp_ln123 : 2
		add_ln123 : 2
		br_ln123 : 3
		i_4_cast : 2
		output_layer_addr : 3
		output_layer_load : 4
		store_ln123 : 3
	State 2
	State 3
	State 4
	State 5
	State 6
		p_Result_s : 1
		xs_exp_V : 1
		p_Result_1 : 1
		mantissa : 2
		zext_ln15 : 3
		zext_ln346 : 2
		add_ln346 : 3
		isNeg : 4
		sub_ln1512 : 2
		sext_ln1512 : 3
		ush : 5
		sext_ln1488 : 6
		zext_ln1488 : 7
		r_V : 8
		r_V_1 : 8
		tmp : 9
		zext_ln818 : 10
		tmp_6 : 9
		val : 11
		result_V_2 : 12
		result_V : 13
		store_ln124 : 14


============================================================
+ Verbose Summary: Datapath Resource usage 
============================================================

* Functional unit list:
|----------|--------------------|---------|---------|---------|
| Operation|   Functional Unit  |   DSP   |    FF   |   LUT   |
|----------|--------------------|---------|---------|---------|
|   fmul   |      grp_fu_94     |    3    |   128   |   135   |
|----------|--------------------|---------|---------|---------|
|   lshr   |     r_V_fu_212     |    0    |    0    |    96   |
|----------|--------------------|---------|---------|---------|
|    shl   |    r_V_1_fu_218    |    0    |    0    |    96   |
|----------|--------------------|---------|---------|---------|
|          |     ush_fu_196     |    0    |    0    |    9    |
|  select  |     val_fu_246     |    0    |    0    |    32   |
|          |   result_V_fu_260  |    0    |    0    |    32   |
|----------|--------------------|---------|---------|---------|
|    sub   |  sub_ln1512_fu_186 |    0    |    0    |    15   |
|          |  result_V_2_fu_254 |    0    |    0    |    39   |
|----------|--------------------|---------|---------|---------|
|    add   |  add_ln123_fu_113  |    0    |    0    |    10   |
|          |  add_ln346_fu_172  |    0    |    0    |    15   |
|----------|--------------------|---------|---------|---------|
|   icmp   |  icmp_ln123_fu_107 |    0    |    0    |    8    |
|----------|--------------------|---------|---------|---------|
|          |   i_4_cast_fu_119  |    0    |    0    |    0    |
|          |  zext_ln15_fu_164  |    0    |    0    |    0    |
|   zext   |  zext_ln346_fu_168 |    0    |    0    |    0    |
|          | zext_ln1488_fu_208 |    0    |    0    |    0    |
|          |  zext_ln818_fu_232 |    0    |    0    |    0    |
|----------|--------------------|---------|---------|---------|
|          |  p_Result_s_fu_132 |    0    |    0    |    0    |
| bitselect|    isNeg_fu_178    |    0    |    0    |    0    |
|          |     tmp_fu_224     |    0    |    0    |    0    |
|----------|--------------------|---------|---------|---------|
|partselect|   xs_exp_V_fu_140  |    0    |    0    |    0    |
|          |    tmp_6_fu_236    |    0    |    0    |    0    |
|----------|--------------------|---------|---------|---------|
|   trunc  |  p_Result_1_fu_150 |    0    |    0    |    0    |
|----------|--------------------|---------|---------|---------|
|bitconcatenate|   mantissa_fu_154  |    0    |    0    |    0    |
|----------|--------------------|---------|---------|---------|
|   sext   | sext_ln1512_fu_192 |    0    |    0    |    0    |
|          | sext_ln1488_fu_204 |    0    |    0    |    0    |
|----------|--------------------|---------|---------|---------|
|   Total  |                    |    3    |   128   |   487   |
|----------|--------------------|---------|---------|---------|

Memories:
N/A

* Register list:
+-------------------------+--------+
|                         |   FF   |
+-------------------------+--------+
|        dc_reg_295       |   32   |
|     i_4_cast_reg_280    |   64   |
|        i_reg_269        |    3   |
|    icmp_ln123_reg_276   |    1   |
|output_layer_addr_reg_285|    3   |
|output_layer_load_reg_290|   32   |
+-------------------------+--------+
|          Total          |   135  |
+-------------------------+--------+

* Multiplexer (MUX) list: 
|------------------|------|------|------|--------||---------||---------|
|       Comp       |  Pin | Size |  BW  | S x BW ||  Delay  ||   LUT   |
|------------------|------|------|------|--------||---------||---------|
| grp_access_fu_75 |  p0  |   2  |   3  |    6   ||    9    |
|------------------|------|------|------|--------||---------||---------|
|       Total      |      |      |      |    6   ||  0.427  ||    9    |
|------------------|------|------|------|--------||---------||---------|



* Summary:
+-----------+--------+--------+--------+--------+
|           |   DSP  |  Delay |   FF   |   LUT  |
+-----------+--------+--------+--------+--------+
|  Function |    3   |    -   |   128  |   487  |
|   Memory  |    -   |    -   |    -   |    -   |
|Multiplexer|    -   |    0   |    -   |    9   |
|  Register |    -   |    -   |   135  |    -   |
+-----------+--------+--------+--------+--------+
|   Total   |    3   |    0   |   263  |   496  |
+-----------+--------+--------+--------+--------+
