

================================================================
== Vitis HLS Report for 'MLP_Pipeline_VITIS_LOOP_128_10'
================================================================
* Date:           Wed Feb 14 00:25:24 2024

* Version:        2022.1 (Build 3526262 on Mon Apr 18 15:48:16 MDT 2022)
* Project:        testHLS2
* Solution:       solution1 (Vivado IP Flow Target)
* Product family: zynquplus
* Target device:  xczu3eg-sbva484-2-i


================================================================
== Performance Estimates
================================================================
+ Timing: 
    * Summary: 
    +--------+----------+----------+------------+
    |  Clock |  Target  | Estimated| Uncertainty|
    +--------+----------+----------+------------+
    |ap_clk  |  10.00 ns|  1.100 ns|     2.70 ns|
    +--------+----------+----------+------------+

+ Latency: 
    * Summary: 
    +---------+---------+-----------+-----------+-----+-----+---------+
    |  Latency (cycles) |   Latency (absolute)  |  Interval | Pipeline|
    |   min   |   max   |    min    |    max    | min | max |   Type  |
    +---------+---------+-----------+-----------+-----+-----+---------+
    |        7|        7|  70.000 ns|  70.000 ns|    7|    7|       no|
    +---------+---------+-----------+-----------+-----+-----+---------+

    + Detail: 
        * Instance: 
        N/A

        * Loop: 
        +---------------------+---------+---------+----------+-----------+-----------+------+----------+
        |                     |  Latency (cycles) | Iteration|  Initiation Interval  | Trip |          |
        |      Loop Name      |   min   |   max   |  Latency |  achieved |   target  | Count| Pipelined|
        +---------------------+---------+---------+----------+-----------+-----------+------+----------+
        |- VITIS_LOOP_128_10  |        5|        5|         2|          1|          1|     5|       yes|
        +---------------------+---------+---------+----------+-----------+-----------+------+----------+

============================================================
+ Verbose Summary: Synthesis Manager
============================================================
InlineROM: 1
ExposeGlobal: 0
============================================================
+ Verbose Summary: CDFG Model
============================================================
IsTopModel: 0
ResetActiveHigh: 1
IsCombinational: 0
IsDatapathOnly: 0
HasWiredReturn: 1
HasMFsm: 2
HasVarLatency: 1
IsPipeline: 0
IsRtlPipelined: 0
IsInstanceOverlapped: 0
IsDontTouch: 0
HasImplIP: 0
IsGatedGlobalClock: 0

+ Individual pipeline summary: 
  * Pipeline-0: initiation interval (II) = 1, depth = 2


============================================================
+ Verbose Summary: Schedule
============================================================
* Number of FSM states : 2
* Pipeline : 1
  Pipeline-0 : II = 1, D = 2, States = { 1 2 }
* Dataflow Pipeline: 0

* FSM state transitions: 
1 --> 2 
2 --> 

* FSM state operations: 

State 1 <SV = 0> <Delay = 1.09>
ST_1 : Operation 5 [1/1] (0.00ns)   --->   "%i = alloca i32 1"   --->   Operation 5 'alloca' 'i' <Predicate = true> <Delay = 0.00>
ST_1 : Operation 6 [1/1] (0.00ns)   --->   "%specinterface_ln0 = specinterface void @_ssdm_op_SpecInterface, i6 %out_data_V_dest_V, i5 %out_data_V_id_V, i1 %out_data_V_last_V, i2 %out_data_V_user_V, i4 %out_data_V_strb_V, i4 %out_data_V_keep_V, i32 %out_data_V_data_V, void @empty_5, i32 0, i32 0, void @empty, i32 0, i32 0, void @empty_0, void @empty_0, void @empty_0, i32 0, i32 0, i32 0, i32 0, void @empty_0, void @empty_0, i32 4294967295, i32 0"   --->   Operation 6 'specinterface' 'specinterface_ln0' <Predicate = true> <Delay = 0.00>
ST_1 : Operation 7 [1/1] (0.00ns)   --->   "%tmp_dest_V_reload_read = read i6 @_ssdm_op_Read.ap_auto.i6, i6 %tmp_dest_V_reload"   --->   Operation 7 'read' 'tmp_dest_V_reload_read' <Predicate = true> <Delay = 0.00>
ST_1 : Operation 8 [1/1] (0.00ns)   --->   "%tmp_id_V_reload_read = read i5 @_ssdm_op_Read.ap_auto.i5, i5 %tmp_id_V_reload"   --->   Operation 8 'read' 'tmp_id_V_reload_read' <Predicate = true> <Delay = 0.00>
ST_1 : Operation 9 [1/1] (0.00ns)   --->   "%tmp_user_V_reload_read = read i2 @_ssdm_op_Read.ap_auto.i2, i2 %tmp_user_V_reload"   --->   Operation 9 'read' 'tmp_user_V_reload_read' <Predicate = true> <Delay = 0.00>
ST_1 : Operation 10 [1/1] (0.00ns)   --->   "%tmp_strb_V_reload_read = read i4 @_ssdm_op_Read.ap_auto.i4, i4 %tmp_strb_V_reload"   --->   Operation 10 'read' 'tmp_strb_V_reload_read' <Predicate = true> <Delay = 0.00>
ST_1 : Operation 11 [1/1] (0.00ns)   --->   "%tmp_keep_V_reload_read = read i4 @_ssdm_op_Read.ap_auto.i4, i4 %tmp_keep_V_reload"   --->   Operation 11 'read' 'tmp_keep_V_reload_read' <Predicate = true> <Delay = 0.00>
ST_1 : Operation 12 [1/1] (0.42ns)   --->   "%store_ln0 = store i3 0, i3 %i"   --->   Operation 12 'store' 'store_ln0' <Predicate = true> <Delay = 0.42>
ST_1 : Operation 13 [1/1] (0.00ns)   --->   "%br_ln0 = br void %for.body137"   --->   Operation 13 'br' 'br_ln0' <Predicate = true> <Delay = 0.00>
ST_1 : Operation 14 [1/1] (0.00ns)   --->   "%i_3 = load i3 %i" [../../../../HWSWAI/HLS/SampleDatasetMLP.cpp:128]   --->   Operation 14 'load' 'i_3' <Predicate = true> <Delay = 0.00>
ST_1 : Operation 15 [1/1] (0.00ns)   --->   "%specpipeline_ln0 = specpipeline void @_ssdm_op_SpecPipeline, i32 4294967295, i32 0, i32 1, i32 0, void @p_str"   --->   Operation 15 'specpipeline' 'specpipeline_ln0' <Predicate = true> <Delay = 0.00>
ST_1 : Operation 16 [1/1] (0.58ns)   --->   "%icmp_ln128 = icmp_eq  i3 %i_3, i3 5" [../../../../HWSWAI/HLS/SampleDatasetMLP.cpp:128]   --->   Operation 16 'icmp' 'icmp_ln128' <Predicate = true> <Delay = 0.58> <CoreInst = "Cmp">   --->   Core 9 'Cmp' <Latency = 0> <II = 1> <Delay = 0.58> <FuncUnit> <Opcode : 'icmp'> <InPorts = 2> <OutPorts = 1>
ST_1 : Operation 17 [1/1] (0.00ns)   --->   "%empty = speclooptripcount i32 @_ssdm_op_SpecLoopTripCount, i64 5, i64 5, i64 5"   --->   Operation 17 'speclooptripcount' 'empty' <Predicate = true> <Delay = 0.00>
ST_1 : Operation 18 [1/1] (0.67ns)   --->   "%add_ln128 = add i3 %i_3, i3 1" [../../../../HWSWAI/HLS/SampleDatasetMLP.cpp:128]   --->   Operation 18 'add' 'add_ln128' <Predicate = true> <Delay = 0.67> <CoreInst = "Adder">   --->   Core 1 'Adder' <Latency = 0> <II = 1> <Delay = 0.67> <FuncUnit> <Opcode : 'add' 'sub'> <InPorts = 2> <OutPorts = 1>
ST_1 : Operation 19 [1/1] (0.00ns)   --->   "%br_ln128 = br i1 %icmp_ln128, void %for.body137.split, void %for.end150.exitStub" [../../../../HWSWAI/HLS/SampleDatasetMLP.cpp:128]   --->   Operation 19 'br' 'br_ln128' <Predicate = true> <Delay = 0.00>
ST_1 : Operation 20 [1/1] (0.00ns)   --->   "%i_5_cast = zext i3 %i_3" [../../../../HWSWAI/HLS/SampleDatasetMLP.cpp:128]   --->   Operation 20 'zext' 'i_5_cast' <Predicate = (!icmp_ln128)> <Delay = 0.00>
ST_1 : Operation 21 [1/1] (0.00ns)   --->   "%output_layer_casted_addr = getelementptr i32 %output_layer_casted, i64 0, i64 %i_5_cast" [../../../../HWSWAI/HLS/SampleDatasetMLP.cpp:129]   --->   Operation 21 'getelementptr' 'output_layer_casted_addr' <Predicate = (!icmp_ln128)> <Delay = 0.00>
ST_1 : Operation 22 [2/2] (0.67ns)   --->   "%tmp_data_V = load i3 %output_layer_casted_addr" [../../../../HWSWAI/HLS/SampleDatasetMLP.cpp:129]   --->   Operation 22 'load' 'tmp_data_V' <Predicate = (!icmp_ln128)> <Delay = 0.67> <CoreInst = "RAM">   --->   Core 83 'RAM' <Latency = 1> <II = 1> <Delay = 0.67> <Storage> <Opcode : 'load' 'store'> <Ports = 2> <Width = 32> <Depth = 5> <RAM>
ST_1 : Operation 23 [1/1] (0.58ns)   --->   "%tmp_last_V = icmp_eq  i3 %i_3, i3 4" [../../../../HWSWAI/HLS/SampleDatasetMLP.cpp:130]   --->   Operation 23 'icmp' 'tmp_last_V' <Predicate = (!icmp_ln128)> <Delay = 0.58> <CoreInst = "Cmp">   --->   Core 9 'Cmp' <Latency = 0> <II = 1> <Delay = 0.58> <FuncUnit> <Opcode : 'icmp'> <InPorts = 2> <OutPorts = 1>
ST_1 : Operation 24 [1/1] (0.42ns)   --->   "%store_ln128 = store i3 %add_ln128, i3 %i" [../../../../HWSWAI/HLS/SampleDatasetMLP.cpp:128]   --->   Operation 24 'store' 'store_ln128' <Predicate = (!icmp_ln128)> <Delay = 0.42>
ST_1 : Operation 29 [1/1] (0.00ns)   --->   "%ret_ln0 = ret"   --->   Operation 29 'ret' 'ret_ln0' <Predicate = (icmp_ln128)> <Delay = 0.00>

State 2 <SV = 1> <Delay = 0.67>
ST_2 : Operation 25 [1/1] (0.00ns)   --->   "%specloopname_ln128 = specloopname void @_ssdm_op_SpecLoopName, void @empty_4" [../../../../HWSWAI/HLS/SampleDatasetMLP.cpp:128]   --->   Operation 25 'specloopname' 'specloopname_ln128' <Predicate = true> <Delay = 0.00>
ST_2 : Operation 26 [1/2] (0.67ns)   --->   "%tmp_data_V = load i3 %output_layer_casted_addr" [../../../../HWSWAI/HLS/SampleDatasetMLP.cpp:129]   --->   Operation 26 'load' 'tmp_data_V' <Predicate = true> <Delay = 0.67> <CoreInst = "RAM">   --->   Core 83 'RAM' <Latency = 1> <II = 1> <Delay = 0.67> <Storage> <Opcode : 'load' 'store'> <Ports = 2> <Width = 32> <Depth = 5> <RAM>
ST_2 : Operation 27 [1/1] (0.00ns)   --->   "%write_ln304 = write void @_ssdm_op_Write.axis.volatile.i32P0A.i4P0A.i4P0A.i2P0A.i1P0A.i5P0A.i6P0A, i32 %out_data_V_data_V, i4 %out_data_V_keep_V, i4 %out_data_V_strb_V, i2 %out_data_V_user_V, i1 %out_data_V_last_V, i5 %out_data_V_id_V, i6 %out_data_V_dest_V, i32 %tmp_data_V, i4 %tmp_keep_V_reload_read, i4 %tmp_strb_V_reload_read, i2 %tmp_user_V_reload_read, i1 %tmp_last_V, i5 %tmp_id_V_reload_read, i6 %tmp_dest_V_reload_read"   --->   Operation 27 'write' 'write_ln304' <Predicate = true> <Delay = 0.00> <CoreInst = "axis">   --->   Core 123 'axis' <Latency = 0> <II = 1> <Delay = 1.00> <Adapter> <Opcode : >
ST_2 : Operation 28 [1/1] (0.00ns)   --->   "%br_ln128 = br void %for.body137" [../../../../HWSWAI/HLS/SampleDatasetMLP.cpp:128]   --->   Operation 28 'br' 'br_ln128' <Predicate = true> <Delay = 0.00>


============================================================
+ Verbose Summary: Binding
============================================================
STG Binding: 
---------------- STG Properties BEGIN ----------------
- Is combinational: 0
- Is one-state seq: 0
- Is datapath-only: 0
- Is pipelined: 0
- Is top level: 0
Port [ Return ] is wired: 1; IO mode=ap_ctrl_hs:ce=0
Port [ output_layer_casted]:  wired=1; compound=1; hidden=0; nouse=0; global=0; static=0; extern=0; dir=0; type=1; pingpong=0; private_global=0; MemPort=[13]; IO mode=ap_memory:ce=0
Port [ tmp_keep_V_reload]:  wired=1; compound=0; hidden=0; nouse=0; global=0; static=0; extern=0; dir=0; type=0; pingpong=0; private_global=0; IO mode=ap_none:ce=0
Port [ tmp_strb_V_reload]:  wired=1; compound=0; hidden=0; nouse=0; global=0; static=0; extern=0; dir=0; type=0; pingpong=0; private_global=0; IO mode=ap_none:ce=0
Port [ tmp_user_V_reload]:  wired=1; compound=0; hidden=0; nouse=0; global=0; static=0; extern=0; dir=0; type=0; pingpong=0; private_global=0; IO mode=ap_none:ce=0
Port [ tmp_id_V_reload]:  wired=1; compound=0; hidden=0; nouse=0; global=0; static=0; extern=0; dir=0; type=0; pingpong=0; private_global=0; IO mode=ap_none:ce=0
Port [ tmp_dest_V_reload]:  wired=1; compound=0; hidden=0; nouse=0; global=0; static=0; extern=0; dir=0; type=0; pingpong=0; private_global=0; IO mode=ap_none:ce=0
Port [ out_data_V_data_V]:  wired=1; compound=1; hidden=0; nouse=0; global=0; static=0; extern=0; dir=1; type=0; pingpong=0; private_global=0; IO mode=axis:ce=0
Port [ out_data_V_keep_V]:  wired=1; compound=1; hidden=0; nouse=0; global=0; static=0; extern=0; dir=1; type=0; pingpong=0; private_global=0; IO mode=axis:ce=0
Port [ out_data_V_strb_V]:  wired=1; compound=1; hidden=0; nouse=0; global=0; static=0; extern=0; dir=1; type=0; pingpong=0; private_global=0; IO mode=axis:ce=0
Port [ out_data_V_user_V]:  wired=1; compound=1; hidden=0; nouse=0; global=0; static=0; extern=0; dir=1; type=0; pingpong=0; private_global=0; IO mode=axis:ce=0
Port [ out_data_V_last_V]:  wired=1; compound=1; hidden=0; nouse=0; global=0; static=0; extern=0; dir=1; type=0; pingpong=0; private_global=0; IO mode=axis:ce=0
Port [ out_data_V_id_V]:  wired=1; compound=1; hidden=0; nouse=0; global=0; static=0; extern=0; dir=1; type=0; pingpong=0; private_global=0; IO mode=axis:ce=0
Port [ out_data_V_dest_V]:  wired=1; compound=1; hidden=0; nouse=0; global=0; static=0; extern=0; dir=1; type=0; pingpong=0; private_global=0; IO mode=axis:ce=0
---------------- STG Properties END ------------------

---------------- Datapath Model BEGIN ----------------

<LifeTime>
<method=bitvector/>
i                        (alloca           ) [ 010]
specinterface_ln0        (specinterface    ) [ 000]
tmp_dest_V_reload_read   (read             ) [ 011]
tmp_id_V_reload_read     (read             ) [ 011]
tmp_user_V_reload_read   (read             ) [ 011]
tmp_strb_V_reload_read   (read             ) [ 011]
tmp_keep_V_reload_read   (read             ) [ 011]
store_ln0                (store            ) [ 000]
br_ln0                   (br               ) [ 000]
i_3                      (load             ) [ 000]
specpipeline_ln0         (specpipeline     ) [ 000]
icmp_ln128               (icmp             ) [ 010]
empty                    (speclooptripcount) [ 000]
add_ln128                (add              ) [ 000]
br_ln128                 (br               ) [ 000]
i_5_cast                 (zext             ) [ 000]
output_layer_casted_addr (getelementptr    ) [ 011]
tmp_last_V               (icmp             ) [ 011]
store_ln128              (store            ) [ 000]
specloopname_ln128       (specloopname     ) [ 000]
tmp_data_V               (load             ) [ 000]
write_ln304              (write            ) [ 000]
br_ln128                 (br               ) [ 000]
ret_ln0                  (ret              ) [ 000]
</LifeTime>

<model>

<comp_list>
<comp id="0" class="1000" name="output_layer_casted">
<pin_list>
<pin id="1" dir="1" index="0" bw="1" slack="0"/>
</pin_list>
<bind>
<StgValue><ssdm name="output_layer_casted"/><MemPortTyVec>1 3 </MemPortTyVec>
</StgValue>
</bind>
</comp>

<comp id="2" class="1000" name="tmp_keep_V_reload">
<pin_list>
<pin id="3" dir="1" index="0" bw="1" slack="0"/>
</pin_list>
<bind>
<StgValue><ssdm name="tmp_keep_V_reload"/></StgValue>
</bind>
</comp>

<comp id="4" class="1000" name="tmp_strb_V_reload">
<pin_list>
<pin id="5" dir="1" index="0" bw="1" slack="0"/>
</pin_list>
<bind>
<StgValue><ssdm name="tmp_strb_V_reload"/></StgValue>
</bind>
</comp>

<comp id="6" class="1000" name="tmp_user_V_reload">
<pin_list>
<pin id="7" dir="1" index="0" bw="1" slack="0"/>
</pin_list>
<bind>
<StgValue><ssdm name="tmp_user_V_reload"/></StgValue>
</bind>
</comp>

<comp id="8" class="1000" name="tmp_id_V_reload">
<pin_list>
<pin id="9" dir="1" index="0" bw="1" slack="0"/>
</pin_list>
<bind>
<StgValue><ssdm name="tmp_id_V_reload"/></StgValue>
</bind>
</comp>

<comp id="10" class="1000" name="tmp_dest_V_reload">
<pin_list>
<pin id="11" dir="1" index="0" bw="1" slack="0"/>
</pin_list>
<bind>
<StgValue><ssdm name="tmp_dest_V_reload"/></StgValue>
</bind>
</comp>

<comp id="12" class="1000" name="out_data_V_data_V">
<pin_list>
<pin id="13" dir="1" index="0" bw="1" slack="0"/>
</pin_list>
<bind>
<StgValue><ssdm name="out_data_V_data_V"/></StgValue>
</bind>
</comp>

<comp id="14" class="1000" name="out_data_V_keep_V">
<pin_list>
<pin id="15" dir="1" index="0" bw="1" slack="0"/>
</pin_list>
<bind>
<StgValue><ssdm name="out_data_V_keep_V"/></StgValue>
</bind>
</comp>

<comp id="16" class="1000" name="out_data_V_strb_V">
<pin_list>
<pin id="17" dir="1" index="0" bw="1" slack="0"/>
</pin_list>
<bind>
<StgValue><ssdm name="out_data_V_strb_V"/></StgValue>
</bind>
</comp>

<comp id="18" class="1000" name="out_data_V_user_V">
<pin_list>
<pin id="19" dir="1" index="0" bw="1" slack="0"/>
</pin_list>
<bind>
<StgValue><ssdm name="out_data_V_user_V"/></StgValue>
</bind>
</comp>

<comp id="20" class="1000" name="out_data_V_last_V">
<pin_list>
<pin id="21" dir="1" index="0" bw="1" slack="0"/>
</pin_list>
<bind>
<StgValue><ssdm name="out_data_V_last_V"/></StgValue>
</bind>
</comp>

<comp id="22" class="1000" name="out_data_V_id_V">
<pin_list>
<pin id="23" dir="1" index="0" bw="1" slack="0"/>
</pin_list>
<bind>
<StgValue><ssdm name="out_data_V_id_V"/></StgValue>
</bind>
</comp>

<comp id="24" class="1000" name="out_data_V_dest_V">
<pin_list>
<pin id="25" dir="1" index="0" bw="1" slack="0"/>
</pin_list>
<bind>
<StgValue><ssdm name="out_data_V_dest_V"/></StgValue>
</bind>
</comp>

<comp id="26" class="1001" name="const_26">
<pin_list>
<pin id="27" dir="1" index="0" bw="1" slack="0"/>
</pin_list>
<bind>
<StgValue><ssdm name=""/></StgValue>
</bind>
</comp>

<comp id="28" class="1001" name="const_28">
<pin_list>
<pin id="29" dir="1" index="0" bw="1" slack="2147483647"/>
</pin_list>
<bind>
<StgValue><ssdm name="_ssdm_op_SpecInterface"/></StgValue>
</bind>
</comp>

<comp id="30" class="1001" name="const_30">
<pin_list>
<pin id="31" dir="1" index="0" bw="1" slack="2147483647"/>
</pin_list>
<bind>
<StgValue><ssdm name="empty_5"/></StgValue>
</bind>
</comp>

<comp id="32" class="1001" name="const_32">
<pin_list>
<pin id="33" dir="1" index="0" bw="1" slack="2147483647"/>
</pin_list>
<bind>
<StgValue><ssdm name=""/></StgValue>
</bind>
</comp>

<comp id="34" class="1001" name="const_34">
<pin_list>
<pin id="35" dir="1" index="0" bw="1" slack="2147483647"/>
</pin_list>
<bind>
<StgValue><ssdm name="empty"/></StgValue>
</bind>
</comp>

<comp id="36" class="1001" name="const_36">
<pin_list>
<pin id="37" dir="1" index="0" bw="1" slack="2147483647"/>
</pin_list>
<bind>
<StgValue><ssdm name="empty_0"/></StgValue>
</bind>
</comp>

<comp id="38" class="1001" name="const_38">
<pin_list>
<pin id="39" dir="1" index="0" bw="1" slack="2147483647"/>
</pin_list>
<bind>
<StgValue><ssdm name=""/></StgValue>
</bind>
</comp>

<comp id="40" class="1001" name="const_40">
<pin_list>
<pin id="41" dir="1" index="0" bw="1" slack="0"/>
</pin_list>
<bind>
<StgValue><ssdm name="_ssdm_op_Read.ap_auto.i6"/></StgValue>
</bind>
</comp>

<comp id="42" class="1001" name="const_42">
<pin_list>
<pin id="43" dir="1" index="0" bw="1" slack="0"/>
</pin_list>
<bind>
<StgValue><ssdm name="_ssdm_op_Read.ap_auto.i5"/></StgValue>
</bind>
</comp>

<comp id="44" class="1001" name="const_44">
<pin_list>
<pin id="45" dir="1" index="0" bw="1" slack="0"/>
</pin_list>
<bind>
<StgValue><ssdm name="_ssdm_op_Read.ap_auto.i2"/></StgValue>
</bind>
</comp>

<comp id="46" class="1001" name="const_46">
<pin_list>
<pin id="47" dir="1" index="0" bw="1" slack="0"/>
</pin_list>
<bind>
<StgValue><ssdm name="_ssdm_op_Read.ap_auto.i4"/></StgValue>
</bind>
</comp>

<comp id="48" class="1001" name="const_48">
<pin_list>
<pin id="49" dir="1" index="0" bw="1" slack="0"/>
</pin_list>
<bind>
<StgValue><ssdm name=""/></StgValue>
</bind>
</comp>

<comp id="50" class="1001" name="const_50">
<pin_list>
<pin id="51" dir="1" index="0" bw="1" slack="2147483647"/>
</pin_list>
<bind>
<StgValue><ssdm name="_ssdm_op_SpecPipeline"/></StgValue>
</bind>
</comp>

<comp id="52" class="1001" name="const_52">
<pin_list>
<pin id="53" dir="1" index="0" bw="1" slack="2147483647"/>
</pin_list>
<bind>
<StgValue><ssdm name="p_str"/></StgValue>
</bind>
</comp>

<comp id="54" class="1001" name="const_54">
<pin_list>
<pin id="55" dir="1" index="0" bw="1" slack="0"/>
</pin_list>
<bind>
<StgValue><ssdm name=""/></StgValue>
</bind>
</comp>

<comp id="56" class="1001" name="const_56">
<pin_list>
<pin id="57" dir="1" index="0" bw="1" slack="2147483647"/>
</pin_list>
<bind>
<StgValue><ssdm name="_ssdm_op_SpecLoopTripCount"/></StgValue>
</bind>
</comp>

<comp id="58" class="1001" name="const_58">
<pin_list>
<pin id="59" dir="1" index="0" bw="1" slack="2147483647"/>
</pin_list>
<bind>
<StgValue><ssdm name=""/></StgValue>
</bind>
</comp>

<comp id="60" class="1001" name="const_60">
<pin_list>
<pin id="61" dir="1" index="0" bw="1" slack="0"/>
</pin_list>
<bind>
<StgValue><ssdm name=""/></StgValue>
</bind>
</comp>

<comp id="62" class="1001" name="const_62">
<pin_list>
<pin id="63" dir="1" index="0" bw="1" slack="0"/>
</pin_list>
<bind>
<StgValue><ssdm name=""/></StgValue>
</bind>
</comp>

<comp id="64" class="1001" name="const_64">
<pin_list>
<pin id="65" dir="1" index="0" bw="1" slack="0"/>
</pin_list>
<bind>
<StgValue><ssdm name=""/></StgValue>
</bind>
</comp>

<comp id="66" class="1001" name="const_66">
<pin_list>
<pin id="67" dir="1" index="0" bw="1" slack="2147483647"/>
</pin_list>
<bind>
<StgValue><ssdm name="_ssdm_op_SpecLoopName"/></StgValue>
</bind>
</comp>

<comp id="68" class="1001" name="const_68">
<pin_list>
<pin id="69" dir="1" index="0" bw="1" slack="2147483647"/>
</pin_list>
<bind>
<StgValue><ssdm name="empty_4"/></StgValue>
</bind>
</comp>

<comp id="70" class="1001" name="const_70">
<pin_list>
<pin id="71" dir="1" index="0" bw="1" slack="0"/>
</pin_list>
<bind>
<StgValue><ssdm name="_ssdm_op_Write.axis.volatile.i32P0A.i4P0A.i4P0A.i2P0A.i1P0A.i5P0A.i6P0A"/></StgValue>
</bind>
</comp>

<comp id="72" class="1004" name="i_fu_72">
<pin_list>
<pin id="73" dir="0" index="0" bw="1" slack="0"/>
<pin id="74" dir="1" index="1" bw="3" slack="0"/>
</pin_list>
<bind>
<opcode="alloca(26) " fcode="alloca"/>
<opset="i/1 "/>
</bind>
</comp>

<comp id="76" class="1004" name="tmp_dest_V_reload_read_read_fu_76">
<pin_list>
<pin id="77" dir="0" index="0" bw="6" slack="0"/>
<pin id="78" dir="0" index="1" bw="6" slack="0"/>
<pin id="79" dir="1" index="2" bw="6" slack="1"/>
</pin_list>
<bind>
<opcode="read(1150) " fcode="read"/>
<opset="tmp_dest_V_reload_read/1 "/>
</bind>
</comp>

<comp id="82" class="1004" name="tmp_id_V_reload_read_read_fu_82">
<pin_list>
<pin id="83" dir="0" index="0" bw="5" slack="0"/>
<pin id="84" dir="0" index="1" bw="5" slack="0"/>
<pin id="85" dir="1" index="2" bw="5" slack="1"/>
</pin_list>
<bind>
<opcode="read(1150) " fcode="read"/>
<opset="tmp_id_V_reload_read/1 "/>
</bind>
</comp>

<comp id="88" class="1004" name="tmp_user_V_reload_read_read_fu_88">
<pin_list>
<pin id="89" dir="0" index="0" bw="2" slack="0"/>
<pin id="90" dir="0" index="1" bw="2" slack="0"/>
<pin id="91" dir="1" index="2" bw="2" slack="1"/>
</pin_list>
<bind>
<opcode="read(1150) " fcode="read"/>
<opset="tmp_user_V_reload_read/1 "/>
</bind>
</comp>

<comp id="94" class="1004" name="tmp_strb_V_reload_read_read_fu_94">
<pin_list>
<pin id="95" dir="0" index="0" bw="4" slack="0"/>
<pin id="96" dir="0" index="1" bw="4" slack="0"/>
<pin id="97" dir="1" index="2" bw="4" slack="1"/>
</pin_list>
<bind>
<opcode="read(1150) " fcode="read"/>
<opset="tmp_strb_V_reload_read/1 "/>
</bind>
</comp>

<comp id="100" class="1004" name="tmp_keep_V_reload_read_read_fu_100">
<pin_list>
<pin id="101" dir="0" index="0" bw="4" slack="0"/>
<pin id="102" dir="0" index="1" bw="4" slack="0"/>
<pin id="103" dir="1" index="2" bw="4" slack="1"/>
</pin_list>
<bind>
<opcode="read(1150) " fcode="read"/>
<opset="tmp_keep_V_reload_read/1 "/>
</bind>
</comp>

<comp id="106" class="1004" name="write_ln304_write_fu_106">
<pin_list>
<pin id="107" dir="0" index="0" bw="0" slack="0"/>
<pin id="108" dir="0" index="1" bw="32" slack="0"/>
<pin id="109" dir="0" index="2" bw="4" slack="0"/>
<pin id="110" dir="0" index="3" bw="4" slack="0"/>
<pin id="111" dir="0" index="4" bw="2" slack="0"/>
<pin id="112" dir="0" index="5" bw="1" slack="0"/>
<pin id="113" dir="0" index="6" bw="5" slack="0"/>
<pin id="114" dir="0" index="7" bw="6" slack="0"/>
<pin id="115" dir="0" index="8" bw="32" slack="0"/>
<pin id="116" dir="0" index="9" bw="4" slack="1"/>
<pin id="117" dir="0" index="10" bw="4" slack="1"/>
<pin id="118" dir="0" index="11" bw="2" slack="1"/>
<pin id="119" dir="0" index="12" bw="1" slack="1"/>
<pin id="120" dir="0" index="13" bw="5" slack="1"/>
<pin id="121" dir="0" index="14" bw="6" slack="1"/>
<pin id="122" dir="1" index="15" bw="0" slack="2147483647"/>
</pin_list>
<bind>
<opcode="write(1151) " fcode="write"/>
<opset="write_ln304/2 "/>
</bind>
</comp>

<comp id="131" class="1004" name="output_layer_casted_addr_gep_fu_131">
<pin_list>
<pin id="132" dir="0" index="0" bw="32" slack="0"/>
<pin id="133" dir="0" index="1" bw="1" slack="0"/>
<pin id="134" dir="0" index="2" bw="3" slack="0"/>
<pin id="135" dir="1" index="3" bw="3" slack="0"/>
</pin_list>
<bind>
<opcode="getelementptr(29) " fcode="getelementptr"/>
<opset="output_layer_casted_addr/1 "/>
</bind>
</comp>

<comp id="138" class="1004" name="grp_access_fu_138">
<pin_list>
<pin id="139" dir="0" index="0" bw="3" slack="0"/>
<pin id="140" dir="0" index="1" bw="32" slack="2147483647"/>
<pin id="141" dir="0" index="2" bw="0" slack="2147483647"/>
<pin id="142" dir="1" index="3" bw="32" slack="0"/>
</pin_list>
<bind>
<opcode="load(27) " fcode="load"/>
<opset="tmp_data_V/1 "/>
</bind>
</comp>

<comp id="145" class="1004" name="store_ln0_store_fu_145">
<pin_list>
<pin id="146" dir="0" index="0" bw="1" slack="0"/>
<pin id="147" dir="0" index="1" bw="3" slack="0"/>
<pin id="148" dir="1" index="2" bw="0" slack="2147483647"/>
</pin_list>
<bind>
<opcode="store(28) " fcode="store"/>
<opset="store_ln0/1 "/>
</bind>
</comp>

<comp id="150" class="1004" name="i_3_load_fu_150">
<pin_list>
<pin id="151" dir="0" index="0" bw="3" slack="0"/>
<pin id="152" dir="1" index="1" bw="3" slack="0"/>
</pin_list>
<bind>
<opcode="load(27) " fcode="load"/>
<opset="i_3/1 "/>
</bind>
</comp>

<comp id="153" class="1004" name="icmp_ln128_fu_153">
<pin_list>
<pin id="154" dir="0" index="0" bw="3" slack="0"/>
<pin id="155" dir="0" index="1" bw="3" slack="0"/>
<pin id="156" dir="1" index="2" bw="1" slack="2147483647"/>
</pin_list>
<bind>
<opcode="icmp(45) " fcode="icmp"/>
<opset="icmp_ln128/1 "/>
</bind>
</comp>

<comp id="159" class="1004" name="add_ln128_fu_159">
<pin_list>
<pin id="160" dir="0" index="0" bw="3" slack="0"/>
<pin id="161" dir="0" index="1" bw="1" slack="0"/>
<pin id="162" dir="1" index="2" bw="3" slack="0"/>
</pin_list>
<bind>
<opcode="add(8) " fcode="add"/>
<opset="add_ln128/1 "/>
</bind>
</comp>

<comp id="165" class="1004" name="i_5_cast_fu_165">
<pin_list>
<pin id="166" dir="0" index="0" bw="3" slack="0"/>
<pin id="167" dir="1" index="1" bw="64" slack="0"/>
</pin_list>
<bind>
<opcode="zext(34) " fcode="zext"/>
<opset="i_5_cast/1 "/>
</bind>
</comp>

<comp id="170" class="1004" name="tmp_last_V_fu_170">
<pin_list>
<pin id="171" dir="0" index="0" bw="3" slack="0"/>
<pin id="172" dir="0" index="1" bw="3" slack="0"/>
<pin id="173" dir="1" index="2" bw="1" slack="1"/>
</pin_list>
<bind>
<opcode="icmp(45) " fcode="icmp"/>
<opset="tmp_last_V/1 "/>
</bind>
</comp>

<comp id="176" class="1004" name="store_ln128_store_fu_176">
<pin_list>
<pin id="177" dir="0" index="0" bw="3" slack="0"/>
<pin id="178" dir="0" index="1" bw="3" slack="0"/>
<pin id="179" dir="1" index="2" bw="0" slack="2147483647"/>
</pin_list>
<bind>
<opcode="store(28) " fcode="store"/>
<opset="store_ln128/1 "/>
</bind>
</comp>

<comp id="181" class="1005" name="i_reg_181">
<pin_list>
<pin id="182" dir="0" index="0" bw="3" slack="0"/>
<pin id="183" dir="1" index="1" bw="3" slack="0"/>
</pin_list>
<bind>
<opset="i "/>
</bind>
</comp>

<comp id="188" class="1005" name="tmp_dest_V_reload_read_reg_188">
<pin_list>
<pin id="189" dir="0" index="0" bw="6" slack="1"/>
<pin id="190" dir="1" index="1" bw="6" slack="1"/>
</pin_list>
<bind>
<opset="tmp_dest_V_reload_read "/>
</bind>
</comp>

<comp id="193" class="1005" name="tmp_id_V_reload_read_reg_193">
<pin_list>
<pin id="194" dir="0" index="0" bw="5" slack="1"/>
<pin id="195" dir="1" index="1" bw="5" slack="1"/>
</pin_list>
<bind>
<opset="tmp_id_V_reload_read "/>
</bind>
</comp>

<comp id="198" class="1005" name="tmp_user_V_reload_read_reg_198">
<pin_list>
<pin id="199" dir="0" index="0" bw="2" slack="1"/>
<pin id="200" dir="1" index="1" bw="2" slack="1"/>
</pin_list>
<bind>
<opset="tmp_user_V_reload_read "/>
</bind>
</comp>

<comp id="203" class="1005" name="tmp_strb_V_reload_read_reg_203">
<pin_list>
<pin id="204" dir="0" index="0" bw="4" slack="1"/>
<pin id="205" dir="1" index="1" bw="4" slack="1"/>
</pin_list>
<bind>
<opset="tmp_strb_V_reload_read "/>
</bind>
</comp>

<comp id="208" class="1005" name="tmp_keep_V_reload_read_reg_208">
<pin_list>
<pin id="209" dir="0" index="0" bw="4" slack="1"/>
<pin id="210" dir="1" index="1" bw="4" slack="1"/>
</pin_list>
<bind>
<opset="tmp_keep_V_reload_read "/>
</bind>
</comp>

<comp id="216" class="1005" name="output_layer_casted_addr_reg_216">
<pin_list>
<pin id="217" dir="0" index="0" bw="3" slack="1"/>
<pin id="218" dir="1" index="1" bw="3" slack="1"/>
</pin_list>
<bind>
<opset="output_layer_casted_addr "/>
</bind>
</comp>

<comp id="221" class="1005" name="tmp_last_V_reg_221">
<pin_list>
<pin id="222" dir="0" index="0" bw="1" slack="1"/>
<pin id="223" dir="1" index="1" bw="1" slack="1"/>
</pin_list>
<bind>
<opset="tmp_last_V "/>
</bind>
</comp>

</comp_list>

<net_list>
<net id="75"><net_src comp="26" pin="0"/><net_sink comp="72" pin=0"/></net>

<net id="80"><net_src comp="40" pin="0"/><net_sink comp="76" pin=0"/></net>

<net id="81"><net_src comp="10" pin="0"/><net_sink comp="76" pin=1"/></net>

<net id="86"><net_src comp="42" pin="0"/><net_sink comp="82" pin=0"/></net>

<net id="87"><net_src comp="8" pin="0"/><net_sink comp="82" pin=1"/></net>

<net id="92"><net_src comp="44" pin="0"/><net_sink comp="88" pin=0"/></net>

<net id="93"><net_src comp="6" pin="0"/><net_sink comp="88" pin=1"/></net>

<net id="98"><net_src comp="46" pin="0"/><net_sink comp="94" pin=0"/></net>

<net id="99"><net_src comp="4" pin="0"/><net_sink comp="94" pin=1"/></net>

<net id="104"><net_src comp="46" pin="0"/><net_sink comp="100" pin=0"/></net>

<net id="105"><net_src comp="2" pin="0"/><net_sink comp="100" pin=1"/></net>

<net id="123"><net_src comp="70" pin="0"/><net_sink comp="106" pin=0"/></net>

<net id="124"><net_src comp="12" pin="0"/><net_sink comp="106" pin=1"/></net>

<net id="125"><net_src comp="14" pin="0"/><net_sink comp="106" pin=2"/></net>

<net id="126"><net_src comp="16" pin="0"/><net_sink comp="106" pin=3"/></net>

<net id="127"><net_src comp="18" pin="0"/><net_sink comp="106" pin=4"/></net>

<net id="128"><net_src comp="20" pin="0"/><net_sink comp="106" pin=5"/></net>

<net id="129"><net_src comp="22" pin="0"/><net_sink comp="106" pin=6"/></net>

<net id="130"><net_src comp="24" pin="0"/><net_sink comp="106" pin=7"/></net>

<net id="136"><net_src comp="0" pin="0"/><net_sink comp="131" pin=0"/></net>

<net id="137"><net_src comp="62" pin="0"/><net_sink comp="131" pin=1"/></net>

<net id="143"><net_src comp="138" pin="3"/><net_sink comp="106" pin=8"/></net>

<net id="144"><net_src comp="131" pin="3"/><net_sink comp="138" pin=0"/></net>

<net id="149"><net_src comp="48" pin="0"/><net_sink comp="145" pin=0"/></net>

<net id="157"><net_src comp="150" pin="1"/><net_sink comp="153" pin=0"/></net>

<net id="158"><net_src comp="54" pin="0"/><net_sink comp="153" pin=1"/></net>

<net id="163"><net_src comp="150" pin="1"/><net_sink comp="159" pin=0"/></net>

<net id="164"><net_src comp="60" pin="0"/><net_sink comp="159" pin=1"/></net>

<net id="168"><net_src comp="150" pin="1"/><net_sink comp="165" pin=0"/></net>

<net id="169"><net_src comp="165" pin="1"/><net_sink comp="131" pin=2"/></net>

<net id="174"><net_src comp="150" pin="1"/><net_sink comp="170" pin=0"/></net>

<net id="175"><net_src comp="64" pin="0"/><net_sink comp="170" pin=1"/></net>

<net id="180"><net_src comp="159" pin="2"/><net_sink comp="176" pin=0"/></net>

<net id="184"><net_src comp="72" pin="1"/><net_sink comp="181" pin=0"/></net>

<net id="185"><net_src comp="181" pin="1"/><net_sink comp="145" pin=1"/></net>

<net id="186"><net_src comp="181" pin="1"/><net_sink comp="150" pin=0"/></net>

<net id="187"><net_src comp="181" pin="1"/><net_sink comp="176" pin=1"/></net>

<net id="191"><net_src comp="76" pin="2"/><net_sink comp="188" pin=0"/></net>

<net id="192"><net_src comp="188" pin="1"/><net_sink comp="106" pin=14"/></net>

<net id="196"><net_src comp="82" pin="2"/><net_sink comp="193" pin=0"/></net>

<net id="197"><net_src comp="193" pin="1"/><net_sink comp="106" pin=13"/></net>

<net id="201"><net_src comp="88" pin="2"/><net_sink comp="198" pin=0"/></net>

<net id="202"><net_src comp="198" pin="1"/><net_sink comp="106" pin=11"/></net>

<net id="206"><net_src comp="94" pin="2"/><net_sink comp="203" pin=0"/></net>

<net id="207"><net_src comp="203" pin="1"/><net_sink comp="106" pin=10"/></net>

<net id="211"><net_src comp="100" pin="2"/><net_sink comp="208" pin=0"/></net>

<net id="212"><net_src comp="208" pin="1"/><net_sink comp="106" pin=9"/></net>

<net id="219"><net_src comp="131" pin="3"/><net_sink comp="216" pin=0"/></net>

<net id="220"><net_src comp="216" pin="1"/><net_sink comp="138" pin=0"/></net>

<net id="224"><net_src comp="170" pin="2"/><net_sink comp="221" pin=0"/></net>

<net id="225"><net_src comp="221" pin="1"/><net_sink comp="106" pin=12"/></net>

</net_list>

</model> 
---------------- Datapath Model END ------------------

* FSMD analyzer results:
  - Output states:
	Port: out_data_V_data_V | {2 }
	Port: out_data_V_keep_V | {2 }
	Port: out_data_V_strb_V | {2 }
	Port: out_data_V_user_V | {2 }
	Port: out_data_V_last_V | {2 }
	Port: out_data_V_id_V | {2 }
	Port: out_data_V_dest_V | {2 }
 - Input state : 
	Port: MLP_Pipeline_VITIS_LOOP_128_10 : output_layer_casted | {1 2 }
	Port: MLP_Pipeline_VITIS_LOOP_128_10 : tmp_keep_V_reload | {1 }
	Port: MLP_Pipeline_VITIS_LOOP_128_10 : tmp_strb_V_reload | {1 }
	Port: MLP_Pipeline_VITIS_LOOP_128_10 : tmp_user_V_reload | {1 }
	Port: MLP_Pipeline_VITIS_LOOP_128_10 : tmp_id_V_reload | {1 }
	Port: MLP_Pipeline_VITIS_LOOP_128_10 : tmp_dest_V_reload | {1 }
  - Chain level:
	State 1
		store_ln0 : 1
		i_3 : 1
		icmp_ln128 : 2
		add_ln128 : 2
		br_ln128 : 3
		i_5_cast : 2
		output_layer_casted_addr : 3
		tmp_data_V : 4
		tmp_last_V : 2
		store_ln128 : 3
	State 2
		write_ln304 : 1


============================================================
+ Verbose Summary: Datapath Resource usage 
============================================================

* Functional unit list:
|----------|------------------------------------|---------|---------|
| Operation|           Functional Unit          |    FF   |   LUT   |
|----------|------------------------------------|---------|---------|
|   icmp   |          icmp_ln128_fu_153         |    0    |    8    |
|          |          tmp_last_V_fu_170         |    0    |    8    |
|----------|------------------------------------|---------|---------|
|    add   |          add_ln128_fu_159          |    0    |    10   |
|----------|------------------------------------|---------|---------|
|          |  tmp_dest_V_reload_read_read_fu_76 |    0    |    0    |
|          |   tmp_id_V_reload_read_read_fu_82  |    0    |    0    |
|   read   |  tmp_user_V_reload_read_read_fu_88 |    0    |    0    |
|          |  tmp_strb_V_reload_read_read_fu_94 |    0    |    0    |
|          | tmp_keep_V_reload_read_read_fu_100 |    0    |    0    |
|----------|------------------------------------|---------|---------|
|   write  |      write_ln304_write_fu_106      |    0    |    0    |
|----------|------------------------------------|---------|---------|
|   zext   |           i_5_cast_fu_165          |    0    |    0    |
|----------|------------------------------------|---------|---------|
|   Total  |                                    |    0    |    26   |
|----------|------------------------------------|---------|---------|

Memories:
N/A

* Register list:
+--------------------------------+--------+
|                                |   FF   |
+--------------------------------+--------+
|            i_reg_181           |    3   |
|output_layer_casted_addr_reg_216|    3   |
| tmp_dest_V_reload_read_reg_188 |    6   |
|  tmp_id_V_reload_read_reg_193  |    5   |
| tmp_keep_V_reload_read_reg_208 |    4   |
|       tmp_last_V_reg_221       |    1   |
| tmp_strb_V_reload_read_reg_203 |    4   |
| tmp_user_V_reload_read_reg_198 |    2   |
+--------------------------------+--------+
|              Total             |   28   |
+--------------------------------+--------+

* Multiplexer (MUX) list: 
|-------------------|------|------|------|--------||---------||---------|
|        Comp       |  Pin | Size |  BW  | S x BW ||  Delay  ||   LUT   |
|-------------------|------|------|------|--------||---------||---------|
| grp_access_fu_138 |  p0  |   2  |   3  |    6   ||    9    |
|-------------------|------|------|------|--------||---------||---------|
|       Total       |      |      |      |    6   ||  0.427  ||    9    |
|-------------------|------|------|------|--------||---------||---------|



* Summary:
+-----------+--------+--------+--------+
|           |  Delay |   FF   |   LUT  |
+-----------+--------+--------+--------+
|  Function |    -   |    0   |   26   |
|   Memory  |    -   |    -   |    -   |
|Multiplexer|    0   |    -   |    9   |
|  Register |    -   |   28   |    -   |
+-----------+--------+--------+--------+
|   Total   |    0   |   28   |   35   |
+-----------+--------+--------+--------+
