

================================================================
== Vitis HLS Report for 'MLP_Pipeline_VITIS_LOOP_123_9'
================================================================
* Date:           Wed Feb 14 00:25:23 2024

* Version:        2022.1 (Build 3526262 on Mon Apr 18 15:48:16 MDT 2022)
* Project:        testHLS2
* Solution:       solution1 (Vivado IP Flow Target)
* Product family: zynquplus
* Target device:  xczu3eg-sbva484-2-i


================================================================
== Performance Estimates
================================================================
+ Timing: 
    * Summary: 
    +--------+----------+----------+------------+
    |  Clock |  Target  | Estimated| Uncertainty|
    +--------+----------+----------+------------+
    |ap_clk  |  10.00 ns|  7.016 ns|     2.70 ns|
    +--------+----------+----------+------------+

+ Latency: 
    * Summary: 
    +---------+---------+----------+----------+-----+-----+---------+
    |  Latency (cycles) |  Latency (absolute) |  Interval | Pipeline|
    |   min   |   max   |    min   |    max   | min | max |   Type  |
    +---------+---------+----------+----------+-----+-----+---------+
    |       11|       11|  0.110 us|  0.110 us|   11|   11|       no|
    +---------+---------+----------+----------+-----+-----+---------+

    + Detail: 
        * Instance: 
        N/A

        * Loop: 
        +--------------------+---------+---------+----------+-----------+-----------+------+----------+
        |                    |  Latency (cycles) | Iteration|  Initiation Interval  | Trip |          |
        |      Loop Name     |   min   |   max   |  Latency |  achieved |   target  | Count| Pipelined|
        +--------------------+---------+---------+----------+-----------+-----------+------+----------+
        |- VITIS_LOOP_123_9  |        9|        9|         6|          1|          1|     5|       yes|
        +--------------------+---------+---------+----------+-----------+-----------+------+----------+

============================================================
+ Verbose Summary: Synthesis Manager
============================================================
InlineROM: 1
ExposeGlobal: 0
============================================================
+ Verbose Summary: CDFG Model
============================================================
IsTopModel: 0
ResetActiveHigh: 1
IsCombinational: 0
IsDatapathOnly: 0
HasWiredReturn: 1
HasMFsm: 2
HasVarLatency: 1
IsPipeline: 0
IsRtlPipelined: 0
IsInstanceOverlapped: 0
IsDontTouch: 0
HasImplIP: 0
IsGatedGlobalClock: 0

+ Individual pipeline summary: 
  * Pipeline-0: initiation interval (II) = 1, depth = 6


============================================================
+ Verbose Summary: Schedule
============================================================
* Number of FSM states : 6
* Pipeline : 1
  Pipeline-0 : II = 1, D = 6, States = { 1 2 3 4 5 6 }
* Dataflow Pipeline: 0

* FSM state transitions: 
1 --> 2 
2 --> 3 
3 --> 4 
4 --> 5 
5 --> 6 
6 --> 

* FSM state operations: 

State 1 <SV = 0> <Delay = 1.09>
ST_1 : Operation 9 [1/1] (0.00ns)   --->   "%i = alloca i32 1"   --->   Operation 9 'alloca' 'i' <Predicate = true> <Delay = 0.00>
ST_1 : Operation 10 [1/1] (0.42ns)   --->   "%store_ln0 = store i3 0, i3 %i"   --->   Operation 10 'store' 'store_ln0' <Predicate = true> <Delay = 0.42>
ST_1 : Operation 11 [1/1] (0.00ns)   --->   "%br_ln0 = br void %for.inc130"   --->   Operation 11 'br' 'br_ln0' <Predicate = true> <Delay = 0.00>
ST_1 : Operation 12 [1/1] (0.00ns)   --->   "%i_4 = load i3 %i" [../../../../HWSWAI/HLS/SampleDatasetMLP.cpp:123]   --->   Operation 12 'load' 'i_4' <Predicate = true> <Delay = 0.00>
ST_1 : Operation 13 [1/1] (0.00ns)   --->   "%specpipeline_ln0 = specpipeline void @_ssdm_op_SpecPipeline, i32 4294967295, i32 0, i32 1, i32 0, void @p_str"   --->   Operation 13 'specpipeline' 'specpipeline_ln0' <Predicate = true> <Delay = 0.00>
ST_1 : Operation 14 [1/1] (0.58ns)   --->   "%icmp_ln123 = icmp_eq  i3 %i_4, i3 5" [../../../../HWSWAI/HLS/SampleDatasetMLP.cpp:123]   --->   Operation 14 'icmp' 'icmp_ln123' <Predicate = true> <Delay = 0.58> <CoreInst = "Cmp">   --->   Core 9 'Cmp' <Latency = 0> <II = 1> <Delay = 0.58> <FuncUnit> <Opcode : 'icmp'> <InPorts = 2> <OutPorts = 1>
ST_1 : Operation 15 [1/1] (0.00ns)   --->   "%empty = speclooptripcount i32 @_ssdm_op_SpecLoopTripCount, i64 5, i64 5, i64 5"   --->   Operation 15 'speclooptripcount' 'empty' <Predicate = true> <Delay = 0.00>
ST_1 : Operation 16 [1/1] (0.67ns)   --->   "%add_ln123 = add i3 %i_4, i3 1" [../../../../HWSWAI/HLS/SampleDatasetMLP.cpp:123]   --->   Operation 16 'add' 'add_ln123' <Predicate = true> <Delay = 0.67> <CoreInst = "Adder">   --->   Core 1 'Adder' <Latency = 0> <II = 1> <Delay = 0.67> <FuncUnit> <Opcode : 'add' 'sub'> <InPorts = 2> <OutPorts = 1>
ST_1 : Operation 17 [1/1] (0.00ns)   --->   "%br_ln123 = br i1 %icmp_ln123, void %for.inc130.split, void %for.body137.preheader.exitStub" [../../../../HWSWAI/HLS/SampleDatasetMLP.cpp:123]   --->   Operation 17 'br' 'br_ln123' <Predicate = true> <Delay = 0.00>
ST_1 : Operation 18 [1/1] (0.00ns)   --->   "%i_4_cast = zext i3 %i_4" [../../../../HWSWAI/HLS/SampleDatasetMLP.cpp:123]   --->   Operation 18 'zext' 'i_4_cast' <Predicate = (!icmp_ln123)> <Delay = 0.00>
ST_1 : Operation 19 [1/1] (0.00ns)   --->   "%output_layer_addr = getelementptr i32 %output_layer, i64 0, i64 %i_4_cast" [../../../../HWSWAI/HLS/SampleDatasetMLP.cpp:124]   --->   Operation 19 'getelementptr' 'output_layer_addr' <Predicate = (!icmp_ln123)> <Delay = 0.00>
ST_1 : Operation 20 [2/2] (0.67ns)   --->   "%output_layer_load = load i3 %output_layer_addr" [../../../../HWSWAI/HLS/SampleDatasetMLP.cpp:124]   --->   Operation 20 'load' 'output_layer_load' <Predicate = (!icmp_ln123)> <Delay = 0.67> <CoreInst = "RAM">   --->   Core 83 'RAM' <Latency = 1> <II = 1> <Delay = 0.67> <Storage> <Opcode : 'load' 'store'> <Ports = 2> <Width = 32> <Depth = 5> <RAM>
ST_1 : Operation 21 [1/1] (0.42ns)   --->   "%store_ln123 = store i3 %add_ln123, i3 %i" [../../../../HWSWAI/HLS/SampleDatasetMLP.cpp:123]   --->   Operation 21 'store' 'store_ln123' <Predicate = (!icmp_ln123)> <Delay = 0.42>

State 2 <SV = 1> <Delay = 0.67>
ST_2 : Operation 22 [1/2] (0.67ns)   --->   "%output_layer_load = load i3 %output_layer_addr" [../../../../HWSWAI/HLS/SampleDatasetMLP.cpp:124]   --->   Operation 22 'load' 'output_layer_load' <Predicate = true> <Delay = 0.67> <CoreInst = "RAM">   --->   Core 83 'RAM' <Latency = 1> <II = 1> <Delay = 0.67> <Storage> <Opcode : 'load' 'store'> <Ports = 2> <Width = 32> <Depth = 5> <RAM>

State 3 <SV = 2> <Delay = 7.01>
ST_3 : Operation 23 [3/3] (7.01ns)   --->   "%dc = fmul i32 %output_layer_load, i32 1e+07" [../../../../HWSWAI/HLS/SampleDatasetMLP.cpp:124]   --->   Operation 23 'fmul' 'dc' <Predicate = true> <Delay = 7.01> <CoreInst = "FMul_maxdsp">   --->   Core 30 'FMul_maxdsp' <Latency = 2> <II = 1> <Delay = 7.01> <FuncUnit> <Opcode : 'fmul'> <InPorts = 2> <OutPorts = 1>

State 4 <SV = 3> <Delay = 7.01>
ST_4 : Operation 24 [2/3] (7.01ns)   --->   "%dc = fmul i32 %output_layer_load, i32 1e+07" [../../../../HWSWAI/HLS/SampleDatasetMLP.cpp:124]   --->   Operation 24 'fmul' 'dc' <Predicate = true> <Delay = 7.01> <CoreInst = "FMul_maxdsp">   --->   Core 30 'FMul_maxdsp' <Latency = 2> <II = 1> <Delay = 7.01> <FuncUnit> <Opcode : 'fmul'> <InPorts = 2> <OutPorts = 1>

State 5 <SV = 4> <Delay = 7.01>
ST_5 : Operation 25 [1/3] (7.01ns)   --->   "%dc = fmul i32 %output_layer_load, i32 1e+07" [../../../../HWSWAI/HLS/SampleDatasetMLP.cpp:124]   --->   Operation 25 'fmul' 'dc' <Predicate = true> <Delay = 7.01> <CoreInst = "FMul_maxdsp">   --->   Core 30 'FMul_maxdsp' <Latency = 2> <II = 1> <Delay = 7.01> <FuncUnit> <Opcode : 'fmul'> <InPorts = 2> <OutPorts = 1>
ST_5 : Operation 52 [1/1] (0.00ns)   --->   "%ret_ln0 = ret"   --->   Operation 52 'ret' 'ret_ln0' <Predicate = (icmp_ln123)> <Delay = 0.00>

State 6 <SV = 5> <Delay = 4.69>
ST_6 : Operation 26 [1/1] (0.00ns)   --->   "%specloopname_ln123 = specloopname void @_ssdm_op_SpecLoopName, void @empty_8" [../../../../HWSWAI/HLS/SampleDatasetMLP.cpp:123]   --->   Operation 26 'specloopname' 'specloopname_ln123' <Predicate = true> <Delay = 0.00>
ST_6 : Operation 27 [1/1] (0.00ns)   --->   "%data_V = bitcast i32 %dc" [r:/ci/prod/2022.1/rdi_builds/continuous/2022_04_18_3526262/src/shared/hls/clib/src/hls\utils/x_hls_utils.h:317]   --->   Operation 27 'bitcast' 'data_V' <Predicate = true> <Delay = 0.00>
ST_6 : Operation 28 [1/1] (0.00ns)   --->   "%p_Result_s = bitselect i1 @_ssdm_op_BitSelect.i1.i32.i32, i32 %data_V, i32 31"   --->   Operation 28 'bitselect' 'p_Result_s' <Predicate = true> <Delay = 0.00>
ST_6 : Operation 29 [1/1] (0.00ns)   --->   "%xs_exp_V = partselect i8 @_ssdm_op_PartSelect.i8.i32.i32.i32, i32 %data_V, i32 23, i32 30"   --->   Operation 29 'partselect' 'xs_exp_V' <Predicate = true> <Delay = 0.00>
ST_6 : Operation 30 [1/1] (0.00ns)   --->   "%p_Result_1 = trunc i32 %data_V"   --->   Operation 30 'trunc' 'p_Result_1' <Predicate = true> <Delay = 0.00>
ST_6 : Operation 31 [1/1] (0.00ns)   --->   "%mantissa = bitconcatenate i25 @_ssdm_op_BitConcatenate.i25.i1.i23.i1, i1 1, i23 %p_Result_1, i1 0" [r:/ci/prod/2022.1/rdi_builds/continuous/2022_04_18_3526262/src/shared/hls/clib/hlsmath/include/FloatingPoint\hls_case_IEEE754.h:15]   --->   Operation 31 'bitconcatenate' 'mantissa' <Predicate = true> <Delay = 0.00>
ST_6 : Operation 32 [1/1] (0.00ns)   --->   "%zext_ln15 = zext i25 %mantissa" [r:/ci/prod/2022.1/rdi_builds/continuous/2022_04_18_3526262/src/shared/hls/clib/hlsmath/include/FloatingPoint\hls_case_IEEE754.h:15]   --->   Operation 32 'zext' 'zext_ln15' <Predicate = true> <Delay = 0.00>
ST_6 : Operation 33 [1/1] (0.00ns)   --->   "%zext_ln346 = zext i8 %xs_exp_V" [r:/ci/prod/2022.1/rdi_builds/continuous/2022_04_18_3526262/src/shared/hls/clib/src/hls\utils/x_hls_utils.h:346]   --->   Operation 33 'zext' 'zext_ln346' <Predicate = true> <Delay = 0.00>
ST_6 : Operation 34 [1/1] (0.76ns)   --->   "%add_ln346 = add i9 %zext_ln346, i9 385" [r:/ci/prod/2022.1/rdi_builds/continuous/2022_04_18_3526262/src/shared/hls/clib/src/hls\utils/x_hls_utils.h:346]   --->   Operation 34 'add' 'add_ln346' <Predicate = true> <Delay = 0.76> <CoreInst = "Adder">   --->   Core 1 'Adder' <Latency = 0> <II = 1> <Delay = 0.76> <FuncUnit> <Opcode : 'add' 'sub'> <InPorts = 2> <OutPorts = 1>
ST_6 : Operation 35 [1/1] (0.00ns)   --->   "%isNeg = bitselect i1 @_ssdm_op_BitSelect.i1.i9.i32, i9 %add_ln346, i32 8"   --->   Operation 35 'bitselect' 'isNeg' <Predicate = true> <Delay = 0.00>
ST_6 : Operation 36 [1/1] (0.76ns)   --->   "%sub_ln1512 = sub i8 127, i8 %xs_exp_V"   --->   Operation 36 'sub' 'sub_ln1512' <Predicate = true> <Delay = 0.76> <CoreInst = "Adder">   --->   Core 1 'Adder' <Latency = 0> <II = 1> <Delay = 0.76> <FuncUnit> <Opcode : 'add' 'sub'> <InPorts = 2> <OutPorts = 1>
ST_6 : Operation 37 [1/1] (0.00ns)   --->   "%sext_ln1512 = sext i8 %sub_ln1512"   --->   Operation 37 'sext' 'sext_ln1512' <Predicate = true> <Delay = 0.00>
ST_6 : Operation 38 [1/1] (0.39ns)   --->   "%ush = select i1 %isNeg, i9 %sext_ln1512, i9 %add_ln346"   --->   Operation 38 'select' 'ush' <Predicate = true> <Delay = 0.39> <CoreInst = "Sel">   --->   Core 73 'Sel' <Latency = 0> <II = 1> <Delay = 0.39> <FuncUnit> <Opcode : 'select'> <InPorts = 3> <OutPorts = 1>
ST_6 : Operation 39 [1/1] (0.00ns)   --->   "%sext_ln1488 = sext i9 %ush"   --->   Operation 39 'sext' 'sext_ln1488' <Predicate = true> <Delay = 0.00>
ST_6 : Operation 40 [1/1] (0.00ns)   --->   "%zext_ln1488 = zext i32 %sext_ln1488"   --->   Operation 40 'zext' 'zext_ln1488' <Predicate = true> <Delay = 0.00>
ST_6 : Operation 41 [1/1] (0.00ns) (grouped into LUT with out node val)   --->   "%r_V = lshr i79 %zext_ln15, i79 %zext_ln1488"   --->   Operation 41 'lshr' 'r_V' <Predicate = true> <Delay = 0.00> <CoreInst = "Shifter">   --->   Core 75 'Shifter' <Latency = 0> <II = 1> <Delay = 1.38> <FuncUnit> <Opcode : 'shl' 'lshr' 'ashr'> <InPorts = 2> <OutPorts = 1>
ST_6 : Operation 42 [1/1] (0.00ns) (grouped into LUT with out node val)   --->   "%r_V_1 = shl i79 %zext_ln15, i79 %zext_ln1488"   --->   Operation 42 'shl' 'r_V_1' <Predicate = true> <Delay = 0.00> <CoreInst = "Shifter">   --->   Core 75 'Shifter' <Latency = 0> <II = 1> <Delay = 1.38> <FuncUnit> <Opcode : 'shl' 'lshr' 'ashr'> <InPorts = 2> <OutPorts = 1>
ST_6 : Operation 43 [1/1] (0.00ns) (grouped into LUT with out node val)   --->   "%tmp = bitselect i1 @_ssdm_op_BitSelect.i1.i79.i32, i79 %r_V, i32 24"   --->   Operation 43 'bitselect' 'tmp' <Predicate = true> <Delay = 0.00>
ST_6 : Operation 44 [1/1] (0.00ns) (grouped into LUT with out node val)   --->   "%zext_ln818 = zext i1 %tmp"   --->   Operation 44 'zext' 'zext_ln818' <Predicate = true> <Delay = 0.00>
ST_6 : Operation 45 [1/1] (0.00ns) (grouped into LUT with out node val)   --->   "%tmp_6 = partselect i32 @_ssdm_op_PartSelect.i32.i79.i32.i32, i79 %r_V_1, i32 24, i32 55"   --->   Operation 45 'partselect' 'tmp_6' <Predicate = true> <Delay = 0.00>
ST_6 : Operation 46 [1/1] (1.38ns) (out node of the LUT)   --->   "%val = select i1 %isNeg, i32 %zext_ln818, i32 %tmp_6"   --->   Operation 46 'select' 'val' <Predicate = true> <Delay = 1.38> <CoreInst = "Sel">   --->   Core 73 'Sel' <Latency = 0> <II = 1> <Delay = 0.44> <FuncUnit> <Opcode : 'select'> <InPorts = 3> <OutPorts = 1>
ST_6 : Operation 47 [1/1] (1.01ns)   --->   "%result_V_2 = sub i32 0, i32 %val"   --->   Operation 47 'sub' 'result_V_2' <Predicate = true> <Delay = 1.01> <CoreInst = "Adder">   --->   Core 1 'Adder' <Latency = 0> <II = 1> <Delay = 1.01> <FuncUnit> <Opcode : 'add' 'sub'> <InPorts = 2> <OutPorts = 1>
ST_6 : Operation 48 [1/1] (0.44ns)   --->   "%result_V = select i1 %p_Result_s, i32 %result_V_2, i32 %val" [r:/ci/prod/2022.1/rdi_builds/continuous/2022_04_18_3526262/src/shared/hls/clib/hlsmath/include/FloatingPoint\hls_case_IEEE754.h:59]   --->   Operation 48 'select' 'result_V' <Predicate = true> <Delay = 0.44> <CoreInst = "Sel">   --->   Core 73 'Sel' <Latency = 0> <II = 1> <Delay = 0.44> <FuncUnit> <Opcode : 'select'> <InPorts = 3> <OutPorts = 1>
ST_6 : Operation 49 [1/1] (0.00ns)   --->   "%output_layer_casted_addr = getelementptr i32 %output_layer_casted, i64 0, i64 %i_4_cast" [../../../../HWSWAI/HLS/SampleDatasetMLP.cpp:124]   --->   Operation 49 'getelementptr' 'output_layer_casted_addr' <Predicate = true> <Delay = 0.00>
ST_6 : Operation 50 [1/1] (0.67ns)   --->   "%store_ln124 = store i32 %result_V, i3 %output_layer_casted_addr" [../../../../HWSWAI/HLS/SampleDatasetMLP.cpp:124]   --->   Operation 50 'store' 'store_ln124' <Predicate = true> <Delay = 0.67> <CoreInst = "RAM">   --->   Core 83 'RAM' <Latency = 1> <II = 1> <Delay = 0.67> <Storage> <Opcode : 'load' 'store'> <Ports = 2> <Width = 32> <Depth = 5> <RAM>
ST_6 : Operation 51 [1/1] (0.00ns)   --->   "%br_ln123 = br void %for.inc130" [../../../../HWSWAI/HLS/SampleDatasetMLP.cpp:123]   --->   Operation 51 'br' 'br_ln123' <Predicate = true> <Delay = 0.00>


============================================================
+ Verbose Summary: Timing violations
============================================================
Target clock period: 10ns, clock uncertainty: 2.7ns.

 <State 1>: 1.1ns
The critical path consists of the following:
	'alloca' operation ('i') [3]  (0 ns)
	'load' operation ('i', ../../../../HWSWAI/HLS/SampleDatasetMLP.cpp:123) on local variable 'i' [7]  (0 ns)
	'add' operation ('add_ln123', ../../../../HWSWAI/HLS/SampleDatasetMLP.cpp:123) [11]  (0.673 ns)
	'store' operation ('store_ln123', ../../../../HWSWAI/HLS/SampleDatasetMLP.cpp:123) of variable 'add_ln123', ../../../../HWSWAI/HLS/SampleDatasetMLP.cpp:123 on local variable 'i' [43]  (0.427 ns)

 <State 2>: 0.677ns
The critical path consists of the following:
	'load' operation ('output_layer_load', ../../../../HWSWAI/HLS/SampleDatasetMLP.cpp:124) on array 'output_layer' [17]  (0.677 ns)

 <State 3>: 7.02ns
The critical path consists of the following:
	'fmul' operation ('x', ../../../../HWSWAI/HLS/SampleDatasetMLP.cpp:124) [18]  (7.02 ns)

 <State 4>: 7.02ns
The critical path consists of the following:
	'fmul' operation ('x', ../../../../HWSWAI/HLS/SampleDatasetMLP.cpp:124) [18]  (7.02 ns)

 <State 5>: 7.02ns
The critical path consists of the following:
	'fmul' operation ('x', ../../../../HWSWAI/HLS/SampleDatasetMLP.cpp:124) [18]  (7.02 ns)

 <State 6>: 4.69ns
The critical path consists of the following:
	'sub' operation ('sub_ln1512') [28]  (0.765 ns)
	'select' operation ('ush') [30]  (0.398 ns)
	'lshr' operation ('r.V') [33]  (0 ns)
	'select' operation ('val') [38]  (1.39 ns)
	'sub' operation ('result.V') [39]  (1.02 ns)
	'select' operation ('result.V', r:/ci/prod/2022.1/rdi_builds/continuous/2022_04_18_3526262/src/shared/hls/clib/hlsmath/include/FloatingPoint\hls_case_IEEE754.h:59) [40]  (0.449 ns)
	'store' operation ('store_ln124', ../../../../HWSWAI/HLS/SampleDatasetMLP.cpp:124) of variable 'result.V', r:/ci/prod/2022.1/rdi_builds/continuous/2022_04_18_3526262/src/shared/hls/clib/hlsmath/include/FloatingPoint\hls_case_IEEE754.h:59 on array 'output_layer_casted' [42]  (0.677 ns)


============================================================
+ Verbose Summary: Binding
============================================================
N/A
* FSMD analyzer results:
  - Output states:
 - Input state : 
  - Chain level:
	State 1
	State 2
	State 3
	State 4
	State 5
	State 6


============================================================
+ Verbose Summary: Datapath Resource usage 
============================================================
N/A
