

================================================================
== Vitis HLS Report for 'MLP_Pipeline_VITIS_LOOP_111_7'
================================================================
* Date:           Wed Feb 14 00:25:22 2024

* Version:        2022.1 (Build 3526262 on Mon Apr 18 15:48:16 MDT 2022)
* Project:        testHLS2
* Solution:       solution1 (Vivado IP Flow Target)
* Product family: zynquplus
* Target device:  xczu3eg-sbva484-2-i


================================================================
== Performance Estimates
================================================================
+ Timing: 
    * Summary: 
    +--------+----------+----------+------------+
    |  Clock |  Target  | Estimated| Uncertainty|
    +--------+----------+----------+------------+
    |ap_clk  |  10.00 ns|  7.114 ns|     2.70 ns|
    +--------+----------+----------+------------+

+ Latency: 
    * Summary: 
    +---------+---------+----------+----------+-----+-----+---------+
    |  Latency (cycles) |  Latency (absolute) |  Interval | Pipeline|
    |   min   |   max   |    min   |    max   | min | max |   Type  |
    +---------+---------+----------+----------+-----+-----+---------+
    |       62|       62|  0.620 us|  0.620 us|   62|   62|       no|
    +---------+---------+----------+----------+-----+-----+---------+

    + Detail: 
        * Instance: 
        N/A

        * Loop: 
        +--------------------+---------+---------+----------+-----------+-----------+------+----------+
        |                    |  Latency (cycles) | Iteration|  Initiation Interval  | Trip |          |
        |      Loop Name     |   min   |   max   |  Latency |  achieved |   target  | Count| Pipelined|
        +--------------------+---------+---------+----------+-----------+-----------+------+----------+
        |- VITIS_LOOP_111_7  |       60|       60|        57|          1|          1|     5|       yes|
        +--------------------+---------+---------+----------+-----------+-----------+------+----------+

============================================================
+ Verbose Summary: Synthesis Manager
============================================================
InlineROM: 1
ExposeGlobal: 0
============================================================
+ Verbose Summary: CDFG Model
============================================================
IsTopModel: 0
ResetActiveHigh: 1
IsCombinational: 0
IsDatapathOnly: 0
HasWiredReturn: 1
HasMFsm: 2
HasVarLatency: 1
IsPipeline: 0
IsRtlPipelined: 0
IsInstanceOverlapped: 0
IsDontTouch: 0
HasImplIP: 0
IsGatedGlobalClock: 0

+ Individual pipeline summary: 
  * Pipeline-0: initiation interval (II) = 1, depth = 57


============================================================
+ Verbose Summary: Schedule
============================================================
* Number of FSM states : 57
* Pipeline : 1
  Pipeline-0 : II = 1, D = 57, States = { 1 2 3 4 5 6 7 8 9 10 11 12 13 14 15 16 17 18 19 20 21 22 23 24 25 26 27 28 29 30 31 32 33 34 35 36 37 38 39 40 41 42 43 44 45 46 47 48 49 50 51 52 53 54 55 56 57 }
* Dataflow Pipeline: 0

* FSM state transitions: 
1 --> 2 
2 --> 3 
3 --> 4 
4 --> 5 
5 --> 6 
6 --> 7 
7 --> 8 
8 --> 9 
9 --> 10 
10 --> 11 
11 --> 12 
12 --> 13 
13 --> 14 
14 --> 15 
15 --> 16 
16 --> 17 
17 --> 18 
18 --> 19 
19 --> 20 
20 --> 21 
21 --> 22 
22 --> 23 
23 --> 24 
24 --> 25 
25 --> 26 
26 --> 27 
27 --> 28 
28 --> 29 
29 --> 30 
30 --> 31 
31 --> 32 
32 --> 33 
33 --> 34 
34 --> 35 
35 --> 36 
36 --> 37 
37 --> 38 
38 --> 39 
39 --> 40 
40 --> 41 
41 --> 42 
42 --> 43 
43 --> 44 
44 --> 45 
45 --> 46 
46 --> 47 
47 --> 48 
48 --> 49 
49 --> 50 
50 --> 51 
51 --> 52 
52 --> 53 
53 --> 54 
54 --> 55 
55 --> 56 
56 --> 57 
57 --> 

* FSM state operations: 

State 1 <SV = 0> <Delay = 1.09>
ST_1 : Operation 60 [1/1] (0.00ns)   --->   "%i_3 = alloca i32 1"   --->   Operation 60 'alloca' 'i_3' <Predicate = true> <Delay = 0.00>
ST_1 : Operation 61 [1/1] (0.00ns)   --->   "%hidden_layer_2_load_11_read = read i32 @_ssdm_op_Read.ap_auto.float, i32 %hidden_layer_2_load_11"   --->   Operation 61 'read' 'hidden_layer_2_load_11_read' <Predicate = true> <Delay = 0.00>
ST_1 : Operation 62 [1/1] (0.00ns)   --->   "%hidden_layer_2_load_10_read = read i32 @_ssdm_op_Read.ap_auto.float, i32 %hidden_layer_2_load_10"   --->   Operation 62 'read' 'hidden_layer_2_load_10_read' <Predicate = true> <Delay = 0.00>
ST_1 : Operation 63 [1/1] (0.00ns)   --->   "%hidden_layer_2_load_9_read = read i32 @_ssdm_op_Read.ap_auto.float, i32 %hidden_layer_2_load_9"   --->   Operation 63 'read' 'hidden_layer_2_load_9_read' <Predicate = true> <Delay = 0.00>
ST_1 : Operation 64 [1/1] (0.00ns)   --->   "%hidden_layer_2_load_8_read = read i32 @_ssdm_op_Read.ap_auto.float, i32 %hidden_layer_2_load_8"   --->   Operation 64 'read' 'hidden_layer_2_load_8_read' <Predicate = true> <Delay = 0.00>
ST_1 : Operation 65 [1/1] (0.00ns)   --->   "%hidden_layer_2_load_7_read = read i32 @_ssdm_op_Read.ap_auto.float, i32 %hidden_layer_2_load_7"   --->   Operation 65 'read' 'hidden_layer_2_load_7_read' <Predicate = true> <Delay = 0.00>
ST_1 : Operation 66 [1/1] (0.00ns)   --->   "%hidden_layer_2_load_6_read = read i32 @_ssdm_op_Read.ap_auto.float, i32 %hidden_layer_2_load_6"   --->   Operation 66 'read' 'hidden_layer_2_load_6_read' <Predicate = true> <Delay = 0.00>
ST_1 : Operation 67 [1/1] (0.00ns)   --->   "%hidden_layer_2_load_5_read = read i32 @_ssdm_op_Read.ap_auto.float, i32 %hidden_layer_2_load_5"   --->   Operation 67 'read' 'hidden_layer_2_load_5_read' <Predicate = true> <Delay = 0.00>
ST_1 : Operation 68 [1/1] (0.00ns)   --->   "%hidden_layer_2_load_4_read = read i32 @_ssdm_op_Read.ap_auto.float, i32 %hidden_layer_2_load_4"   --->   Operation 68 'read' 'hidden_layer_2_load_4_read' <Predicate = true> <Delay = 0.00>
ST_1 : Operation 69 [1/1] (0.00ns)   --->   "%hidden_layer_2_load_3_read = read i32 @_ssdm_op_Read.ap_auto.float, i32 %hidden_layer_2_load_3"   --->   Operation 69 'read' 'hidden_layer_2_load_3_read' <Predicate = true> <Delay = 0.00>
ST_1 : Operation 70 [1/1] (0.00ns)   --->   "%hidden_layer_2_load_2_read = read i32 @_ssdm_op_Read.ap_auto.float, i32 %hidden_layer_2_load_2"   --->   Operation 70 'read' 'hidden_layer_2_load_2_read' <Predicate = true> <Delay = 0.00>
ST_1 : Operation 71 [1/1] (0.00ns)   --->   "%hidden_layer_2_load_1_read = read i32 @_ssdm_op_Read.ap_auto.float, i32 %hidden_layer_2_load_1"   --->   Operation 71 'read' 'hidden_layer_2_load_1_read' <Predicate = true> <Delay = 0.00>
ST_1 : Operation 72 [1/1] (0.00ns)   --->   "%hidden_layer_2_load_read = read i32 @_ssdm_op_Read.ap_auto.float, i32 %hidden_layer_2_load"   --->   Operation 72 'read' 'hidden_layer_2_load_read' <Predicate = true> <Delay = 0.00>
ST_1 : Operation 73 [1/1] (0.42ns)   --->   "%store_ln0 = store i3 0, i3 %i_3"   --->   Operation 73 'store' 'store_ln0' <Predicate = true> <Delay = 0.42>
ST_1 : Operation 74 [1/1] (0.00ns)   --->   "%br_ln0 = br void %VITIS_LOOP_113_8"   --->   Operation 74 'br' 'br_ln0' <Predicate = true> <Delay = 0.00>
ST_1 : Operation 75 [1/1] (0.00ns)   --->   "%i = load i3 %i_3" [../../../../HWSWAI/HLS/SampleDatasetMLP.cpp:111]   --->   Operation 75 'load' 'i' <Predicate = true> <Delay = 0.00>
ST_1 : Operation 76 [1/1] (0.00ns)   --->   "%specpipeline_ln0 = specpipeline void @_ssdm_op_SpecPipeline, i32 4294967295, i32 0, i32 1, i32 0, void @p_str"   --->   Operation 76 'specpipeline' 'specpipeline_ln0' <Predicate = true> <Delay = 0.00>
ST_1 : Operation 77 [1/1] (0.58ns)   --->   "%icmp_ln111 = icmp_eq  i3 %i, i3 5" [../../../../HWSWAI/HLS/SampleDatasetMLP.cpp:111]   --->   Operation 77 'icmp' 'icmp_ln111' <Predicate = true> <Delay = 0.58> <CoreInst = "Cmp">   --->   Core 9 'Cmp' <Latency = 0> <II = 1> <Delay = 0.58> <FuncUnit> <Opcode : 'icmp'> <InPorts = 2> <OutPorts = 1>
ST_1 : Operation 78 [1/1] (0.00ns)   --->   "%empty = speclooptripcount i32 @_ssdm_op_SpecLoopTripCount, i64 5, i64 5, i64 5"   --->   Operation 78 'speclooptripcount' 'empty' <Predicate = true> <Delay = 0.00>
ST_1 : Operation 79 [1/1] (0.67ns)   --->   "%add_ln111 = add i3 %i, i3 1" [../../../../HWSWAI/HLS/SampleDatasetMLP.cpp:111]   --->   Operation 79 'add' 'add_ln111' <Predicate = true> <Delay = 0.67> <CoreInst = "Adder">   --->   Core 1 'Adder' <Latency = 0> <II = 1> <Delay = 0.67> <FuncUnit> <Opcode : 'add' 'sub'> <InPorts = 2> <OutPorts = 1>
ST_1 : Operation 80 [1/1] (0.00ns)   --->   "%br_ln111 = br i1 %icmp_ln111, void %VITIS_LOOP_113_8.split, void %for.inc130.preheader.exitStub" [../../../../HWSWAI/HLS/SampleDatasetMLP.cpp:111]   --->   Operation 80 'br' 'br_ln111' <Predicate = true> <Delay = 0.00>
ST_1 : Operation 81 [1/1] (0.00ns)   --->   "%i_3_cast = zext i3 %i" [../../../../HWSWAI/HLS/SampleDatasetMLP.cpp:111]   --->   Operation 81 'zext' 'i_3_cast' <Predicate = (!icmp_ln111)> <Delay = 0.00>
ST_1 : Operation 82 [1/1] (0.00ns)   --->   "%output_weights_0_addr = getelementptr i32 %output_weights_0, i64 0, i64 %i_3_cast" [../../../../HWSWAI/HLS/SampleDatasetMLP.cpp:114]   --->   Operation 82 'getelementptr' 'output_weights_0_addr' <Predicate = (!icmp_ln111)> <Delay = 0.00>
ST_1 : Operation 83 [2/2] (0.67ns)   --->   "%output_weights_0_load = load i3 %output_weights_0_addr" [../../../../HWSWAI/HLS/SampleDatasetMLP.cpp:114]   --->   Operation 83 'load' 'output_weights_0_load' <Predicate = (!icmp_ln111)> <Delay = 0.67> <CoreInst = "ROM">   --->   Core 101 'ROM' <Latency = 1> <II = 1> <Delay = 0.67> <Storage> <Opcode : 'load'> <Ports = 0> <Width = 32> <Depth = 5> <ROM>
ST_1 : Operation 84 [1/1] (0.42ns)   --->   "%store_ln111 = store i3 %add_ln111, i3 %i_3" [../../../../HWSWAI/HLS/SampleDatasetMLP.cpp:111]   --->   Operation 84 'store' 'store_ln111' <Predicate = (!icmp_ln111)> <Delay = 0.42>

State 2 <SV = 1> <Delay = 0.67>
ST_2 : Operation 85 [1/2] (0.67ns)   --->   "%output_weights_0_load = load i3 %output_weights_0_addr" [../../../../HWSWAI/HLS/SampleDatasetMLP.cpp:114]   --->   Operation 85 'load' 'output_weights_0_load' <Predicate = true> <Delay = 0.67> <CoreInst = "ROM">   --->   Core 101 'ROM' <Latency = 1> <II = 1> <Delay = 0.67> <Storage> <Opcode : 'load'> <Ports = 0> <Width = 32> <Depth = 5> <ROM>

State 3 <SV = 2> <Delay = 7.01>
ST_3 : Operation 86 [3/3] (7.01ns)   --->   "%mul3 = fmul i32 %hidden_layer_2_load_read, i32 %output_weights_0_load" [../../../../HWSWAI/HLS/SampleDatasetMLP.cpp:114]   --->   Operation 86 'fmul' 'mul3' <Predicate = true> <Delay = 7.01> <CoreInst = "FMul_maxdsp">   --->   Core 30 'FMul_maxdsp' <Latency = 2> <II = 1> <Delay = 7.01> <FuncUnit> <Opcode : 'fmul'> <InPorts = 2> <OutPorts = 1>

State 4 <SV = 3> <Delay = 7.01>
ST_4 : Operation 87 [2/3] (7.01ns)   --->   "%mul3 = fmul i32 %hidden_layer_2_load_read, i32 %output_weights_0_load" [../../../../HWSWAI/HLS/SampleDatasetMLP.cpp:114]   --->   Operation 87 'fmul' 'mul3' <Predicate = true> <Delay = 7.01> <CoreInst = "FMul_maxdsp">   --->   Core 30 'FMul_maxdsp' <Latency = 2> <II = 1> <Delay = 7.01> <FuncUnit> <Opcode : 'fmul'> <InPorts = 2> <OutPorts = 1>

State 5 <SV = 4> <Delay = 7.01>
ST_5 : Operation 88 [1/3] (7.01ns)   --->   "%mul3 = fmul i32 %hidden_layer_2_load_read, i32 %output_weights_0_load" [../../../../HWSWAI/HLS/SampleDatasetMLP.cpp:114]   --->   Operation 88 'fmul' 'mul3' <Predicate = true> <Delay = 7.01> <CoreInst = "FMul_maxdsp">   --->   Core 30 'FMul_maxdsp' <Latency = 2> <II = 1> <Delay = 7.01> <FuncUnit> <Opcode : 'fmul'> <InPorts = 2> <OutPorts = 1>
ST_5 : Operation 89 [1/1] (0.00ns)   --->   "%output_weights_1_addr = getelementptr i32 %output_weights_1, i64 0, i64 %i_3_cast" [../../../../HWSWAI/HLS/SampleDatasetMLP.cpp:114]   --->   Operation 89 'getelementptr' 'output_weights_1_addr' <Predicate = true> <Delay = 0.00>
ST_5 : Operation 90 [2/2] (0.67ns)   --->   "%output_weights_1_load = load i3 %output_weights_1_addr" [../../../../HWSWAI/HLS/SampleDatasetMLP.cpp:114]   --->   Operation 90 'load' 'output_weights_1_load' <Predicate = true> <Delay = 0.67> <CoreInst = "ROM">   --->   Core 101 'ROM' <Latency = 1> <II = 1> <Delay = 0.67> <Storage> <Opcode : 'load'> <Ports = 0> <Width = 32> <Depth = 5> <ROM>

State 6 <SV = 5> <Delay = 6.43>
ST_6 : Operation 91 [4/4] (6.43ns)   --->   "%add5 = fadd i32 %mul3, i32 0" [../../../../HWSWAI/HLS/SampleDatasetMLP.cpp:114]   --->   Operation 91 'fadd' 'add5' <Predicate = true> <Delay = 6.43> <CoreInst = "FAddSub_fulldsp">   --->   Core 18 'FAddSub_fulldsp' <Latency = 3> <II = 1> <Delay = 6.43> <FuncUnit> <Opcode : 'fadd' 'fsub'> <InPorts = 2> <OutPorts = 1>
ST_6 : Operation 92 [1/2] (0.67ns)   --->   "%output_weights_1_load = load i3 %output_weights_1_addr" [../../../../HWSWAI/HLS/SampleDatasetMLP.cpp:114]   --->   Operation 92 'load' 'output_weights_1_load' <Predicate = true> <Delay = 0.67> <CoreInst = "ROM">   --->   Core 101 'ROM' <Latency = 1> <II = 1> <Delay = 0.67> <Storage> <Opcode : 'load'> <Ports = 0> <Width = 32> <Depth = 5> <ROM>

State 7 <SV = 6> <Delay = 7.01>
ST_7 : Operation 93 [3/4] (6.43ns)   --->   "%add5 = fadd i32 %mul3, i32 0" [../../../../HWSWAI/HLS/SampleDatasetMLP.cpp:114]   --->   Operation 93 'fadd' 'add5' <Predicate = true> <Delay = 6.43> <CoreInst = "FAddSub_fulldsp">   --->   Core 18 'FAddSub_fulldsp' <Latency = 3> <II = 1> <Delay = 6.43> <FuncUnit> <Opcode : 'fadd' 'fsub'> <InPorts = 2> <OutPorts = 1>
ST_7 : Operation 94 [3/3] (7.01ns)   --->   "%mul3_1 = fmul i32 %hidden_layer_2_load_1_read, i32 %output_weights_1_load" [../../../../HWSWAI/HLS/SampleDatasetMLP.cpp:114]   --->   Operation 94 'fmul' 'mul3_1' <Predicate = true> <Delay = 7.01> <CoreInst = "FMul_maxdsp">   --->   Core 30 'FMul_maxdsp' <Latency = 2> <II = 1> <Delay = 7.01> <FuncUnit> <Opcode : 'fmul'> <InPorts = 2> <OutPorts = 1>

State 8 <SV = 7> <Delay = 7.01>
ST_8 : Operation 95 [2/4] (6.43ns)   --->   "%add5 = fadd i32 %mul3, i32 0" [../../../../HWSWAI/HLS/SampleDatasetMLP.cpp:114]   --->   Operation 95 'fadd' 'add5' <Predicate = true> <Delay = 6.43> <CoreInst = "FAddSub_fulldsp">   --->   Core 18 'FAddSub_fulldsp' <Latency = 3> <II = 1> <Delay = 6.43> <FuncUnit> <Opcode : 'fadd' 'fsub'> <InPorts = 2> <OutPorts = 1>
ST_8 : Operation 96 [2/3] (7.01ns)   --->   "%mul3_1 = fmul i32 %hidden_layer_2_load_1_read, i32 %output_weights_1_load" [../../../../HWSWAI/HLS/SampleDatasetMLP.cpp:114]   --->   Operation 96 'fmul' 'mul3_1' <Predicate = true> <Delay = 7.01> <CoreInst = "FMul_maxdsp">   --->   Core 30 'FMul_maxdsp' <Latency = 2> <II = 1> <Delay = 7.01> <FuncUnit> <Opcode : 'fmul'> <InPorts = 2> <OutPorts = 1>

State 9 <SV = 8> <Delay = 7.01>
ST_9 : Operation 97 [1/4] (6.43ns)   --->   "%add5 = fadd i32 %mul3, i32 0" [../../../../HWSWAI/HLS/SampleDatasetMLP.cpp:114]   --->   Operation 97 'fadd' 'add5' <Predicate = true> <Delay = 6.43> <CoreInst = "FAddSub_fulldsp">   --->   Core 18 'FAddSub_fulldsp' <Latency = 3> <II = 1> <Delay = 6.43> <FuncUnit> <Opcode : 'fadd' 'fsub'> <InPorts = 2> <OutPorts = 1>
ST_9 : Operation 98 [1/3] (7.01ns)   --->   "%mul3_1 = fmul i32 %hidden_layer_2_load_1_read, i32 %output_weights_1_load" [../../../../HWSWAI/HLS/SampleDatasetMLP.cpp:114]   --->   Operation 98 'fmul' 'mul3_1' <Predicate = true> <Delay = 7.01> <CoreInst = "FMul_maxdsp">   --->   Core 30 'FMul_maxdsp' <Latency = 2> <II = 1> <Delay = 7.01> <FuncUnit> <Opcode : 'fmul'> <InPorts = 2> <OutPorts = 1>
ST_9 : Operation 99 [1/1] (0.00ns)   --->   "%output_weights_2_addr = getelementptr i32 %output_weights_2, i64 0, i64 %i_3_cast" [../../../../HWSWAI/HLS/SampleDatasetMLP.cpp:114]   --->   Operation 99 'getelementptr' 'output_weights_2_addr' <Predicate = true> <Delay = 0.00>
ST_9 : Operation 100 [2/2] (0.67ns)   --->   "%output_weights_2_load = load i3 %output_weights_2_addr" [../../../../HWSWAI/HLS/SampleDatasetMLP.cpp:114]   --->   Operation 100 'load' 'output_weights_2_load' <Predicate = true> <Delay = 0.67> <CoreInst = "ROM">   --->   Core 101 'ROM' <Latency = 1> <II = 1> <Delay = 0.67> <Storage> <Opcode : 'load'> <Ports = 0> <Width = 32> <Depth = 5> <ROM>

State 10 <SV = 9> <Delay = 6.43>
ST_10 : Operation 101 [4/4] (6.43ns)   --->   "%add5_1 = fadd i32 %add5, i32 %mul3_1" [../../../../HWSWAI/HLS/SampleDatasetMLP.cpp:114]   --->   Operation 101 'fadd' 'add5_1' <Predicate = true> <Delay = 6.43> <CoreInst = "FAddSub_fulldsp">   --->   Core 18 'FAddSub_fulldsp' <Latency = 3> <II = 1> <Delay = 6.43> <FuncUnit> <Opcode : 'fadd' 'fsub'> <InPorts = 2> <OutPorts = 1>
ST_10 : Operation 102 [1/2] (0.67ns)   --->   "%output_weights_2_load = load i3 %output_weights_2_addr" [../../../../HWSWAI/HLS/SampleDatasetMLP.cpp:114]   --->   Operation 102 'load' 'output_weights_2_load' <Predicate = true> <Delay = 0.67> <CoreInst = "ROM">   --->   Core 101 'ROM' <Latency = 1> <II = 1> <Delay = 0.67> <Storage> <Opcode : 'load'> <Ports = 0> <Width = 32> <Depth = 5> <ROM>

State 11 <SV = 10> <Delay = 7.01>
ST_11 : Operation 103 [3/4] (6.43ns)   --->   "%add5_1 = fadd i32 %add5, i32 %mul3_1" [../../../../HWSWAI/HLS/SampleDatasetMLP.cpp:114]   --->   Operation 103 'fadd' 'add5_1' <Predicate = true> <Delay = 6.43> <CoreInst = "FAddSub_fulldsp">   --->   Core 18 'FAddSub_fulldsp' <Latency = 3> <II = 1> <Delay = 6.43> <FuncUnit> <Opcode : 'fadd' 'fsub'> <InPorts = 2> <OutPorts = 1>
ST_11 : Operation 104 [3/3] (7.01ns)   --->   "%mul3_2 = fmul i32 %hidden_layer_2_load_2_read, i32 %output_weights_2_load" [../../../../HWSWAI/HLS/SampleDatasetMLP.cpp:114]   --->   Operation 104 'fmul' 'mul3_2' <Predicate = true> <Delay = 7.01> <CoreInst = "FMul_maxdsp">   --->   Core 30 'FMul_maxdsp' <Latency = 2> <II = 1> <Delay = 7.01> <FuncUnit> <Opcode : 'fmul'> <InPorts = 2> <OutPorts = 1>

State 12 <SV = 11> <Delay = 7.01>
ST_12 : Operation 105 [2/4] (6.43ns)   --->   "%add5_1 = fadd i32 %add5, i32 %mul3_1" [../../../../HWSWAI/HLS/SampleDatasetMLP.cpp:114]   --->   Operation 105 'fadd' 'add5_1' <Predicate = true> <Delay = 6.43> <CoreInst = "FAddSub_fulldsp">   --->   Core 18 'FAddSub_fulldsp' <Latency = 3> <II = 1> <Delay = 6.43> <FuncUnit> <Opcode : 'fadd' 'fsub'> <InPorts = 2> <OutPorts = 1>
ST_12 : Operation 106 [2/3] (7.01ns)   --->   "%mul3_2 = fmul i32 %hidden_layer_2_load_2_read, i32 %output_weights_2_load" [../../../../HWSWAI/HLS/SampleDatasetMLP.cpp:114]   --->   Operation 106 'fmul' 'mul3_2' <Predicate = true> <Delay = 7.01> <CoreInst = "FMul_maxdsp">   --->   Core 30 'FMul_maxdsp' <Latency = 2> <II = 1> <Delay = 7.01> <FuncUnit> <Opcode : 'fmul'> <InPorts = 2> <OutPorts = 1>

State 13 <SV = 12> <Delay = 7.01>
ST_13 : Operation 107 [1/4] (6.43ns)   --->   "%add5_1 = fadd i32 %add5, i32 %mul3_1" [../../../../HWSWAI/HLS/SampleDatasetMLP.cpp:114]   --->   Operation 107 'fadd' 'add5_1' <Predicate = true> <Delay = 6.43> <CoreInst = "FAddSub_fulldsp">   --->   Core 18 'FAddSub_fulldsp' <Latency = 3> <II = 1> <Delay = 6.43> <FuncUnit> <Opcode : 'fadd' 'fsub'> <InPorts = 2> <OutPorts = 1>
ST_13 : Operation 108 [1/3] (7.01ns)   --->   "%mul3_2 = fmul i32 %hidden_layer_2_load_2_read, i32 %output_weights_2_load" [../../../../HWSWAI/HLS/SampleDatasetMLP.cpp:114]   --->   Operation 108 'fmul' 'mul3_2' <Predicate = true> <Delay = 7.01> <CoreInst = "FMul_maxdsp">   --->   Core 30 'FMul_maxdsp' <Latency = 2> <II = 1> <Delay = 7.01> <FuncUnit> <Opcode : 'fmul'> <InPorts = 2> <OutPorts = 1>
ST_13 : Operation 109 [1/1] (0.00ns)   --->   "%output_weights_3_addr = getelementptr i32 %output_weights_3, i64 0, i64 %i_3_cast" [../../../../HWSWAI/HLS/SampleDatasetMLP.cpp:114]   --->   Operation 109 'getelementptr' 'output_weights_3_addr' <Predicate = true> <Delay = 0.00>
ST_13 : Operation 110 [2/2] (0.67ns)   --->   "%output_weights_3_load = load i3 %output_weights_3_addr" [../../../../HWSWAI/HLS/SampleDatasetMLP.cpp:114]   --->   Operation 110 'load' 'output_weights_3_load' <Predicate = true> <Delay = 0.67> <CoreInst = "ROM">   --->   Core 101 'ROM' <Latency = 1> <II = 1> <Delay = 0.67> <Storage> <Opcode : 'load'> <Ports = 0> <Width = 32> <Depth = 5> <ROM>

State 14 <SV = 13> <Delay = 6.43>
ST_14 : Operation 111 [4/4] (6.43ns)   --->   "%add5_2 = fadd i32 %add5_1, i32 %mul3_2" [../../../../HWSWAI/HLS/SampleDatasetMLP.cpp:114]   --->   Operation 111 'fadd' 'add5_2' <Predicate = true> <Delay = 6.43> <CoreInst = "FAddSub_fulldsp">   --->   Core 18 'FAddSub_fulldsp' <Latency = 3> <II = 1> <Delay = 6.43> <FuncUnit> <Opcode : 'fadd' 'fsub'> <InPorts = 2> <OutPorts = 1>
ST_14 : Operation 112 [1/2] (0.67ns)   --->   "%output_weights_3_load = load i3 %output_weights_3_addr" [../../../../HWSWAI/HLS/SampleDatasetMLP.cpp:114]   --->   Operation 112 'load' 'output_weights_3_load' <Predicate = true> <Delay = 0.67> <CoreInst = "ROM">   --->   Core 101 'ROM' <Latency = 1> <II = 1> <Delay = 0.67> <Storage> <Opcode : 'load'> <Ports = 0> <Width = 32> <Depth = 5> <ROM>

State 15 <SV = 14> <Delay = 7.01>
ST_15 : Operation 113 [3/4] (6.43ns)   --->   "%add5_2 = fadd i32 %add5_1, i32 %mul3_2" [../../../../HWSWAI/HLS/SampleDatasetMLP.cpp:114]   --->   Operation 113 'fadd' 'add5_2' <Predicate = true> <Delay = 6.43> <CoreInst = "FAddSub_fulldsp">   --->   Core 18 'FAddSub_fulldsp' <Latency = 3> <II = 1> <Delay = 6.43> <FuncUnit> <Opcode : 'fadd' 'fsub'> <InPorts = 2> <OutPorts = 1>
ST_15 : Operation 114 [3/3] (7.01ns)   --->   "%mul3_3 = fmul i32 %hidden_layer_2_load_3_read, i32 %output_weights_3_load" [../../../../HWSWAI/HLS/SampleDatasetMLP.cpp:114]   --->   Operation 114 'fmul' 'mul3_3' <Predicate = true> <Delay = 7.01> <CoreInst = "FMul_maxdsp">   --->   Core 30 'FMul_maxdsp' <Latency = 2> <II = 1> <Delay = 7.01> <FuncUnit> <Opcode : 'fmul'> <InPorts = 2> <OutPorts = 1>

State 16 <SV = 15> <Delay = 7.01>
ST_16 : Operation 115 [2/4] (6.43ns)   --->   "%add5_2 = fadd i32 %add5_1, i32 %mul3_2" [../../../../HWSWAI/HLS/SampleDatasetMLP.cpp:114]   --->   Operation 115 'fadd' 'add5_2' <Predicate = true> <Delay = 6.43> <CoreInst = "FAddSub_fulldsp">   --->   Core 18 'FAddSub_fulldsp' <Latency = 3> <II = 1> <Delay = 6.43> <FuncUnit> <Opcode : 'fadd' 'fsub'> <InPorts = 2> <OutPorts = 1>
ST_16 : Operation 116 [2/3] (7.01ns)   --->   "%mul3_3 = fmul i32 %hidden_layer_2_load_3_read, i32 %output_weights_3_load" [../../../../HWSWAI/HLS/SampleDatasetMLP.cpp:114]   --->   Operation 116 'fmul' 'mul3_3' <Predicate = true> <Delay = 7.01> <CoreInst = "FMul_maxdsp">   --->   Core 30 'FMul_maxdsp' <Latency = 2> <II = 1> <Delay = 7.01> <FuncUnit> <Opcode : 'fmul'> <InPorts = 2> <OutPorts = 1>

State 17 <SV = 16> <Delay = 7.01>
ST_17 : Operation 117 [1/4] (6.43ns)   --->   "%add5_2 = fadd i32 %add5_1, i32 %mul3_2" [../../../../HWSWAI/HLS/SampleDatasetMLP.cpp:114]   --->   Operation 117 'fadd' 'add5_2' <Predicate = true> <Delay = 6.43> <CoreInst = "FAddSub_fulldsp">   --->   Core 18 'FAddSub_fulldsp' <Latency = 3> <II = 1> <Delay = 6.43> <FuncUnit> <Opcode : 'fadd' 'fsub'> <InPorts = 2> <OutPorts = 1>
ST_17 : Operation 118 [1/3] (7.01ns)   --->   "%mul3_3 = fmul i32 %hidden_layer_2_load_3_read, i32 %output_weights_3_load" [../../../../HWSWAI/HLS/SampleDatasetMLP.cpp:114]   --->   Operation 118 'fmul' 'mul3_3' <Predicate = true> <Delay = 7.01> <CoreInst = "FMul_maxdsp">   --->   Core 30 'FMul_maxdsp' <Latency = 2> <II = 1> <Delay = 7.01> <FuncUnit> <Opcode : 'fmul'> <InPorts = 2> <OutPorts = 1>
ST_17 : Operation 119 [1/1] (0.00ns)   --->   "%output_weights_4_addr = getelementptr i32 %output_weights_4, i64 0, i64 %i_3_cast" [../../../../HWSWAI/HLS/SampleDatasetMLP.cpp:114]   --->   Operation 119 'getelementptr' 'output_weights_4_addr' <Predicate = true> <Delay = 0.00>
ST_17 : Operation 120 [2/2] (0.67ns)   --->   "%output_weights_4_load = load i3 %output_weights_4_addr" [../../../../HWSWAI/HLS/SampleDatasetMLP.cpp:114]   --->   Operation 120 'load' 'output_weights_4_load' <Predicate = true> <Delay = 0.67> <CoreInst = "ROM">   --->   Core 101 'ROM' <Latency = 1> <II = 1> <Delay = 0.67> <Storage> <Opcode : 'load'> <Ports = 0> <Width = 32> <Depth = 5> <ROM>

State 18 <SV = 17> <Delay = 6.43>
ST_18 : Operation 121 [4/4] (6.43ns)   --->   "%add5_3 = fadd i32 %add5_2, i32 %mul3_3" [../../../../HWSWAI/HLS/SampleDatasetMLP.cpp:114]   --->   Operation 121 'fadd' 'add5_3' <Predicate = true> <Delay = 6.43> <CoreInst = "FAddSub_fulldsp">   --->   Core 18 'FAddSub_fulldsp' <Latency = 3> <II = 1> <Delay = 6.43> <FuncUnit> <Opcode : 'fadd' 'fsub'> <InPorts = 2> <OutPorts = 1>
ST_18 : Operation 122 [1/2] (0.67ns)   --->   "%output_weights_4_load = load i3 %output_weights_4_addr" [../../../../HWSWAI/HLS/SampleDatasetMLP.cpp:114]   --->   Operation 122 'load' 'output_weights_4_load' <Predicate = true> <Delay = 0.67> <CoreInst = "ROM">   --->   Core 101 'ROM' <Latency = 1> <II = 1> <Delay = 0.67> <Storage> <Opcode : 'load'> <Ports = 0> <Width = 32> <Depth = 5> <ROM>

State 19 <SV = 18> <Delay = 7.01>
ST_19 : Operation 123 [3/4] (6.43ns)   --->   "%add5_3 = fadd i32 %add5_2, i32 %mul3_3" [../../../../HWSWAI/HLS/SampleDatasetMLP.cpp:114]   --->   Operation 123 'fadd' 'add5_3' <Predicate = true> <Delay = 6.43> <CoreInst = "FAddSub_fulldsp">   --->   Core 18 'FAddSub_fulldsp' <Latency = 3> <II = 1> <Delay = 6.43> <FuncUnit> <Opcode : 'fadd' 'fsub'> <InPorts = 2> <OutPorts = 1>
ST_19 : Operation 124 [3/3] (7.01ns)   --->   "%mul3_4 = fmul i32 %hidden_layer_2_load_4_read, i32 %output_weights_4_load" [../../../../HWSWAI/HLS/SampleDatasetMLP.cpp:114]   --->   Operation 124 'fmul' 'mul3_4' <Predicate = true> <Delay = 7.01> <CoreInst = "FMul_maxdsp">   --->   Core 30 'FMul_maxdsp' <Latency = 2> <II = 1> <Delay = 7.01> <FuncUnit> <Opcode : 'fmul'> <InPorts = 2> <OutPorts = 1>

State 20 <SV = 19> <Delay = 7.01>
ST_20 : Operation 125 [2/4] (6.43ns)   --->   "%add5_3 = fadd i32 %add5_2, i32 %mul3_3" [../../../../HWSWAI/HLS/SampleDatasetMLP.cpp:114]   --->   Operation 125 'fadd' 'add5_3' <Predicate = true> <Delay = 6.43> <CoreInst = "FAddSub_fulldsp">   --->   Core 18 'FAddSub_fulldsp' <Latency = 3> <II = 1> <Delay = 6.43> <FuncUnit> <Opcode : 'fadd' 'fsub'> <InPorts = 2> <OutPorts = 1>
ST_20 : Operation 126 [2/3] (7.01ns)   --->   "%mul3_4 = fmul i32 %hidden_layer_2_load_4_read, i32 %output_weights_4_load" [../../../../HWSWAI/HLS/SampleDatasetMLP.cpp:114]   --->   Operation 126 'fmul' 'mul3_4' <Predicate = true> <Delay = 7.01> <CoreInst = "FMul_maxdsp">   --->   Core 30 'FMul_maxdsp' <Latency = 2> <II = 1> <Delay = 7.01> <FuncUnit> <Opcode : 'fmul'> <InPorts = 2> <OutPorts = 1>

State 21 <SV = 20> <Delay = 7.01>
ST_21 : Operation 127 [1/4] (6.43ns)   --->   "%add5_3 = fadd i32 %add5_2, i32 %mul3_3" [../../../../HWSWAI/HLS/SampleDatasetMLP.cpp:114]   --->   Operation 127 'fadd' 'add5_3' <Predicate = true> <Delay = 6.43> <CoreInst = "FAddSub_fulldsp">   --->   Core 18 'FAddSub_fulldsp' <Latency = 3> <II = 1> <Delay = 6.43> <FuncUnit> <Opcode : 'fadd' 'fsub'> <InPorts = 2> <OutPorts = 1>
ST_21 : Operation 128 [1/3] (7.01ns)   --->   "%mul3_4 = fmul i32 %hidden_layer_2_load_4_read, i32 %output_weights_4_load" [../../../../HWSWAI/HLS/SampleDatasetMLP.cpp:114]   --->   Operation 128 'fmul' 'mul3_4' <Predicate = true> <Delay = 7.01> <CoreInst = "FMul_maxdsp">   --->   Core 30 'FMul_maxdsp' <Latency = 2> <II = 1> <Delay = 7.01> <FuncUnit> <Opcode : 'fmul'> <InPorts = 2> <OutPorts = 1>
ST_21 : Operation 129 [1/1] (0.00ns)   --->   "%output_weights_5_addr = getelementptr i32 %output_weights_5, i64 0, i64 %i_3_cast" [../../../../HWSWAI/HLS/SampleDatasetMLP.cpp:114]   --->   Operation 129 'getelementptr' 'output_weights_5_addr' <Predicate = true> <Delay = 0.00>
ST_21 : Operation 130 [2/2] (0.67ns)   --->   "%output_weights_5_load = load i3 %output_weights_5_addr" [../../../../HWSWAI/HLS/SampleDatasetMLP.cpp:114]   --->   Operation 130 'load' 'output_weights_5_load' <Predicate = true> <Delay = 0.67> <CoreInst = "ROM">   --->   Core 101 'ROM' <Latency = 1> <II = 1> <Delay = 0.67> <Storage> <Opcode : 'load'> <Ports = 0> <Width = 32> <Depth = 5> <ROM>

State 22 <SV = 21> <Delay = 6.43>
ST_22 : Operation 131 [4/4] (6.43ns)   --->   "%add5_4 = fadd i32 %add5_3, i32 %mul3_4" [../../../../HWSWAI/HLS/SampleDatasetMLP.cpp:114]   --->   Operation 131 'fadd' 'add5_4' <Predicate = true> <Delay = 6.43> <CoreInst = "FAddSub_fulldsp">   --->   Core 18 'FAddSub_fulldsp' <Latency = 3> <II = 1> <Delay = 6.43> <FuncUnit> <Opcode : 'fadd' 'fsub'> <InPorts = 2> <OutPorts = 1>
ST_22 : Operation 132 [1/2] (0.67ns)   --->   "%output_weights_5_load = load i3 %output_weights_5_addr" [../../../../HWSWAI/HLS/SampleDatasetMLP.cpp:114]   --->   Operation 132 'load' 'output_weights_5_load' <Predicate = true> <Delay = 0.67> <CoreInst = "ROM">   --->   Core 101 'ROM' <Latency = 1> <II = 1> <Delay = 0.67> <Storage> <Opcode : 'load'> <Ports = 0> <Width = 32> <Depth = 5> <ROM>

State 23 <SV = 22> <Delay = 7.01>
ST_23 : Operation 133 [3/4] (6.43ns)   --->   "%add5_4 = fadd i32 %add5_3, i32 %mul3_4" [../../../../HWSWAI/HLS/SampleDatasetMLP.cpp:114]   --->   Operation 133 'fadd' 'add5_4' <Predicate = true> <Delay = 6.43> <CoreInst = "FAddSub_fulldsp">   --->   Core 18 'FAddSub_fulldsp' <Latency = 3> <II = 1> <Delay = 6.43> <FuncUnit> <Opcode : 'fadd' 'fsub'> <InPorts = 2> <OutPorts = 1>
ST_23 : Operation 134 [3/3] (7.01ns)   --->   "%mul3_5 = fmul i32 %hidden_layer_2_load_5_read, i32 %output_weights_5_load" [../../../../HWSWAI/HLS/SampleDatasetMLP.cpp:114]   --->   Operation 134 'fmul' 'mul3_5' <Predicate = true> <Delay = 7.01> <CoreInst = "FMul_maxdsp">   --->   Core 30 'FMul_maxdsp' <Latency = 2> <II = 1> <Delay = 7.01> <FuncUnit> <Opcode : 'fmul'> <InPorts = 2> <OutPorts = 1>

State 24 <SV = 23> <Delay = 7.01>
ST_24 : Operation 135 [2/4] (6.43ns)   --->   "%add5_4 = fadd i32 %add5_3, i32 %mul3_4" [../../../../HWSWAI/HLS/SampleDatasetMLP.cpp:114]   --->   Operation 135 'fadd' 'add5_4' <Predicate = true> <Delay = 6.43> <CoreInst = "FAddSub_fulldsp">   --->   Core 18 'FAddSub_fulldsp' <Latency = 3> <II = 1> <Delay = 6.43> <FuncUnit> <Opcode : 'fadd' 'fsub'> <InPorts = 2> <OutPorts = 1>
ST_24 : Operation 136 [2/3] (7.01ns)   --->   "%mul3_5 = fmul i32 %hidden_layer_2_load_5_read, i32 %output_weights_5_load" [../../../../HWSWAI/HLS/SampleDatasetMLP.cpp:114]   --->   Operation 136 'fmul' 'mul3_5' <Predicate = true> <Delay = 7.01> <CoreInst = "FMul_maxdsp">   --->   Core 30 'FMul_maxdsp' <Latency = 2> <II = 1> <Delay = 7.01> <FuncUnit> <Opcode : 'fmul'> <InPorts = 2> <OutPorts = 1>

State 25 <SV = 24> <Delay = 7.01>
ST_25 : Operation 137 [1/4] (6.43ns)   --->   "%add5_4 = fadd i32 %add5_3, i32 %mul3_4" [../../../../HWSWAI/HLS/SampleDatasetMLP.cpp:114]   --->   Operation 137 'fadd' 'add5_4' <Predicate = true> <Delay = 6.43> <CoreInst = "FAddSub_fulldsp">   --->   Core 18 'FAddSub_fulldsp' <Latency = 3> <II = 1> <Delay = 6.43> <FuncUnit> <Opcode : 'fadd' 'fsub'> <InPorts = 2> <OutPorts = 1>
ST_25 : Operation 138 [1/3] (7.01ns)   --->   "%mul3_5 = fmul i32 %hidden_layer_2_load_5_read, i32 %output_weights_5_load" [../../../../HWSWAI/HLS/SampleDatasetMLP.cpp:114]   --->   Operation 138 'fmul' 'mul3_5' <Predicate = true> <Delay = 7.01> <CoreInst = "FMul_maxdsp">   --->   Core 30 'FMul_maxdsp' <Latency = 2> <II = 1> <Delay = 7.01> <FuncUnit> <Opcode : 'fmul'> <InPorts = 2> <OutPorts = 1>
ST_25 : Operation 139 [1/1] (0.00ns)   --->   "%output_weights_6_addr = getelementptr i32 %output_weights_6, i64 0, i64 %i_3_cast" [../../../../HWSWAI/HLS/SampleDatasetMLP.cpp:114]   --->   Operation 139 'getelementptr' 'output_weights_6_addr' <Predicate = true> <Delay = 0.00>
ST_25 : Operation 140 [2/2] (0.67ns)   --->   "%output_weights_6_load = load i3 %output_weights_6_addr" [../../../../HWSWAI/HLS/SampleDatasetMLP.cpp:114]   --->   Operation 140 'load' 'output_weights_6_load' <Predicate = true> <Delay = 0.67> <CoreInst = "ROM">   --->   Core 101 'ROM' <Latency = 1> <II = 1> <Delay = 0.67> <Storage> <Opcode : 'load'> <Ports = 0> <Width = 32> <Depth = 5> <ROM>

State 26 <SV = 25> <Delay = 6.43>
ST_26 : Operation 141 [4/4] (6.43ns)   --->   "%add5_5 = fadd i32 %add5_4, i32 %mul3_5" [../../../../HWSWAI/HLS/SampleDatasetMLP.cpp:114]   --->   Operation 141 'fadd' 'add5_5' <Predicate = true> <Delay = 6.43> <CoreInst = "FAddSub_fulldsp">   --->   Core 18 'FAddSub_fulldsp' <Latency = 3> <II = 1> <Delay = 6.43> <FuncUnit> <Opcode : 'fadd' 'fsub'> <InPorts = 2> <OutPorts = 1>
ST_26 : Operation 142 [1/2] (0.67ns)   --->   "%output_weights_6_load = load i3 %output_weights_6_addr" [../../../../HWSWAI/HLS/SampleDatasetMLP.cpp:114]   --->   Operation 142 'load' 'output_weights_6_load' <Predicate = true> <Delay = 0.67> <CoreInst = "ROM">   --->   Core 101 'ROM' <Latency = 1> <II = 1> <Delay = 0.67> <Storage> <Opcode : 'load'> <Ports = 0> <Width = 32> <Depth = 5> <ROM>

State 27 <SV = 26> <Delay = 7.01>
ST_27 : Operation 143 [3/4] (6.43ns)   --->   "%add5_5 = fadd i32 %add5_4, i32 %mul3_5" [../../../../HWSWAI/HLS/SampleDatasetMLP.cpp:114]   --->   Operation 143 'fadd' 'add5_5' <Predicate = true> <Delay = 6.43> <CoreInst = "FAddSub_fulldsp">   --->   Core 18 'FAddSub_fulldsp' <Latency = 3> <II = 1> <Delay = 6.43> <FuncUnit> <Opcode : 'fadd' 'fsub'> <InPorts = 2> <OutPorts = 1>
ST_27 : Operation 144 [3/3] (7.01ns)   --->   "%mul3_6 = fmul i32 %hidden_layer_2_load_6_read, i32 %output_weights_6_load" [../../../../HWSWAI/HLS/SampleDatasetMLP.cpp:114]   --->   Operation 144 'fmul' 'mul3_6' <Predicate = true> <Delay = 7.01> <CoreInst = "FMul_maxdsp">   --->   Core 30 'FMul_maxdsp' <Latency = 2> <II = 1> <Delay = 7.01> <FuncUnit> <Opcode : 'fmul'> <InPorts = 2> <OutPorts = 1>

State 28 <SV = 27> <Delay = 7.01>
ST_28 : Operation 145 [2/4] (6.43ns)   --->   "%add5_5 = fadd i32 %add5_4, i32 %mul3_5" [../../../../HWSWAI/HLS/SampleDatasetMLP.cpp:114]   --->   Operation 145 'fadd' 'add5_5' <Predicate = true> <Delay = 6.43> <CoreInst = "FAddSub_fulldsp">   --->   Core 18 'FAddSub_fulldsp' <Latency = 3> <II = 1> <Delay = 6.43> <FuncUnit> <Opcode : 'fadd' 'fsub'> <InPorts = 2> <OutPorts = 1>
ST_28 : Operation 146 [2/3] (7.01ns)   --->   "%mul3_6 = fmul i32 %hidden_layer_2_load_6_read, i32 %output_weights_6_load" [../../../../HWSWAI/HLS/SampleDatasetMLP.cpp:114]   --->   Operation 146 'fmul' 'mul3_6' <Predicate = true> <Delay = 7.01> <CoreInst = "FMul_maxdsp">   --->   Core 30 'FMul_maxdsp' <Latency = 2> <II = 1> <Delay = 7.01> <FuncUnit> <Opcode : 'fmul'> <InPorts = 2> <OutPorts = 1>

State 29 <SV = 28> <Delay = 7.01>
ST_29 : Operation 147 [1/4] (6.43ns)   --->   "%add5_5 = fadd i32 %add5_4, i32 %mul3_5" [../../../../HWSWAI/HLS/SampleDatasetMLP.cpp:114]   --->   Operation 147 'fadd' 'add5_5' <Predicate = true> <Delay = 6.43> <CoreInst = "FAddSub_fulldsp">   --->   Core 18 'FAddSub_fulldsp' <Latency = 3> <II = 1> <Delay = 6.43> <FuncUnit> <Opcode : 'fadd' 'fsub'> <InPorts = 2> <OutPorts = 1>
ST_29 : Operation 148 [1/3] (7.01ns)   --->   "%mul3_6 = fmul i32 %hidden_layer_2_load_6_read, i32 %output_weights_6_load" [../../../../HWSWAI/HLS/SampleDatasetMLP.cpp:114]   --->   Operation 148 'fmul' 'mul3_6' <Predicate = true> <Delay = 7.01> <CoreInst = "FMul_maxdsp">   --->   Core 30 'FMul_maxdsp' <Latency = 2> <II = 1> <Delay = 7.01> <FuncUnit> <Opcode : 'fmul'> <InPorts = 2> <OutPorts = 1>
ST_29 : Operation 149 [1/1] (0.00ns)   --->   "%output_weights_7_addr = getelementptr i32 %output_weights_7, i64 0, i64 %i_3_cast" [../../../../HWSWAI/HLS/SampleDatasetMLP.cpp:114]   --->   Operation 149 'getelementptr' 'output_weights_7_addr' <Predicate = true> <Delay = 0.00>
ST_29 : Operation 150 [2/2] (0.67ns)   --->   "%output_weights_7_load = load i3 %output_weights_7_addr" [../../../../HWSWAI/HLS/SampleDatasetMLP.cpp:114]   --->   Operation 150 'load' 'output_weights_7_load' <Predicate = true> <Delay = 0.67> <CoreInst = "ROM">   --->   Core 101 'ROM' <Latency = 1> <II = 1> <Delay = 0.67> <Storage> <Opcode : 'load'> <Ports = 0> <Width = 32> <Depth = 5> <ROM>

State 30 <SV = 29> <Delay = 6.43>
ST_30 : Operation 151 [4/4] (6.43ns)   --->   "%add5_6 = fadd i32 %add5_5, i32 %mul3_6" [../../../../HWSWAI/HLS/SampleDatasetMLP.cpp:114]   --->   Operation 151 'fadd' 'add5_6' <Predicate = true> <Delay = 6.43> <CoreInst = "FAddSub_fulldsp">   --->   Core 18 'FAddSub_fulldsp' <Latency = 3> <II = 1> <Delay = 6.43> <FuncUnit> <Opcode : 'fadd' 'fsub'> <InPorts = 2> <OutPorts = 1>
ST_30 : Operation 152 [1/2] (0.67ns)   --->   "%output_weights_7_load = load i3 %output_weights_7_addr" [../../../../HWSWAI/HLS/SampleDatasetMLP.cpp:114]   --->   Operation 152 'load' 'output_weights_7_load' <Predicate = true> <Delay = 0.67> <CoreInst = "ROM">   --->   Core 101 'ROM' <Latency = 1> <II = 1> <Delay = 0.67> <Storage> <Opcode : 'load'> <Ports = 0> <Width = 32> <Depth = 5> <ROM>

State 31 <SV = 30> <Delay = 7.01>
ST_31 : Operation 153 [3/4] (6.43ns)   --->   "%add5_6 = fadd i32 %add5_5, i32 %mul3_6" [../../../../HWSWAI/HLS/SampleDatasetMLP.cpp:114]   --->   Operation 153 'fadd' 'add5_6' <Predicate = true> <Delay = 6.43> <CoreInst = "FAddSub_fulldsp">   --->   Core 18 'FAddSub_fulldsp' <Latency = 3> <II = 1> <Delay = 6.43> <FuncUnit> <Opcode : 'fadd' 'fsub'> <InPorts = 2> <OutPorts = 1>
ST_31 : Operation 154 [3/3] (7.01ns)   --->   "%mul3_7 = fmul i32 %hidden_layer_2_load_7_read, i32 %output_weights_7_load" [../../../../HWSWAI/HLS/SampleDatasetMLP.cpp:114]   --->   Operation 154 'fmul' 'mul3_7' <Predicate = true> <Delay = 7.01> <CoreInst = "FMul_maxdsp">   --->   Core 30 'FMul_maxdsp' <Latency = 2> <II = 1> <Delay = 7.01> <FuncUnit> <Opcode : 'fmul'> <InPorts = 2> <OutPorts = 1>

State 32 <SV = 31> <Delay = 7.01>
ST_32 : Operation 155 [2/4] (6.43ns)   --->   "%add5_6 = fadd i32 %add5_5, i32 %mul3_6" [../../../../HWSWAI/HLS/SampleDatasetMLP.cpp:114]   --->   Operation 155 'fadd' 'add5_6' <Predicate = true> <Delay = 6.43> <CoreInst = "FAddSub_fulldsp">   --->   Core 18 'FAddSub_fulldsp' <Latency = 3> <II = 1> <Delay = 6.43> <FuncUnit> <Opcode : 'fadd' 'fsub'> <InPorts = 2> <OutPorts = 1>
ST_32 : Operation 156 [2/3] (7.01ns)   --->   "%mul3_7 = fmul i32 %hidden_layer_2_load_7_read, i32 %output_weights_7_load" [../../../../HWSWAI/HLS/SampleDatasetMLP.cpp:114]   --->   Operation 156 'fmul' 'mul3_7' <Predicate = true> <Delay = 7.01> <CoreInst = "FMul_maxdsp">   --->   Core 30 'FMul_maxdsp' <Latency = 2> <II = 1> <Delay = 7.01> <FuncUnit> <Opcode : 'fmul'> <InPorts = 2> <OutPorts = 1>

State 33 <SV = 32> <Delay = 7.01>
ST_33 : Operation 157 [1/4] (6.43ns)   --->   "%add5_6 = fadd i32 %add5_5, i32 %mul3_6" [../../../../HWSWAI/HLS/SampleDatasetMLP.cpp:114]   --->   Operation 157 'fadd' 'add5_6' <Predicate = true> <Delay = 6.43> <CoreInst = "FAddSub_fulldsp">   --->   Core 18 'FAddSub_fulldsp' <Latency = 3> <II = 1> <Delay = 6.43> <FuncUnit> <Opcode : 'fadd' 'fsub'> <InPorts = 2> <OutPorts = 1>
ST_33 : Operation 158 [1/3] (7.01ns)   --->   "%mul3_7 = fmul i32 %hidden_layer_2_load_7_read, i32 %output_weights_7_load" [../../../../HWSWAI/HLS/SampleDatasetMLP.cpp:114]   --->   Operation 158 'fmul' 'mul3_7' <Predicate = true> <Delay = 7.01> <CoreInst = "FMul_maxdsp">   --->   Core 30 'FMul_maxdsp' <Latency = 2> <II = 1> <Delay = 7.01> <FuncUnit> <Opcode : 'fmul'> <InPorts = 2> <OutPorts = 1>
ST_33 : Operation 159 [1/1] (0.00ns)   --->   "%output_weights_8_addr = getelementptr i32 %output_weights_8, i64 0, i64 %i_3_cast" [../../../../HWSWAI/HLS/SampleDatasetMLP.cpp:114]   --->   Operation 159 'getelementptr' 'output_weights_8_addr' <Predicate = true> <Delay = 0.00>
ST_33 : Operation 160 [2/2] (0.67ns)   --->   "%output_weights_8_load = load i3 %output_weights_8_addr" [../../../../HWSWAI/HLS/SampleDatasetMLP.cpp:114]   --->   Operation 160 'load' 'output_weights_8_load' <Predicate = true> <Delay = 0.67> <CoreInst = "ROM">   --->   Core 101 'ROM' <Latency = 1> <II = 1> <Delay = 0.67> <Storage> <Opcode : 'load'> <Ports = 0> <Width = 32> <Depth = 5> <ROM>

State 34 <SV = 33> <Delay = 6.43>
ST_34 : Operation 161 [4/4] (6.43ns)   --->   "%add5_7 = fadd i32 %add5_6, i32 %mul3_7" [../../../../HWSWAI/HLS/SampleDatasetMLP.cpp:114]   --->   Operation 161 'fadd' 'add5_7' <Predicate = true> <Delay = 6.43> <CoreInst = "FAddSub_fulldsp">   --->   Core 18 'FAddSub_fulldsp' <Latency = 3> <II = 1> <Delay = 6.43> <FuncUnit> <Opcode : 'fadd' 'fsub'> <InPorts = 2> <OutPorts = 1>
ST_34 : Operation 162 [1/2] (0.67ns)   --->   "%output_weights_8_load = load i3 %output_weights_8_addr" [../../../../HWSWAI/HLS/SampleDatasetMLP.cpp:114]   --->   Operation 162 'load' 'output_weights_8_load' <Predicate = true> <Delay = 0.67> <CoreInst = "ROM">   --->   Core 101 'ROM' <Latency = 1> <II = 1> <Delay = 0.67> <Storage> <Opcode : 'load'> <Ports = 0> <Width = 32> <Depth = 5> <ROM>

State 35 <SV = 34> <Delay = 7.01>
ST_35 : Operation 163 [3/4] (6.43ns)   --->   "%add5_7 = fadd i32 %add5_6, i32 %mul3_7" [../../../../HWSWAI/HLS/SampleDatasetMLP.cpp:114]   --->   Operation 163 'fadd' 'add5_7' <Predicate = true> <Delay = 6.43> <CoreInst = "FAddSub_fulldsp">   --->   Core 18 'FAddSub_fulldsp' <Latency = 3> <II = 1> <Delay = 6.43> <FuncUnit> <Opcode : 'fadd' 'fsub'> <InPorts = 2> <OutPorts = 1>
ST_35 : Operation 164 [3/3] (7.01ns)   --->   "%mul3_8 = fmul i32 %hidden_layer_2_load_8_read, i32 %output_weights_8_load" [../../../../HWSWAI/HLS/SampleDatasetMLP.cpp:114]   --->   Operation 164 'fmul' 'mul3_8' <Predicate = true> <Delay = 7.01> <CoreInst = "FMul_maxdsp">   --->   Core 30 'FMul_maxdsp' <Latency = 2> <II = 1> <Delay = 7.01> <FuncUnit> <Opcode : 'fmul'> <InPorts = 2> <OutPorts = 1>

State 36 <SV = 35> <Delay = 7.01>
ST_36 : Operation 165 [2/4] (6.43ns)   --->   "%add5_7 = fadd i32 %add5_6, i32 %mul3_7" [../../../../HWSWAI/HLS/SampleDatasetMLP.cpp:114]   --->   Operation 165 'fadd' 'add5_7' <Predicate = true> <Delay = 6.43> <CoreInst = "FAddSub_fulldsp">   --->   Core 18 'FAddSub_fulldsp' <Latency = 3> <II = 1> <Delay = 6.43> <FuncUnit> <Opcode : 'fadd' 'fsub'> <InPorts = 2> <OutPorts = 1>
ST_36 : Operation 166 [2/3] (7.01ns)   --->   "%mul3_8 = fmul i32 %hidden_layer_2_load_8_read, i32 %output_weights_8_load" [../../../../HWSWAI/HLS/SampleDatasetMLP.cpp:114]   --->   Operation 166 'fmul' 'mul3_8' <Predicate = true> <Delay = 7.01> <CoreInst = "FMul_maxdsp">   --->   Core 30 'FMul_maxdsp' <Latency = 2> <II = 1> <Delay = 7.01> <FuncUnit> <Opcode : 'fmul'> <InPorts = 2> <OutPorts = 1>

State 37 <SV = 36> <Delay = 7.01>
ST_37 : Operation 167 [1/4] (6.43ns)   --->   "%add5_7 = fadd i32 %add5_6, i32 %mul3_7" [../../../../HWSWAI/HLS/SampleDatasetMLP.cpp:114]   --->   Operation 167 'fadd' 'add5_7' <Predicate = true> <Delay = 6.43> <CoreInst = "FAddSub_fulldsp">   --->   Core 18 'FAddSub_fulldsp' <Latency = 3> <II = 1> <Delay = 6.43> <FuncUnit> <Opcode : 'fadd' 'fsub'> <InPorts = 2> <OutPorts = 1>
ST_37 : Operation 168 [1/3] (7.01ns)   --->   "%mul3_8 = fmul i32 %hidden_layer_2_load_8_read, i32 %output_weights_8_load" [../../../../HWSWAI/HLS/SampleDatasetMLP.cpp:114]   --->   Operation 168 'fmul' 'mul3_8' <Predicate = true> <Delay = 7.01> <CoreInst = "FMul_maxdsp">   --->   Core 30 'FMul_maxdsp' <Latency = 2> <II = 1> <Delay = 7.01> <FuncUnit> <Opcode : 'fmul'> <InPorts = 2> <OutPorts = 1>
ST_37 : Operation 169 [1/1] (0.00ns)   --->   "%output_weights_9_addr = getelementptr i32 %output_weights_9, i64 0, i64 %i_3_cast" [../../../../HWSWAI/HLS/SampleDatasetMLP.cpp:114]   --->   Operation 169 'getelementptr' 'output_weights_9_addr' <Predicate = true> <Delay = 0.00>
ST_37 : Operation 170 [2/2] (0.67ns)   --->   "%output_weights_9_load = load i3 %output_weights_9_addr" [../../../../HWSWAI/HLS/SampleDatasetMLP.cpp:114]   --->   Operation 170 'load' 'output_weights_9_load' <Predicate = true> <Delay = 0.67> <CoreInst = "ROM">   --->   Core 101 'ROM' <Latency = 1> <II = 1> <Delay = 0.67> <Storage> <Opcode : 'load'> <Ports = 0> <Width = 32> <Depth = 5> <ROM>

State 38 <SV = 37> <Delay = 6.43>
ST_38 : Operation 171 [4/4] (6.43ns)   --->   "%add5_8 = fadd i32 %add5_7, i32 %mul3_8" [../../../../HWSWAI/HLS/SampleDatasetMLP.cpp:114]   --->   Operation 171 'fadd' 'add5_8' <Predicate = true> <Delay = 6.43> <CoreInst = "FAddSub_fulldsp">   --->   Core 18 'FAddSub_fulldsp' <Latency = 3> <II = 1> <Delay = 6.43> <FuncUnit> <Opcode : 'fadd' 'fsub'> <InPorts = 2> <OutPorts = 1>
ST_38 : Operation 172 [1/2] (0.67ns)   --->   "%output_weights_9_load = load i3 %output_weights_9_addr" [../../../../HWSWAI/HLS/SampleDatasetMLP.cpp:114]   --->   Operation 172 'load' 'output_weights_9_load' <Predicate = true> <Delay = 0.67> <CoreInst = "ROM">   --->   Core 101 'ROM' <Latency = 1> <II = 1> <Delay = 0.67> <Storage> <Opcode : 'load'> <Ports = 0> <Width = 32> <Depth = 5> <ROM>

State 39 <SV = 38> <Delay = 7.01>
ST_39 : Operation 173 [3/4] (6.43ns)   --->   "%add5_8 = fadd i32 %add5_7, i32 %mul3_8" [../../../../HWSWAI/HLS/SampleDatasetMLP.cpp:114]   --->   Operation 173 'fadd' 'add5_8' <Predicate = true> <Delay = 6.43> <CoreInst = "FAddSub_fulldsp">   --->   Core 18 'FAddSub_fulldsp' <Latency = 3> <II = 1> <Delay = 6.43> <FuncUnit> <Opcode : 'fadd' 'fsub'> <InPorts = 2> <OutPorts = 1>
ST_39 : Operation 174 [3/3] (7.01ns)   --->   "%mul3_9 = fmul i32 %hidden_layer_2_load_9_read, i32 %output_weights_9_load" [../../../../HWSWAI/HLS/SampleDatasetMLP.cpp:114]   --->   Operation 174 'fmul' 'mul3_9' <Predicate = true> <Delay = 7.01> <CoreInst = "FMul_maxdsp">   --->   Core 30 'FMul_maxdsp' <Latency = 2> <II = 1> <Delay = 7.01> <FuncUnit> <Opcode : 'fmul'> <InPorts = 2> <OutPorts = 1>

State 40 <SV = 39> <Delay = 7.01>
ST_40 : Operation 175 [2/4] (6.43ns)   --->   "%add5_8 = fadd i32 %add5_7, i32 %mul3_8" [../../../../HWSWAI/HLS/SampleDatasetMLP.cpp:114]   --->   Operation 175 'fadd' 'add5_8' <Predicate = true> <Delay = 6.43> <CoreInst = "FAddSub_fulldsp">   --->   Core 18 'FAddSub_fulldsp' <Latency = 3> <II = 1> <Delay = 6.43> <FuncUnit> <Opcode : 'fadd' 'fsub'> <InPorts = 2> <OutPorts = 1>
ST_40 : Operation 176 [2/3] (7.01ns)   --->   "%mul3_9 = fmul i32 %hidden_layer_2_load_9_read, i32 %output_weights_9_load" [../../../../HWSWAI/HLS/SampleDatasetMLP.cpp:114]   --->   Operation 176 'fmul' 'mul3_9' <Predicate = true> <Delay = 7.01> <CoreInst = "FMul_maxdsp">   --->   Core 30 'FMul_maxdsp' <Latency = 2> <II = 1> <Delay = 7.01> <FuncUnit> <Opcode : 'fmul'> <InPorts = 2> <OutPorts = 1>

State 41 <SV = 40> <Delay = 7.01>
ST_41 : Operation 177 [1/4] (6.43ns)   --->   "%add5_8 = fadd i32 %add5_7, i32 %mul3_8" [../../../../HWSWAI/HLS/SampleDatasetMLP.cpp:114]   --->   Operation 177 'fadd' 'add5_8' <Predicate = true> <Delay = 6.43> <CoreInst = "FAddSub_fulldsp">   --->   Core 18 'FAddSub_fulldsp' <Latency = 3> <II = 1> <Delay = 6.43> <FuncUnit> <Opcode : 'fadd' 'fsub'> <InPorts = 2> <OutPorts = 1>
ST_41 : Operation 178 [1/3] (7.01ns)   --->   "%mul3_9 = fmul i32 %hidden_layer_2_load_9_read, i32 %output_weights_9_load" [../../../../HWSWAI/HLS/SampleDatasetMLP.cpp:114]   --->   Operation 178 'fmul' 'mul3_9' <Predicate = true> <Delay = 7.01> <CoreInst = "FMul_maxdsp">   --->   Core 30 'FMul_maxdsp' <Latency = 2> <II = 1> <Delay = 7.01> <FuncUnit> <Opcode : 'fmul'> <InPorts = 2> <OutPorts = 1>
ST_41 : Operation 179 [1/1] (0.00ns)   --->   "%output_weights_10_addr = getelementptr i32 %output_weights_10, i64 0, i64 %i_3_cast" [../../../../HWSWAI/HLS/SampleDatasetMLP.cpp:114]   --->   Operation 179 'getelementptr' 'output_weights_10_addr' <Predicate = true> <Delay = 0.00>
ST_41 : Operation 180 [2/2] (0.67ns)   --->   "%output_weights_10_load = load i3 %output_weights_10_addr" [../../../../HWSWAI/HLS/SampleDatasetMLP.cpp:114]   --->   Operation 180 'load' 'output_weights_10_load' <Predicate = true> <Delay = 0.67> <CoreInst = "ROM">   --->   Core 101 'ROM' <Latency = 1> <II = 1> <Delay = 0.67> <Storage> <Opcode : 'load'> <Ports = 0> <Width = 32> <Depth = 5> <ROM>

State 42 <SV = 41> <Delay = 6.43>
ST_42 : Operation 181 [4/4] (6.43ns)   --->   "%add5_9 = fadd i32 %add5_8, i32 %mul3_9" [../../../../HWSWAI/HLS/SampleDatasetMLP.cpp:114]   --->   Operation 181 'fadd' 'add5_9' <Predicate = true> <Delay = 6.43> <CoreInst = "FAddSub_fulldsp">   --->   Core 18 'FAddSub_fulldsp' <Latency = 3> <II = 1> <Delay = 6.43> <FuncUnit> <Opcode : 'fadd' 'fsub'> <InPorts = 2> <OutPorts = 1>
ST_42 : Operation 182 [1/2] (0.67ns)   --->   "%output_weights_10_load = load i3 %output_weights_10_addr" [../../../../HWSWAI/HLS/SampleDatasetMLP.cpp:114]   --->   Operation 182 'load' 'output_weights_10_load' <Predicate = true> <Delay = 0.67> <CoreInst = "ROM">   --->   Core 101 'ROM' <Latency = 1> <II = 1> <Delay = 0.67> <Storage> <Opcode : 'load'> <Ports = 0> <Width = 32> <Depth = 5> <ROM>

State 43 <SV = 42> <Delay = 7.01>
ST_43 : Operation 183 [3/4] (6.43ns)   --->   "%add5_9 = fadd i32 %add5_8, i32 %mul3_9" [../../../../HWSWAI/HLS/SampleDatasetMLP.cpp:114]   --->   Operation 183 'fadd' 'add5_9' <Predicate = true> <Delay = 6.43> <CoreInst = "FAddSub_fulldsp">   --->   Core 18 'FAddSub_fulldsp' <Latency = 3> <II = 1> <Delay = 6.43> <FuncUnit> <Opcode : 'fadd' 'fsub'> <InPorts = 2> <OutPorts = 1>
ST_43 : Operation 184 [3/3] (7.01ns)   --->   "%mul3_s = fmul i32 %hidden_layer_2_load_10_read, i32 %output_weights_10_load" [../../../../HWSWAI/HLS/SampleDatasetMLP.cpp:114]   --->   Operation 184 'fmul' 'mul3_s' <Predicate = true> <Delay = 7.01> <CoreInst = "FMul_maxdsp">   --->   Core 30 'FMul_maxdsp' <Latency = 2> <II = 1> <Delay = 7.01> <FuncUnit> <Opcode : 'fmul'> <InPorts = 2> <OutPorts = 1>

State 44 <SV = 43> <Delay = 7.01>
ST_44 : Operation 185 [2/4] (6.43ns)   --->   "%add5_9 = fadd i32 %add5_8, i32 %mul3_9" [../../../../HWSWAI/HLS/SampleDatasetMLP.cpp:114]   --->   Operation 185 'fadd' 'add5_9' <Predicate = true> <Delay = 6.43> <CoreInst = "FAddSub_fulldsp">   --->   Core 18 'FAddSub_fulldsp' <Latency = 3> <II = 1> <Delay = 6.43> <FuncUnit> <Opcode : 'fadd' 'fsub'> <InPorts = 2> <OutPorts = 1>
ST_44 : Operation 186 [2/3] (7.01ns)   --->   "%mul3_s = fmul i32 %hidden_layer_2_load_10_read, i32 %output_weights_10_load" [../../../../HWSWAI/HLS/SampleDatasetMLP.cpp:114]   --->   Operation 186 'fmul' 'mul3_s' <Predicate = true> <Delay = 7.01> <CoreInst = "FMul_maxdsp">   --->   Core 30 'FMul_maxdsp' <Latency = 2> <II = 1> <Delay = 7.01> <FuncUnit> <Opcode : 'fmul'> <InPorts = 2> <OutPorts = 1>

State 45 <SV = 44> <Delay = 7.01>
ST_45 : Operation 187 [1/4] (6.43ns)   --->   "%add5_9 = fadd i32 %add5_8, i32 %mul3_9" [../../../../HWSWAI/HLS/SampleDatasetMLP.cpp:114]   --->   Operation 187 'fadd' 'add5_9' <Predicate = true> <Delay = 6.43> <CoreInst = "FAddSub_fulldsp">   --->   Core 18 'FAddSub_fulldsp' <Latency = 3> <II = 1> <Delay = 6.43> <FuncUnit> <Opcode : 'fadd' 'fsub'> <InPorts = 2> <OutPorts = 1>
ST_45 : Operation 188 [1/3] (7.01ns)   --->   "%mul3_s = fmul i32 %hidden_layer_2_load_10_read, i32 %output_weights_10_load" [../../../../HWSWAI/HLS/SampleDatasetMLP.cpp:114]   --->   Operation 188 'fmul' 'mul3_s' <Predicate = true> <Delay = 7.01> <CoreInst = "FMul_maxdsp">   --->   Core 30 'FMul_maxdsp' <Latency = 2> <II = 1> <Delay = 7.01> <FuncUnit> <Opcode : 'fmul'> <InPorts = 2> <OutPorts = 1>
ST_45 : Operation 189 [1/1] (0.00ns)   --->   "%output_weights_11_addr = getelementptr i32 %output_weights_11, i64 0, i64 %i_3_cast" [../../../../HWSWAI/HLS/SampleDatasetMLP.cpp:114]   --->   Operation 189 'getelementptr' 'output_weights_11_addr' <Predicate = true> <Delay = 0.00>
ST_45 : Operation 190 [2/2] (0.67ns)   --->   "%output_weights_11_load = load i3 %output_weights_11_addr" [../../../../HWSWAI/HLS/SampleDatasetMLP.cpp:114]   --->   Operation 190 'load' 'output_weights_11_load' <Predicate = true> <Delay = 0.67> <CoreInst = "ROM">   --->   Core 101 'ROM' <Latency = 1> <II = 1> <Delay = 0.67> <Storage> <Opcode : 'load'> <Ports = 0> <Width = 32> <Depth = 5> <ROM>

State 46 <SV = 45> <Delay = 6.43>
ST_46 : Operation 191 [4/4] (6.43ns)   --->   "%add5_s = fadd i32 %add5_9, i32 %mul3_s" [../../../../HWSWAI/HLS/SampleDatasetMLP.cpp:114]   --->   Operation 191 'fadd' 'add5_s' <Predicate = true> <Delay = 6.43> <CoreInst = "FAddSub_fulldsp">   --->   Core 18 'FAddSub_fulldsp' <Latency = 3> <II = 1> <Delay = 6.43> <FuncUnit> <Opcode : 'fadd' 'fsub'> <InPorts = 2> <OutPorts = 1>
ST_46 : Operation 192 [1/2] (0.67ns)   --->   "%output_weights_11_load = load i3 %output_weights_11_addr" [../../../../HWSWAI/HLS/SampleDatasetMLP.cpp:114]   --->   Operation 192 'load' 'output_weights_11_load' <Predicate = true> <Delay = 0.67> <CoreInst = "ROM">   --->   Core 101 'ROM' <Latency = 1> <II = 1> <Delay = 0.67> <Storage> <Opcode : 'load'> <Ports = 0> <Width = 32> <Depth = 5> <ROM>

State 47 <SV = 46> <Delay = 7.01>
ST_47 : Operation 193 [3/4] (6.43ns)   --->   "%add5_s = fadd i32 %add5_9, i32 %mul3_s" [../../../../HWSWAI/HLS/SampleDatasetMLP.cpp:114]   --->   Operation 193 'fadd' 'add5_s' <Predicate = true> <Delay = 6.43> <CoreInst = "FAddSub_fulldsp">   --->   Core 18 'FAddSub_fulldsp' <Latency = 3> <II = 1> <Delay = 6.43> <FuncUnit> <Opcode : 'fadd' 'fsub'> <InPorts = 2> <OutPorts = 1>
ST_47 : Operation 194 [3/3] (7.01ns)   --->   "%mul3_10 = fmul i32 %hidden_layer_2_load_11_read, i32 %output_weights_11_load" [../../../../HWSWAI/HLS/SampleDatasetMLP.cpp:114]   --->   Operation 194 'fmul' 'mul3_10' <Predicate = true> <Delay = 7.01> <CoreInst = "FMul_maxdsp">   --->   Core 30 'FMul_maxdsp' <Latency = 2> <II = 1> <Delay = 7.01> <FuncUnit> <Opcode : 'fmul'> <InPorts = 2> <OutPorts = 1>

State 48 <SV = 47> <Delay = 7.01>
ST_48 : Operation 195 [2/4] (6.43ns)   --->   "%add5_s = fadd i32 %add5_9, i32 %mul3_s" [../../../../HWSWAI/HLS/SampleDatasetMLP.cpp:114]   --->   Operation 195 'fadd' 'add5_s' <Predicate = true> <Delay = 6.43> <CoreInst = "FAddSub_fulldsp">   --->   Core 18 'FAddSub_fulldsp' <Latency = 3> <II = 1> <Delay = 6.43> <FuncUnit> <Opcode : 'fadd' 'fsub'> <InPorts = 2> <OutPorts = 1>
ST_48 : Operation 196 [2/3] (7.01ns)   --->   "%mul3_10 = fmul i32 %hidden_layer_2_load_11_read, i32 %output_weights_11_load" [../../../../HWSWAI/HLS/SampleDatasetMLP.cpp:114]   --->   Operation 196 'fmul' 'mul3_10' <Predicate = true> <Delay = 7.01> <CoreInst = "FMul_maxdsp">   --->   Core 30 'FMul_maxdsp' <Latency = 2> <II = 1> <Delay = 7.01> <FuncUnit> <Opcode : 'fmul'> <InPorts = 2> <OutPorts = 1>

State 49 <SV = 48> <Delay = 7.01>
ST_49 : Operation 197 [1/4] (6.43ns)   --->   "%add5_s = fadd i32 %add5_9, i32 %mul3_s" [../../../../HWSWAI/HLS/SampleDatasetMLP.cpp:114]   --->   Operation 197 'fadd' 'add5_s' <Predicate = true> <Delay = 6.43> <CoreInst = "FAddSub_fulldsp">   --->   Core 18 'FAddSub_fulldsp' <Latency = 3> <II = 1> <Delay = 6.43> <FuncUnit> <Opcode : 'fadd' 'fsub'> <InPorts = 2> <OutPorts = 1>
ST_49 : Operation 198 [1/3] (7.01ns)   --->   "%mul3_10 = fmul i32 %hidden_layer_2_load_11_read, i32 %output_weights_11_load" [../../../../HWSWAI/HLS/SampleDatasetMLP.cpp:114]   --->   Operation 198 'fmul' 'mul3_10' <Predicate = true> <Delay = 7.01> <CoreInst = "FMul_maxdsp">   --->   Core 30 'FMul_maxdsp' <Latency = 2> <II = 1> <Delay = 7.01> <FuncUnit> <Opcode : 'fmul'> <InPorts = 2> <OutPorts = 1>

State 50 <SV = 49> <Delay = 6.43>
ST_50 : Operation 199 [4/4] (6.43ns)   --->   "%add5_10 = fadd i32 %add5_s, i32 %mul3_10" [../../../../HWSWAI/HLS/SampleDatasetMLP.cpp:114]   --->   Operation 199 'fadd' 'add5_10' <Predicate = true> <Delay = 6.43> <CoreInst = "FAddSub_fulldsp">   --->   Core 18 'FAddSub_fulldsp' <Latency = 3> <II = 1> <Delay = 6.43> <FuncUnit> <Opcode : 'fadd' 'fsub'> <InPorts = 2> <OutPorts = 1>

State 51 <SV = 50> <Delay = 6.43>
ST_51 : Operation 200 [3/4] (6.43ns)   --->   "%add5_10 = fadd i32 %add5_s, i32 %mul3_10" [../../../../HWSWAI/HLS/SampleDatasetMLP.cpp:114]   --->   Operation 200 'fadd' 'add5_10' <Predicate = true> <Delay = 6.43> <CoreInst = "FAddSub_fulldsp">   --->   Core 18 'FAddSub_fulldsp' <Latency = 3> <II = 1> <Delay = 6.43> <FuncUnit> <Opcode : 'fadd' 'fsub'> <InPorts = 2> <OutPorts = 1>

State 52 <SV = 51> <Delay = 6.43>
ST_52 : Operation 201 [2/4] (6.43ns)   --->   "%add5_10 = fadd i32 %add5_s, i32 %mul3_10" [../../../../HWSWAI/HLS/SampleDatasetMLP.cpp:114]   --->   Operation 201 'fadd' 'add5_10' <Predicate = true> <Delay = 6.43> <CoreInst = "FAddSub_fulldsp">   --->   Core 18 'FAddSub_fulldsp' <Latency = 3> <II = 1> <Delay = 6.43> <FuncUnit> <Opcode : 'fadd' 'fsub'> <InPorts = 2> <OutPorts = 1>

State 53 <SV = 52> <Delay = 6.43>
ST_53 : Operation 202 [1/4] (6.43ns)   --->   "%add5_10 = fadd i32 %add5_s, i32 %mul3_10" [../../../../HWSWAI/HLS/SampleDatasetMLP.cpp:114]   --->   Operation 202 'fadd' 'add5_10' <Predicate = true> <Delay = 6.43> <CoreInst = "FAddSub_fulldsp">   --->   Core 18 'FAddSub_fulldsp' <Latency = 3> <II = 1> <Delay = 6.43> <FuncUnit> <Opcode : 'fadd' 'fsub'> <InPorts = 2> <OutPorts = 1>
ST_53 : Operation 203 [1/1] (0.00ns)   --->   "%output_bias_addr = getelementptr i32 %output_bias, i64 0, i64 %i_3_cast" [../../../../HWSWAI/HLS/SampleDatasetMLP.cpp:117]   --->   Operation 203 'getelementptr' 'output_bias_addr' <Predicate = true> <Delay = 0.00>
ST_53 : Operation 204 [2/2] (0.67ns)   --->   "%output_bias_load = load i3 %output_bias_addr" [../../../../HWSWAI/HLS/SampleDatasetMLP.cpp:117]   --->   Operation 204 'load' 'output_bias_load' <Predicate = true> <Delay = 0.67> <CoreInst = "ROM">   --->   Core 101 'ROM' <Latency = 1> <II = 1> <Delay = 0.67> <Storage> <Opcode : 'load'> <Ports = 0> <Width = 32> <Depth = 5> <ROM>

State 54 <SV = 53> <Delay = 7.11>
ST_54 : Operation 205 [1/2] (0.67ns)   --->   "%output_bias_load = load i3 %output_bias_addr" [../../../../HWSWAI/HLS/SampleDatasetMLP.cpp:117]   --->   Operation 205 'load' 'output_bias_load' <Predicate = true> <Delay = 0.67> <CoreInst = "ROM">   --->   Core 101 'ROM' <Latency = 1> <II = 1> <Delay = 0.67> <Storage> <Opcode : 'load'> <Ports = 0> <Width = 32> <Depth = 5> <ROM>
ST_54 : Operation 206 [4/4] (6.43ns)   --->   "%add4 = fadd i32 %add5_10, i32 %output_bias_load" [../../../../HWSWAI/HLS/SampleDatasetMLP.cpp:117]   --->   Operation 206 'fadd' 'add4' <Predicate = true> <Delay = 6.43> <CoreInst = "FAddSub_fulldsp">   --->   Core 18 'FAddSub_fulldsp' <Latency = 3> <II = 1> <Delay = 6.43> <FuncUnit> <Opcode : 'fadd' 'fsub'> <InPorts = 2> <OutPorts = 1>

State 55 <SV = 54> <Delay = 6.43>
ST_55 : Operation 207 [3/4] (6.43ns)   --->   "%add4 = fadd i32 %add5_10, i32 %output_bias_load" [../../../../HWSWAI/HLS/SampleDatasetMLP.cpp:117]   --->   Operation 207 'fadd' 'add4' <Predicate = true> <Delay = 6.43> <CoreInst = "FAddSub_fulldsp">   --->   Core 18 'FAddSub_fulldsp' <Latency = 3> <II = 1> <Delay = 6.43> <FuncUnit> <Opcode : 'fadd' 'fsub'> <InPorts = 2> <OutPorts = 1>

State 56 <SV = 55> <Delay = 6.43>
ST_56 : Operation 208 [2/4] (6.43ns)   --->   "%add4 = fadd i32 %add5_10, i32 %output_bias_load" [../../../../HWSWAI/HLS/SampleDatasetMLP.cpp:117]   --->   Operation 208 'fadd' 'add4' <Predicate = true> <Delay = 6.43> <CoreInst = "FAddSub_fulldsp">   --->   Core 18 'FAddSub_fulldsp' <Latency = 3> <II = 1> <Delay = 6.43> <FuncUnit> <Opcode : 'fadd' 'fsub'> <InPorts = 2> <OutPorts = 1>
ST_56 : Operation 214 [1/1] (0.00ns)   --->   "%ret_ln0 = ret"   --->   Operation 214 'ret' 'ret_ln0' <Predicate = (icmp_ln111)> <Delay = 0.00>

State 57 <SV = 56> <Delay = 7.11>
ST_57 : Operation 209 [1/1] (0.00ns)   --->   "%specloopname_ln111 = specloopname void @_ssdm_op_SpecLoopName, void @empty_9" [../../../../HWSWAI/HLS/SampleDatasetMLP.cpp:111]   --->   Operation 209 'specloopname' 'specloopname_ln111' <Predicate = true> <Delay = 0.00>
ST_57 : Operation 210 [1/1] (0.00ns)   --->   "%output_layer_addr = getelementptr i32 %output_layer, i64 0, i64 %i_3_cast" [../../../../HWSWAI/HLS/SampleDatasetMLP.cpp:112]   --->   Operation 210 'getelementptr' 'output_layer_addr' <Predicate = true> <Delay = 0.00>
ST_57 : Operation 211 [1/4] (6.43ns)   --->   "%add4 = fadd i32 %add5_10, i32 %output_bias_load" [../../../../HWSWAI/HLS/SampleDatasetMLP.cpp:117]   --->   Operation 211 'fadd' 'add4' <Predicate = true> <Delay = 6.43> <CoreInst = "FAddSub_fulldsp">   --->   Core 18 'FAddSub_fulldsp' <Latency = 3> <II = 1> <Delay = 6.43> <FuncUnit> <Opcode : 'fadd' 'fsub'> <InPorts = 2> <OutPorts = 1>
ST_57 : Operation 212 [1/1] (0.67ns)   --->   "%store_ln117 = store i32 %add4, i3 %output_layer_addr" [../../../../HWSWAI/HLS/SampleDatasetMLP.cpp:117]   --->   Operation 212 'store' 'store_ln117' <Predicate = true> <Delay = 0.67> <CoreInst = "RAM">   --->   Core 83 'RAM' <Latency = 1> <II = 1> <Delay = 0.67> <Storage> <Opcode : 'load' 'store'> <Ports = 2> <Width = 32> <Depth = 5> <RAM>
ST_57 : Operation 213 [1/1] (0.00ns)   --->   "%br_ln111 = br void %VITIS_LOOP_113_8" [../../../../HWSWAI/HLS/SampleDatasetMLP.cpp:111]   --->   Operation 213 'br' 'br_ln111' <Predicate = true> <Delay = 0.00>


============================================================
+ Verbose Summary: Timing violations
============================================================
Target clock period: 10ns, clock uncertainty: 2.7ns.

 <State 1>: 1.1ns
The critical path consists of the following:
	'alloca' operation ('i') [27]  (0 ns)
	'load' operation ('i', ../../../../HWSWAI/HLS/SampleDatasetMLP.cpp:111) on local variable 'i' [43]  (0 ns)
	'add' operation ('add_ln111', ../../../../HWSWAI/HLS/SampleDatasetMLP.cpp:111) [47]  (0.673 ns)
	'store' operation ('store_ln111', ../../../../HWSWAI/HLS/SampleDatasetMLP.cpp:111) of variable 'add_ln111', ../../../../HWSWAI/HLS/SampleDatasetMLP.cpp:111 on local variable 'i' [105]  (0.427 ns)

 <State 2>: 0.677ns
The critical path consists of the following:
	'load' operation ('output_weights_0_load', ../../../../HWSWAI/HLS/SampleDatasetMLP.cpp:114) on array 'output_weights_0' [54]  (0.677 ns)

 <State 3>: 7.02ns
The critical path consists of the following:
	'fmul' operation ('mul3', ../../../../HWSWAI/HLS/SampleDatasetMLP.cpp:114) [55]  (7.02 ns)

 <State 4>: 7.02ns
The critical path consists of the following:
	'fmul' operation ('mul3', ../../../../HWSWAI/HLS/SampleDatasetMLP.cpp:114) [55]  (7.02 ns)

 <State 5>: 7.02ns
The critical path consists of the following:
	'fmul' operation ('mul3', ../../../../HWSWAI/HLS/SampleDatasetMLP.cpp:114) [55]  (7.02 ns)

 <State 6>: 6.44ns
The critical path consists of the following:
	'fadd' operation ('add5', ../../../../HWSWAI/HLS/SampleDatasetMLP.cpp:114) [56]  (6.44 ns)

 <State 7>: 7.02ns
The critical path consists of the following:
	'fmul' operation ('mul3_1', ../../../../HWSWAI/HLS/SampleDatasetMLP.cpp:114) [59]  (7.02 ns)

 <State 8>: 7.02ns
The critical path consists of the following:
	'fmul' operation ('mul3_1', ../../../../HWSWAI/HLS/SampleDatasetMLP.cpp:114) [59]  (7.02 ns)

 <State 9>: 7.02ns
The critical path consists of the following:
	'fmul' operation ('mul3_1', ../../../../HWSWAI/HLS/SampleDatasetMLP.cpp:114) [59]  (7.02 ns)

 <State 10>: 6.44ns
The critical path consists of the following:
	'fadd' operation ('add5_1', ../../../../HWSWAI/HLS/SampleDatasetMLP.cpp:114) [60]  (6.44 ns)

 <State 11>: 7.02ns
The critical path consists of the following:
	'fmul' operation ('mul3_2', ../../../../HWSWAI/HLS/SampleDatasetMLP.cpp:114) [63]  (7.02 ns)

 <State 12>: 7.02ns
The critical path consists of the following:
	'fmul' operation ('mul3_2', ../../../../HWSWAI/HLS/SampleDatasetMLP.cpp:114) [63]  (7.02 ns)

 <State 13>: 7.02ns
The critical path consists of the following:
	'fmul' operation ('mul3_2', ../../../../HWSWAI/HLS/SampleDatasetMLP.cpp:114) [63]  (7.02 ns)

 <State 14>: 6.44ns
The critical path consists of the following:
	'fadd' operation ('add5_2', ../../../../HWSWAI/HLS/SampleDatasetMLP.cpp:114) [64]  (6.44 ns)

 <State 15>: 7.02ns
The critical path consists of the following:
	'fmul' operation ('mul3_3', ../../../../HWSWAI/HLS/SampleDatasetMLP.cpp:114) [67]  (7.02 ns)

 <State 16>: 7.02ns
The critical path consists of the following:
	'fmul' operation ('mul3_3', ../../../../HWSWAI/HLS/SampleDatasetMLP.cpp:114) [67]  (7.02 ns)

 <State 17>: 7.02ns
The critical path consists of the following:
	'fmul' operation ('mul3_3', ../../../../HWSWAI/HLS/SampleDatasetMLP.cpp:114) [67]  (7.02 ns)

 <State 18>: 6.44ns
The critical path consists of the following:
	'fadd' operation ('add5_3', ../../../../HWSWAI/HLS/SampleDatasetMLP.cpp:114) [68]  (6.44 ns)

 <State 19>: 7.02ns
The critical path consists of the following:
	'fmul' operation ('mul3_4', ../../../../HWSWAI/HLS/SampleDatasetMLP.cpp:114) [71]  (7.02 ns)

 <State 20>: 7.02ns
The critical path consists of the following:
	'fmul' operation ('mul3_4', ../../../../HWSWAI/HLS/SampleDatasetMLP.cpp:114) [71]  (7.02 ns)

 <State 21>: 7.02ns
The critical path consists of the following:
	'fmul' operation ('mul3_4', ../../../../HWSWAI/HLS/SampleDatasetMLP.cpp:114) [71]  (7.02 ns)

 <State 22>: 6.44ns
The critical path consists of the following:
	'fadd' operation ('add5_4', ../../../../HWSWAI/HLS/SampleDatasetMLP.cpp:114) [72]  (6.44 ns)

 <State 23>: 7.02ns
The critical path consists of the following:
	'fmul' operation ('mul3_5', ../../../../HWSWAI/HLS/SampleDatasetMLP.cpp:114) [75]  (7.02 ns)

 <State 24>: 7.02ns
The critical path consists of the following:
	'fmul' operation ('mul3_5', ../../../../HWSWAI/HLS/SampleDatasetMLP.cpp:114) [75]  (7.02 ns)

 <State 25>: 7.02ns
The critical path consists of the following:
	'fmul' operation ('mul3_5', ../../../../HWSWAI/HLS/SampleDatasetMLP.cpp:114) [75]  (7.02 ns)

 <State 26>: 6.44ns
The critical path consists of the following:
	'fadd' operation ('add5_5', ../../../../HWSWAI/HLS/SampleDatasetMLP.cpp:114) [76]  (6.44 ns)

 <State 27>: 7.02ns
The critical path consists of the following:
	'fmul' operation ('mul3_6', ../../../../HWSWAI/HLS/SampleDatasetMLP.cpp:114) [79]  (7.02 ns)

 <State 28>: 7.02ns
The critical path consists of the following:
	'fmul' operation ('mul3_6', ../../../../HWSWAI/HLS/SampleDatasetMLP.cpp:114) [79]  (7.02 ns)

 <State 29>: 7.02ns
The critical path consists of the following:
	'fmul' operation ('mul3_6', ../../../../HWSWAI/HLS/SampleDatasetMLP.cpp:114) [79]  (7.02 ns)

 <State 30>: 6.44ns
The critical path consists of the following:
	'fadd' operation ('add5_6', ../../../../HWSWAI/HLS/SampleDatasetMLP.cpp:114) [80]  (6.44 ns)

 <State 31>: 7.02ns
The critical path consists of the following:
	'fmul' operation ('mul3_7', ../../../../HWSWAI/HLS/SampleDatasetMLP.cpp:114) [83]  (7.02 ns)

 <State 32>: 7.02ns
The critical path consists of the following:
	'fmul' operation ('mul3_7', ../../../../HWSWAI/HLS/SampleDatasetMLP.cpp:114) [83]  (7.02 ns)

 <State 33>: 7.02ns
The critical path consists of the following:
	'fmul' operation ('mul3_7', ../../../../HWSWAI/HLS/SampleDatasetMLP.cpp:114) [83]  (7.02 ns)

 <State 34>: 6.44ns
The critical path consists of the following:
	'fadd' operation ('add5_7', ../../../../HWSWAI/HLS/SampleDatasetMLP.cpp:114) [84]  (6.44 ns)

 <State 35>: 7.02ns
The critical path consists of the following:
	'fmul' operation ('mul3_8', ../../../../HWSWAI/HLS/SampleDatasetMLP.cpp:114) [87]  (7.02 ns)

 <State 36>: 7.02ns
The critical path consists of the following:
	'fmul' operation ('mul3_8', ../../../../HWSWAI/HLS/SampleDatasetMLP.cpp:114) [87]  (7.02 ns)

 <State 37>: 7.02ns
The critical path consists of the following:
	'fmul' operation ('mul3_8', ../../../../HWSWAI/HLS/SampleDatasetMLP.cpp:114) [87]  (7.02 ns)

 <State 38>: 6.44ns
The critical path consists of the following:
	'fadd' operation ('add5_8', ../../../../HWSWAI/HLS/SampleDatasetMLP.cpp:114) [88]  (6.44 ns)

 <State 39>: 7.02ns
The critical path consists of the following:
	'fmul' operation ('mul3_9', ../../../../HWSWAI/HLS/SampleDatasetMLP.cpp:114) [91]  (7.02 ns)

 <State 40>: 7.02ns
The critical path consists of the following:
	'fmul' operation ('mul3_9', ../../../../HWSWAI/HLS/SampleDatasetMLP.cpp:114) [91]  (7.02 ns)

 <State 41>: 7.02ns
The critical path consists of the following:
	'fmul' operation ('mul3_9', ../../../../HWSWAI/HLS/SampleDatasetMLP.cpp:114) [91]  (7.02 ns)

 <State 42>: 6.44ns
The critical path consists of the following:
	'fadd' operation ('add5_9', ../../../../HWSWAI/HLS/SampleDatasetMLP.cpp:114) [92]  (6.44 ns)

 <State 43>: 7.02ns
The critical path consists of the following:
	'fmul' operation ('mul3_s', ../../../../HWSWAI/HLS/SampleDatasetMLP.cpp:114) [95]  (7.02 ns)

 <State 44>: 7.02ns
The critical path consists of the following:
	'fmul' operation ('mul3_s', ../../../../HWSWAI/HLS/SampleDatasetMLP.cpp:114) [95]  (7.02 ns)

 <State 45>: 7.02ns
The critical path consists of the following:
	'fmul' operation ('mul3_s', ../../../../HWSWAI/HLS/SampleDatasetMLP.cpp:114) [95]  (7.02 ns)

 <State 46>: 6.44ns
The critical path consists of the following:
	'fadd' operation ('add5_s', ../../../../HWSWAI/HLS/SampleDatasetMLP.cpp:114) [96]  (6.44 ns)

 <State 47>: 7.02ns
The critical path consists of the following:
	'fmul' operation ('mul3_10', ../../../../HWSWAI/HLS/SampleDatasetMLP.cpp:114) [99]  (7.02 ns)

 <State 48>: 7.02ns
The critical path consists of the following:
	'fmul' operation ('mul3_10', ../../../../HWSWAI/HLS/SampleDatasetMLP.cpp:114) [99]  (7.02 ns)

 <State 49>: 7.02ns
The critical path consists of the following:
	'fmul' operation ('mul3_10', ../../../../HWSWAI/HLS/SampleDatasetMLP.cpp:114) [99]  (7.02 ns)

 <State 50>: 6.44ns
The critical path consists of the following:
	'fadd' operation ('add5_10', ../../../../HWSWAI/HLS/SampleDatasetMLP.cpp:114) [100]  (6.44 ns)

 <State 51>: 6.44ns
The critical path consists of the following:
	'fadd' operation ('add5_10', ../../../../HWSWAI/HLS/SampleDatasetMLP.cpp:114) [100]  (6.44 ns)

 <State 52>: 6.44ns
The critical path consists of the following:
	'fadd' operation ('add5_10', ../../../../HWSWAI/HLS/SampleDatasetMLP.cpp:114) [100]  (6.44 ns)

 <State 53>: 6.44ns
The critical path consists of the following:
	'fadd' operation ('add5_10', ../../../../HWSWAI/HLS/SampleDatasetMLP.cpp:114) [100]  (6.44 ns)

 <State 54>: 7.11ns
The critical path consists of the following:
	'load' operation ('output_bias_load', ../../../../HWSWAI/HLS/SampleDatasetMLP.cpp:117) on array 'output_bias' [102]  (0.677 ns)
	'fadd' operation ('add4', ../../../../HWSWAI/HLS/SampleDatasetMLP.cpp:117) [103]  (6.44 ns)

 <State 55>: 6.44ns
The critical path consists of the following:
	'fadd' operation ('add4', ../../../../HWSWAI/HLS/SampleDatasetMLP.cpp:117) [103]  (6.44 ns)

 <State 56>: 6.44ns
The critical path consists of the following:
	'fadd' operation ('add4', ../../../../HWSWAI/HLS/SampleDatasetMLP.cpp:117) [103]  (6.44 ns)

 <State 57>: 7.11ns
The critical path consists of the following:
	'fadd' operation ('add4', ../../../../HWSWAI/HLS/SampleDatasetMLP.cpp:117) [103]  (6.44 ns)
	'store' operation ('store_ln117', ../../../../HWSWAI/HLS/SampleDatasetMLP.cpp:117) of variable 'add4', ../../../../HWSWAI/HLS/SampleDatasetMLP.cpp:117 on array 'output_layer' [104]  (0.677 ns)


============================================================
+ Verbose Summary: Binding
============================================================
N/A
* FSMD analyzer results:
  - Output states:
 - Input state : 
  - Chain level:
	State 1
	State 2
	State 3
	State 4
	State 5
	State 6
	State 7
	State 8
	State 9
	State 10
	State 11
	State 12
	State 13
	State 14
	State 15
	State 16
	State 17
	State 18
	State 19
	State 20
	State 21
	State 22
	State 23
	State 24
	State 25
	State 26
	State 27
	State 28
	State 29
	State 30
	State 31
	State 32
	State 33
	State 34
	State 35
	State 36
	State 37
	State 38
	State 39
	State 40
	State 41
	State 42
	State 43
	State 44
	State 45
	State 46
	State 47
	State 48
	State 49
	State 50
	State 51
	State 52
	State 53
	State 54
	State 55
	State 56
	State 57


============================================================
+ Verbose Summary: Datapath Resource usage 
============================================================
N/A
