

================================================================
== Vitis HLS Report for 'MLP_Pipeline_VITIS_LOOP_58_1'
================================================================
* Date:           Wed Feb 14 00:25:29 2024

* Version:        2022.1 (Build 3526262 on Mon Apr 18 15:48:16 MDT 2022)
* Project:        testHLS2
* Solution:       solution1 (Vivado IP Flow Target)
* Product family: zynquplus
* Target device:  xczu3eg-sbva484-2-i


================================================================
== Performance Estimates
================================================================
+ Timing: 
    * Summary: 
    +--------+----------+----------+------------+
    |  Clock |  Target  | Estimated| Uncertainty|
    +--------+----------+----------+------------+
    |ap_clk  |  10.00 ns|  1.512 ns|     2.70 ns|
    +--------+----------+----------+------------+

+ Latency: 
    * Summary: 
    +---------+---------+----------+----------+-----+-----+---------+
    |  Latency (cycles) |  Latency (absolute) |  Interval | Pipeline|
    |   min   |   max   |    min   |    max   | min | max |   Type  |
    +---------+---------+----------+----------+-----+-----+---------+
    |        ?|        ?|         ?|         ?|    ?|    ?|       no|
    +---------+---------+----------+----------+-----+-----+---------+

    + Detail: 
        * Instance: 
        N/A

        * Loop: 
        +-------------------+---------+---------+----------+-----------+-----------+------+----------+
        |                   |  Latency (cycles) | Iteration|  Initiation Interval  | Trip |          |
        |     Loop Name     |   min   |   max   |  Latency |  achieved |   target  | Count| Pipelined|
        +-------------------+---------+---------+----------+-----------+-----------+------+----------+
        |- VITIS_LOOP_58_1  |        ?|        ?|         1|          1|          1|     ?|       yes|
        +-------------------+---------+---------+----------+-----------+-----------+------+----------+



================================================================
== Utilization Estimates
================================================================
* Summary: 
+-----------------+---------+-----+--------+-------+-----+
|       Name      | BRAM_18K| DSP |   FF   |  LUT  | URAM|
+-----------------+---------+-----+--------+-------+-----+
|DSP              |        -|    -|       -|      -|    -|
|Expression       |        -|    -|       0|     75|    -|
|FIFO             |        -|    -|       -|      -|    -|
|Instance         |        -|    -|       -|      -|    -|
|Memory           |        -|    -|       -|      -|    -|
|Multiplexer      |        -|    -|       -|     36|    -|
|Register         |        -|    -|      67|      -|    -|
+-----------------+---------+-----+--------+-------+-----+
|Total            |        0|    0|      67|    111|    0|
+-----------------+---------+-----+--------+-------+-----+
|Available        |      432|  360|  141120|  70560|    0|
+-----------------+---------+-----+--------+-------+-----+
|Utilization (%)  |        0|    0|      ~0|     ~0|    0|
+-----------------+---------+-----+--------+-------+-----+

+ Detail: 
    * Instance: 
    N/A

    * DSP: 
    N/A

    * Memory: 
    N/A

    * FIFO: 
    N/A

    * Expression: 
    +---------------------------+----------+----+---+----+------------+------------+
    |       Variable Name       | Operation| DSP| FF| LUT| Bitwidth P0| Bitwidth P1|
    +---------------------------+----------+----+---+----+------------+------------+
    |add_ln61_fu_175_p2         |         +|   0|  0|  71|          64|           1|
    |ap_block_pp0_stage0_01001  |       and|   0|  0|   2|           1|           1|
    |ap_enable_pp0              |       xor|   0|  0|   2|           1|           2|
    +---------------------------+----------+----+---+----+------------+------------+
    |Total                      |          |   0|  0|  75|          66|           4|
    +---------------------------+----------+----+---+----+------------+------------+

    * Multiplexer: 
    +-------------------------+----+-----------+-----+-----------+
    |           Name          | LUT| Input Size| Bits| Total Bits|
    +-------------------------+----+-----------+-----+-----------+
    |ap_done_int              |   9|          2|    1|          2|
    |ap_enable_reg_pp0_iter1  |   9|          2|    1|          2|
    |in_data_TDATA_blk_n      |   9|          2|    1|          2|
    |n_fu_62                  |   9|          2|   64|        128|
    +-------------------------+----+-----------+-----+-----------+
    |Total                    |  36|          8|   67|        134|
    +-------------------------+----+-----------+-----+-----------+

    * Register: 
    +-------------------------+----+----+-----+-----------+
    |           Name          | FF | LUT| Bits| Const Bits|
    +-------------------------+----+----+-----+-----------+
    |ap_CS_fsm                |   1|   0|    1|          0|
    |ap_done_reg              |   1|   0|    1|          0|
    |ap_enable_reg_pp0_iter1  |   1|   0|    1|          0|
    |n_fu_62                  |  64|   0|   64|          0|
    +-------------------------+----+----+-----+-----------+
    |Total                    |  67|   0|   67|          0|
    +-------------------------+----+----+-----+-----------+



================================================================
== Interface
================================================================
* Summary: 
+-------------------------+-----+-----+------------+------------------------------+--------------+
|        RTL Ports        | Dir | Bits|  Protocol  |         Source Object        |    C Type    |
+-------------------------+-----+-----+------------+------------------------------+--------------+
|ap_clk                   |   in|    1|  ap_ctrl_hs|  MLP_Pipeline_VITIS_LOOP_58_1|  return value|
|ap_rst                   |   in|    1|  ap_ctrl_hs|  MLP_Pipeline_VITIS_LOOP_58_1|  return value|
|ap_start                 |   in|    1|  ap_ctrl_hs|  MLP_Pipeline_VITIS_LOOP_58_1|  return value|
|ap_done                  |  out|    1|  ap_ctrl_hs|  MLP_Pipeline_VITIS_LOOP_58_1|  return value|
|ap_idle                  |  out|    1|  ap_ctrl_hs|  MLP_Pipeline_VITIS_LOOP_58_1|  return value|
|ap_ready                 |  out|    1|  ap_ctrl_hs|  MLP_Pipeline_VITIS_LOOP_58_1|  return value|
|in_data_TVALID           |   in|    1|        axis|              in_data_V_data_V|       pointer|
|in_data_TDATA            |   in|   32|        axis|              in_data_V_data_V|       pointer|
|in_data_TREADY           |  out|    1|        axis|              in_data_V_dest_V|       pointer|
|in_data_TDEST            |   in|    6|        axis|              in_data_V_dest_V|       pointer|
|in_data_TKEEP            |   in|    4|        axis|              in_data_V_keep_V|       pointer|
|in_data_TSTRB            |   in|    4|        axis|              in_data_V_strb_V|       pointer|
|in_data_TUSER            |   in|    2|        axis|              in_data_V_user_V|       pointer|
|in_data_TLAST            |   in|    1|        axis|              in_data_V_last_V|       pointer|
|in_data_TID              |   in|    5|        axis|                in_data_V_id_V|       pointer|
|input_features_address0  |  out|    6|   ap_memory|                input_features|         array|
|input_features_ce0       |  out|    1|   ap_memory|                input_features|         array|
|input_features_we0       |  out|    1|   ap_memory|                input_features|         array|
|input_features_d0        |  out|   32|   ap_memory|                input_features|         array|
|tmp_keep_V_out           |  out|    4|      ap_vld|                tmp_keep_V_out|       pointer|
|tmp_keep_V_out_ap_vld    |  out|    1|      ap_vld|                tmp_keep_V_out|       pointer|
|tmp_strb_V_out           |  out|    4|      ap_vld|                tmp_strb_V_out|       pointer|
|tmp_strb_V_out_ap_vld    |  out|    1|      ap_vld|                tmp_strb_V_out|       pointer|
|tmp_user_V_out           |  out|    2|      ap_vld|                tmp_user_V_out|       pointer|
|tmp_user_V_out_ap_vld    |  out|    1|      ap_vld|                tmp_user_V_out|       pointer|
|tmp_id_V_out             |  out|    5|      ap_vld|                  tmp_id_V_out|       pointer|
|tmp_id_V_out_ap_vld      |  out|    1|      ap_vld|                  tmp_id_V_out|       pointer|
|tmp_dest_V_out           |  out|    6|      ap_vld|                tmp_dest_V_out|       pointer|
|tmp_dest_V_out_ap_vld    |  out|    1|      ap_vld|                tmp_dest_V_out|       pointer|
+-------------------------+-----+-----+------------+------------------------------+--------------+

============================================================
+ Verbose Summary: Synthesis Manager
============================================================
InlineROM: 1
ExposeGlobal: 0
============================================================
+ Verbose Summary: CDFG Model
============================================================
IsTopModel: 0
ResetActiveHigh: 1
IsCombinational: 2
IsDatapathOnly: 2
HasWiredReturn: 1
HasMFsm: 2
HasVarLatency: 1
IsPipeline: 0
IsRtlPipelined: 0
IsInstanceOverlapped: 0
IsDontTouch: 0
HasImplIP: 0
IsGatedGlobalClock: 0

+ Individual pipeline summary: 
  * Pipeline-0: initiation interval (II) = 1, depth = 2


============================================================
+ Verbose Summary: Schedule
============================================================
* Number of FSM states : 2
* Pipeline : 1
  Pipeline-0 : II = 1, D = 2, States = { 1 2 }
* Dataflow Pipeline: 0

* FSM state transitions: 
1 --> 2 
2 --> 

* FSM state operations: 

State 1 <SV = 0> <Delay = 0.42>
ST_1 : Operation 4 [1/1] (0.00ns)   --->   "%n = alloca i32 1"   --->   Operation 4 'alloca' 'n' <Predicate = true> <Delay = 0.00>
ST_1 : Operation 5 [1/1] (0.00ns)   --->   "%specinterface_ln0 = specinterface void @_ssdm_op_SpecInterface, i6 %in_data_V_dest_V, i5 %in_data_V_id_V, i1 %in_data_V_last_V, i2 %in_data_V_user_V, i4 %in_data_V_strb_V, i4 %in_data_V_keep_V, i32 %in_data_V_data_V, void @empty_5, i32 0, i32 0, void @empty, i32 0, i32 0, void @empty_0, void @empty_0, void @empty_0, i32 0, i32 0, i32 0, i32 0, void @empty_0, void @empty_0, i32 4294967295, i32 0"   --->   Operation 5 'specinterface' 'specinterface_ln0' <Predicate = true> <Delay = 0.00>
ST_1 : Operation 6 [1/1] (0.42ns)   --->   "%store_ln0 = store i64 0, i64 %n"   --->   Operation 6 'store' 'store_ln0' <Predicate = true> <Delay = 0.42>
ST_1 : Operation 7 [1/1] (0.00ns)   --->   "%br_ln0 = br void %while.body"   --->   Operation 7 'br' 'br_ln0' <Predicate = true> <Delay = 0.00>

State 2 <SV = 1> <Delay = 1.51>
ST_2 : Operation 8 [1/1] (0.00ns)   --->   "%n_1 = load i64 %n" [../../../../HWSWAI/HLS/SampleDatasetMLP.cpp:61]   --->   Operation 8 'load' 'n_1' <Predicate = true> <Delay = 0.00>
ST_2 : Operation 9 [1/1] (0.00ns)   --->   "%specpipeline_ln0 = specpipeline void @_ssdm_op_SpecPipeline, i32 4294967295, i32 0, i32 1, i32 0, void @p_str"   --->   Operation 9 'specpipeline' 'specpipeline_ln0' <Predicate = true> <Delay = 0.00>
ST_2 : Operation 10 [1/1] (0.00ns)   --->   "%empty = read i54 @_ssdm_op_Read.axis.volatile.i32P0A.i4P0A.i4P0A.i2P0A.i1P0A.i5P0A.i6P0A, i32 %in_data_V_data_V, i4 %in_data_V_keep_V, i4 %in_data_V_strb_V, i2 %in_data_V_user_V, i1 %in_data_V_last_V, i5 %in_data_V_id_V, i6 %in_data_V_dest_V"   --->   Operation 10 'read' 'empty' <Predicate = true> <Delay = 0.00> <CoreInst = "axis">   --->   Core 123 'axis' <Latency = 0> <II = 1> <Delay = 1.00> <Adapter> <Opcode : >
ST_2 : Operation 11 [1/1] (0.00ns)   --->   "%tmp_data_V = extractvalue i54 %empty"   --->   Operation 11 'extractvalue' 'tmp_data_V' <Predicate = true> <Delay = 0.00>
ST_2 : Operation 12 [1/1] (0.00ns)   --->   "%tmp_keep_V = extractvalue i54 %empty"   --->   Operation 12 'extractvalue' 'tmp_keep_V' <Predicate = true> <Delay = 0.00>
ST_2 : Operation 13 [1/1] (0.00ns)   --->   "%tmp_strb_V = extractvalue i54 %empty"   --->   Operation 13 'extractvalue' 'tmp_strb_V' <Predicate = true> <Delay = 0.00>
ST_2 : Operation 14 [1/1] (0.00ns)   --->   "%tmp_user_V = extractvalue i54 %empty"   --->   Operation 14 'extractvalue' 'tmp_user_V' <Predicate = true> <Delay = 0.00>
ST_2 : Operation 15 [1/1] (0.00ns)   --->   "%tmp_last_V = extractvalue i54 %empty"   --->   Operation 15 'extractvalue' 'tmp_last_V' <Predicate = true> <Delay = 0.00>
ST_2 : Operation 16 [1/1] (0.00ns)   --->   "%tmp_id_V = extractvalue i54 %empty"   --->   Operation 16 'extractvalue' 'tmp_id_V' <Predicate = true> <Delay = 0.00>
ST_2 : Operation 17 [1/1] (0.00ns)   --->   "%tmp_dest_V = extractvalue i54 %empty"   --->   Operation 17 'extractvalue' 'tmp_dest_V' <Predicate = true> <Delay = 0.00>
ST_2 : Operation 18 [1/1] (0.00ns)   --->   "%input_features_addr = getelementptr i32 %input_features, i64 0, i64 %n_1" [../../../../HWSWAI/HLS/SampleDatasetMLP.cpp:60]   --->   Operation 18 'getelementptr' 'input_features_addr' <Predicate = true> <Delay = 0.00>
ST_2 : Operation 19 [1/1] (1.23ns)   --->   "%store_ln60 = store i32 %tmp_data_V, i6 %input_features_addr" [../../../../HWSWAI/HLS/SampleDatasetMLP.cpp:60]   --->   Operation 19 'store' 'store_ln60' <Predicate = true> <Delay = 1.23> <CoreInst = "RAM">   --->   Core 83 'RAM' <Latency = 1> <II = 1> <Delay = 1.23> <Storage> <Opcode : 'load' 'store'> <Ports = 2> <Width = 32> <Depth = 48> <RAM>
ST_2 : Operation 20 [1/1] (1.08ns)   --->   "%add_ln61 = add i64 %n_1, i64 1" [../../../../HWSWAI/HLS/SampleDatasetMLP.cpp:61]   --->   Operation 20 'add' 'add_ln61' <Predicate = true> <Delay = 1.08> <CoreInst = "Adder">   --->   Core 1 'Adder' <Latency = 0> <II = 1> <Delay = 1.08> <FuncUnit> <Opcode : 'add' 'sub'> <InPorts = 2> <OutPorts = 1>
ST_2 : Operation 21 [1/1] (0.00ns)   --->   "%br_ln62 = br i1 %tmp_last_V, void %if.end, void %for.inc.preheader.exitStub" [../../../../HWSWAI/HLS/SampleDatasetMLP.cpp:62]   --->   Operation 21 'br' 'br_ln62' <Predicate = true> <Delay = 0.00>
ST_2 : Operation 22 [1/1] (0.00ns)   --->   "%specloopname_ln58 = specloopname void @_ssdm_op_SpecLoopName, void @empty_1" [../../../../HWSWAI/HLS/SampleDatasetMLP.cpp:58]   --->   Operation 22 'specloopname' 'specloopname_ln58' <Predicate = (!tmp_last_V)> <Delay = 0.00>
ST_2 : Operation 23 [1/1] (0.42ns)   --->   "%store_ln58 = store i64 %add_ln61, i64 %n" [../../../../HWSWAI/HLS/SampleDatasetMLP.cpp:58]   --->   Operation 23 'store' 'store_ln58' <Predicate = (!tmp_last_V)> <Delay = 0.42>
ST_2 : Operation 24 [1/1] (0.00ns)   --->   "%br_ln58 = br void %while.body" [../../../../HWSWAI/HLS/SampleDatasetMLP.cpp:58]   --->   Operation 24 'br' 'br_ln58' <Predicate = (!tmp_last_V)> <Delay = 0.00>
ST_2 : Operation 25 [1/1] (0.00ns)   --->   "%write_ln283 = write void @_ssdm_op_Write.ap_auto.i4P0A, i4 %tmp_keep_V_out, i4 %tmp_keep_V"   --->   Operation 25 'write' 'write_ln283' <Predicate = (tmp_last_V)> <Delay = 0.00>
ST_2 : Operation 26 [1/1] (0.00ns)   --->   "%write_ln283 = write void @_ssdm_op_Write.ap_auto.i4P0A, i4 %tmp_strb_V_out, i4 %tmp_strb_V"   --->   Operation 26 'write' 'write_ln283' <Predicate = (tmp_last_V)> <Delay = 0.00>
ST_2 : Operation 27 [1/1] (0.00ns)   --->   "%write_ln283 = write void @_ssdm_op_Write.ap_auto.i2P0A, i2 %tmp_user_V_out, i2 %tmp_user_V"   --->   Operation 27 'write' 'write_ln283' <Predicate = (tmp_last_V)> <Delay = 0.00>
ST_2 : Operation 28 [1/1] (0.00ns)   --->   "%write_ln283 = write void @_ssdm_op_Write.ap_auto.i5P0A, i5 %tmp_id_V_out, i5 %tmp_id_V"   --->   Operation 28 'write' 'write_ln283' <Predicate = (tmp_last_V)> <Delay = 0.00>
ST_2 : Operation 29 [1/1] (0.00ns)   --->   "%write_ln283 = write void @_ssdm_op_Write.ap_auto.i6P0A, i6 %tmp_dest_V_out, i6 %tmp_dest_V"   --->   Operation 29 'write' 'write_ln283' <Predicate = (tmp_last_V)> <Delay = 0.00>
ST_2 : Operation 30 [1/1] (0.00ns)   --->   "%ret_ln0 = ret"   --->   Operation 30 'ret' 'ret_ln0' <Predicate = (tmp_last_V)> <Delay = 0.00>


============================================================
+ Verbose Summary: Binding
============================================================
STG Binding: 
---------------- STG Properties BEGIN ----------------
- Is combinational: 0
- Is one-state seq: 0
- Is datapath-only: 0
- Is pipelined: 0
- Is top level: 0
Port [ Return ] is wired: 1; IO mode=ap_ctrl_hs:ce=0
Port [ in_data_V_data_V]:  wired=1; compound=1; hidden=0; nouse=0; global=0; static=0; extern=0; dir=0; type=0; pingpong=0; private_global=0; IO mode=axis:ce=0
Port [ in_data_V_keep_V]:  wired=1; compound=1; hidden=0; nouse=0; global=0; static=0; extern=0; dir=0; type=0; pingpong=0; private_global=0; IO mode=axis:ce=0
Port [ in_data_V_strb_V]:  wired=1; compound=1; hidden=0; nouse=0; global=0; static=0; extern=0; dir=0; type=0; pingpong=0; private_global=0; IO mode=axis:ce=0
Port [ in_data_V_user_V]:  wired=1; compound=1; hidden=0; nouse=0; global=0; static=0; extern=0; dir=0; type=0; pingpong=0; private_global=0; IO mode=axis:ce=0
Port [ in_data_V_last_V]:  wired=1; compound=1; hidden=0; nouse=0; global=0; static=0; extern=0; dir=0; type=0; pingpong=0; private_global=0; IO mode=axis:ce=0
Port [ in_data_V_id_V]:  wired=1; compound=1; hidden=0; nouse=0; global=0; static=0; extern=0; dir=0; type=0; pingpong=0; private_global=0; IO mode=axis:ce=0
Port [ in_data_V_dest_V]:  wired=1; compound=1; hidden=0; nouse=0; global=0; static=0; extern=0; dir=0; type=0; pingpong=0; private_global=0; IO mode=axis:ce=0
Port [ input_features]:  wired=1; compound=1; hidden=0; nouse=0; global=0; static=0; extern=0; dir=1; type=1; pingpong=0; private_global=0; MemPort=[03]; IO mode=ap_memory:ce=0
Port [ tmp_keep_V_out]:  wired=1; compound=0; hidden=0; nouse=0; global=0; static=0; extern=0; dir=1; type=0; pingpong=0; private_global=0; IO mode=ap_vld:ce=0
Port [ tmp_strb_V_out]:  wired=1; compound=0; hidden=0; nouse=0; global=0; static=0; extern=0; dir=1; type=0; pingpong=0; private_global=0; IO mode=ap_vld:ce=0
Port [ tmp_user_V_out]:  wired=1; compound=0; hidden=0; nouse=0; global=0; static=0; extern=0; dir=1; type=0; pingpong=0; private_global=0; IO mode=ap_vld:ce=0
Port [ tmp_id_V_out]:  wired=1; compound=0; hidden=0; nouse=0; global=0; static=0; extern=0; dir=1; type=0; pingpong=0; private_global=0; IO mode=ap_vld:ce=0
Port [ tmp_dest_V_out]:  wired=1; compound=0; hidden=0; nouse=0; global=0; static=0; extern=0; dir=1; type=0; pingpong=0; private_global=0; IO mode=ap_vld:ce=0
---------------- STG Properties END ------------------

---------------- Datapath Model BEGIN ----------------

<LifeTime>
<method=bitvector/>
n                   (alloca       ) [ 011]
specinterface_ln0   (specinterface) [ 000]
store_ln0           (store        ) [ 000]
br_ln0              (br           ) [ 000]
n_1                 (load         ) [ 000]
specpipeline_ln0    (specpipeline ) [ 000]
empty               (read         ) [ 000]
tmp_data_V          (extractvalue ) [ 000]
tmp_keep_V          (extractvalue ) [ 000]
tmp_strb_V          (extractvalue ) [ 000]
tmp_user_V          (extractvalue ) [ 000]
tmp_last_V          (extractvalue ) [ 011]
tmp_id_V            (extractvalue ) [ 000]
tmp_dest_V          (extractvalue ) [ 000]
input_features_addr (getelementptr) [ 000]
store_ln60          (store        ) [ 000]
add_ln61            (add          ) [ 000]
br_ln62             (br           ) [ 000]
specloopname_ln58   (specloopname ) [ 000]
store_ln58          (store        ) [ 000]
br_ln58             (br           ) [ 000]
write_ln283         (write        ) [ 000]
write_ln283         (write        ) [ 000]
write_ln283         (write        ) [ 000]
write_ln283         (write        ) [ 000]
write_ln283         (write        ) [ 000]
ret_ln0             (ret          ) [ 000]
</LifeTime>

<model>

<comp_list>
<comp id="0" class="1000" name="in_data_V_data_V">
<pin_list>
<pin id="1" dir="1" index="0" bw="1" slack="0"/>
</pin_list>
<bind>
<StgValue><ssdm name="in_data_V_data_V"/></StgValue>
</bind>
</comp>

<comp id="2" class="1000" name="in_data_V_keep_V">
<pin_list>
<pin id="3" dir="1" index="0" bw="1" slack="0"/>
</pin_list>
<bind>
<StgValue><ssdm name="in_data_V_keep_V"/></StgValue>
</bind>
</comp>

<comp id="4" class="1000" name="in_data_V_strb_V">
<pin_list>
<pin id="5" dir="1" index="0" bw="1" slack="0"/>
</pin_list>
<bind>
<StgValue><ssdm name="in_data_V_strb_V"/></StgValue>
</bind>
</comp>

<comp id="6" class="1000" name="in_data_V_user_V">
<pin_list>
<pin id="7" dir="1" index="0" bw="1" slack="0"/>
</pin_list>
<bind>
<StgValue><ssdm name="in_data_V_user_V"/></StgValue>
</bind>
</comp>

<comp id="8" class="1000" name="in_data_V_last_V">
<pin_list>
<pin id="9" dir="1" index="0" bw="1" slack="0"/>
</pin_list>
<bind>
<StgValue><ssdm name="in_data_V_last_V"/></StgValue>
</bind>
</comp>

<comp id="10" class="1000" name="in_data_V_id_V">
<pin_list>
<pin id="11" dir="1" index="0" bw="1" slack="0"/>
</pin_list>
<bind>
<StgValue><ssdm name="in_data_V_id_V"/></StgValue>
</bind>
</comp>

<comp id="12" class="1000" name="in_data_V_dest_V">
<pin_list>
<pin id="13" dir="1" index="0" bw="1" slack="0"/>
</pin_list>
<bind>
<StgValue><ssdm name="in_data_V_dest_V"/></StgValue>
</bind>
</comp>

<comp id="14" class="1000" name="input_features">
<pin_list>
<pin id="15" dir="1" index="0" bw="1" slack="0"/>
</pin_list>
<bind>
<StgValue><ssdm name="input_features"/><MemPortTyVec>0 3 </MemPortTyVec>
</StgValue>
</bind>
</comp>

<comp id="16" class="1000" name="tmp_keep_V_out">
<pin_list>
<pin id="17" dir="1" index="0" bw="1" slack="0"/>
</pin_list>
<bind>
<StgValue><ssdm name="tmp_keep_V_out"/></StgValue>
</bind>
</comp>

<comp id="18" class="1000" name="tmp_strb_V_out">
<pin_list>
<pin id="19" dir="1" index="0" bw="1" slack="0"/>
</pin_list>
<bind>
<StgValue><ssdm name="tmp_strb_V_out"/></StgValue>
</bind>
</comp>

<comp id="20" class="1000" name="tmp_user_V_out">
<pin_list>
<pin id="21" dir="1" index="0" bw="1" slack="0"/>
</pin_list>
<bind>
<StgValue><ssdm name="tmp_user_V_out"/></StgValue>
</bind>
</comp>

<comp id="22" class="1000" name="tmp_id_V_out">
<pin_list>
<pin id="23" dir="1" index="0" bw="1" slack="0"/>
</pin_list>
<bind>
<StgValue><ssdm name="tmp_id_V_out"/></StgValue>
</bind>
</comp>

<comp id="24" class="1000" name="tmp_dest_V_out">
<pin_list>
<pin id="25" dir="1" index="0" bw="1" slack="0"/>
</pin_list>
<bind>
<StgValue><ssdm name="tmp_dest_V_out"/></StgValue>
</bind>
</comp>

<comp id="26" class="1001" name="const_26">
<pin_list>
<pin id="27" dir="1" index="0" bw="1" slack="0"/>
</pin_list>
<bind>
<StgValue><ssdm name=""/></StgValue>
</bind>
</comp>

<comp id="28" class="1001" name="const_28">
<pin_list>
<pin id="29" dir="1" index="0" bw="1" slack="2147483647"/>
</pin_list>
<bind>
<StgValue><ssdm name="_ssdm_op_SpecInterface"/></StgValue>
</bind>
</comp>

<comp id="30" class="1001" name="const_30">
<pin_list>
<pin id="31" dir="1" index="0" bw="1" slack="2147483647"/>
</pin_list>
<bind>
<StgValue><ssdm name="empty_5"/></StgValue>
</bind>
</comp>

<comp id="32" class="1001" name="const_32">
<pin_list>
<pin id="33" dir="1" index="0" bw="1" slack="2147483647"/>
</pin_list>
<bind>
<StgValue><ssdm name=""/></StgValue>
</bind>
</comp>

<comp id="34" class="1001" name="const_34">
<pin_list>
<pin id="35" dir="1" index="0" bw="1" slack="2147483647"/>
</pin_list>
<bind>
<StgValue><ssdm name="empty"/></StgValue>
</bind>
</comp>

<comp id="36" class="1001" name="const_36">
<pin_list>
<pin id="37" dir="1" index="0" bw="1" slack="2147483647"/>
</pin_list>
<bind>
<StgValue><ssdm name="empty_0"/></StgValue>
</bind>
</comp>

<comp id="38" class="1001" name="const_38">
<pin_list>
<pin id="39" dir="1" index="0" bw="1" slack="2147483647"/>
</pin_list>
<bind>
<StgValue><ssdm name=""/></StgValue>
</bind>
</comp>

<comp id="40" class="1001" name="const_40">
<pin_list>
<pin id="41" dir="1" index="0" bw="1" slack="0"/>
</pin_list>
<bind>
<StgValue><ssdm name=""/></StgValue>
</bind>
</comp>

<comp id="42" class="1001" name="const_42">
<pin_list>
<pin id="43" dir="1" index="0" bw="1" slack="2147483647"/>
</pin_list>
<bind>
<StgValue><ssdm name="_ssdm_op_SpecPipeline"/></StgValue>
</bind>
</comp>

<comp id="44" class="1001" name="const_44">
<pin_list>
<pin id="45" dir="1" index="0" bw="1" slack="2147483647"/>
</pin_list>
<bind>
<StgValue><ssdm name="p_str"/></StgValue>
</bind>
</comp>

<comp id="46" class="1001" name="const_46">
<pin_list>
<pin id="47" dir="1" index="0" bw="1" slack="0"/>
</pin_list>
<bind>
<StgValue><ssdm name="_ssdm_op_Read.axis.volatile.i32P0A.i4P0A.i4P0A.i2P0A.i1P0A.i5P0A.i6P0A"/></StgValue>
</bind>
</comp>

<comp id="48" class="1001" name="const_48">
<pin_list>
<pin id="49" dir="1" index="0" bw="1" slack="0"/>
</pin_list>
<bind>
<StgValue><ssdm name=""/></StgValue>
</bind>
</comp>

<comp id="50" class="1001" name="const_50">
<pin_list>
<pin id="51" dir="1" index="0" bw="1" slack="2147483647"/>
</pin_list>
<bind>
<StgValue><ssdm name="_ssdm_op_SpecLoopName"/></StgValue>
</bind>
</comp>

<comp id="52" class="1001" name="const_52">
<pin_list>
<pin id="53" dir="1" index="0" bw="1" slack="2147483647"/>
</pin_list>
<bind>
<StgValue><ssdm name="empty_1"/></StgValue>
</bind>
</comp>

<comp id="54" class="1001" name="const_54">
<pin_list>
<pin id="55" dir="1" index="0" bw="1" slack="0"/>
</pin_list>
<bind>
<StgValue><ssdm name="_ssdm_op_Write.ap_auto.i4P0A"/></StgValue>
</bind>
</comp>

<comp id="56" class="1001" name="const_56">
<pin_list>
<pin id="57" dir="1" index="0" bw="1" slack="0"/>
</pin_list>
<bind>
<StgValue><ssdm name="_ssdm_op_Write.ap_auto.i2P0A"/></StgValue>
</bind>
</comp>

<comp id="58" class="1001" name="const_58">
<pin_list>
<pin id="59" dir="1" index="0" bw="1" slack="0"/>
</pin_list>
<bind>
<StgValue><ssdm name="_ssdm_op_Write.ap_auto.i5P0A"/></StgValue>
</bind>
</comp>

<comp id="60" class="1001" name="const_60">
<pin_list>
<pin id="61" dir="1" index="0" bw="1" slack="0"/>
</pin_list>
<bind>
<StgValue><ssdm name="_ssdm_op_Write.ap_auto.i6P0A"/></StgValue>
</bind>
</comp>

<comp id="62" class="1004" name="n_fu_62">
<pin_list>
<pin id="63" dir="0" index="0" bw="1" slack="0"/>
<pin id="64" dir="1" index="1" bw="64" slack="0"/>
</pin_list>
<bind>
<opcode="alloca(26) " fcode="alloca"/>
<opset="n/1 "/>
</bind>
</comp>

<comp id="66" class="1004" name="empty_read_fu_66">
<pin_list>
<pin id="67" dir="0" index="0" bw="54" slack="0"/>
<pin id="68" dir="0" index="1" bw="32" slack="0"/>
<pin id="69" dir="0" index="2" bw="4" slack="0"/>
<pin id="70" dir="0" index="3" bw="4" slack="0"/>
<pin id="71" dir="0" index="4" bw="2" slack="0"/>
<pin id="72" dir="0" index="5" bw="1" slack="0"/>
<pin id="73" dir="0" index="6" bw="5" slack="0"/>
<pin id="74" dir="0" index="7" bw="6" slack="0"/>
<pin id="75" dir="1" index="8" bw="54" slack="0"/>
</pin_list>
<bind>
<opcode="read(1150) " fcode="read"/>
<opset="empty/2 "/>
</bind>
</comp>

<comp id="84" class="1004" name="write_ln283_write_fu_84">
<pin_list>
<pin id="85" dir="0" index="0" bw="0" slack="0"/>
<pin id="86" dir="0" index="1" bw="4" slack="0"/>
<pin id="87" dir="0" index="2" bw="4" slack="0"/>
<pin id="88" dir="1" index="3" bw="0" slack="2147483647"/>
</pin_list>
<bind>
<opcode="write(1151) " fcode="write"/>
<opset="write_ln283/2 "/>
</bind>
</comp>

<comp id="91" class="1004" name="write_ln283_write_fu_91">
<pin_list>
<pin id="92" dir="0" index="0" bw="0" slack="0"/>
<pin id="93" dir="0" index="1" bw="4" slack="0"/>
<pin id="94" dir="0" index="2" bw="4" slack="0"/>
<pin id="95" dir="1" index="3" bw="0" slack="2147483647"/>
</pin_list>
<bind>
<opcode="write(1151) " fcode="write"/>
<opset="write_ln283/2 "/>
</bind>
</comp>

<comp id="98" class="1004" name="write_ln283_write_fu_98">
<pin_list>
<pin id="99" dir="0" index="0" bw="0" slack="0"/>
<pin id="100" dir="0" index="1" bw="2" slack="0"/>
<pin id="101" dir="0" index="2" bw="2" slack="0"/>
<pin id="102" dir="1" index="3" bw="0" slack="2147483647"/>
</pin_list>
<bind>
<opcode="write(1151) " fcode="write"/>
<opset="write_ln283/2 "/>
</bind>
</comp>

<comp id="105" class="1004" name="write_ln283_write_fu_105">
<pin_list>
<pin id="106" dir="0" index="0" bw="0" slack="0"/>
<pin id="107" dir="0" index="1" bw="5" slack="0"/>
<pin id="108" dir="0" index="2" bw="5" slack="0"/>
<pin id="109" dir="1" index="3" bw="0" slack="2147483647"/>
</pin_list>
<bind>
<opcode="write(1151) " fcode="write"/>
<opset="write_ln283/2 "/>
</bind>
</comp>

<comp id="112" class="1004" name="write_ln283_write_fu_112">
<pin_list>
<pin id="113" dir="0" index="0" bw="0" slack="0"/>
<pin id="114" dir="0" index="1" bw="6" slack="0"/>
<pin id="115" dir="0" index="2" bw="6" slack="0"/>
<pin id="116" dir="1" index="3" bw="0" slack="2147483647"/>
</pin_list>
<bind>
<opcode="write(1151) " fcode="write"/>
<opset="write_ln283/2 "/>
</bind>
</comp>

<comp id="119" class="1004" name="input_features_addr_gep_fu_119">
<pin_list>
<pin id="120" dir="0" index="0" bw="32" slack="0"/>
<pin id="121" dir="0" index="1" bw="1" slack="0"/>
<pin id="122" dir="0" index="2" bw="64" slack="0"/>
<pin id="123" dir="1" index="3" bw="6" slack="0"/>
</pin_list>
<bind>
<opcode="getelementptr(29) " fcode="getelementptr"/>
<opset="input_features_addr/2 "/>
</bind>
</comp>

<comp id="126" class="1004" name="store_ln60_access_fu_126">
<pin_list>
<pin id="127" dir="0" index="0" bw="6" slack="0"/>
<pin id="128" dir="0" index="1" bw="32" slack="0"/>
<pin id="129" dir="0" index="2" bw="0" slack="2147483647"/>
<pin id="130" dir="1" index="3" bw="32" slack="2147483647"/>
</pin_list>
<bind>
<opcode="store(28) " fcode="store"/>
<opset="store_ln60/2 "/>
</bind>
</comp>

<comp id="132" class="1004" name="store_ln0_store_fu_132">
<pin_list>
<pin id="133" dir="0" index="0" bw="1" slack="0"/>
<pin id="134" dir="0" index="1" bw="64" slack="0"/>
<pin id="135" dir="1" index="2" bw="0" slack="2147483647"/>
</pin_list>
<bind>
<opcode="store(28) " fcode="store"/>
<opset="store_ln0/1 "/>
</bind>
</comp>

<comp id="137" class="1004" name="n_1_load_fu_137">
<pin_list>
<pin id="138" dir="0" index="0" bw="64" slack="1"/>
<pin id="139" dir="1" index="1" bw="64" slack="0"/>
</pin_list>
<bind>
<opcode="load(27) " fcode="load"/>
<opset="n_1/2 "/>
</bind>
</comp>

<comp id="141" class="1004" name="tmp_data_V_fu_141">
<pin_list>
<pin id="142" dir="0" index="0" bw="54" slack="0"/>
<pin id="143" dir="1" index="1" bw="32" slack="0"/>
</pin_list>
<bind>
<opcode="extractvalue(56) " fcode="extractvalue"/>
<opset="tmp_data_V/2 "/>
</bind>
</comp>

<comp id="146" class="1004" name="tmp_keep_V_fu_146">
<pin_list>
<pin id="147" dir="0" index="0" bw="54" slack="0"/>
<pin id="148" dir="1" index="1" bw="4" slack="0"/>
</pin_list>
<bind>
<opcode="extractvalue(56) " fcode="extractvalue"/>
<opset="tmp_keep_V/2 "/>
</bind>
</comp>

<comp id="151" class="1004" name="tmp_strb_V_fu_151">
<pin_list>
<pin id="152" dir="0" index="0" bw="54" slack="0"/>
<pin id="153" dir="1" index="1" bw="4" slack="0"/>
</pin_list>
<bind>
<opcode="extractvalue(56) " fcode="extractvalue"/>
<opset="tmp_strb_V/2 "/>
</bind>
</comp>

<comp id="156" class="1004" name="tmp_user_V_fu_156">
<pin_list>
<pin id="157" dir="0" index="0" bw="54" slack="0"/>
<pin id="158" dir="1" index="1" bw="2" slack="0"/>
</pin_list>
<bind>
<opcode="extractvalue(56) " fcode="extractvalue"/>
<opset="tmp_user_V/2 "/>
</bind>
</comp>

<comp id="161" class="1004" name="tmp_last_V_fu_161">
<pin_list>
<pin id="162" dir="0" index="0" bw="54" slack="0"/>
<pin id="163" dir="1" index="1" bw="1" slack="2147483647"/>
</pin_list>
<bind>
<opcode="extractvalue(56) " fcode="extractvalue"/>
<opset="tmp_last_V/2 "/>
</bind>
</comp>

<comp id="165" class="1004" name="tmp_id_V_fu_165">
<pin_list>
<pin id="166" dir="0" index="0" bw="54" slack="0"/>
<pin id="167" dir="1" index="1" bw="5" slack="0"/>
</pin_list>
<bind>
<opcode="extractvalue(56) " fcode="extractvalue"/>
<opset="tmp_id_V/2 "/>
</bind>
</comp>

<comp id="170" class="1004" name="tmp_dest_V_fu_170">
<pin_list>
<pin id="171" dir="0" index="0" bw="54" slack="0"/>
<pin id="172" dir="1" index="1" bw="6" slack="0"/>
</pin_list>
<bind>
<opcode="extractvalue(56) " fcode="extractvalue"/>
<opset="tmp_dest_V/2 "/>
</bind>
</comp>

<comp id="175" class="1004" name="add_ln61_fu_175">
<pin_list>
<pin id="176" dir="0" index="0" bw="64" slack="0"/>
<pin id="177" dir="0" index="1" bw="1" slack="0"/>
<pin id="178" dir="1" index="2" bw="64" slack="0"/>
</pin_list>
<bind>
<opcode="add(8) " fcode="add"/>
<opset="add_ln61/2 "/>
</bind>
</comp>

<comp id="181" class="1004" name="store_ln58_store_fu_181">
<pin_list>
<pin id="182" dir="0" index="0" bw="64" slack="0"/>
<pin id="183" dir="0" index="1" bw="64" slack="1"/>
<pin id="184" dir="1" index="2" bw="0" slack="2147483647"/>
</pin_list>
<bind>
<opcode="store(28) " fcode="store"/>
<opset="store_ln58/2 "/>
</bind>
</comp>

<comp id="186" class="1005" name="n_reg_186">
<pin_list>
<pin id="187" dir="0" index="0" bw="64" slack="0"/>
<pin id="188" dir="1" index="1" bw="64" slack="0"/>
</pin_list>
<bind>
<opset="n "/>
</bind>
</comp>

</comp_list>

<net_list>
<net id="65"><net_src comp="26" pin="0"/><net_sink comp="62" pin=0"/></net>

<net id="76"><net_src comp="46" pin="0"/><net_sink comp="66" pin=0"/></net>

<net id="77"><net_src comp="0" pin="0"/><net_sink comp="66" pin=1"/></net>

<net id="78"><net_src comp="2" pin="0"/><net_sink comp="66" pin=2"/></net>

<net id="79"><net_src comp="4" pin="0"/><net_sink comp="66" pin=3"/></net>

<net id="80"><net_src comp="6" pin="0"/><net_sink comp="66" pin=4"/></net>

<net id="81"><net_src comp="8" pin="0"/><net_sink comp="66" pin=5"/></net>

<net id="82"><net_src comp="10" pin="0"/><net_sink comp="66" pin=6"/></net>

<net id="83"><net_src comp="12" pin="0"/><net_sink comp="66" pin=7"/></net>

<net id="89"><net_src comp="54" pin="0"/><net_sink comp="84" pin=0"/></net>

<net id="90"><net_src comp="16" pin="0"/><net_sink comp="84" pin=1"/></net>

<net id="96"><net_src comp="54" pin="0"/><net_sink comp="91" pin=0"/></net>

<net id="97"><net_src comp="18" pin="0"/><net_sink comp="91" pin=1"/></net>

<net id="103"><net_src comp="56" pin="0"/><net_sink comp="98" pin=0"/></net>

<net id="104"><net_src comp="20" pin="0"/><net_sink comp="98" pin=1"/></net>

<net id="110"><net_src comp="58" pin="0"/><net_sink comp="105" pin=0"/></net>

<net id="111"><net_src comp="22" pin="0"/><net_sink comp="105" pin=1"/></net>

<net id="117"><net_src comp="60" pin="0"/><net_sink comp="112" pin=0"/></net>

<net id="118"><net_src comp="24" pin="0"/><net_sink comp="112" pin=1"/></net>

<net id="124"><net_src comp="14" pin="0"/><net_sink comp="119" pin=0"/></net>

<net id="125"><net_src comp="40" pin="0"/><net_sink comp="119" pin=1"/></net>

<net id="131"><net_src comp="119" pin="3"/><net_sink comp="126" pin=0"/></net>

<net id="136"><net_src comp="40" pin="0"/><net_sink comp="132" pin=0"/></net>

<net id="140"><net_src comp="137" pin="1"/><net_sink comp="119" pin=2"/></net>

<net id="144"><net_src comp="66" pin="8"/><net_sink comp="141" pin=0"/></net>

<net id="145"><net_src comp="141" pin="1"/><net_sink comp="126" pin=1"/></net>

<net id="149"><net_src comp="66" pin="8"/><net_sink comp="146" pin=0"/></net>

<net id="150"><net_src comp="146" pin="1"/><net_sink comp="84" pin=2"/></net>

<net id="154"><net_src comp="66" pin="8"/><net_sink comp="151" pin=0"/></net>

<net id="155"><net_src comp="151" pin="1"/><net_sink comp="91" pin=2"/></net>

<net id="159"><net_src comp="66" pin="8"/><net_sink comp="156" pin=0"/></net>

<net id="160"><net_src comp="156" pin="1"/><net_sink comp="98" pin=2"/></net>

<net id="164"><net_src comp="66" pin="8"/><net_sink comp="161" pin=0"/></net>

<net id="168"><net_src comp="66" pin="8"/><net_sink comp="165" pin=0"/></net>

<net id="169"><net_src comp="165" pin="1"/><net_sink comp="105" pin=2"/></net>

<net id="173"><net_src comp="66" pin="8"/><net_sink comp="170" pin=0"/></net>

<net id="174"><net_src comp="170" pin="1"/><net_sink comp="112" pin=2"/></net>

<net id="179"><net_src comp="137" pin="1"/><net_sink comp="175" pin=0"/></net>

<net id="180"><net_src comp="48" pin="0"/><net_sink comp="175" pin=1"/></net>

<net id="185"><net_src comp="175" pin="2"/><net_sink comp="181" pin=0"/></net>

<net id="189"><net_src comp="62" pin="1"/><net_sink comp="186" pin=0"/></net>

<net id="190"><net_src comp="186" pin="1"/><net_sink comp="132" pin=1"/></net>

<net id="191"><net_src comp="186" pin="1"/><net_sink comp="137" pin=0"/></net>

<net id="192"><net_src comp="186" pin="1"/><net_sink comp="181" pin=1"/></net>

</net_list>

</model> 
---------------- Datapath Model END ------------------

* FSMD analyzer results:
  - Output states:
	Port: in_data_V_data_V | {}
	Port: in_data_V_keep_V | {}
	Port: in_data_V_strb_V | {}
	Port: in_data_V_user_V | {}
	Port: in_data_V_last_V | {}
	Port: in_data_V_id_V | {}
	Port: in_data_V_dest_V | {}
	Port: input_features | {2 }
	Port: tmp_keep_V_out | {2 }
	Port: tmp_strb_V_out | {2 }
	Port: tmp_user_V_out | {2 }
	Port: tmp_id_V_out | {2 }
	Port: tmp_dest_V_out | {2 }
 - Input state : 
	Port: MLP_Pipeline_VITIS_LOOP_58_1 : in_data_V_data_V | {2 }
	Port: MLP_Pipeline_VITIS_LOOP_58_1 : in_data_V_keep_V | {2 }
	Port: MLP_Pipeline_VITIS_LOOP_58_1 : in_data_V_strb_V | {2 }
	Port: MLP_Pipeline_VITIS_LOOP_58_1 : in_data_V_user_V | {2 }
	Port: MLP_Pipeline_VITIS_LOOP_58_1 : in_data_V_last_V | {2 }
	Port: MLP_Pipeline_VITIS_LOOP_58_1 : in_data_V_id_V | {2 }
	Port: MLP_Pipeline_VITIS_LOOP_58_1 : in_data_V_dest_V | {2 }
  - Chain level:
	State 1
		store_ln0 : 1
	State 2
		input_features_addr : 1
		store_ln60 : 1
		add_ln61 : 1
		br_ln62 : 1
		store_ln58 : 2
		write_ln283 : 1
		write_ln283 : 1
		write_ln283 : 1
		write_ln283 : 1
		write_ln283 : 1


============================================================
+ Verbose Summary: Datapath Resource usage 
============================================================

* Functional unit list:
|----------|--------------------------|---------|---------|
| Operation|      Functional Unit     |    FF   |   LUT   |
|----------|--------------------------|---------|---------|
|    add   |      add_ln61_fu_175     |    0    |    71   |
|----------|--------------------------|---------|---------|
|   read   |     empty_read_fu_66     |    0    |    0    |
|----------|--------------------------|---------|---------|
|          |  write_ln283_write_fu_84 |    0    |    0    |
|          |  write_ln283_write_fu_91 |    0    |    0    |
|   write  |  write_ln283_write_fu_98 |    0    |    0    |
|          | write_ln283_write_fu_105 |    0    |    0    |
|          | write_ln283_write_fu_112 |    0    |    0    |
|----------|--------------------------|---------|---------|
|          |     tmp_data_V_fu_141    |    0    |    0    |
|          |     tmp_keep_V_fu_146    |    0    |    0    |
|          |     tmp_strb_V_fu_151    |    0    |    0    |
|extractvalue|     tmp_user_V_fu_156    |    0    |    0    |
|          |     tmp_last_V_fu_161    |    0    |    0    |
|          |      tmp_id_V_fu_165     |    0    |    0    |
|          |     tmp_dest_V_fu_170    |    0    |    0    |
|----------|--------------------------|---------|---------|
|   Total  |                          |    0    |    71   |
|----------|--------------------------|---------|---------|

Memories:
N/A

* Register list:
+---------+--------+
|         |   FF   |
+---------+--------+
|n_reg_186|   64   |
+---------+--------+
|  Total  |   64   |
+---------+--------+

* Multiplexer (MUX) list: 
|--------|------|------|------|--------|
|  Comp  |  Pin | Size |  BW  | S x BW |
|--------|------|------|------|--------|
|  Total |      |      |      |    0   |
|--------|------|------|------|--------|



* Summary:
+-----------+--------+--------+
|           |   FF   |   LUT  |
+-----------+--------+--------+
|  Function |    0   |   71   |
|   Memory  |    -   |    -   |
|Multiplexer|    -   |    -   |
|  Register |   64   |    -   |
+-----------+--------+--------+
|   Total   |   64   |   71   |
+-----------+--------+--------+
