#-----------------------------------------------------------
# Vivado v2022.1 (64-bit)
# SW Build 3526262 on Mon Apr 18 15:48:16 MDT 2022
# IP Build 3524634 on Mon Apr 18 20:55:01 MDT 2022
# Start of session at: Wed Feb 14 00:29:40 2024
# Process ID: 18520
# Current directory: C:/Users/xingy/AppData/Roaming/Xilinx/Vitis/testHLS2/solution1/impl/ip
# Command line: vivado.exe -notrace -mode batch -source run_ippack.tcl
# Log file: C:/Users/xingy/AppData/Roaming/Xilinx/Vitis/testHLS2/solution1/impl/ip/vivado.log
# Journal file: C:/Users/xingy/AppData/Roaming/Xilinx/Vitis/testHLS2/solution1/impl/ip\vivado.jou
# Running On: DESKTOP-7J5H59V, OS: Windows, CPU Frequency: 1800 MHz, CPU Physical cores: 4, Host memory: 8470 MB
#-----------------------------------------------------------
source run_ippack.tcl -notrace
create_project: Time (s): cpu = 00:00:04 ; elapsed = 00:00:08 . Memory (MB): peak = 1294.930 ; gain = 10.746
INFO: [IP_Flow 19-234] Refreshing IP repositories
INFO: [IP_Flow 19-1704] No user IP repositories specified
INFO: [IP_Flow 19-2313] Loaded Vivado IP repository 'C:/Xilinx/Vivado/2022.1/data/ip'.
WARNING: [IP_Flow 19-4832] The IP name 'MLP_ddiv_64ns_64ns_64_22_no_dsp_1_ip' you have specified is long. The Windows operating system has path length limitations. It is recommended you use shorter names to reduce the likelihood of issues.
INFO: [IP_Flow 19-1686] Generating 'Synthesis' target for IP 'MLP_ddiv_64ns_64ns_64_22_no_dsp_1_ip'...
INFO: [IP_Flow 19-1686] Generating 'Simulation' target for IP 'MLP_ddiv_64ns_64ns_64_22_no_dsp_1_ip'...
WARNING: [IP_Flow 19-4832] The IP name 'MLP_fadd_32ns_32ns_32_4_full_dsp_1_ip' you have specified is long. The Windows operating system has path length limitations. It is recommended you use shorter names to reduce the likelihood of issues.
INFO: [IP_Flow 19-1686] Generating 'Synthesis' target for IP 'MLP_fadd_32ns_32ns_32_4_full_dsp_1_ip'...
INFO: [IP_Flow 19-1686] Generating 'Simulation' target for IP 'MLP_fadd_32ns_32ns_32_4_full_dsp_1_ip'...
WARNING: [IP_Flow 19-4832] The IP name 'MLP_fcmp_32ns_32ns_1_2_no_dsp_1_ip' you have specified is long. The Windows operating system has path length limitations. It is recommended you use shorter names to reduce the likelihood of issues.
INFO: [IP_Flow 19-1686] Generating 'Synthesis' target for IP 'MLP_fcmp_32ns_32ns_1_2_no_dsp_1_ip'...
INFO: [IP_Flow 19-1686] Generating 'Simulation' target for IP 'MLP_fcmp_32ns_32ns_1_2_no_dsp_1_ip'...
WARNING: [IP_Flow 19-4832] The IP name 'MLP_fmul_32ns_32ns_32_3_max_dsp_1_ip' you have specified is long. The Windows operating system has path length limitations. It is recommended you use shorter names to reduce the likelihood of issues.
INFO: [IP_Flow 19-1686] Generating 'Synthesis' target for IP 'MLP_fmul_32ns_32ns_32_3_max_dsp_1_ip'...
INFO: [IP_Flow 19-1686] Generating 'Simulation' target for IP 'MLP_fmul_32ns_32ns_32_3_max_dsp_1_ip'...
WARNING: [IP_Flow 19-4832] The IP name 'MLP_fptrunc_64ns_32_2_no_dsp_1_ip' you have specified is long. The Windows operating system has path length limitations. It is recommended you use shorter names to reduce the likelihood of issues.
INFO: [IP_Flow 19-1686] Generating 'Synthesis' target for IP 'MLP_fptrunc_64ns_32_2_no_dsp_1_ip'...
INFO: [IP_Flow 19-1686] Generating 'Simulation' target for IP 'MLP_fptrunc_64ns_32_2_no_dsp_1_ip'...
WARNING: [IP_Flow 19-4832] The IP name 'MLP_sitodp_32ns_64_4_no_dsp_1_ip' you have specified is long. The Windows operating system has path length limitations. It is recommended you use shorter names to reduce the likelihood of issues.
INFO: [IP_Flow 19-1686] Generating 'Synthesis' target for IP 'MLP_sitodp_32ns_64_4_no_dsp_1_ip'...
INFO: [IP_Flow 19-1686] Generating 'Simulation' target for IP 'MLP_sitodp_32ns_64_4_no_dsp_1_ip'...
INFO: [IP_Flow 19-234] Refreshing IP repositories
INFO: [IP_Flow 19-1704] No user IP repositories specified
INFO: [IP_Flow 19-2313] Loaded Vivado IP repository 'C:/Xilinx/Vivado/2022.1/data/ip'.
INFO: [Common 17-206] Exiting Vivado at Wed Feb 14 00:30:10 2024...
