

================================================================
== Synthesis Summary Report of 'MLP'
================================================================
+ General Information: 
    * Date:           Wed Feb 14 00:25:44 2024
    * Version:        2022.1 (Build 3526262 on Mon Apr 18 15:48:16 MDT 2022)
    * Project:        testHLS2
    * Solution:       solution1 (Vivado IP Flow Target)
    * Product family: zynquplus
    * Target device:  xczu3eg-sbva484-2-i
    

+ Performance & Resource Estimates: 
    
    PS: '+' for module; 'o' for loop; '*' for dataflow
    +-----------------------------------+------+------+---------+-----------+----------+---------+------+----------+---------+-----------+-------------+-------------+-----+
    |              Modules              | Issue|      | Latency |  Latency  | Iteration|         | Trip |          |         |           |             |             |     |
    |              & Loops              | Type | Slack| (cycles)|    (ns)   |  Latency | Interval| Count| Pipelined|  BRAM   |    DSP    |      FF     |     LUT     | URAM|
    +-----------------------------------+------+------+---------+-----------+----------+---------+------+----------+---------+-----------+-------------+-------------+-----+
    |+ MLP                              |     -|  0.19|        -|          -|         -|        -|     -|        no|  3 (~0%)|  242 (67%)|  32682 (23%)|  23118 (32%)|    -|
    | + MLP_Pipeline_1                  |     -|  5.28|       50|    500.000|         -|       50|     -|        no|        -|          -|      8 (~0%)|     50 (~0%)|    -|
    |  o Loop 1                         |     -|  7.30|       48|    480.000|         1|        1|    48|       yes|        -|          -|            -|            -|    -|
    | + MLP_Pipeline_2                  |     -|  5.28|       50|    500.000|         -|       50|     -|        no|        -|          -|      8 (~0%)|     50 (~0%)|    -|
    |  o Loop 1                         |     -|  7.30|       48|    480.000|         1|        1|    48|       yes|        -|          -|            -|            -|    -|
    | + MLP_Pipeline_3                  |     -|  5.87|       26|    260.000|         -|       26|     -|        no|        -|          -|      7 (~0%)|     48 (~0%)|    -|
    |  o Loop 1                         |     -|  7.30|       24|    240.000|         1|        1|    24|       yes|        -|          -|            -|            -|    -|
    | + MLP_Pipeline_4                  |     -|  5.90|       14|    140.000|         -|       14|     -|        no|        -|          -|      6 (~0%)|     48 (~0%)|    -|
    |  o Loop 1                         |     -|  7.30|       12|    120.000|         1|        1|    12|       yes|        -|          -|            -|            -|    -|
    | + MLP_Pipeline_5                  |     -|  6.04|        7|     70.000|         -|        7|     -|        no|        -|          -|      5 (~0%)|     45 (~0%)|    -|
    |  o Loop 1                         |     -|  7.30|        5|     50.000|         1|        1|     5|       yes|        -|          -|            -|            -|    -|
    | + MLP_Pipeline_6                  |     -|  6.04|        7|     70.000|         -|        7|     -|        no|        -|          -|      5 (~0%)|     45 (~0%)|    -|
    |  o Loop 1                         |     -|  7.30|        5|     50.000|         1|        1|     5|       yes|        -|          -|            -|            -|    -|
    | + MLP_Pipeline_VITIS_LOOP_58_1    |     -|  5.79|        -|          -|         -|        -|     -|        no|        -|          -|     67 (~0%)|    111 (~0%)|    -|
    |  o VITIS_LOOP_58_1                |     -|  7.30|        -|          -|         1|        1|     -|       yes|        -|          -|            -|            -|    -|
    | + MLP_Pipeline_VITIS_LOOP_69_2    |     -|  0.44|       77|    770.000|         -|       77|     -|        no|        -|          -|    261 (~0%)|     93 (~0%)|    -|
    |  o VITIS_LOOP_69_2                |     -|  7.30|       75|    750.000|        29|        1|    48|       yes|        -|          -|            -|            -|    -|
    | + MLP_Pipeline_VITIS_LOOP_77_3    |     -|  0.19|      227|  2.270e+03|         -|      227|     -|        no|        -|  120 (33%)|  15239 (10%)|   9118 (12%)|    -|
    |  o VITIS_LOOP_77_3                |     -|  7.30|      225|  2.250e+03|       203|        1|    24|       yes|        -|          -|            -|            -|    -|
    | + MLP_Pipeline_VITIS_LOOP_94_5    |     -|  0.19|      119|  1.190e+03|         -|      119|     -|        no|        -|          -|    3453 (2%)|    304 (~0%)|    -|
    |  o VITIS_LOOP_94_5                |     -|  7.30|      117|  1.170e+03|       107|        1|    12|       yes|        -|          -|            -|            -|    -|
    | + MLP_Pipeline_VITIS_LOOP_111_7   |     -|  0.19|       62|    620.000|         -|       62|     -|        no|        -|          -|    1751 (1%)|    127 (~0%)|    -|
    |  o VITIS_LOOP_111_7               |     -|  7.30|       60|    600.000|        57|        1|     5|       yes|        -|          -|            -|            -|    -|
    | + MLP_Pipeline_VITIS_LOOP_123_9   |     -|  0.28|       11|    110.000|         -|       11|     -|        no|        -|          -|    145 (~0%)|     711 (1%)|    -|
    |  o VITIS_LOOP_123_9               |     -|  7.30|        9|     90.000|         6|        1|     5|       yes|        -|          -|            -|            -|    -|
    | + MLP_Pipeline_VITIS_LOOP_128_10  |     -|  6.20|        7|     70.000|         -|        7|     -|        no|        -|          -|      7 (~0%)|     76 (~0%)|    -|
    |  o VITIS_LOOP_128_10              |     -|  7.30|        5|     50.000|         2|        1|     5|       yes|        -|          -|            -|            -|    -|
    +-----------------------------------+------+------+---------+-----------+----------+---------+------+----------+---------+-----------+-------------+-------------+-----+


================================================================
== HW Interfaces
================================================================
* AXIS
+-----------+---------------+-------+-------+-----+-------+-------+--------+-------+-------+--------+
| Interface | Register Mode | TDATA | TDEST | TID | TKEEP | TLAST | TREADY | TSTRB | TUSER | TVALID |
+-----------+---------------+-------+-------+-----+-------+-------+--------+-------+-------+--------+
| in_data   | both          | 32    | 6     | 5   | 4     | 1     | 1      | 4     | 2     | 1      |
| out_data  | both          | 32    | 6     | 5   | 4     | 1     | 1      | 4     | 2     | 1      |
+-----------+---------------+-------+-------+-----+-------+-------+--------+-------+-------+--------+

* TOP LEVEL CONTROL
+-----------+--------------+----------+
| Interface | Type         | Ports    |
+-----------+--------------+----------+
| ap_clk    | clock        | ap_clk   |
| ap_rst_n  | reset        | ap_rst_n |
| ap_ctrl   | ap_ctrl_none |          |
+-----------+--------------+----------+


================================================================
== SW I/O Information
================================================================
* Top Function Arguments
+----------+-----------+--------------------------------------------+
| Argument | Direction | Datatype                                   |
+----------+-----------+--------------------------------------------+
| in_data  | in        | stream<hls::axis<ap_int<32>, 2, 5, 6>, 0>& |
| out_data | out       | stream<hls::axis<ap_int<32>, 2, 5, 6>, 0>& |
+----------+-----------+--------------------------------------------+

* SW-to-HW Mapping
+----------+--------------+-----------+
| Argument | HW Interface | HW Type   |
+----------+--------------+-----------+
| in_data  | in_data      | interface |
| out_data | out_data     | interface |
+----------+--------------+-----------+


================================================================
== M_AXI Burst Information
================================================================
 Note: All burst requests might be further partitioned into multiple requests during RTL generation based on max_read_burst_length or max_write_burst_length settings.

  No burst in design

================================================================
== Bind Op Report
================================================================
+---------------------------------------+-----+--------+------------+------+---------+---------+
| Name                                  | DSP | Pragma | Variable   | Op   | Impl    | Latency |
+---------------------------------------+-----+--------+------------+------+---------+---------+
| + MLP                                 | 242 |        |            |      |         |         |
|  + MLP_Pipeline_1                     | 0   |        |            |      |         |         |
|    empty_52_fu_56_p2                  | -   |        | empty_52   | add  | fabric  | 0       |
|  + MLP_Pipeline_2                     | 0   |        |            |      |         |         |
|    empty_50_fu_58_p2                  | -   |        | empty_50   | add  | fabric  | 0       |
|  + MLP_Pipeline_3                     | 0   |        |            |      |         |         |
|    empty_48_fu_58_p2                  | -   |        | empty_48   | add  | fabric  | 0       |
|  + MLP_Pipeline_4                     | 0   |        |            |      |         |         |
|    empty_46_fu_58_p2                  | -   |        | empty_46   | add  | fabric  | 0       |
|  + MLP_Pipeline_5                     | 0   |        |            |      |         |         |
|    empty_44_fu_58_p2                  | -   |        | empty_44   | add  | fabric  | 0       |
|  + MLP_Pipeline_6                     | 0   |        |            |      |         |         |
|    empty_42_fu_56_p2                  | -   |        | empty_42   | add  | fabric  | 0       |
|  + MLP_Pipeline_VITIS_LOOP_58_1       | 0   |        |            |      |         |         |
|    add_ln61_fu_175_p2                 | -   |        | add_ln61   | add  | fabric  | 0       |
|  + MLP_Pipeline_VITIS_LOOP_69_2       | 0   |        |            |      |         |         |
|    add_ln69_fu_89_p2                  | -   |        | add_ln69   | add  | fabric  | 0       |
|    ddiv_64ns_64ns_64_22_no_dsp_1_U21  | -   |        | div        | ddiv | fabric  | 21      |
|  + MLP_Pipeline_VITIS_LOOP_77_3       | 120 |        |            |      |         |         |
|    add_ln77_fu_1587_p2                | -   |        | add_ln77   | add  | fabric  | 0       |
|    fmul_32ns_32ns_32_3_max_dsp_1_U101 | 3   |        | mul_23     | fmul | maxdsp  | 2       |
|    fmul_32ns_32ns_32_3_max_dsp_1_U102 | 3   |        | mul_24     | fmul | maxdsp  | 2       |
|    fadd_32ns_32ns_32_4_full_dsp_1_U53 | 2   |        | add1_24    | fadd | fulldsp | 3       |
|    fmul_32ns_32ns_32_3_max_dsp_1_U103 | 3   |        | mul_25     | fmul | maxdsp  | 2       |
|    fadd_32ns_32ns_32_4_full_dsp_1_U54 | 2   |        | add1_25    | fadd | fulldsp | 3       |
|    fmul_32ns_32ns_32_3_max_dsp_1_U104 | 3   |        | mul_26     | fmul | maxdsp  | 2       |
|    fadd_32ns_32ns_32_4_full_dsp_1_U55 | 2   |        | add1_26    | fadd | fulldsp | 3       |
|    fmul_32ns_32ns_32_3_max_dsp_1_U105 | 3   |        | mul_27     | fmul | maxdsp  | 2       |
|    fadd_32ns_32ns_32_4_full_dsp_1_U56 | 2   |        | add1_27    | fadd | fulldsp | 3       |
|    fmul_32ns_32ns_32_3_max_dsp_1_U106 | 3   |        | mul_28     | fmul | maxdsp  | 2       |
|    fadd_32ns_32ns_32_4_full_dsp_1_U57 | 2   |        | add1_28    | fadd | fulldsp | 3       |
|    fmul_32ns_32ns_32_3_max_dsp_1_U107 | 3   |        | mul_29     | fmul | maxdsp  | 2       |
|    fadd_32ns_32ns_32_4_full_dsp_1_U58 | 2   |        | add1_29    | fadd | fulldsp | 3       |
|    fmul_32ns_32ns_32_3_max_dsp_1_U108 | 3   |        | mul_30     | fmul | maxdsp  | 2       |
|    fadd_32ns_32ns_32_4_full_dsp_1_U59 | 2   |        | add1_30    | fadd | fulldsp | 3       |
|    fmul_32ns_32ns_32_3_max_dsp_1_U109 | 3   |        | mul_31     | fmul | maxdsp  | 2       |
|    fadd_32ns_32ns_32_4_full_dsp_1_U60 | 2   |        | add1_31    | fadd | fulldsp | 3       |
|    fmul_32ns_32ns_32_3_max_dsp_1_U110 | 3   |        | mul_32     | fmul | maxdsp  | 2       |
|    fadd_32ns_32ns_32_4_full_dsp_1_U61 | 2   |        | add1_32    | fadd | fulldsp | 3       |
|    fmul_32ns_32ns_32_3_max_dsp_1_U111 | 3   |        | mul_33     | fmul | maxdsp  | 2       |
|    fadd_32ns_32ns_32_4_full_dsp_1_U62 | 2   |        | add1_33    | fadd | fulldsp | 3       |
|    fmul_32ns_32ns_32_3_max_dsp_1_U112 | 3   |        | mul_34     | fmul | maxdsp  | 2       |
|    fadd_32ns_32ns_32_4_full_dsp_1_U63 | 2   |        | add1_34    | fadd | fulldsp | 3       |
|    fmul_32ns_32ns_32_3_max_dsp_1_U113 | 3   |        | mul_35     | fmul | maxdsp  | 2       |
|    fadd_32ns_32ns_32_4_full_dsp_1_U64 | 2   |        | add1_35    | fadd | fulldsp | 3       |
|    fmul_32ns_32ns_32_3_max_dsp_1_U114 | 3   |        | mul_36     | fmul | maxdsp  | 2       |
|    fadd_32ns_32ns_32_4_full_dsp_1_U65 | 2   |        | add1_36    | fadd | fulldsp | 3       |
|    fmul_32ns_32ns_32_3_max_dsp_1_U115 | 3   |        | mul_37     | fmul | maxdsp  | 2       |
|    fadd_32ns_32ns_32_4_full_dsp_1_U66 | 2   |        | add1_37    | fadd | fulldsp | 3       |
|    fmul_32ns_32ns_32_3_max_dsp_1_U116 | 3   |        | mul_38     | fmul | maxdsp  | 2       |
|    fadd_32ns_32ns_32_4_full_dsp_1_U67 | 2   |        | add1_38    | fadd | fulldsp | 3       |
|    fmul_32ns_32ns_32_3_max_dsp_1_U117 | 3   |        | mul_39     | fmul | maxdsp  | 2       |
|    fadd_32ns_32ns_32_4_full_dsp_1_U68 | 2   |        | add1_39    | fadd | fulldsp | 3       |
|    fmul_32ns_32ns_32_3_max_dsp_1_U118 | 3   |        | mul_40     | fmul | maxdsp  | 2       |
|    fadd_32ns_32ns_32_4_full_dsp_1_U69 | 2   |        | add1_40    | fadd | fulldsp | 3       |
|    fmul_32ns_32ns_32_3_max_dsp_1_U119 | 3   |        | mul_41     | fmul | maxdsp  | 2       |
|    fadd_32ns_32ns_32_4_full_dsp_1_U70 | 2   |        | add1_41    | fadd | fulldsp | 3       |
|    fmul_32ns_32ns_32_3_max_dsp_1_U120 | 3   |        | mul_42     | fmul | maxdsp  | 2       |
|    fadd_32ns_32ns_32_4_full_dsp_1_U71 | 2   |        | add1_42    | fadd | fulldsp | 3       |
|    fmul_32ns_32ns_32_3_max_dsp_1_U121 | 3   |        | mul_43     | fmul | maxdsp  | 2       |
|    fadd_32ns_32ns_32_4_full_dsp_1_U72 | 2   |        | add1_43    | fadd | fulldsp | 3       |
|    fmul_32ns_32ns_32_3_max_dsp_1_U122 | 3   |        | mul_44     | fmul | maxdsp  | 2       |
|    fadd_32ns_32ns_32_4_full_dsp_1_U73 | 2   |        | add1_44    | fadd | fulldsp | 3       |
|    fmul_32ns_32ns_32_3_max_dsp_1_U123 | 3   |        | mul_45     | fmul | maxdsp  | 2       |
|    fadd_32ns_32ns_32_4_full_dsp_1_U74 | 2   |        | add1_45    | fadd | fulldsp | 3       |
|    fmul_32ns_32ns_32_3_max_dsp_1_U124 | 3   |        | mul_46     | fmul | maxdsp  | 2       |
|    fadd_32ns_32ns_32_4_full_dsp_1_U75 | 2   |        | add1_46    | fadd | fulldsp | 3       |
|    fadd_32ns_32ns_32_4_full_dsp_1_U76 | 2   |        | add        | fadd | fulldsp | 3       |
|  + MLP_Pipeline_VITIS_LOOP_94_5       | 0   |        |            |      |         |         |
|    add_ln94_fu_843_p2                 | -   |        | add_ln94   | add  | fabric  | 0       |
|  + MLP_Pipeline_VITIS_LOOP_111_7      | 0   |        |            |      |         |         |
|    add_ln111_fu_457_p2                | -   |        | add_ln111  | add  | fabric  | 0       |
|  + MLP_Pipeline_VITIS_LOOP_123_9      | 0   |        |            |      |         |         |
|    add_ln123_fu_113_p2                | -   |        | add_ln123  | add  | fabric  | 0       |
|    add_ln346_fu_172_p2                | -   |        | add_ln346  | add  | fabric  | 0       |
|    sub_ln1512_fu_186_p2               | -   |        | sub_ln1512 | sub  | fabric  | 0       |
|    result_V_2_fu_254_p2               | -   |        | result_V_2 | sub  | fabric  | 0       |
|  + MLP_Pipeline_VITIS_LOOP_128_10     | 0   |        |            |      |         |         |
|    add_ln128_fu_159_p2                | -   |        | add_ln128  | add  | fabric  | 0       |
+---------------------------------------+-----+--------+------------+------+---------+---------+


================================================================
== Bind Storage Report
================================================================
+---------------------------------------+------+------+--------+-----------------------+---------+------+---------+
| Name                                  | BRAM | URAM | Pragma | Variable              | Storage | Impl | Latency |
+---------------------------------------+------+------+--------+-----------------------+---------+------+---------+
| + MLP                                 | 3    | 0    |        |                       |         |      |         |
|   input_features_U                    | 2    | -    |        | input_features        | ram_1p  | auto | 1       |
|   input_features_casted_U             | 2    | -    |        | input_features_casted | ram_s2p | auto | 1       |
|   fmul_32ns_32ns_32_3_max_dsp_1_U427  | -    | -    |        | hidden_layer_1        | ram_s2p | auto | 1       |
|   fadd_32ns_32ns_32_4_full_dsp_1_U402 | -    | -    |        | hidden_layer_2        | ram_s2p | auto | 1       |
|   output_layer_U                      | -    | -    |        | output_layer          | ram_1p  | auto | 1       |
|   output_layer_casted_U               | -    | -    |        | output_layer_casted   | ram_1p  | auto | 1       |
|  + MLP_Pipeline_VITIS_LOOP_77_3       | 0    | 0    |        |                       |         |      |         |
|    weights_1_0_U                      | -    | -    |        | weights_1_0           | rom_1p  | auto | 1       |
|    weights_1_1_U                      | -    | -    |        | weights_1_1           | rom_1p  | auto | 1       |
|    weights_1_2_U                      | -    | -    |        | weights_1_2           | rom_1p  | auto | 1       |
|    weights_1_3_U                      | -    | -    |        | weights_1_3           | rom_1p  | auto | 1       |
|    weights_1_4_U                      | -    | -    |        | weights_1_4           | rom_1p  | auto | 1       |
|    weights_1_5_U                      | -    | -    |        | weights_1_5           | rom_1p  | auto | 1       |
|    weights_1_6_U                      | -    | -    |        | weights_1_6           | rom_1p  | auto | 1       |
|    weights_1_7_U                      | -    | -    |        | weights_1_7           | rom_1p  | auto | 1       |
|    weights_1_8_U                      | -    | -    |        | weights_1_8           | rom_1p  | auto | 1       |
|    weights_1_9_U                      | -    | -    |        | weights_1_9           | rom_1p  | auto | 1       |
|    weights_1_10_U                     | -    | -    |        | weights_1_10          | rom_1p  | auto | 1       |
|    weights_1_11_U                     | -    | -    |        | weights_1_11          | rom_1p  | auto | 1       |
|    weights_1_12_U                     | -    | -    |        | weights_1_12          | rom_1p  | auto | 1       |
|    weights_1_13_U                     | -    | -    |        | weights_1_13          | rom_1p  | auto | 1       |
|    weights_1_14_U                     | -    | -    |        | weights_1_14          | rom_1p  | auto | 1       |
|    weights_1_15_U                     | -    | -    |        | weights_1_15          | rom_1p  | auto | 1       |
|    weights_1_16_U                     | -    | -    |        | weights_1_16          | rom_1p  | auto | 1       |
|    weights_1_17_U                     | -    | -    |        | weights_1_17          | rom_1p  | auto | 1       |
|    weights_1_18_U                     | -    | -    |        | weights_1_18          | rom_1p  | auto | 1       |
|    weights_1_19_U                     | -    | -    |        | weights_1_19          | rom_1p  | auto | 1       |
|    weights_1_20_U                     | -    | -    |        | weights_1_20          | rom_1p  | auto | 1       |
|    weights_1_21_U                     | -    | -    |        | weights_1_21          | rom_1p  | auto | 1       |
|    weights_1_22_U                     | -    | -    |        | weights_1_22          | rom_1p  | auto | 1       |
|    weights_1_23_U                     | -    | -    |        | weights_1_23          | rom_1p  | auto | 1       |
|    weights_1_24_U                     | -    | -    |        | weights_1_24          | rom_1p  | auto | 1       |
|    weights_1_25_U                     | -    | -    |        | weights_1_25          | rom_1p  | auto | 1       |
|    weights_1_26_U                     | -    | -    |        | weights_1_26          | rom_1p  | auto | 1       |
|    weights_1_27_U                     | -    | -    |        | weights_1_27          | rom_1p  | auto | 1       |
|    weights_1_28_U                     | -    | -    |        | weights_1_28          | rom_1p  | auto | 1       |
|    weights_1_29_U                     | -    | -    |        | weights_1_29          | rom_1p  | auto | 1       |
|    weights_1_30_U                     | -    | -    |        | weights_1_30          | rom_1p  | auto | 1       |
|    weights_1_31_U                     | -    | -    |        | weights_1_31          | rom_1p  | auto | 1       |
|    weights_1_32_U                     | -    | -    |        | weights_1_32          | rom_1p  | auto | 1       |
|    weights_1_33_U                     | -    | -    |        | weights_1_33          | rom_1p  | auto | 1       |
|    weights_1_34_U                     | -    | -    |        | weights_1_34          | rom_1p  | auto | 1       |
|    weights_1_35_U                     | -    | -    |        | weights_1_35          | rom_1p  | auto | 1       |
|    weights_1_36_U                     | -    | -    |        | weights_1_36          | rom_1p  | auto | 1       |
|    weights_1_37_U                     | -    | -    |        | weights_1_37          | rom_1p  | auto | 1       |
|    weights_1_38_U                     | -    | -    |        | weights_1_38          | rom_1p  | auto | 1       |
|    weights_1_39_U                     | -    | -    |        | weights_1_39          | rom_1p  | auto | 1       |
|    weights_1_40_U                     | -    | -    |        | weights_1_40          | rom_1p  | auto | 1       |
|    weights_1_41_U                     | -    | -    |        | weights_1_41          | rom_1p  | auto | 1       |
|    weights_1_42_U                     | -    | -    |        | weights_1_42          | rom_1p  | auto | 1       |
|    weights_1_43_U                     | -    | -    |        | weights_1_43          | rom_1p  | auto | 1       |
|    weights_1_44_U                     | -    | -    |        | weights_1_44          | rom_1p  | auto | 1       |
|    weights_1_45_U                     | -    | -    |        | weights_1_45          | rom_1p  | auto | 1       |
|    weights_1_46_U                     | -    | -    |        | weights_1_46          | rom_1p  | auto | 1       |
|    weights_1_47_U                     | -    | -    |        | weights_1_47          | rom_1p  | auto | 1       |
|    hidden_bias_1_U                    | -    | -    |        | hidden_bias_1         | rom_1p  | auto | 1       |
|  + MLP_Pipeline_VITIS_LOOP_94_5       | 0    | 0    |        |                       |         |      |         |
|    weights_2_0_U                      | -    | -    |        | weights_2_0           | rom_1p  | auto | 1       |
|    weights_2_1_U                      | -    | -    |        | weights_2_1           | rom_1p  | auto | 1       |
|    weights_2_2_U                      | -    | -    |        | weights_2_2           | rom_1p  | auto | 1       |
|    weights_2_3_U                      | -    | -    |        | weights_2_3           | rom_1p  | auto | 1       |
|    weights_2_4_U                      | -    | -    |        | weights_2_4           | rom_1p  | auto | 1       |
|    weights_2_5_U                      | -    | -    |        | weights_2_5           | rom_1p  | auto | 1       |
|    weights_2_6_U                      | -    | -    |        | weights_2_6           | rom_1p  | auto | 1       |
|    weights_2_7_U                      | -    | -    |        | weights_2_7           | rom_1p  | auto | 1       |
|    weights_2_8_U                      | -    | -    |        | weights_2_8           | rom_1p  | auto | 1       |
|    weights_2_9_U                      | -    | -    |        | weights_2_9           | rom_1p  | auto | 1       |
|    weights_2_10_U                     | -    | -    |        | weights_2_10          | rom_1p  | auto | 1       |
|    weights_2_11_U                     | -    | -    |        | weights_2_11          | rom_1p  | auto | 1       |
|    weights_2_12_U                     | -    | -    |        | weights_2_12          | rom_1p  | auto | 1       |
|    weights_2_13_U                     | -    | -    |        | weights_2_13          | rom_1p  | auto | 1       |
|    weights_2_14_U                     | -    | -    |        | weights_2_14          | rom_1p  | auto | 1       |
|    weights_2_15_U                     | -    | -    |        | weights_2_15          | rom_1p  | auto | 1       |
|    weights_2_16_U                     | -    | -    |        | weights_2_16          | rom_1p  | auto | 1       |
|    weights_2_17_U                     | -    | -    |        | weights_2_17          | rom_1p  | auto | 1       |
|    weights_2_18_U                     | -    | -    |        | weights_2_18          | rom_1p  | auto | 1       |
|    weights_2_19_U                     | -    | -    |        | weights_2_19          | rom_1p  | auto | 1       |
|    weights_2_20_U                     | -    | -    |        | weights_2_20          | rom_1p  | auto | 1       |
|    weights_2_21_U                     | -    | -    |        | weights_2_21          | rom_1p  | auto | 1       |
|    weights_2_22_U                     | -    | -    |        | weights_2_22          | rom_1p  | auto | 1       |
|    weights_2_23_U                     | -    | -    |        | weights_2_23          | rom_1p  | auto | 1       |
|    hidden_bias_2_U                    | -    | -    |        | hidden_bias_2         | rom_1p  | auto | 1       |
|  + MLP_Pipeline_VITIS_LOOP_111_7      | 0    | 0    |        |                       |         |      |         |
|    output_weights_0_U                 | -    | -    |        | output_weights_0      | rom_1p  | auto | 1       |
|    output_weights_1_U                 | -    | -    |        | output_weights_1      | rom_1p  | auto | 1       |
|    output_weights_2_U                 | -    | -    |        | output_weights_2      | rom_1p  | auto | 1       |
|    output_weights_3_U                 | -    | -    |        | output_weights_3      | rom_1p  | auto | 1       |
|    output_weights_4_U                 | -    | -    |        | output_weights_4      | rom_1p  | auto | 1       |
|    output_weights_5_U                 | -    | -    |        | output_weights_5      | rom_1p  | auto | 1       |
|    output_weights_6_U                 | -    | -    |        | output_weights_6      | rom_1p  | auto | 1       |
|    output_weights_7_U                 | -    | -    |        | output_weights_7      | rom_1p  | auto | 1       |
|    output_weights_8_U                 | -    | -    |        | output_weights_8      | rom_1p  | auto | 1       |
|    output_weights_9_U                 | -    | -    |        | output_weights_9      | rom_1p  | auto | 1       |
|    output_weights_10_U                | -    | -    |        | output_weights_10     | rom_1p  | auto | 1       |
|    output_weights_11_U                | -    | -    |        | output_weights_11     | rom_1p  | auto | 1       |
|    output_bias_U                      | -    | -    |        | output_bias           | rom_1p  | auto | 1       |
+---------------------------------------+------+------+--------+-----------------------+---------+------+---------+


================================================================
== Pragma Report
================================================================
* Valid Pragma Syntax
+-----------+--------------------------+-----------------------------------------------------------------+
| Type      | Options                  | Location                                                        |
+-----------+--------------------------+-----------------------------------------------------------------+
| interface | axis port=in_data        | ../../../../HWSWAI/HLS/SampleDatasetMLP.cpp:43 in mlp, in_data  |
| interface | axis port=out_data       | ../../../../HWSWAI/HLS/SampleDatasetMLP.cpp:44 in mlp, out_data |
| interface | ap_ctrl_none port=return | ../../../../HWSWAI/HLS/SampleDatasetMLP.cpp:45 in mlp, return   |
+-----------+--------------------------+-----------------------------------------------------------------+


