

================================================================
== Vitis HLS Report for 'MLP_Pipeline_VITIS_LOOP_111_7'
================================================================
* Date:           Wed Feb 14 00:25:36 2024

* Version:        2022.1 (Build 3526262 on Mon Apr 18 15:48:16 MDT 2022)
* Project:        testHLS2
* Solution:       solution1 (Vivado IP Flow Target)
* Product family: zynquplus
* Target device:  xczu3eg-sbva484-2-i


================================================================
== Performance Estimates
================================================================
+ Timing: 
    * Summary: 
    +--------+----------+----------+------------+
    |  Clock |  Target  | Estimated| Uncertainty|
    +--------+----------+----------+------------+
    |ap_clk  |  10.00 ns|  7.114 ns|     2.70 ns|
    +--------+----------+----------+------------+

+ Latency: 
    * Summary: 
    +---------+---------+----------+----------+-----+-----+---------+
    |  Latency (cycles) |  Latency (absolute) |  Interval | Pipeline|
    |   min   |   max   |    min   |    max   | min | max |   Type  |
    +---------+---------+----------+----------+-----+-----+---------+
    |       62|       62|  0.620 us|  0.620 us|   62|   62|       no|
    +---------+---------+----------+----------+-----+-----+---------+

    + Detail: 
        * Instance: 
        N/A

        * Loop: 
        +--------------------+---------+---------+----------+-----------+-----------+------+----------+
        |                    |  Latency (cycles) | Iteration|  Initiation Interval  | Trip |          |
        |      Loop Name     |   min   |   max   |  Latency |  achieved |   target  | Count| Pipelined|
        +--------------------+---------+---------+----------+-----------+-----------+------+----------+
        |- VITIS_LOOP_111_7  |       60|       60|        57|          1|          1|     5|       yes|
        +--------------------+---------+---------+----------+-----------+-----------+------+----------+



================================================================
== Utilization Estimates
================================================================
* Summary: 
+-----------------+---------+-----+--------+-------+-----+
|       Name      | BRAM_18K| DSP |   FF   |  LUT  | URAM|
+-----------------+---------+-----+--------+-------+-----+
|DSP              |        -|    -|       -|      -|    -|
|Expression       |        -|    -|       0|     20|    -|
|FIFO             |        -|    -|       -|      -|    -|
|Instance         |        -|    -|       -|      -|    -|
|Memory           |        0|    -|     416|     39|    -|
|Multiplexer      |        -|    -|       -|     36|    -|
|Register         |        -|    -|    1335|     32|    -|
+-----------------+---------+-----+--------+-------+-----+
|Total            |        0|    0|    1751|    127|    0|
+-----------------+---------+-----+--------+-------+-----+
|Available        |      432|  360|  141120|  70560|    0|
+-----------------+---------+-----+--------+-------+-----+
|Utilization (%)  |        0|    0|       1|     ~0|    0|
+-----------------+---------+-----+--------+-------+-----+

+ Detail: 
    * Instance: 
    N/A

    * DSP: 
    N/A

    * Memory: 
    +---------------------+-------------------------------------------------------------+---------+----+----+-----+------+-----+------+-------------+
    |        Memory       |                            Module                           | BRAM_18K| FF | LUT| URAM| Words| Bits| Banks| W*Bits*Banks|
    +---------------------+-------------------------------------------------------------+---------+----+----+-----+------+-----+------+-------------+
    |output_bias_U        |MLP_Pipeline_VITIS_LOOP_111_7_output_bias_ROM_AUTO_1R        |        0|  32|   3|    0|     5|   32|     1|          160|
    |output_weights_0_U   |MLP_Pipeline_VITIS_LOOP_111_7_output_weights_0_ROM_AUTO_1R   |        0|  32|   3|    0|     5|   32|     1|          160|
    |output_weights_10_U  |MLP_Pipeline_VITIS_LOOP_111_7_output_weights_10_ROM_AUTO_1R  |        0|  32|   3|    0|     5|   32|     1|          160|
    |output_weights_11_U  |MLP_Pipeline_VITIS_LOOP_111_7_output_weights_11_ROM_AUTO_1R  |        0|  32|   3|    0|     5|   32|     1|          160|
    |output_weights_1_U   |MLP_Pipeline_VITIS_LOOP_111_7_output_weights_1_ROM_AUTO_1R   |        0|  32|   3|    0|     5|   32|     1|          160|
    |output_weights_2_U   |MLP_Pipeline_VITIS_LOOP_111_7_output_weights_2_ROM_AUTO_1R   |        0|  32|   3|    0|     5|   32|     1|          160|
    |output_weights_3_U   |MLP_Pipeline_VITIS_LOOP_111_7_output_weights_3_ROM_AUTO_1R   |        0|  32|   3|    0|     5|   32|     1|          160|
    |output_weights_4_U   |MLP_Pipeline_VITIS_LOOP_111_7_output_weights_4_ROM_AUTO_1R   |        0|  32|   3|    0|     5|   32|     1|          160|
    |output_weights_5_U   |MLP_Pipeline_VITIS_LOOP_111_7_output_weights_5_ROM_AUTO_1R   |        0|  32|   3|    0|     5|   32|     1|          160|
    |output_weights_6_U   |MLP_Pipeline_VITIS_LOOP_111_7_output_weights_6_ROM_AUTO_1R   |        0|  32|   3|    0|     5|   32|     1|          160|
    |output_weights_7_U   |MLP_Pipeline_VITIS_LOOP_111_7_output_weights_7_ROM_AUTO_1R   |        0|  32|   3|    0|     5|   32|     1|          160|
    |output_weights_8_U   |MLP_Pipeline_VITIS_LOOP_111_7_output_weights_8_ROM_AUTO_1R   |        0|  32|   3|    0|     5|   32|     1|          160|
    |output_weights_9_U   |MLP_Pipeline_VITIS_LOOP_111_7_output_weights_9_ROM_AUTO_1R   |        0|  32|   3|    0|     5|   32|     1|          160|
    +---------------------+-------------------------------------------------------------+---------+----+----+-----+------+-----+------+-------------+
    |Total                |                                                             |        0| 416|  39|    0|    65|  416|    13|         2080|
    +---------------------+-------------------------------------------------------------+---------+----+----+-----+------+-----+------+-------------+

    * FIFO: 
    N/A

    * Expression: 
    +----------------------+----------+----+---+----+------------+------------+
    |     Variable Name    | Operation| DSP| FF| LUT| Bitwidth P0| Bitwidth P1|
    +----------------------+----------+----+---+----+------------+------------+
    |add_ln111_fu_457_p2   |         +|   0|  0|  10|           3|           1|
    |icmp_ln111_fu_451_p2  |      icmp|   0|  0|   8|           3|           3|
    |ap_enable_pp0         |       xor|   0|  0|   2|           1|           2|
    +----------------------+----------+----+---+----+------------+------------+
    |Total                 |          |   0|  0|  20|           7|           6|
    +----------------------+----------+----+---+----+------------+------------+

    * Multiplexer: 
    +-------------------------+----+-----------+-----+-----------+
    |           Name          | LUT| Input Size| Bits| Total Bits|
    +-------------------------+----+-----------+-----+-----------+
    |ap_done_int              |   9|          2|    1|          2|
    |ap_enable_reg_pp0_iter1  |   9|          2|    1|          2|
    |ap_sig_allocacmp_i       |   9|          2|    3|          6|
    |i_3_fu_82                |   9|          2|    3|          6|
    +-------------------------+----+-----------+-----+-----------+
    |Total                    |  36|          8|    8|         16|
    +-------------------------+----+-----------+-----+-----------+

    * Register: 
    +-----------------------------------+----+----+-----+-----------+
    |                Name               | FF | LUT| Bits| Const Bits|
    +-----------------------------------+----+----+-----+-----------+
    |add5_10_reg_796                    |  32|   0|   32|          0|
    |add5_1_reg_606                     |  32|   0|   32|          0|
    |add5_2_reg_626                     |  32|   0|   32|          0|
    |add5_3_reg_646                     |  32|   0|   32|          0|
    |add5_4_reg_666                     |  32|   0|   32|          0|
    |add5_5_reg_686                     |  32|   0|   32|          0|
    |add5_6_reg_706                     |  32|   0|   32|          0|
    |add5_7_reg_726                     |  32|   0|   32|          0|
    |add5_8_reg_746                     |  32|   0|   32|          0|
    |add5_9_reg_766                     |  32|   0|   32|          0|
    |add5_reg_586                       |  32|   0|   32|          0|
    |add5_s_reg_786                     |  32|   0|   32|          0|
    |ap_CS_fsm                          |   1|   0|    1|          0|
    |ap_done_reg                        |   1|   0|    1|          0|
    |ap_enable_reg_pp0_iter1            |   1|   0|    1|          0|
    |ap_enable_reg_pp0_iter10           |   1|   0|    1|          0|
    |ap_enable_reg_pp0_iter11           |   1|   0|    1|          0|
    |ap_enable_reg_pp0_iter12           |   1|   0|    1|          0|
    |ap_enable_reg_pp0_iter13           |   1|   0|    1|          0|
    |ap_enable_reg_pp0_iter14           |   1|   0|    1|          0|
    |ap_enable_reg_pp0_iter15           |   1|   0|    1|          0|
    |ap_enable_reg_pp0_iter16           |   1|   0|    1|          0|
    |ap_enable_reg_pp0_iter17           |   1|   0|    1|          0|
    |ap_enable_reg_pp0_iter18           |   1|   0|    1|          0|
    |ap_enable_reg_pp0_iter19           |   1|   0|    1|          0|
    |ap_enable_reg_pp0_iter2            |   1|   0|    1|          0|
    |ap_enable_reg_pp0_iter20           |   1|   0|    1|          0|
    |ap_enable_reg_pp0_iter21           |   1|   0|    1|          0|
    |ap_enable_reg_pp0_iter22           |   1|   0|    1|          0|
    |ap_enable_reg_pp0_iter23           |   1|   0|    1|          0|
    |ap_enable_reg_pp0_iter24           |   1|   0|    1|          0|
    |ap_enable_reg_pp0_iter25           |   1|   0|    1|          0|
    |ap_enable_reg_pp0_iter26           |   1|   0|    1|          0|
    |ap_enable_reg_pp0_iter27           |   1|   0|    1|          0|
    |ap_enable_reg_pp0_iter28           |   1|   0|    1|          0|
    |ap_enable_reg_pp0_iter29           |   1|   0|    1|          0|
    |ap_enable_reg_pp0_iter3            |   1|   0|    1|          0|
    |ap_enable_reg_pp0_iter30           |   1|   0|    1|          0|
    |ap_enable_reg_pp0_iter31           |   1|   0|    1|          0|
    |ap_enable_reg_pp0_iter32           |   1|   0|    1|          0|
    |ap_enable_reg_pp0_iter33           |   1|   0|    1|          0|
    |ap_enable_reg_pp0_iter34           |   1|   0|    1|          0|
    |ap_enable_reg_pp0_iter35           |   1|   0|    1|          0|
    |ap_enable_reg_pp0_iter36           |   1|   0|    1|          0|
    |ap_enable_reg_pp0_iter37           |   1|   0|    1|          0|
    |ap_enable_reg_pp0_iter38           |   1|   0|    1|          0|
    |ap_enable_reg_pp0_iter39           |   1|   0|    1|          0|
    |ap_enable_reg_pp0_iter4            |   1|   0|    1|          0|
    |ap_enable_reg_pp0_iter40           |   1|   0|    1|          0|
    |ap_enable_reg_pp0_iter41           |   1|   0|    1|          0|
    |ap_enable_reg_pp0_iter42           |   1|   0|    1|          0|
    |ap_enable_reg_pp0_iter43           |   1|   0|    1|          0|
    |ap_enable_reg_pp0_iter44           |   1|   0|    1|          0|
    |ap_enable_reg_pp0_iter45           |   1|   0|    1|          0|
    |ap_enable_reg_pp0_iter46           |   1|   0|    1|          0|
    |ap_enable_reg_pp0_iter47           |   1|   0|    1|          0|
    |ap_enable_reg_pp0_iter48           |   1|   0|    1|          0|
    |ap_enable_reg_pp0_iter49           |   1|   0|    1|          0|
    |ap_enable_reg_pp0_iter5            |   1|   0|    1|          0|
    |ap_enable_reg_pp0_iter50           |   1|   0|    1|          0|
    |ap_enable_reg_pp0_iter51           |   1|   0|    1|          0|
    |ap_enable_reg_pp0_iter52           |   1|   0|    1|          0|
    |ap_enable_reg_pp0_iter53           |   1|   0|    1|          0|
    |ap_enable_reg_pp0_iter54           |   1|   0|    1|          0|
    |ap_enable_reg_pp0_iter55           |   1|   0|    1|          0|
    |ap_enable_reg_pp0_iter56           |   1|   0|    1|          0|
    |ap_enable_reg_pp0_iter6            |   1|   0|    1|          0|
    |ap_enable_reg_pp0_iter7            |   1|   0|    1|          0|
    |ap_enable_reg_pp0_iter8            |   1|   0|    1|          0|
    |ap_enable_reg_pp0_iter9            |   1|   0|    1|          0|
    |ap_loop_exit_ready_pp0_iter10_reg  |   1|   0|    1|          0|
    |ap_loop_exit_ready_pp0_iter11_reg  |   1|   0|    1|          0|
    |ap_loop_exit_ready_pp0_iter12_reg  |   1|   0|    1|          0|
    |ap_loop_exit_ready_pp0_iter13_reg  |   1|   0|    1|          0|
    |ap_loop_exit_ready_pp0_iter14_reg  |   1|   0|    1|          0|
    |ap_loop_exit_ready_pp0_iter15_reg  |   1|   0|    1|          0|
    |ap_loop_exit_ready_pp0_iter16_reg  |   1|   0|    1|          0|
    |ap_loop_exit_ready_pp0_iter17_reg  |   1|   0|    1|          0|
    |ap_loop_exit_ready_pp0_iter18_reg  |   1|   0|    1|          0|
    |ap_loop_exit_ready_pp0_iter19_reg  |   1|   0|    1|          0|
    |ap_loop_exit_ready_pp0_iter1_reg   |   1|   0|    1|          0|
    |ap_loop_exit_ready_pp0_iter20_reg  |   1|   0|    1|          0|
    |ap_loop_exit_ready_pp0_iter21_reg  |   1|   0|    1|          0|
    |ap_loop_exit_ready_pp0_iter22_reg  |   1|   0|    1|          0|
    |ap_loop_exit_ready_pp0_iter23_reg  |   1|   0|    1|          0|
    |ap_loop_exit_ready_pp0_iter24_reg  |   1|   0|    1|          0|
    |ap_loop_exit_ready_pp0_iter25_reg  |   1|   0|    1|          0|
    |ap_loop_exit_ready_pp0_iter26_reg  |   1|   0|    1|          0|
    |ap_loop_exit_ready_pp0_iter27_reg  |   1|   0|    1|          0|
    |ap_loop_exit_ready_pp0_iter28_reg  |   1|   0|    1|          0|
    |ap_loop_exit_ready_pp0_iter29_reg  |   1|   0|    1|          0|
    |ap_loop_exit_ready_pp0_iter2_reg   |   1|   0|    1|          0|
    |ap_loop_exit_ready_pp0_iter30_reg  |   1|   0|    1|          0|
    |ap_loop_exit_ready_pp0_iter31_reg  |   1|   0|    1|          0|
    |ap_loop_exit_ready_pp0_iter32_reg  |   1|   0|    1|          0|
    |ap_loop_exit_ready_pp0_iter33_reg  |   1|   0|    1|          0|
    |ap_loop_exit_ready_pp0_iter34_reg  |   1|   0|    1|          0|
    |ap_loop_exit_ready_pp0_iter35_reg  |   1|   0|    1|          0|
    |ap_loop_exit_ready_pp0_iter36_reg  |   1|   0|    1|          0|
    |ap_loop_exit_ready_pp0_iter37_reg  |   1|   0|    1|          0|
    |ap_loop_exit_ready_pp0_iter38_reg  |   1|   0|    1|          0|
    |ap_loop_exit_ready_pp0_iter39_reg  |   1|   0|    1|          0|
    |ap_loop_exit_ready_pp0_iter3_reg   |   1|   0|    1|          0|
    |ap_loop_exit_ready_pp0_iter40_reg  |   1|   0|    1|          0|
    |ap_loop_exit_ready_pp0_iter41_reg  |   1|   0|    1|          0|
    |ap_loop_exit_ready_pp0_iter42_reg  |   1|   0|    1|          0|
    |ap_loop_exit_ready_pp0_iter43_reg  |   1|   0|    1|          0|
    |ap_loop_exit_ready_pp0_iter44_reg  |   1|   0|    1|          0|
    |ap_loop_exit_ready_pp0_iter45_reg  |   1|   0|    1|          0|
    |ap_loop_exit_ready_pp0_iter46_reg  |   1|   0|    1|          0|
    |ap_loop_exit_ready_pp0_iter47_reg  |   1|   0|    1|          0|
    |ap_loop_exit_ready_pp0_iter48_reg  |   1|   0|    1|          0|
    |ap_loop_exit_ready_pp0_iter49_reg  |   1|   0|    1|          0|
    |ap_loop_exit_ready_pp0_iter4_reg   |   1|   0|    1|          0|
    |ap_loop_exit_ready_pp0_iter50_reg  |   1|   0|    1|          0|
    |ap_loop_exit_ready_pp0_iter51_reg  |   1|   0|    1|          0|
    |ap_loop_exit_ready_pp0_iter52_reg  |   1|   0|    1|          0|
    |ap_loop_exit_ready_pp0_iter53_reg  |   1|   0|    1|          0|
    |ap_loop_exit_ready_pp0_iter54_reg  |   1|   0|    1|          0|
    |ap_loop_exit_ready_pp0_iter55_reg  |   1|   0|    1|          0|
    |ap_loop_exit_ready_pp0_iter5_reg   |   1|   0|    1|          0|
    |ap_loop_exit_ready_pp0_iter6_reg   |   1|   0|    1|          0|
    |ap_loop_exit_ready_pp0_iter7_reg   |   1|   0|    1|          0|
    |ap_loop_exit_ready_pp0_iter8_reg   |   1|   0|    1|          0|
    |ap_loop_exit_ready_pp0_iter9_reg   |   1|   0|    1|          0|
    |i_3_cast_reg_544                   |   3|   0|   64|         61|
    |i_3_fu_82                          |   3|   0|    3|          0|
    |mul3_10_reg_791                    |  32|   0|   32|          0|
    |mul3_1_reg_591                     |  32|   0|   32|          0|
    |mul3_2_reg_611                     |  32|   0|   32|          0|
    |mul3_3_reg_631                     |  32|   0|   32|          0|
    |mul3_4_reg_651                     |  32|   0|   32|          0|
    |mul3_5_reg_671                     |  32|   0|   32|          0|
    |mul3_6_reg_691                     |  32|   0|   32|          0|
    |mul3_7_reg_711                     |  32|   0|   32|          0|
    |mul3_8_reg_731                     |  32|   0|   32|          0|
    |mul3_9_reg_751                     |  32|   0|   32|          0|
    |mul3_reg_571                       |  32|   0|   32|          0|
    |mul3_s_reg_771                     |  32|   0|   32|          0|
    |output_weights_0_load_reg_566      |  32|   0|   32|          0|
    |output_weights_10_load_reg_761     |  32|   0|   32|          0|
    |output_weights_11_load_reg_781     |  32|   0|   32|          0|
    |output_weights_1_load_reg_581      |  32|   0|   32|          0|
    |output_weights_2_load_reg_601      |  32|   0|   32|          0|
    |output_weights_3_load_reg_621      |  32|   0|   32|          0|
    |output_weights_4_load_reg_641      |  32|   0|   32|          0|
    |output_weights_5_load_reg_661      |  32|   0|   32|          0|
    |output_weights_6_load_reg_681      |  32|   0|   32|          0|
    |output_weights_7_load_reg_701      |  32|   0|   32|          0|
    |output_weights_8_load_reg_721      |  32|   0|   32|          0|
    |output_weights_9_load_reg_741      |  32|   0|   32|          0|
    |i_3_cast_reg_544                   |  64|  32|   64|         61|
    +-----------------------------------+----+----+-----+-----------+
    |Total                              |1335|  32| 1396|        122|
    +-----------------------------------+----+----+-----+-----------+



================================================================
== Interface
================================================================
* Summary: 
+------------------------+-----+-----+------------+-------------------------------+--------------+
|        RTL Ports       | Dir | Bits|  Protocol  |         Source Object         |    C Type    |
+------------------------+-----+-----+------------+-------------------------------+--------------+
|ap_clk                  |   in|    1|  ap_ctrl_hs|  MLP_Pipeline_VITIS_LOOP_111_7|  return value|
|ap_rst                  |   in|    1|  ap_ctrl_hs|  MLP_Pipeline_VITIS_LOOP_111_7|  return value|
|ap_start                |   in|    1|  ap_ctrl_hs|  MLP_Pipeline_VITIS_LOOP_111_7|  return value|
|ap_done                 |  out|    1|  ap_ctrl_hs|  MLP_Pipeline_VITIS_LOOP_111_7|  return value|
|ap_idle                 |  out|    1|  ap_ctrl_hs|  MLP_Pipeline_VITIS_LOOP_111_7|  return value|
|ap_ready                |  out|    1|  ap_ctrl_hs|  MLP_Pipeline_VITIS_LOOP_111_7|  return value|
|grp_fu_2371_p_din0      |  out|   32|  ap_ctrl_hs|  MLP_Pipeline_VITIS_LOOP_111_7|  return value|
|grp_fu_2371_p_din1      |  out|   32|  ap_ctrl_hs|  MLP_Pipeline_VITIS_LOOP_111_7|  return value|
|grp_fu_2371_p_opcode    |  out|    2|  ap_ctrl_hs|  MLP_Pipeline_VITIS_LOOP_111_7|  return value|
|grp_fu_2371_p_dout0     |   in|   32|  ap_ctrl_hs|  MLP_Pipeline_VITIS_LOOP_111_7|  return value|
|grp_fu_2371_p_ce        |  out|    1|  ap_ctrl_hs|  MLP_Pipeline_VITIS_LOOP_111_7|  return value|
|grp_fu_2375_p_din0      |  out|   32|  ap_ctrl_hs|  MLP_Pipeline_VITIS_LOOP_111_7|  return value|
|grp_fu_2375_p_din1      |  out|   32|  ap_ctrl_hs|  MLP_Pipeline_VITIS_LOOP_111_7|  return value|
|grp_fu_2375_p_opcode    |  out|    2|  ap_ctrl_hs|  MLP_Pipeline_VITIS_LOOP_111_7|  return value|
|grp_fu_2375_p_dout0     |   in|   32|  ap_ctrl_hs|  MLP_Pipeline_VITIS_LOOP_111_7|  return value|
|grp_fu_2375_p_ce        |  out|    1|  ap_ctrl_hs|  MLP_Pipeline_VITIS_LOOP_111_7|  return value|
|grp_fu_2379_p_din0      |  out|   32|  ap_ctrl_hs|  MLP_Pipeline_VITIS_LOOP_111_7|  return value|
|grp_fu_2379_p_din1      |  out|   32|  ap_ctrl_hs|  MLP_Pipeline_VITIS_LOOP_111_7|  return value|
|grp_fu_2379_p_opcode    |  out|    2|  ap_ctrl_hs|  MLP_Pipeline_VITIS_LOOP_111_7|  return value|
|grp_fu_2379_p_dout0     |   in|   32|  ap_ctrl_hs|  MLP_Pipeline_VITIS_LOOP_111_7|  return value|
|grp_fu_2379_p_ce        |  out|    1|  ap_ctrl_hs|  MLP_Pipeline_VITIS_LOOP_111_7|  return value|
|grp_fu_2383_p_din0      |  out|   32|  ap_ctrl_hs|  MLP_Pipeline_VITIS_LOOP_111_7|  return value|
|grp_fu_2383_p_din1      |  out|   32|  ap_ctrl_hs|  MLP_Pipeline_VITIS_LOOP_111_7|  return value|
|grp_fu_2383_p_opcode    |  out|    2|  ap_ctrl_hs|  MLP_Pipeline_VITIS_LOOP_111_7|  return value|
|grp_fu_2383_p_dout0     |   in|   32|  ap_ctrl_hs|  MLP_Pipeline_VITIS_LOOP_111_7|  return value|
|grp_fu_2383_p_ce        |  out|    1|  ap_ctrl_hs|  MLP_Pipeline_VITIS_LOOP_111_7|  return value|
|grp_fu_2387_p_din0      |  out|   32|  ap_ctrl_hs|  MLP_Pipeline_VITIS_LOOP_111_7|  return value|
|grp_fu_2387_p_din1      |  out|   32|  ap_ctrl_hs|  MLP_Pipeline_VITIS_LOOP_111_7|  return value|
|grp_fu_2387_p_opcode    |  out|    2|  ap_ctrl_hs|  MLP_Pipeline_VITIS_LOOP_111_7|  return value|
|grp_fu_2387_p_dout0     |   in|   32|  ap_ctrl_hs|  MLP_Pipeline_VITIS_LOOP_111_7|  return value|
|grp_fu_2387_p_ce        |  out|    1|  ap_ctrl_hs|  MLP_Pipeline_VITIS_LOOP_111_7|  return value|
|grp_fu_2391_p_din0      |  out|   32|  ap_ctrl_hs|  MLP_Pipeline_VITIS_LOOP_111_7|  return value|
|grp_fu_2391_p_din1      |  out|   32|  ap_ctrl_hs|  MLP_Pipeline_VITIS_LOOP_111_7|  return value|
|grp_fu_2391_p_opcode    |  out|    2|  ap_ctrl_hs|  MLP_Pipeline_VITIS_LOOP_111_7|  return value|
|grp_fu_2391_p_dout0     |   in|   32|  ap_ctrl_hs|  MLP_Pipeline_VITIS_LOOP_111_7|  return value|
|grp_fu_2391_p_ce        |  out|    1|  ap_ctrl_hs|  MLP_Pipeline_VITIS_LOOP_111_7|  return value|
|grp_fu_2395_p_din0      |  out|   32|  ap_ctrl_hs|  MLP_Pipeline_VITIS_LOOP_111_7|  return value|
|grp_fu_2395_p_din1      |  out|   32|  ap_ctrl_hs|  MLP_Pipeline_VITIS_LOOP_111_7|  return value|
|grp_fu_2395_p_opcode    |  out|    2|  ap_ctrl_hs|  MLP_Pipeline_VITIS_LOOP_111_7|  return value|
|grp_fu_2395_p_dout0     |   in|   32|  ap_ctrl_hs|  MLP_Pipeline_VITIS_LOOP_111_7|  return value|
|grp_fu_2395_p_ce        |  out|    1|  ap_ctrl_hs|  MLP_Pipeline_VITIS_LOOP_111_7|  return value|
|grp_fu_2399_p_din0      |  out|   32|  ap_ctrl_hs|  MLP_Pipeline_VITIS_LOOP_111_7|  return value|
|grp_fu_2399_p_din1      |  out|   32|  ap_ctrl_hs|  MLP_Pipeline_VITIS_LOOP_111_7|  return value|
|grp_fu_2399_p_opcode    |  out|    2|  ap_ctrl_hs|  MLP_Pipeline_VITIS_LOOP_111_7|  return value|
|grp_fu_2399_p_dout0     |   in|   32|  ap_ctrl_hs|  MLP_Pipeline_VITIS_LOOP_111_7|  return value|
|grp_fu_2399_p_ce        |  out|    1|  ap_ctrl_hs|  MLP_Pipeline_VITIS_LOOP_111_7|  return value|
|grp_fu_2403_p_din0      |  out|   32|  ap_ctrl_hs|  MLP_Pipeline_VITIS_LOOP_111_7|  return value|
|grp_fu_2403_p_din1      |  out|   32|  ap_ctrl_hs|  MLP_Pipeline_VITIS_LOOP_111_7|  return value|
|grp_fu_2403_p_opcode    |  out|    2|  ap_ctrl_hs|  MLP_Pipeline_VITIS_LOOP_111_7|  return value|
|grp_fu_2403_p_dout0     |   in|   32|  ap_ctrl_hs|  MLP_Pipeline_VITIS_LOOP_111_7|  return value|
|grp_fu_2403_p_ce        |  out|    1|  ap_ctrl_hs|  MLP_Pipeline_VITIS_LOOP_111_7|  return value|
|grp_fu_2407_p_din0      |  out|   32|  ap_ctrl_hs|  MLP_Pipeline_VITIS_LOOP_111_7|  return value|
|grp_fu_2407_p_din1      |  out|   32|  ap_ctrl_hs|  MLP_Pipeline_VITIS_LOOP_111_7|  return value|
|grp_fu_2407_p_opcode    |  out|    2|  ap_ctrl_hs|  MLP_Pipeline_VITIS_LOOP_111_7|  return value|
|grp_fu_2407_p_dout0     |   in|   32|  ap_ctrl_hs|  MLP_Pipeline_VITIS_LOOP_111_7|  return value|
|grp_fu_2407_p_ce        |  out|    1|  ap_ctrl_hs|  MLP_Pipeline_VITIS_LOOP_111_7|  return value|
|grp_fu_2411_p_din0      |  out|   32|  ap_ctrl_hs|  MLP_Pipeline_VITIS_LOOP_111_7|  return value|
|grp_fu_2411_p_din1      |  out|   32|  ap_ctrl_hs|  MLP_Pipeline_VITIS_LOOP_111_7|  return value|
|grp_fu_2411_p_opcode    |  out|    2|  ap_ctrl_hs|  MLP_Pipeline_VITIS_LOOP_111_7|  return value|
|grp_fu_2411_p_dout0     |   in|   32|  ap_ctrl_hs|  MLP_Pipeline_VITIS_LOOP_111_7|  return value|
|grp_fu_2411_p_ce        |  out|    1|  ap_ctrl_hs|  MLP_Pipeline_VITIS_LOOP_111_7|  return value|
|grp_fu_2415_p_din0      |  out|   32|  ap_ctrl_hs|  MLP_Pipeline_VITIS_LOOP_111_7|  return value|
|grp_fu_2415_p_din1      |  out|   32|  ap_ctrl_hs|  MLP_Pipeline_VITIS_LOOP_111_7|  return value|
|grp_fu_2415_p_opcode    |  out|    2|  ap_ctrl_hs|  MLP_Pipeline_VITIS_LOOP_111_7|  return value|
|grp_fu_2415_p_dout0     |   in|   32|  ap_ctrl_hs|  MLP_Pipeline_VITIS_LOOP_111_7|  return value|
|grp_fu_2415_p_ce        |  out|    1|  ap_ctrl_hs|  MLP_Pipeline_VITIS_LOOP_111_7|  return value|
|grp_fu_2419_p_din0      |  out|   32|  ap_ctrl_hs|  MLP_Pipeline_VITIS_LOOP_111_7|  return value|
|grp_fu_2419_p_din1      |  out|   32|  ap_ctrl_hs|  MLP_Pipeline_VITIS_LOOP_111_7|  return value|
|grp_fu_2419_p_opcode    |  out|    2|  ap_ctrl_hs|  MLP_Pipeline_VITIS_LOOP_111_7|  return value|
|grp_fu_2419_p_dout0     |   in|   32|  ap_ctrl_hs|  MLP_Pipeline_VITIS_LOOP_111_7|  return value|
|grp_fu_2419_p_ce        |  out|    1|  ap_ctrl_hs|  MLP_Pipeline_VITIS_LOOP_111_7|  return value|
|grp_fu_2471_p_din0      |  out|   32|  ap_ctrl_hs|  MLP_Pipeline_VITIS_LOOP_111_7|  return value|
|grp_fu_2471_p_din1      |  out|   32|  ap_ctrl_hs|  MLP_Pipeline_VITIS_LOOP_111_7|  return value|
|grp_fu_2471_p_dout0     |   in|   32|  ap_ctrl_hs|  MLP_Pipeline_VITIS_LOOP_111_7|  return value|
|grp_fu_2471_p_ce        |  out|    1|  ap_ctrl_hs|  MLP_Pipeline_VITIS_LOOP_111_7|  return value|
|grp_fu_2475_p_din0      |  out|   32|  ap_ctrl_hs|  MLP_Pipeline_VITIS_LOOP_111_7|  return value|
|grp_fu_2475_p_din1      |  out|   32|  ap_ctrl_hs|  MLP_Pipeline_VITIS_LOOP_111_7|  return value|
|grp_fu_2475_p_dout0     |   in|   32|  ap_ctrl_hs|  MLP_Pipeline_VITIS_LOOP_111_7|  return value|
|grp_fu_2475_p_ce        |  out|    1|  ap_ctrl_hs|  MLP_Pipeline_VITIS_LOOP_111_7|  return value|
|grp_fu_2479_p_din0      |  out|   32|  ap_ctrl_hs|  MLP_Pipeline_VITIS_LOOP_111_7|  return value|
|grp_fu_2479_p_din1      |  out|   32|  ap_ctrl_hs|  MLP_Pipeline_VITIS_LOOP_111_7|  return value|
|grp_fu_2479_p_dout0     |   in|   32|  ap_ctrl_hs|  MLP_Pipeline_VITIS_LOOP_111_7|  return value|
|grp_fu_2479_p_ce        |  out|    1|  ap_ctrl_hs|  MLP_Pipeline_VITIS_LOOP_111_7|  return value|
|grp_fu_2483_p_din0      |  out|   32|  ap_ctrl_hs|  MLP_Pipeline_VITIS_LOOP_111_7|  return value|
|grp_fu_2483_p_din1      |  out|   32|  ap_ctrl_hs|  MLP_Pipeline_VITIS_LOOP_111_7|  return value|
|grp_fu_2483_p_dout0     |   in|   32|  ap_ctrl_hs|  MLP_Pipeline_VITIS_LOOP_111_7|  return value|
|grp_fu_2483_p_ce        |  out|    1|  ap_ctrl_hs|  MLP_Pipeline_VITIS_LOOP_111_7|  return value|
|grp_fu_2487_p_din0      |  out|   32|  ap_ctrl_hs|  MLP_Pipeline_VITIS_LOOP_111_7|  return value|
|grp_fu_2487_p_din1      |  out|   32|  ap_ctrl_hs|  MLP_Pipeline_VITIS_LOOP_111_7|  return value|
|grp_fu_2487_p_dout0     |   in|   32|  ap_ctrl_hs|  MLP_Pipeline_VITIS_LOOP_111_7|  return value|
|grp_fu_2487_p_ce        |  out|    1|  ap_ctrl_hs|  MLP_Pipeline_VITIS_LOOP_111_7|  return value|
|grp_fu_2491_p_din0      |  out|   32|  ap_ctrl_hs|  MLP_Pipeline_VITIS_LOOP_111_7|  return value|
|grp_fu_2491_p_din1      |  out|   32|  ap_ctrl_hs|  MLP_Pipeline_VITIS_LOOP_111_7|  return value|
|grp_fu_2491_p_dout0     |   in|   32|  ap_ctrl_hs|  MLP_Pipeline_VITIS_LOOP_111_7|  return value|
|grp_fu_2491_p_ce        |  out|    1|  ap_ctrl_hs|  MLP_Pipeline_VITIS_LOOP_111_7|  return value|
|grp_fu_2495_p_din0      |  out|   32|  ap_ctrl_hs|  MLP_Pipeline_VITIS_LOOP_111_7|  return value|
|grp_fu_2495_p_din1      |  out|   32|  ap_ctrl_hs|  MLP_Pipeline_VITIS_LOOP_111_7|  return value|
|grp_fu_2495_p_dout0     |   in|   32|  ap_ctrl_hs|  MLP_Pipeline_VITIS_LOOP_111_7|  return value|
|grp_fu_2495_p_ce        |  out|    1|  ap_ctrl_hs|  MLP_Pipeline_VITIS_LOOP_111_7|  return value|
|grp_fu_2499_p_din0      |  out|   32|  ap_ctrl_hs|  MLP_Pipeline_VITIS_LOOP_111_7|  return value|
|grp_fu_2499_p_din1      |  out|   32|  ap_ctrl_hs|  MLP_Pipeline_VITIS_LOOP_111_7|  return value|
|grp_fu_2499_p_dout0     |   in|   32|  ap_ctrl_hs|  MLP_Pipeline_VITIS_LOOP_111_7|  return value|
|grp_fu_2499_p_ce        |  out|    1|  ap_ctrl_hs|  MLP_Pipeline_VITIS_LOOP_111_7|  return value|
|grp_fu_2503_p_din0      |  out|   32|  ap_ctrl_hs|  MLP_Pipeline_VITIS_LOOP_111_7|  return value|
|grp_fu_2503_p_din1      |  out|   32|  ap_ctrl_hs|  MLP_Pipeline_VITIS_LOOP_111_7|  return value|
|grp_fu_2503_p_dout0     |   in|   32|  ap_ctrl_hs|  MLP_Pipeline_VITIS_LOOP_111_7|  return value|
|grp_fu_2503_p_ce        |  out|    1|  ap_ctrl_hs|  MLP_Pipeline_VITIS_LOOP_111_7|  return value|
|grp_fu_2507_p_din0      |  out|   32|  ap_ctrl_hs|  MLP_Pipeline_VITIS_LOOP_111_7|  return value|
|grp_fu_2507_p_din1      |  out|   32|  ap_ctrl_hs|  MLP_Pipeline_VITIS_LOOP_111_7|  return value|
|grp_fu_2507_p_dout0     |   in|   32|  ap_ctrl_hs|  MLP_Pipeline_VITIS_LOOP_111_7|  return value|
|grp_fu_2507_p_ce        |  out|    1|  ap_ctrl_hs|  MLP_Pipeline_VITIS_LOOP_111_7|  return value|
|grp_fu_2511_p_din0      |  out|   32|  ap_ctrl_hs|  MLP_Pipeline_VITIS_LOOP_111_7|  return value|
|grp_fu_2511_p_din1      |  out|   32|  ap_ctrl_hs|  MLP_Pipeline_VITIS_LOOP_111_7|  return value|
|grp_fu_2511_p_dout0     |   in|   32|  ap_ctrl_hs|  MLP_Pipeline_VITIS_LOOP_111_7|  return value|
|grp_fu_2511_p_ce        |  out|    1|  ap_ctrl_hs|  MLP_Pipeline_VITIS_LOOP_111_7|  return value|
|grp_fu_2515_p_din0      |  out|   32|  ap_ctrl_hs|  MLP_Pipeline_VITIS_LOOP_111_7|  return value|
|grp_fu_2515_p_din1      |  out|   32|  ap_ctrl_hs|  MLP_Pipeline_VITIS_LOOP_111_7|  return value|
|grp_fu_2515_p_dout0     |   in|   32|  ap_ctrl_hs|  MLP_Pipeline_VITIS_LOOP_111_7|  return value|
|grp_fu_2515_p_ce        |  out|    1|  ap_ctrl_hs|  MLP_Pipeline_VITIS_LOOP_111_7|  return value|
|output_layer_address0   |  out|    3|   ap_memory|                   output_layer|         array|
|output_layer_ce0        |  out|    1|   ap_memory|                   output_layer|         array|
|output_layer_we0        |  out|    1|   ap_memory|                   output_layer|         array|
|output_layer_d0         |  out|   32|   ap_memory|                   output_layer|         array|
|hidden_layer_2_load     |   in|   32|     ap_none|            hidden_layer_2_load|        scalar|
|hidden_layer_2_load_1   |   in|   32|     ap_none|          hidden_layer_2_load_1|        scalar|
|hidden_layer_2_load_2   |   in|   32|     ap_none|          hidden_layer_2_load_2|        scalar|
|hidden_layer_2_load_3   |   in|   32|     ap_none|          hidden_layer_2_load_3|        scalar|
|hidden_layer_2_load_4   |   in|   32|     ap_none|          hidden_layer_2_load_4|        scalar|
|hidden_layer_2_load_5   |   in|   32|     ap_none|          hidden_layer_2_load_5|        scalar|
|hidden_layer_2_load_6   |   in|   32|     ap_none|          hidden_layer_2_load_6|        scalar|
|hidden_layer_2_load_7   |   in|   32|     ap_none|          hidden_layer_2_load_7|        scalar|
|hidden_layer_2_load_8   |   in|   32|     ap_none|          hidden_layer_2_load_8|        scalar|
|hidden_layer_2_load_9   |   in|   32|     ap_none|          hidden_layer_2_load_9|        scalar|
|hidden_layer_2_load_10  |   in|   32|     ap_none|         hidden_layer_2_load_10|        scalar|
|hidden_layer_2_load_11  |   in|   32|     ap_none|         hidden_layer_2_load_11|        scalar|
+------------------------+-----+-----+------------+-------------------------------+--------------+

