

================================================================
== Vitis HLS Report for 'MLP_Pipeline_VITIS_LOOP_58_1'
================================================================
* Date:           Wed Feb 14 00:25:29 2024

* Version:        2022.1 (Build 3526262 on Mon Apr 18 15:48:16 MDT 2022)
* Project:        testHLS2
* Solution:       solution1 (Vivado IP Flow Target)
* Product family: zynquplus
* Target device:  xczu3eg-sbva484-2-i


================================================================
== Performance Estimates
================================================================
+ Timing: 
    * Summary: 
    +--------+----------+----------+------------+
    |  Clock |  Target  | Estimated| Uncertainty|
    +--------+----------+----------+------------+
    |ap_clk  |  10.00 ns|  1.512 ns|     2.70 ns|
    +--------+----------+----------+------------+

+ Latency: 
    * Summary: 
    +---------+---------+----------+----------+-----+-----+---------+
    |  Latency (cycles) |  Latency (absolute) |  Interval | Pipeline|
    |   min   |   max   |    min   |    max   | min | max |   Type  |
    +---------+---------+----------+----------+-----+-----+---------+
    |        ?|        ?|         ?|         ?|    ?|    ?|       no|
    +---------+---------+----------+----------+-----+-----+---------+

    + Detail: 
        * Instance: 
        N/A

        * Loop: 
        +-------------------+---------+---------+----------+-----------+-----------+------+----------+
        |                   |  Latency (cycles) | Iteration|  Initiation Interval  | Trip |          |
        |     Loop Name     |   min   |   max   |  Latency |  achieved |   target  | Count| Pipelined|
        +-------------------+---------+---------+----------+-----------+-----------+------+----------+
        |- VITIS_LOOP_58_1  |        ?|        ?|         1|          1|          1|     ?|       yes|
        +-------------------+---------+---------+----------+-----------+-----------+------+----------+



================================================================
== Utilization Estimates
================================================================
* Summary: 
+-----------------+---------+-----+--------+-------+-----+
|       Name      | BRAM_18K| DSP |   FF   |  LUT  | URAM|
+-----------------+---------+-----+--------+-------+-----+
|DSP              |        -|    -|       -|      -|    -|
|Expression       |        -|    -|       0|     75|    -|
|FIFO             |        -|    -|       -|      -|    -|
|Instance         |        -|    -|       -|      -|    -|
|Memory           |        -|    -|       -|      -|    -|
|Multiplexer      |        -|    -|       -|     36|    -|
|Register         |        -|    -|      67|      -|    -|
+-----------------+---------+-----+--------+-------+-----+
|Total            |        0|    0|      67|    111|    0|
+-----------------+---------+-----+--------+-------+-----+
|Available        |      432|  360|  141120|  70560|    0|
+-----------------+---------+-----+--------+-------+-----+
|Utilization (%)  |        0|    0|      ~0|     ~0|    0|
+-----------------+---------+-----+--------+-------+-----+

+ Detail: 
    * Instance: 
    N/A

    * DSP: 
    N/A

    * Memory: 
    N/A

    * FIFO: 
    N/A

    * Expression: 
    +---------------------------+----------+----+---+----+------------+------------+
    |       Variable Name       | Operation| DSP| FF| LUT| Bitwidth P0| Bitwidth P1|
    +---------------------------+----------+----+---+----+------------+------------+
    |add_ln61_fu_175_p2         |         +|   0|  0|  71|          64|           1|
    |ap_block_pp0_stage0_01001  |       and|   0|  0|   2|           1|           1|
    |ap_enable_pp0              |       xor|   0|  0|   2|           1|           2|
    +---------------------------+----------+----+---+----+------------+------------+
    |Total                      |          |   0|  0|  75|          66|           4|
    +---------------------------+----------+----+---+----+------------+------------+

    * Multiplexer: 
    +-------------------------+----+-----------+-----+-----------+
    |           Name          | LUT| Input Size| Bits| Total Bits|
    +-------------------------+----+-----------+-----+-----------+
    |ap_done_int              |   9|          2|    1|          2|
    |ap_enable_reg_pp0_iter1  |   9|          2|    1|          2|
    |in_data_TDATA_blk_n      |   9|          2|    1|          2|
    |n_fu_62                  |   9|          2|   64|        128|
    +-------------------------+----+-----------+-----+-----------+
    |Total                    |  36|          8|   67|        134|
    +-------------------------+----+-----------+-----+-----------+

    * Register: 
    +-------------------------+----+----+-----+-----------+
    |           Name          | FF | LUT| Bits| Const Bits|
    +-------------------------+----+----+-----+-----------+
    |ap_CS_fsm                |   1|   0|    1|          0|
    |ap_done_reg              |   1|   0|    1|          0|
    |ap_enable_reg_pp0_iter1  |   1|   0|    1|          0|
    |n_fu_62                  |  64|   0|   64|          0|
    +-------------------------+----+----+-----+-----------+
    |Total                    |  67|   0|   67|          0|
    +-------------------------+----+----+-----+-----------+



================================================================
== Interface
================================================================
* Summary: 
+-------------------------+-----+-----+------------+------------------------------+--------------+
|        RTL Ports        | Dir | Bits|  Protocol  |         Source Object        |    C Type    |
+-------------------------+-----+-----+------------+------------------------------+--------------+
|ap_clk                   |   in|    1|  ap_ctrl_hs|  MLP_Pipeline_VITIS_LOOP_58_1|  return value|
|ap_rst                   |   in|    1|  ap_ctrl_hs|  MLP_Pipeline_VITIS_LOOP_58_1|  return value|
|ap_start                 |   in|    1|  ap_ctrl_hs|  MLP_Pipeline_VITIS_LOOP_58_1|  return value|
|ap_done                  |  out|    1|  ap_ctrl_hs|  MLP_Pipeline_VITIS_LOOP_58_1|  return value|
|ap_idle                  |  out|    1|  ap_ctrl_hs|  MLP_Pipeline_VITIS_LOOP_58_1|  return value|
|ap_ready                 |  out|    1|  ap_ctrl_hs|  MLP_Pipeline_VITIS_LOOP_58_1|  return value|
|in_data_TVALID           |   in|    1|        axis|              in_data_V_data_V|       pointer|
|in_data_TDATA            |   in|   32|        axis|              in_data_V_data_V|       pointer|
|in_data_TREADY           |  out|    1|        axis|              in_data_V_dest_V|       pointer|
|in_data_TDEST            |   in|    6|        axis|              in_data_V_dest_V|       pointer|
|in_data_TKEEP            |   in|    4|        axis|              in_data_V_keep_V|       pointer|
|in_data_TSTRB            |   in|    4|        axis|              in_data_V_strb_V|       pointer|
|in_data_TUSER            |   in|    2|        axis|              in_data_V_user_V|       pointer|
|in_data_TLAST            |   in|    1|        axis|              in_data_V_last_V|       pointer|
|in_data_TID              |   in|    5|        axis|                in_data_V_id_V|       pointer|
|input_features_address0  |  out|    6|   ap_memory|                input_features|         array|
|input_features_ce0       |  out|    1|   ap_memory|                input_features|         array|
|input_features_we0       |  out|    1|   ap_memory|                input_features|         array|
|input_features_d0        |  out|   32|   ap_memory|                input_features|         array|
|tmp_keep_V_out           |  out|    4|      ap_vld|                tmp_keep_V_out|       pointer|
|tmp_keep_V_out_ap_vld    |  out|    1|      ap_vld|                tmp_keep_V_out|       pointer|
|tmp_strb_V_out           |  out|    4|      ap_vld|                tmp_strb_V_out|       pointer|
|tmp_strb_V_out_ap_vld    |  out|    1|      ap_vld|                tmp_strb_V_out|       pointer|
|tmp_user_V_out           |  out|    2|      ap_vld|                tmp_user_V_out|       pointer|
|tmp_user_V_out_ap_vld    |  out|    1|      ap_vld|                tmp_user_V_out|       pointer|
|tmp_id_V_out             |  out|    5|      ap_vld|                  tmp_id_V_out|       pointer|
|tmp_id_V_out_ap_vld      |  out|    1|      ap_vld|                  tmp_id_V_out|       pointer|
|tmp_dest_V_out           |  out|    6|      ap_vld|                tmp_dest_V_out|       pointer|
|tmp_dest_V_out_ap_vld    |  out|    1|      ap_vld|                tmp_dest_V_out|       pointer|
+-------------------------+-----+-----+------------+------------------------------+--------------+

