

================================================================
== Vitis HLS Report for 'MLP_Pipeline_VITIS_LOOP_123_9'
================================================================
* Date:           Wed Feb 14 00:25:37 2024

* Version:        2022.1 (Build 3526262 on Mon Apr 18 15:48:16 MDT 2022)
* Project:        testHLS2
* Solution:       solution1 (Vivado IP Flow Target)
* Product family: zynquplus
* Target device:  xczu3eg-sbva484-2-i


================================================================
== Performance Estimates
================================================================
+ Timing: 
    * Summary: 
    +--------+----------+----------+------------+
    |  Clock |  Target  | Estimated| Uncertainty|
    +--------+----------+----------+------------+
    |ap_clk  |  10.00 ns|  7.016 ns|     2.70 ns|
    +--------+----------+----------+------------+

+ Latency: 
    * Summary: 
    +---------+---------+----------+----------+-----+-----+---------+
    |  Latency (cycles) |  Latency (absolute) |  Interval | Pipeline|
    |   min   |   max   |    min   |    max   | min | max |   Type  |
    +---------+---------+----------+----------+-----+-----+---------+
    |       11|       11|  0.110 us|  0.110 us|   11|   11|       no|
    +---------+---------+----------+----------+-----+-----+---------+

    + Detail: 
        * Instance: 
        N/A

        * Loop: 
        +--------------------+---------+---------+----------+-----------+-----------+------+----------+
        |                    |  Latency (cycles) | Iteration|  Initiation Interval  | Trip |          |
        |      Loop Name     |   min   |   max   |  Latency |  achieved |   target  | Count| Pipelined|
        +--------------------+---------+---------+----------+-----------+-----------+------+----------+
        |- VITIS_LOOP_123_9  |        9|        9|         6|          1|          1|     5|       yes|
        +--------------------+---------+---------+----------+-----------+-----------+------+----------+



================================================================
== Utilization Estimates
================================================================
* Summary: 
+-----------------+---------+-----+--------+-------+-----+
|       Name      | BRAM_18K| DSP |   FF   |  LUT  | URAM|
+-----------------+---------+-----+--------+-------+-----+
|DSP              |        -|    -|       -|      -|    -|
|Expression       |        -|    -|       0|    643|    -|
|FIFO             |        -|    -|       -|      -|    -|
|Instance         |        -|    -|       -|      -|    -|
|Memory           |        -|    -|       -|      -|    -|
|Multiplexer      |        -|    -|       -|     36|    -|
|Register         |        -|    -|     145|     32|    -|
+-----------------+---------+-----+--------+-------+-----+
|Total            |        0|    0|     145|    711|    0|
+-----------------+---------+-----+--------+-------+-----+
|Available        |      432|  360|  141120|  70560|    0|
+-----------------+---------+-----+--------+-------+-----+
|Utilization (%)  |        0|    0|      ~0|      1|    0|
+-----------------+---------+-----+--------+-------+-----+

+ Detail: 
    * Instance: 
    N/A

    * DSP: 
    N/A

    * Memory: 
    N/A

    * FIFO: 
    N/A

    * Expression: 
    +------------------------+----------+----+---+-----+------------+------------+
    |      Variable Name     | Operation| DSP| FF| LUT | Bitwidth P0| Bitwidth P1|
    +------------------------+----------+----+---+-----+------------+------------+
    |add_ln123_fu_113_p2     |         +|   0|  0|   10|           3|           1|
    |add_ln346_fu_172_p2     |         +|   0|  0|   16|           9|           8|
    |result_V_2_fu_254_p2    |         -|   0|  0|   39|           1|          32|
    |sub_ln1512_fu_186_p2    |         -|   0|  0|   15|           7|           8|
    |icmp_ln123_fu_107_p2    |      icmp|   0|  0|    8|           3|           3|
    |r_V_fu_212_p2           |      lshr|   0|  0|  240|          79|          79|
    |output_layer_casted_d0  |    select|   0|  0|   32|           1|          32|
    |ush_fu_196_p3           |    select|   0|  0|    9|           1|           9|
    |val_fu_246_p3           |    select|   0|  0|   32|           1|          32|
    |r_V_1_fu_218_p2         |       shl|   0|  0|  240|          79|          79|
    |ap_enable_pp0           |       xor|   0|  0|    2|           1|           2|
    +------------------------+----------+----+---+-----+------------+------------+
    |Total                   |          |   0|  0|  643|         185|         285|
    +------------------------+----------+----+---+-----+------------+------------+

    * Multiplexer: 
    +-------------------------+----+-----------+-----+-----------+
    |           Name          | LUT| Input Size| Bits| Total Bits|
    +-------------------------+----+-----------+-----+-----------+
    |ap_done_int              |   9|          2|    1|          2|
    |ap_enable_reg_pp0_iter1  |   9|          2|    1|          2|
    |ap_sig_allocacmp_i_4     |   9|          2|    3|          6|
    |i_fu_64                  |   9|          2|    3|          6|
    +-------------------------+----+-----------+-----+-----------+
    |Total                    |  36|          8|    8|         16|
    +-------------------------+----+-----------+-----+-----------+

    * Register: 
    +----------------------------------+----+----+-----+-----------+
    |               Name               | FF | LUT| Bits| Const Bits|
    +----------------------------------+----+----+-----+-----------+
    |ap_CS_fsm                         |   1|   0|    1|          0|
    |ap_done_reg                       |   1|   0|    1|          0|
    |ap_enable_reg_pp0_iter1           |   1|   0|    1|          0|
    |ap_enable_reg_pp0_iter2           |   1|   0|    1|          0|
    |ap_enable_reg_pp0_iter3           |   1|   0|    1|          0|
    |ap_enable_reg_pp0_iter4           |   1|   0|    1|          0|
    |ap_enable_reg_pp0_iter5           |   1|   0|    1|          0|
    |ap_loop_exit_ready_pp0_iter1_reg  |   1|   0|    1|          0|
    |ap_loop_exit_ready_pp0_iter2_reg  |   1|   0|    1|          0|
    |ap_loop_exit_ready_pp0_iter3_reg  |   1|   0|    1|          0|
    |ap_loop_exit_ready_pp0_iter4_reg  |   1|   0|    1|          0|
    |dc_reg_295                        |  32|   0|   32|          0|
    |i_4_cast_reg_280                  |   3|   0|   64|         61|
    |i_fu_64                           |   3|   0|    3|          0|
    |output_layer_load_reg_290         |  32|   0|   32|          0|
    |i_4_cast_reg_280                  |  64|  32|   64|         61|
    +----------------------------------+----+----+-----+-----------+
    |Total                             | 145|  32|  206|        122|
    +----------------------------------+----+----+-----+-----------+



================================================================
== Interface
================================================================
* Summary: 
+------------------------------+-----+-----+------------+-------------------------------+--------------+
|           RTL Ports          | Dir | Bits|  Protocol  |         Source Object         |    C Type    |
+------------------------------+-----+-----+------------+-------------------------------+--------------+
|ap_clk                        |   in|    1|  ap_ctrl_hs|  MLP_Pipeline_VITIS_LOOP_123_9|  return value|
|ap_rst                        |   in|    1|  ap_ctrl_hs|  MLP_Pipeline_VITIS_LOOP_123_9|  return value|
|ap_start                      |   in|    1|  ap_ctrl_hs|  MLP_Pipeline_VITIS_LOOP_123_9|  return value|
|ap_done                       |  out|    1|  ap_ctrl_hs|  MLP_Pipeline_VITIS_LOOP_123_9|  return value|
|ap_idle                       |  out|    1|  ap_ctrl_hs|  MLP_Pipeline_VITIS_LOOP_123_9|  return value|
|ap_ready                      |  out|    1|  ap_ctrl_hs|  MLP_Pipeline_VITIS_LOOP_123_9|  return value|
|grp_fu_2471_p_din0            |  out|   32|  ap_ctrl_hs|  MLP_Pipeline_VITIS_LOOP_123_9|  return value|
|grp_fu_2471_p_din1            |  out|   32|  ap_ctrl_hs|  MLP_Pipeline_VITIS_LOOP_123_9|  return value|
|grp_fu_2471_p_dout0           |   in|   32|  ap_ctrl_hs|  MLP_Pipeline_VITIS_LOOP_123_9|  return value|
|grp_fu_2471_p_ce              |  out|    1|  ap_ctrl_hs|  MLP_Pipeline_VITIS_LOOP_123_9|  return value|
|output_layer_address0         |  out|    3|   ap_memory|                   output_layer|         array|
|output_layer_ce0              |  out|    1|   ap_memory|                   output_layer|         array|
|output_layer_q0               |   in|   32|   ap_memory|                   output_layer|         array|
|output_layer_casted_address0  |  out|    3|   ap_memory|            output_layer_casted|         array|
|output_layer_casted_ce0       |  out|    1|   ap_memory|            output_layer_casted|         array|
|output_layer_casted_we0       |  out|    1|   ap_memory|            output_layer_casted|         array|
|output_layer_casted_d0        |  out|   32|   ap_memory|            output_layer_casted|         array|
+------------------------------+-----+-----+------------+-------------------------------+--------------+

