

================================================================
== Vitis HLS Report for 'MLP_Pipeline_VITIS_LOOP_128_10'
================================================================
* Date:           Wed Feb 14 00:25:37 2024

* Version:        2022.1 (Build 3526262 on Mon Apr 18 15:48:16 MDT 2022)
* Project:        testHLS2
* Solution:       solution1 (Vivado IP Flow Target)
* Product family: zynquplus
* Target device:  xczu3eg-sbva484-2-i


================================================================
== Performance Estimates
================================================================
+ Timing: 
    * Summary: 
    +--------+----------+----------+------------+
    |  Clock |  Target  | Estimated| Uncertainty|
    +--------+----------+----------+------------+
    |ap_clk  |  10.00 ns|  1.100 ns|     2.70 ns|
    +--------+----------+----------+------------+

+ Latency: 
    * Summary: 
    +---------+---------+-----------+-----------+-----+-----+---------+
    |  Latency (cycles) |   Latency (absolute)  |  Interval | Pipeline|
    |   min   |   max   |    min    |    max    | min | max |   Type  |
    +---------+---------+-----------+-----------+-----+-----+---------+
    |        7|        7|  70.000 ns|  70.000 ns|    7|    7|       no|
    +---------+---------+-----------+-----------+-----+-----+---------+

    + Detail: 
        * Instance: 
        N/A

        * Loop: 
        +---------------------+---------+---------+----------+-----------+-----------+------+----------+
        |                     |  Latency (cycles) | Iteration|  Initiation Interval  | Trip |          |
        |      Loop Name      |   min   |   max   |  Latency |  achieved |   target  | Count| Pipelined|
        +---------------------+---------+---------+----------+-----------+-----------+------+----------+
        |- VITIS_LOOP_128_10  |        5|        5|         2|          1|          1|     5|       yes|
        +---------------------+---------+---------+----------+-----------+-----------+------+----------+



================================================================
== Utilization Estimates
================================================================
* Summary: 
+-----------------+---------+-----+--------+-------+-----+
|       Name      | BRAM_18K| DSP |   FF   |  LUT  | URAM|
+-----------------+---------+-----+--------+-------+-----+
|DSP              |        -|    -|       -|      -|    -|
|Expression       |        -|    -|       0|     31|    -|
|FIFO             |        -|    -|       -|      -|    -|
|Instance         |        -|    -|       -|      -|    -|
|Memory           |        -|    -|       -|      -|    -|
|Multiplexer      |        -|    -|       -|     45|    -|
|Register         |        -|    -|       7|      -|    -|
+-----------------+---------+-----+--------+-------+-----+
|Total            |        0|    0|       7|     76|    0|
+-----------------+---------+-----+--------+-------+-----+
|Available        |      432|  360|  141120|  70560|    0|
+-----------------+---------+-----+--------+-------+-----+
|Utilization (%)  |        0|    0|      ~0|     ~0|    0|
+-----------------+---------+-----+--------+-------+-----+

+ Detail: 
    * Instance: 
    N/A

    * DSP: 
    N/A

    * Memory: 
    N/A

    * FIFO: 
    N/A

    * Expression: 
    +---------------------------+----------+----+---+----+------------+------------+
    |       Variable Name       | Operation| DSP| FF| LUT| Bitwidth P0| Bitwidth P1|
    +---------------------------+----------+----+---+----+------------+------------+
    |add_ln128_fu_159_p2        |         +|   0|  0|  10|           3|           1|
    |ap_block_pp0_stage0_01001  |       and|   0|  0|   2|           1|           1|
    |icmp_ln128_fu_153_p2       |      icmp|   0|  0|   8|           3|           3|
    |tmp_last_V_fu_170_p2       |      icmp|   0|  0|   9|           3|           4|
    |ap_enable_pp0              |       xor|   0|  0|   2|           1|           2|
    +---------------------------+----------+----+---+----+------------+------------+
    |Total                      |          |   0|  0|  31|          11|          11|
    +---------------------------+----------+----+---+----+------------+------------+

    * Multiplexer: 
    +-------------------------+----+-----------+-----+-----------+
    |           Name          | LUT| Input Size| Bits| Total Bits|
    +-------------------------+----+-----------+-----+-----------+
    |ap_done_int              |   9|          2|    1|          2|
    |ap_enable_reg_pp0_iter1  |   9|          2|    1|          2|
    |ap_sig_allocacmp_i_3     |   9|          2|    3|          6|
    |i_fu_72                  |   9|          2|    3|          6|
    |out_data_TDATA_blk_n     |   9|          2|    1|          2|
    +-------------------------+----+-----------+-----+-----------+
    |Total                    |  45|         10|    9|         18|
    +-------------------------+----+-----------+-----+-----------+

    * Register: 
    +-------------------------+---+----+-----+-----------+
    |           Name          | FF| LUT| Bits| Const Bits|
    +-------------------------+---+----+-----+-----------+
    |ap_CS_fsm                |  1|   0|    1|          0|
    |ap_done_reg              |  1|   0|    1|          0|
    |ap_enable_reg_pp0_iter1  |  1|   0|    1|          0|
    |i_fu_72                  |  3|   0|    3|          0|
    |tmp_last_V_reg_221       |  1|   0|    1|          0|
    +-------------------------+---+----+-----+-----------+
    |Total                    |  7|   0|    7|          0|
    +-------------------------+---+----+-----+-----------+



================================================================
== Interface
================================================================
* Summary: 
+------------------------------+-----+-----+------------+--------------------------------+--------------+
|           RTL Ports          | Dir | Bits|  Protocol  |          Source Object         |    C Type    |
+------------------------------+-----+-----+------------+--------------------------------+--------------+
|ap_clk                        |   in|    1|  ap_ctrl_hs|  MLP_Pipeline_VITIS_LOOP_128_10|  return value|
|ap_rst                        |   in|    1|  ap_ctrl_hs|  MLP_Pipeline_VITIS_LOOP_128_10|  return value|
|ap_start                      |   in|    1|  ap_ctrl_hs|  MLP_Pipeline_VITIS_LOOP_128_10|  return value|
|ap_done                       |  out|    1|  ap_ctrl_hs|  MLP_Pipeline_VITIS_LOOP_128_10|  return value|
|ap_idle                       |  out|    1|  ap_ctrl_hs|  MLP_Pipeline_VITIS_LOOP_128_10|  return value|
|ap_ready                      |  out|    1|  ap_ctrl_hs|  MLP_Pipeline_VITIS_LOOP_128_10|  return value|
|out_data_TREADY               |   in|    1|        axis|               out_data_V_data_V|       pointer|
|out_data_TDATA                |  out|   32|        axis|               out_data_V_data_V|       pointer|
|output_layer_casted_address0  |  out|    3|   ap_memory|             output_layer_casted|         array|
|output_layer_casted_ce0       |  out|    1|   ap_memory|             output_layer_casted|         array|
|output_layer_casted_q0        |   in|   32|   ap_memory|             output_layer_casted|         array|
|tmp_keep_V_reload             |   in|    4|     ap_none|               tmp_keep_V_reload|        scalar|
|tmp_strb_V_reload             |   in|    4|     ap_none|               tmp_strb_V_reload|        scalar|
|tmp_user_V_reload             |   in|    2|     ap_none|               tmp_user_V_reload|        scalar|
|tmp_id_V_reload               |   in|    5|     ap_none|                 tmp_id_V_reload|        scalar|
|tmp_dest_V_reload             |   in|    6|     ap_none|               tmp_dest_V_reload|        scalar|
|out_data_TVALID               |  out|    1|        axis|               out_data_V_dest_V|       pointer|
|out_data_TDEST                |  out|    6|        axis|               out_data_V_dest_V|       pointer|
|out_data_TKEEP                |  out|    4|        axis|               out_data_V_keep_V|       pointer|
|out_data_TSTRB                |  out|    4|        axis|               out_data_V_strb_V|       pointer|
|out_data_TUSER                |  out|    2|        axis|               out_data_V_user_V|       pointer|
|out_data_TLAST                |  out|    1|        axis|               out_data_V_last_V|       pointer|
|out_data_TID                  |  out|    5|        axis|                 out_data_V_id_V|       pointer|
+------------------------------+-----+-----+------------+--------------------------------+--------------+

