Copyright 1986-2022 Xilinx, Inc. All Rights Reserved.
--------------------------------------------------------------------------------------
| Tool Version : Vivado v.2022.1 (win64) Build 3526262 Mon Apr 18 15:48:16 MDT 2022
| Date         : Wed Feb 14 01:01:20 2024
| Host         : DESKTOP-7J5H59V running 64-bit major release  (build 9200)
| Command      : report_design_analysis -file ./report/MLP_design_analysis_routed.rpt
| Design       : bd_0_wrapper
| Device       : xczu3eg
| Design State : Routed
--------------------------------------------------------------------------------------

Report Design Analysis

Table of Contents
-----------------
1. Setup Path Characteristics 1-1
2. Logic Level Distribution
3. Placer Final Level Congestion Reporting
4. Router Initial Congestion
5. SLR Net Crossing Reporting

1. Setup Path Characteristics 1-1
---------------------------------

+---------------------------+------------------------------------------------------------------------------------------------------------------------------------------------+
|      Characteristics      |                                                                     Path #1                                                                    |
+---------------------------+------------------------------------------------------------------------------------------------------------------------------------------------+
| Requirement               | 10.000                                                                                                                                         |
| Path Delay                | 5.561                                                                                                                                          |
| Logic Delay               | 2.779(50%)                                                                                                                                     |
| Net Delay                 | 2.782(50%)                                                                                                                                     |
| Clock Skew                | -0.008                                                                                                                                         |
| Slack                     | 4.421                                                                                                                                          |
| Clock Uncertainty         | 0.035                                                                                                                                          |
| Clock Relationship        | Safely Timed                                                                                                                                   |
| Clock Delay Group         | Same Clock                                                                                                                                     |
| Logic Levels              | 11                                                                                                                                             |
| Routes                    | 6                                                                                                                                              |
| Logical Path              | FDRE/C-(2)-DSP_A_B_DATA-(1)-DSP_PREADD_DATA-DSP_MULTIPLIER-DSP_M_DATA-DSP_ALU-DSP_OUTPUT-DSP_ALU-DSP_OUTPUT-LUT6-(22)-LUT6-(1)-LUT3-(1)-FDRE/D |
| Start Point Clock         | ap_clk                                                                                                                                         |
| End Point Clock           | ap_clk                                                                                                                                         |
| DSP Block                 | Comb                                                                                                                                           |
| RAM Registers             |                                                                                                                                                |
| IO Crossings              | 1                                                                                                                                              |
| SLR Crossings             | 0                                                                                                                                              |
| PBlocks                   | 0                                                                                                                                              |
| High Fanout               | 22                                                                                                                                             |
| Dont Touch                | 0                                                                                                                                              |
| Mark Debug                | 0                                                                                                                                              |
| Start Point Pin Primitive | FDRE/C                                                                                                                                         |
| End Point Pin Primitive   | FDRE/D                                                                                                                                         |
| Start Point Pin           | din0_buf1_reg[20]/C                                                                                                                            |
| End Point Pin             | RESULT_REG.NORMAL.mant_op_reg[22]/D                                                                                                            |
+---------------------------+------------------------------------------------------------------------------------------------------------------------------------------------+
* Bounding box calculated as % of dimensions for the target device (2447, 372)


2. Logic Level Distribution
---------------------------

+-----------------+-------------+---+-----+----+-----+-----+-----+-----+
| End Point Clock | Requirement | 0 |  1  |  8 |  9  |  10 |  11 |  12 |
+-----------------+-------------+---+-----+----+-----+-----+-----+-----+
| ap_clk          | 10.000ns    | 9 | 103 | 30 | 101 | 199 | 456 | 102 |
+-----------------+-------------+---+-----+----+-----+-----+-----+-----+
* Columns represent the logic levels per end point clock
** Distribution is for top worst 1000 paths


3. Placer Final Level Congestion Reporting
------------------------------------------

+-----------+------+-------+--------+---------------+---------------+-----+--------+------+------+------+------+-----+-------+-----+------------+
| Direction | Type | Level | Window | Combined LUTs | Avg LUT Input | LUT | LUTRAM | Flop | MUXF | RAMB | URAM | DSP | CARRY | SRL | Cell Names |
+-----------+------+-------+--------+---------------+---------------+-----+--------+------+------+------+------+-----+-------+-----+------------+
* No congestion windows are found above level 5


4. Router Initial Congestion
----------------------------

+-----------+------+-------+--------+---------------+---------------+-----+--------+------+------+------+------+-----+-------+-----+------------+-------------+
| Direction | Type | Level | Window | Combined LUTs | Avg LUT Input | LUT | LUTRAM | Flop | MUXF | RAMB | URAM | DSP | CARRY | SRL | Cell Names | Sub Windows |
+-----------+------+-------+--------+---------------+---------------+-----+--------+------+------+------+------+-----+-------+-----+------------+-------------+
* No effective congestion windows are found above level 5


5. SLR Net Crossing Reporting
-----------------------------

+------------+-----------------------------+
| Cell Names | Number of Nets crossing SLR |
+------------+-----------------------------+
* The current part is not an SSI device


