Copyright 1986-2022 Xilinx, Inc. All Rights Reserved.
---------------------------------------------------------------------------------------------
| Tool Version      : Vivado v.2022.1 (win64) Build 3526262 Mon Apr 18 15:48:16 MDT 2022
| Date              : Wed Feb 14 01:01:18 2024
| Host              : DESKTOP-7J5H59V running 64-bit major release  (build 9200)
| Command           : report_timing -max_paths 10 -file ./report/MLP_timing_paths_routed.rpt
| Design            : bd_0_wrapper
| Device            : xczu3eg-sbva484
| Speed File        : -2  PRODUCTION 1.29 08-03-2020
| Temperature Grade : I
---------------------------------------------------------------------------------------------

Timing Report

Slack (MET) :             4.421ns  (required time - arrival time)
  Source:                 bd_0_i/hls_inst/inst/fmul_32ns_32ns_32_3_max_dsp_1_U429/din0_buf1_reg[20]/C
                            (rising edge-triggered cell FDRE clocked by ap_clk  {rise@0.000ns fall@5.000ns period=10.000ns})
  Destination:            bd_0_i/hls_inst/inst/fmul_32ns_32ns_32_3_max_dsp_1_U429/MLP_fmul_32ns_32ns_32_3_max_dsp_1_ip_u/inst/i_synth/MULT.OP/i_non_prim.OP/RESULT_REG.NORMAL.mant_op_reg[22]/D
                            (rising edge-triggered cell FDRE clocked by ap_clk  {rise@0.000ns fall@5.000ns period=10.000ns})
  Path Group:             ap_clk
  Path Type:              Setup (Max at Slow Process Corner)
  Requirement:            10.000ns  (ap_clk rise@10.000ns - ap_clk rise@0.000ns)
  Data Path Delay:        5.561ns  (logic 2.779ns (49.977%)  route 2.782ns (50.023%))
  Logic Levels:           11  (DSP_A_B_DATA=1 DSP_ALU=2 DSP_M_DATA=1 DSP_MULTIPLIER=1 DSP_OUTPUT=2 DSP_PREADD_DATA=1 LUT3=1 LUT6=2)
  Clock Path Skew:        -0.008ns (DCD - SCD + CPR)
    Destination Clock Delay (DCD):    0.020ns = ( 10.020 - 10.000 ) 
    Source Clock Delay      (SCD):    0.028ns
    Clock Pessimism Removal (CPR):    0.000ns
  Clock Uncertainty:      0.035ns  ((TSJ^2 + TIJ^2)^1/2 + DJ) / 2 + PE
    Total System Jitter     (TSJ):    0.071ns
    Total Input Jitter      (TIJ):    0.000ns
    Discrete Jitter          (DJ):    0.000ns
    Phase Error              (PE):    0.000ns

    Location             Delay type                Incr(ns)  Path(ns)    Netlist Resource(s)
  -------------------------------------------------------------------    -------------------
                         (clock ap_clk rise edge)     0.000     0.000 r  
                                                      0.000     0.000 r  ap_clk (IN)
                         net (fo=29822, unset)        0.028     0.028    bd_0_i/hls_inst/inst/fmul_32ns_32ns_32_3_max_dsp_1_U429/ap_clk
    SLICE_X33Y28         FDRE                                         r  bd_0_i/hls_inst/inst/fmul_32ns_32ns_32_3_max_dsp_1_U429/din0_buf1_reg[20]/C
  -------------------------------------------------------------------    -------------------
    SLICE_X33Y28         FDRE (Prop_DFF_SLICEL_C_Q)
                                                      0.079     0.107 f  bd_0_i/hls_inst/inst/fmul_32ns_32ns_32_3_max_dsp_1_U429/din0_buf1_reg[20]/Q
                         net (fo=2, routed)           1.563     1.670    bd_0_i/hls_inst/inst/fmul_32ns_32ns_32_3_max_dsp_1_U429/MLP_fmul_32ns_32ns_32_3_max_dsp_1_ip_u/inst/i_synth/MULT.OP/i_non_prim.MULT/DSP48E1_SPD_SGL_VARIANT.FIX_MULT/DSP1/i_no_versal_es1_workaround.DSP/A[20]
    DSP48E2_X3Y11        DSP_A_B_DATA (Prop_DSP_A_B_DATA_DSP48E2_A[20]_A2_DATA[20])
                                                      0.192     1.862 r  bd_0_i/hls_inst/inst/fmul_32ns_32ns_32_3_max_dsp_1_U429/MLP_fmul_32ns_32ns_32_3_max_dsp_1_ip_u/inst/i_synth/MULT.OP/i_non_prim.MULT/DSP48E1_SPD_SGL_VARIANT.FIX_MULT/DSP1/i_no_versal_es1_workaround.DSP/DSP_A_B_DATA_INST/A2_DATA[20]
                         net (fo=1, routed)           0.000     1.862    bd_0_i/hls_inst/inst/fmul_32ns_32ns_32_3_max_dsp_1_U429/MLP_fmul_32ns_32ns_32_3_max_dsp_1_ip_u/inst/i_synth/MULT.OP/i_non_prim.MULT/DSP48E1_SPD_SGL_VARIANT.FIX_MULT/DSP1/i_no_versal_es1_workaround.DSP/DSP_A_B_DATA.A2_DATA<20>
    DSP48E2_X3Y11        DSP_PREADD_DATA (Prop_DSP_PREADD_DATA_DSP48E2_A2_DATA[20]_A2A1[20])
                                                      0.076     1.938 r  bd_0_i/hls_inst/inst/fmul_32ns_32ns_32_3_max_dsp_1_U429/MLP_fmul_32ns_32ns_32_3_max_dsp_1_ip_u/inst/i_synth/MULT.OP/i_non_prim.MULT/DSP48E1_SPD_SGL_VARIANT.FIX_MULT/DSP1/i_no_versal_es1_workaround.DSP/DSP_PREADD_DATA_INST/A2A1[20]
                         net (fo=1, routed)           0.000     1.938    bd_0_i/hls_inst/inst/fmul_32ns_32ns_32_3_max_dsp_1_U429/MLP_fmul_32ns_32ns_32_3_max_dsp_1_ip_u/inst/i_synth/MULT.OP/i_non_prim.MULT/DSP48E1_SPD_SGL_VARIANT.FIX_MULT/DSP1/i_no_versal_es1_workaround.DSP/DSP_PREADD_DATA.A2A1<20>
    DSP48E2_X3Y11        DSP_MULTIPLIER (Prop_DSP_MULTIPLIER_DSP48E2_A2A1[20]_U[39])
                                                      0.505     2.443 f  bd_0_i/hls_inst/inst/fmul_32ns_32ns_32_3_max_dsp_1_U429/MLP_fmul_32ns_32ns_32_3_max_dsp_1_ip_u/inst/i_synth/MULT.OP/i_non_prim.MULT/DSP48E1_SPD_SGL_VARIANT.FIX_MULT/DSP1/i_no_versal_es1_workaround.DSP/DSP_MULTIPLIER_INST/U[39]
                         net (fo=1, routed)           0.000     2.443    bd_0_i/hls_inst/inst/fmul_32ns_32ns_32_3_max_dsp_1_U429/MLP_fmul_32ns_32ns_32_3_max_dsp_1_ip_u/inst/i_synth/MULT.OP/i_non_prim.MULT/DSP48E1_SPD_SGL_VARIANT.FIX_MULT/DSP1/i_no_versal_es1_workaround.DSP/DSP_MULTIPLIER.U<39>
    DSP48E2_X3Y11        DSP_M_DATA (Prop_DSP_M_DATA_DSP48E2_U[39]_U_DATA[39])
                                                      0.047     2.490 r  bd_0_i/hls_inst/inst/fmul_32ns_32ns_32_3_max_dsp_1_U429/MLP_fmul_32ns_32ns_32_3_max_dsp_1_ip_u/inst/i_synth/MULT.OP/i_non_prim.MULT/DSP48E1_SPD_SGL_VARIANT.FIX_MULT/DSP1/i_no_versal_es1_workaround.DSP/DSP_M_DATA_INST/U_DATA[39]
                         net (fo=1, routed)           0.000     2.490    bd_0_i/hls_inst/inst/fmul_32ns_32ns_32_3_max_dsp_1_U429/MLP_fmul_32ns_32ns_32_3_max_dsp_1_ip_u/inst/i_synth/MULT.OP/i_non_prim.MULT/DSP48E1_SPD_SGL_VARIANT.FIX_MULT/DSP1/i_no_versal_es1_workaround.DSP/DSP_M_DATA.U_DATA<39>
    DSP48E2_X3Y11        DSP_ALU (Prop_DSP_ALU_DSP48E2_U_DATA[39]_ALU_OUT[47])
                                                      0.585     3.075 f  bd_0_i/hls_inst/inst/fmul_32ns_32ns_32_3_max_dsp_1_U429/MLP_fmul_32ns_32ns_32_3_max_dsp_1_ip_u/inst/i_synth/MULT.OP/i_non_prim.MULT/DSP48E1_SPD_SGL_VARIANT.FIX_MULT/DSP1/i_no_versal_es1_workaround.DSP/DSP_ALU_INST/ALU_OUT[47]
                         net (fo=1, routed)           0.000     3.075    bd_0_i/hls_inst/inst/fmul_32ns_32ns_32_3_max_dsp_1_U429/MLP_fmul_32ns_32ns_32_3_max_dsp_1_ip_u/inst/i_synth/MULT.OP/i_non_prim.MULT/DSP48E1_SPD_SGL_VARIANT.FIX_MULT/DSP1/i_no_versal_es1_workaround.DSP/DSP_ALU.ALU_OUT<47>
    DSP48E2_X3Y11        DSP_OUTPUT (Prop_DSP_OUTPUT_DSP48E2_ALU_OUT[47]_PCOUT[47])
                                                      0.122     3.197 r  bd_0_i/hls_inst/inst/fmul_32ns_32ns_32_3_max_dsp_1_U429/MLP_fmul_32ns_32ns_32_3_max_dsp_1_ip_u/inst/i_synth/MULT.OP/i_non_prim.MULT/DSP48E1_SPD_SGL_VARIANT.FIX_MULT/DSP1/i_no_versal_es1_workaround.DSP/DSP_OUTPUT_INST/PCOUT[47]
                         net (fo=1, routed)           0.073     3.270    bd_0_i/hls_inst/inst/fmul_32ns_32ns_32_3_max_dsp_1_U429/MLP_fmul_32ns_32ns_32_3_max_dsp_1_ip_u/inst/i_synth/MULT.OP/i_non_prim.MULT/DSP48E1_SPD_SGL_VARIANT.FIX_MULT/DSP2/i_no_versal_es1_workaround.DSP/PCIN[47]
    DSP48E2_X3Y12        DSP_ALU (Prop_DSP_ALU_DSP48E2_PCIN[47]_ALU_OUT[47])
                                                      0.546     3.816 r  bd_0_i/hls_inst/inst/fmul_32ns_32ns_32_3_max_dsp_1_U429/MLP_fmul_32ns_32ns_32_3_max_dsp_1_ip_u/inst/i_synth/MULT.OP/i_non_prim.MULT/DSP48E1_SPD_SGL_VARIANT.FIX_MULT/DSP2/i_no_versal_es1_workaround.DSP/DSP_ALU_INST/ALU_OUT[47]
                         net (fo=1, routed)           0.000     3.816    bd_0_i/hls_inst/inst/fmul_32ns_32ns_32_3_max_dsp_1_U429/MLP_fmul_32ns_32ns_32_3_max_dsp_1_ip_u/inst/i_synth/MULT.OP/i_non_prim.MULT/DSP48E1_SPD_SGL_VARIANT.FIX_MULT/DSP2/i_no_versal_es1_workaround.DSP/DSP_ALU.ALU_OUT<47>
    DSP48E2_X3Y12        DSP_OUTPUT (Prop_DSP_OUTPUT_DSP48E2_ALU_OUT[47]_PATTERN_DETECT)
                                                      0.363     4.179 f  bd_0_i/hls_inst/inst/fmul_32ns_32ns_32_3_max_dsp_1_U429/MLP_fmul_32ns_32ns_32_3_max_dsp_1_ip_u/inst/i_synth/MULT.OP/i_non_prim.MULT/DSP48E1_SPD_SGL_VARIANT.FIX_MULT/DSP2/i_no_versal_es1_workaround.DSP/DSP_OUTPUT_INST/PATTERN_DETECT
                         net (fo=2, routed)           0.368     4.547    bd_0_i/hls_inst/inst/fmul_32ns_32ns_32_3_max_dsp_1_U429/MLP_fmul_32ns_32ns_32_3_max_dsp_1_ip_u/inst/i_synth/MULT.OP/i_non_prim.MULT/DSP48E1_SPD_SGL_VARIANT.FIX_MULT/DSP2/zero_detect_rnd[1]
    SLICE_X41Y29         LUT6 (Prop_F6LUT_SLICEL_I2_O)
                                                      0.148     4.695 r  bd_0_i/hls_inst/inst/fmul_32ns_32ns_32_3_max_dsp_1_U429/MLP_fmul_32ns_32ns_32_3_max_dsp_1_ip_u/inst/i_synth/MULT.OP/i_non_prim.MULT/DSP48E1_SPD_SGL_VARIANT.FIX_MULT/DSP2/RESULT_REG.NORMAL.mant_op[21]_i_4/O
                         net (fo=22, routed)          0.175     4.871    bd_0_i/hls_inst/inst/fmul_32ns_32ns_32_3_max_dsp_1_U429/MLP_fmul_32ns_32ns_32_3_max_dsp_1_ip_u/inst/i_synth/MULT.OP/i_non_prim.MULT/DSP48E1_SPD_SGL_VARIANT.FIX_MULT/DSP2/i_non_prim.R_AND_R/LAT_OPT.FULL.R_AND_R/plus2_sel_ip__4
    SLICE_X41Y33         LUT6 (Prop_G6LUT_SLICEL_I4_O)
                                                      0.050     4.921 r  bd_0_i/hls_inst/inst/fmul_32ns_32ns_32_3_max_dsp_1_U429/MLP_fmul_32ns_32ns_32_3_max_dsp_1_ip_u/inst/i_synth/MULT.OP/i_non_prim.MULT/DSP48E1_SPD_SGL_VARIANT.FIX_MULT/DSP2/RESULT_REG.NORMAL.mant_op[22]_i_2/O
                         net (fo=1, routed)           0.230     5.151    bd_0_i/hls_inst/inst/fmul_32ns_32ns_32_3_max_dsp_1_U429/MLP_fmul_32ns_32ns_32_3_max_dsp_1_ip_u/inst/i_synth/MULT.OP/i_non_prim.EXP/EXP_ADD.C_CHAIN/p_3_out[0]
    SLICE_X41Y33         LUT3 (Prop_D5LUT_SLICEL_I1_O)
                                                      0.066     5.217 r  bd_0_i/hls_inst/inst/fmul_32ns_32ns_32_3_max_dsp_1_U429/MLP_fmul_32ns_32ns_32_3_max_dsp_1_ip_u/inst/i_synth/MULT.OP/i_non_prim.EXP/EXP_ADD.C_CHAIN/RESULT_REG.NORMAL.mant_op[22]_i_1/O
                         net (fo=1, routed)           0.372     5.589    bd_0_i/hls_inst/inst/fmul_32ns_32ns_32_3_max_dsp_1_U429/MLP_fmul_32ns_32ns_32_3_max_dsp_1_ip_u/inst/i_synth/MULT.OP/i_non_prim.OP/RESULT_REG.NORMAL.mant_op_reg[22]_0
    SLICE_X41Y28         FDRE                                         r  bd_0_i/hls_inst/inst/fmul_32ns_32ns_32_3_max_dsp_1_U429/MLP_fmul_32ns_32ns_32_3_max_dsp_1_ip_u/inst/i_synth/MULT.OP/i_non_prim.OP/RESULT_REG.NORMAL.mant_op_reg[22]/D
  -------------------------------------------------------------------    -------------------

                         (clock ap_clk rise edge)    10.000    10.000 r  
                                                      0.000    10.000 r  ap_clk (IN)
                         net (fo=29822, unset)        0.020    10.020    bd_0_i/hls_inst/inst/fmul_32ns_32ns_32_3_max_dsp_1_U429/MLP_fmul_32ns_32ns_32_3_max_dsp_1_ip_u/inst/i_synth/MULT.OP/i_non_prim.OP/aclk
    SLICE_X41Y28         FDRE                                         r  bd_0_i/hls_inst/inst/fmul_32ns_32ns_32_3_max_dsp_1_U429/MLP_fmul_32ns_32ns_32_3_max_dsp_1_ip_u/inst/i_synth/MULT.OP/i_non_prim.OP/RESULT_REG.NORMAL.mant_op_reg[22]/C
                         clock pessimism              0.000    10.020    
                         clock uncertainty           -0.035     9.985    
    SLICE_X41Y28         FDRE (Setup_FFF_SLICEL_C_D)
                                                      0.025    10.010    bd_0_i/hls_inst/inst/fmul_32ns_32ns_32_3_max_dsp_1_U429/MLP_fmul_32ns_32ns_32_3_max_dsp_1_ip_u/inst/i_synth/MULT.OP/i_non_prim.OP/RESULT_REG.NORMAL.mant_op_reg[22]
  -------------------------------------------------------------------
                         required time                         10.010    
                         arrival time                          -5.589    
  -------------------------------------------------------------------
                         slack                                  4.421    

Slack (MET) :             4.450ns  (required time - arrival time)
  Source:                 bd_0_i/hls_inst/inst/fmul_32ns_32ns_32_3_max_dsp_1_U429/din0_buf1_reg[20]/C
                            (rising edge-triggered cell FDRE clocked by ap_clk  {rise@0.000ns fall@5.000ns period=10.000ns})
  Destination:            bd_0_i/hls_inst/inst/fmul_32ns_32ns_32_3_max_dsp_1_U429/MLP_fmul_32ns_32ns_32_3_max_dsp_1_ip_u/inst/i_synth/MULT.OP/i_non_prim.OP/RESULT_REG.NORMAL.exp_op_reg[4]/D
                            (rising edge-triggered cell FDRE clocked by ap_clk  {rise@0.000ns fall@5.000ns period=10.000ns})
  Path Group:             ap_clk
  Path Type:              Setup (Max at Slow Process Corner)
  Requirement:            10.000ns  (ap_clk rise@10.000ns - ap_clk rise@0.000ns)
  Data Path Delay:        5.533ns  (logic 2.950ns (53.321%)  route 2.583ns (46.679%))
  Logic Levels:           11  (DSP_A_B_DATA=1 DSP_ALU=2 DSP_M_DATA=1 DSP_MULTIPLIER=1 DSP_OUTPUT=2 DSP_PREADD_DATA=1 LUT4=2 LUT6=1)
  Clock Path Skew:        -0.007ns (DCD - SCD + CPR)
    Destination Clock Delay (DCD):    0.021ns = ( 10.021 - 10.000 ) 
    Source Clock Delay      (SCD):    0.028ns
    Clock Pessimism Removal (CPR):    0.000ns
  Clock Uncertainty:      0.035ns  ((TSJ^2 + TIJ^2)^1/2 + DJ) / 2 + PE
    Total System Jitter     (TSJ):    0.071ns
    Total Input Jitter      (TIJ):    0.000ns
    Discrete Jitter          (DJ):    0.000ns
    Phase Error              (PE):    0.000ns

    Location             Delay type                Incr(ns)  Path(ns)    Netlist Resource(s)
  -------------------------------------------------------------------    -------------------
                         (clock ap_clk rise edge)     0.000     0.000 r  
                                                      0.000     0.000 r  ap_clk (IN)
                         net (fo=29822, unset)        0.028     0.028    bd_0_i/hls_inst/inst/fmul_32ns_32ns_32_3_max_dsp_1_U429/ap_clk
    SLICE_X33Y28         FDRE                                         r  bd_0_i/hls_inst/inst/fmul_32ns_32ns_32_3_max_dsp_1_U429/din0_buf1_reg[20]/C
  -------------------------------------------------------------------    -------------------
    SLICE_X33Y28         FDRE (Prop_DFF_SLICEL_C_Q)
                                                      0.079     0.107 f  bd_0_i/hls_inst/inst/fmul_32ns_32ns_32_3_max_dsp_1_U429/din0_buf1_reg[20]/Q
                         net (fo=2, routed)           1.563     1.670    bd_0_i/hls_inst/inst/fmul_32ns_32ns_32_3_max_dsp_1_U429/MLP_fmul_32ns_32ns_32_3_max_dsp_1_ip_u/inst/i_synth/MULT.OP/i_non_prim.MULT/DSP48E1_SPD_SGL_VARIANT.FIX_MULT/DSP1/i_no_versal_es1_workaround.DSP/A[20]
    DSP48E2_X3Y11        DSP_A_B_DATA (Prop_DSP_A_B_DATA_DSP48E2_A[20]_A2_DATA[20])
                                                      0.192     1.862 r  bd_0_i/hls_inst/inst/fmul_32ns_32ns_32_3_max_dsp_1_U429/MLP_fmul_32ns_32ns_32_3_max_dsp_1_ip_u/inst/i_synth/MULT.OP/i_non_prim.MULT/DSP48E1_SPD_SGL_VARIANT.FIX_MULT/DSP1/i_no_versal_es1_workaround.DSP/DSP_A_B_DATA_INST/A2_DATA[20]
                         net (fo=1, routed)           0.000     1.862    bd_0_i/hls_inst/inst/fmul_32ns_32ns_32_3_max_dsp_1_U429/MLP_fmul_32ns_32ns_32_3_max_dsp_1_ip_u/inst/i_synth/MULT.OP/i_non_prim.MULT/DSP48E1_SPD_SGL_VARIANT.FIX_MULT/DSP1/i_no_versal_es1_workaround.DSP/DSP_A_B_DATA.A2_DATA<20>
    DSP48E2_X3Y11        DSP_PREADD_DATA (Prop_DSP_PREADD_DATA_DSP48E2_A2_DATA[20]_A2A1[20])
                                                      0.076     1.938 r  bd_0_i/hls_inst/inst/fmul_32ns_32ns_32_3_max_dsp_1_U429/MLP_fmul_32ns_32ns_32_3_max_dsp_1_ip_u/inst/i_synth/MULT.OP/i_non_prim.MULT/DSP48E1_SPD_SGL_VARIANT.FIX_MULT/DSP1/i_no_versal_es1_workaround.DSP/DSP_PREADD_DATA_INST/A2A1[20]
                         net (fo=1, routed)           0.000     1.938    bd_0_i/hls_inst/inst/fmul_32ns_32ns_32_3_max_dsp_1_U429/MLP_fmul_32ns_32ns_32_3_max_dsp_1_ip_u/inst/i_synth/MULT.OP/i_non_prim.MULT/DSP48E1_SPD_SGL_VARIANT.FIX_MULT/DSP1/i_no_versal_es1_workaround.DSP/DSP_PREADD_DATA.A2A1<20>
    DSP48E2_X3Y11        DSP_MULTIPLIER (Prop_DSP_MULTIPLIER_DSP48E2_A2A1[20]_U[39])
                                                      0.505     2.443 f  bd_0_i/hls_inst/inst/fmul_32ns_32ns_32_3_max_dsp_1_U429/MLP_fmul_32ns_32ns_32_3_max_dsp_1_ip_u/inst/i_synth/MULT.OP/i_non_prim.MULT/DSP48E1_SPD_SGL_VARIANT.FIX_MULT/DSP1/i_no_versal_es1_workaround.DSP/DSP_MULTIPLIER_INST/U[39]
                         net (fo=1, routed)           0.000     2.443    bd_0_i/hls_inst/inst/fmul_32ns_32ns_32_3_max_dsp_1_U429/MLP_fmul_32ns_32ns_32_3_max_dsp_1_ip_u/inst/i_synth/MULT.OP/i_non_prim.MULT/DSP48E1_SPD_SGL_VARIANT.FIX_MULT/DSP1/i_no_versal_es1_workaround.DSP/DSP_MULTIPLIER.U<39>
    DSP48E2_X3Y11        DSP_M_DATA (Prop_DSP_M_DATA_DSP48E2_U[39]_U_DATA[39])
                                                      0.047     2.490 r  bd_0_i/hls_inst/inst/fmul_32ns_32ns_32_3_max_dsp_1_U429/MLP_fmul_32ns_32ns_32_3_max_dsp_1_ip_u/inst/i_synth/MULT.OP/i_non_prim.MULT/DSP48E1_SPD_SGL_VARIANT.FIX_MULT/DSP1/i_no_versal_es1_workaround.DSP/DSP_M_DATA_INST/U_DATA[39]
                         net (fo=1, routed)           0.000     2.490    bd_0_i/hls_inst/inst/fmul_32ns_32ns_32_3_max_dsp_1_U429/MLP_fmul_32ns_32ns_32_3_max_dsp_1_ip_u/inst/i_synth/MULT.OP/i_non_prim.MULT/DSP48E1_SPD_SGL_VARIANT.FIX_MULT/DSP1/i_no_versal_es1_workaround.DSP/DSP_M_DATA.U_DATA<39>
    DSP48E2_X3Y11        DSP_ALU (Prop_DSP_ALU_DSP48E2_U_DATA[39]_ALU_OUT[47])
                                                      0.585     3.075 f  bd_0_i/hls_inst/inst/fmul_32ns_32ns_32_3_max_dsp_1_U429/MLP_fmul_32ns_32ns_32_3_max_dsp_1_ip_u/inst/i_synth/MULT.OP/i_non_prim.MULT/DSP48E1_SPD_SGL_VARIANT.FIX_MULT/DSP1/i_no_versal_es1_workaround.DSP/DSP_ALU_INST/ALU_OUT[47]
                         net (fo=1, routed)           0.000     3.075    bd_0_i/hls_inst/inst/fmul_32ns_32ns_32_3_max_dsp_1_U429/MLP_fmul_32ns_32ns_32_3_max_dsp_1_ip_u/inst/i_synth/MULT.OP/i_non_prim.MULT/DSP48E1_SPD_SGL_VARIANT.FIX_MULT/DSP1/i_no_versal_es1_workaround.DSP/DSP_ALU.ALU_OUT<47>
    DSP48E2_X3Y11        DSP_OUTPUT (Prop_DSP_OUTPUT_DSP48E2_ALU_OUT[47]_PCOUT[47])
                                                      0.122     3.197 r  bd_0_i/hls_inst/inst/fmul_32ns_32ns_32_3_max_dsp_1_U429/MLP_fmul_32ns_32ns_32_3_max_dsp_1_ip_u/inst/i_synth/MULT.OP/i_non_prim.MULT/DSP48E1_SPD_SGL_VARIANT.FIX_MULT/DSP1/i_no_versal_es1_workaround.DSP/DSP_OUTPUT_INST/PCOUT[47]
                         net (fo=1, routed)           0.073     3.270    bd_0_i/hls_inst/inst/fmul_32ns_32ns_32_3_max_dsp_1_U429/MLP_fmul_32ns_32ns_32_3_max_dsp_1_ip_u/inst/i_synth/MULT.OP/i_non_prim.MULT/DSP48E1_SPD_SGL_VARIANT.FIX_MULT/DSP2/i_no_versal_es1_workaround.DSP/PCIN[47]
    DSP48E2_X3Y12        DSP_ALU (Prop_DSP_ALU_DSP48E2_PCIN[47]_ALU_OUT[47])
                                                      0.546     3.816 r  bd_0_i/hls_inst/inst/fmul_32ns_32ns_32_3_max_dsp_1_U429/MLP_fmul_32ns_32ns_32_3_max_dsp_1_ip_u/inst/i_synth/MULT.OP/i_non_prim.MULT/DSP48E1_SPD_SGL_VARIANT.FIX_MULT/DSP2/i_no_versal_es1_workaround.DSP/DSP_ALU_INST/ALU_OUT[47]
                         net (fo=1, routed)           0.000     3.816    bd_0_i/hls_inst/inst/fmul_32ns_32ns_32_3_max_dsp_1_U429/MLP_fmul_32ns_32ns_32_3_max_dsp_1_ip_u/inst/i_synth/MULT.OP/i_non_prim.MULT/DSP48E1_SPD_SGL_VARIANT.FIX_MULT/DSP2/i_no_versal_es1_workaround.DSP/DSP_ALU.ALU_OUT<47>
    DSP48E2_X3Y12        DSP_OUTPUT (Prop_DSP_OUTPUT_DSP48E2_ALU_OUT[47]_PATTERN_DETECT)
                                                      0.363     4.179 f  bd_0_i/hls_inst/inst/fmul_32ns_32ns_32_3_max_dsp_1_U429/MLP_fmul_32ns_32ns_32_3_max_dsp_1_ip_u/inst/i_synth/MULT.OP/i_non_prim.MULT/DSP48E1_SPD_SGL_VARIANT.FIX_MULT/DSP2/i_no_versal_es1_workaround.DSP/DSP_OUTPUT_INST/PATTERN_DETECT
                         net (fo=2, routed)           0.368     4.547    bd_0_i/hls_inst/inst/fmul_32ns_32ns_32_3_max_dsp_1_U429/MLP_fmul_32ns_32ns_32_3_max_dsp_1_ip_u/inst/i_synth/MULT.OP/i_non_prim.MULT/DSP48E1_SPD_SGL_VARIANT.FIX_MULT/DSP2/zero_detect_rnd[1]
    SLICE_X41Y29         LUT6 (Prop_G6LUT_SLICEL_I2_O)
                                                      0.149     4.696 r  bd_0_i/hls_inst/inst/fmul_32ns_32ns_32_3_max_dsp_1_U429/MLP_fmul_32ns_32ns_32_3_max_dsp_1_ip_u/inst/i_synth/MULT.OP/i_non_prim.MULT/DSP48E1_SPD_SGL_VARIANT.FIX_MULT/DSP2/RESULT_REG.NORMAL.mant_op[0]_i_2/O
                         net (fo=2, routed)           0.272     4.968    bd_0_i/hls_inst/inst/fmul_32ns_32ns_32_3_max_dsp_1_U429/MLP_fmul_32ns_32ns_32_3_max_dsp_1_ip_u/inst/i_synth/MULT.OP/i_non_prim.MULT/DSP48E1_SPD_SGL_VARIANT.FIX_MULT/DSP2/i_non_prim.R_AND_R/LAT_OPT.FULL.R_AND_R/flt_get_round_bit__3
    SLICE_X40Y32         LUT4 (Prop_H5LUT_SLICEM_I1_O)
                                                      0.161     5.129 r  bd_0_i/hls_inst/inst/fmul_32ns_32ns_32_3_max_dsp_1_U429/MLP_fmul_32ns_32ns_32_3_max_dsp_1_ip_u/inst/i_synth/MULT.OP/i_non_prim.MULT/DSP48E1_SPD_SGL_VARIANT.FIX_MULT/DSP2/RESULT_REG.NORMAL.exp_op[7]_i_8/O
                         net (fo=8, routed)           0.253     5.383    bd_0_i/hls_inst/inst/fmul_32ns_32ns_32_3_max_dsp_1_U429/MLP_fmul_32ns_32ns_32_3_max_dsp_1_ip_u/inst/i_synth/MULT.OP/i_non_prim.R_AND_R/LAT_OPT.FULL.R_AND_R/DSP48E1_SGL_EXP_IP.OLD_ADD.ADD/round_exp_inc_op
    SLICE_X40Y29         LUT4 (Prop_A6LUT_SLICEM_I1_O)
                                                      0.125     5.508 r  bd_0_i/hls_inst/inst/fmul_32ns_32ns_32_3_max_dsp_1_U429/MLP_fmul_32ns_32ns_32_3_max_dsp_1_ip_u/inst/i_synth/MULT.OP/i_non_prim.R_AND_R/LAT_OPT.FULL.R_AND_R/DSP48E1_SGL_EXP_IP.OLD_ADD.ADD/RESULT_REG.NORMAL.exp_op[4]_i_1/O
                         net (fo=1, routed)           0.053     5.561    bd_0_i/hls_inst/inst/fmul_32ns_32ns_32_3_max_dsp_1_U429/MLP_fmul_32ns_32ns_32_3_max_dsp_1_ip_u/inst/i_synth/MULT.OP/i_non_prim.OP/RESULT_REG.NORMAL.exp_op_reg[4]_0
    SLICE_X40Y29         FDRE                                         r  bd_0_i/hls_inst/inst/fmul_32ns_32ns_32_3_max_dsp_1_U429/MLP_fmul_32ns_32ns_32_3_max_dsp_1_ip_u/inst/i_synth/MULT.OP/i_non_prim.OP/RESULT_REG.NORMAL.exp_op_reg[4]/D
  -------------------------------------------------------------------    -------------------

                         (clock ap_clk rise edge)    10.000    10.000 r  
                                                      0.000    10.000 r  ap_clk (IN)
                         net (fo=29822, unset)        0.021    10.021    bd_0_i/hls_inst/inst/fmul_32ns_32ns_32_3_max_dsp_1_U429/MLP_fmul_32ns_32ns_32_3_max_dsp_1_ip_u/inst/i_synth/MULT.OP/i_non_prim.OP/aclk
    SLICE_X40Y29         FDRE                                         r  bd_0_i/hls_inst/inst/fmul_32ns_32ns_32_3_max_dsp_1_U429/MLP_fmul_32ns_32ns_32_3_max_dsp_1_ip_u/inst/i_synth/MULT.OP/i_non_prim.OP/RESULT_REG.NORMAL.exp_op_reg[4]/C
                         clock pessimism              0.000    10.021    
                         clock uncertainty           -0.035     9.986    
    SLICE_X40Y29         FDRE (Setup_AFF_SLICEM_C_D)
                                                      0.025    10.011    bd_0_i/hls_inst/inst/fmul_32ns_32ns_32_3_max_dsp_1_U429/MLP_fmul_32ns_32ns_32_3_max_dsp_1_ip_u/inst/i_synth/MULT.OP/i_non_prim.OP/RESULT_REG.NORMAL.exp_op_reg[4]
  -------------------------------------------------------------------
                         required time                         10.011    
                         arrival time                          -5.561    
  -------------------------------------------------------------------
                         slack                                  4.450    

Slack (MET) :             4.495ns  (required time - arrival time)
  Source:                 bd_0_i/hls_inst/inst/ap_CS_fsm_reg[53]/C
                            (rising edge-triggered cell FDRE clocked by ap_clk  {rise@0.000ns fall@5.000ns period=10.000ns})
  Destination:            bd_0_i/hls_inst/inst/fmul_32ns_32ns_32_3_max_dsp_1_U427/din1_buf1_reg[3]/D
                            (rising edge-triggered cell FDRE clocked by ap_clk  {rise@0.000ns fall@5.000ns period=10.000ns})
  Path Group:             ap_clk
  Path Type:              Setup (Max at Slow Process Corner)
  Requirement:            10.000ns  (ap_clk rise@10.000ns - ap_clk rise@0.000ns)
  Data Path Delay:        5.486ns  (logic 0.228ns (4.156%)  route 5.258ns (95.844%))
  Logic Levels:           1  (LUT5=1)
  Clock Path Skew:        -0.009ns (DCD - SCD + CPR)
    Destination Clock Delay (DCD):    0.020ns = ( 10.020 - 10.000 ) 
    Source Clock Delay      (SCD):    0.029ns
    Clock Pessimism Removal (CPR):    0.000ns
  Clock Uncertainty:      0.035ns  ((TSJ^2 + TIJ^2)^1/2 + DJ) / 2 + PE
    Total System Jitter     (TSJ):    0.071ns
    Total Input Jitter      (TIJ):    0.000ns
    Discrete Jitter          (DJ):    0.000ns
    Phase Error              (PE):    0.000ns

    Location             Delay type                Incr(ns)  Path(ns)    Netlist Resource(s)
  -------------------------------------------------------------------    -------------------
                         (clock ap_clk rise edge)     0.000     0.000 r  
                                                      0.000     0.000 r  ap_clk (IN)
                         net (fo=29822, unset)        0.029     0.029    bd_0_i/hls_inst/inst/ap_clk
    SLICE_X18Y34         FDRE                                         r  bd_0_i/hls_inst/inst/ap_CS_fsm_reg[53]/C
  -------------------------------------------------------------------    -------------------
    SLICE_X18Y34         FDRE (Prop_FFF_SLICEL_C_Q)
                                                      0.079     0.108 r  bd_0_i/hls_inst/inst/ap_CS_fsm_reg[53]/Q
                         net (fo=812, routed)         5.210     5.318    bd_0_i/hls_inst/inst/grp_MLP_Pipeline_VITIS_LOOP_111_7_fu_1391/Q[3]
    SLICE_X36Y5          LUT5 (Prop_G6LUT_SLICEL_I1_O)
                                                      0.149     5.467 r  bd_0_i/hls_inst/inst/grp_MLP_Pipeline_VITIS_LOOP_111_7_fu_1391/din1_buf1[3]_i_1__36/O
                         net (fo=1, routed)           0.048     5.515    bd_0_i/hls_inst/inst/fmul_32ns_32ns_32_3_max_dsp_1_U427/grp_fu_2507_p1[3]
    SLICE_X36Y5          FDRE                                         r  bd_0_i/hls_inst/inst/fmul_32ns_32ns_32_3_max_dsp_1_U427/din1_buf1_reg[3]/D
  -------------------------------------------------------------------    -------------------

                         (clock ap_clk rise edge)    10.000    10.000 r  
                                                      0.000    10.000 r  ap_clk (IN)
                         net (fo=29822, unset)        0.020    10.020    bd_0_i/hls_inst/inst/fmul_32ns_32ns_32_3_max_dsp_1_U427/ap_clk
    SLICE_X36Y5          FDRE                                         r  bd_0_i/hls_inst/inst/fmul_32ns_32ns_32_3_max_dsp_1_U427/din1_buf1_reg[3]/C
                         clock pessimism              0.000    10.020    
                         clock uncertainty           -0.035     9.985    
    SLICE_X36Y5          FDRE (Setup_GFF_SLICEL_C_D)
                                                      0.025    10.010    bd_0_i/hls_inst/inst/fmul_32ns_32ns_32_3_max_dsp_1_U427/din1_buf1_reg[3]
  -------------------------------------------------------------------
                         required time                         10.010    
                         arrival time                          -5.515    
  -------------------------------------------------------------------
                         slack                                  4.495    

Slack (MET) :             4.508ns  (required time - arrival time)
  Source:                 bd_0_i/hls_inst/inst/fmul_32ns_32ns_32_3_max_dsp_1_U429/din0_buf1_reg[20]/C
                            (rising edge-triggered cell FDRE clocked by ap_clk  {rise@0.000ns fall@5.000ns period=10.000ns})
  Destination:            bd_0_i/hls_inst/inst/fmul_32ns_32ns_32_3_max_dsp_1_U429/MLP_fmul_32ns_32ns_32_3_max_dsp_1_ip_u/inst/i_synth/MULT.OP/i_non_prim.OP/RESULT_REG.NORMAL.exp_op_reg[3]/D
                            (rising edge-triggered cell FDRE clocked by ap_clk  {rise@0.000ns fall@5.000ns period=10.000ns})
  Path Group:             ap_clk
  Path Type:              Setup (Max at Slow Process Corner)
  Requirement:            10.000ns  (ap_clk rise@10.000ns - ap_clk rise@0.000ns)
  Data Path Delay:        5.474ns  (logic 2.914ns (53.229%)  route 2.560ns (46.771%))
  Logic Levels:           11  (DSP_A_B_DATA=1 DSP_ALU=2 DSP_M_DATA=1 DSP_MULTIPLIER=1 DSP_OUTPUT=2 DSP_PREADD_DATA=1 LUT4=2 LUT6=1)
  Clock Path Skew:        -0.007ns (DCD - SCD + CPR)
    Destination Clock Delay (DCD):    0.021ns = ( 10.021 - 10.000 ) 
    Source Clock Delay      (SCD):    0.028ns
    Clock Pessimism Removal (CPR):    0.000ns
  Clock Uncertainty:      0.035ns  ((TSJ^2 + TIJ^2)^1/2 + DJ) / 2 + PE
    Total System Jitter     (TSJ):    0.071ns
    Total Input Jitter      (TIJ):    0.000ns
    Discrete Jitter          (DJ):    0.000ns
    Phase Error              (PE):    0.000ns

    Location             Delay type                Incr(ns)  Path(ns)    Netlist Resource(s)
  -------------------------------------------------------------------    -------------------
                         (clock ap_clk rise edge)     0.000     0.000 r  
                                                      0.000     0.000 r  ap_clk (IN)
                         net (fo=29822, unset)        0.028     0.028    bd_0_i/hls_inst/inst/fmul_32ns_32ns_32_3_max_dsp_1_U429/ap_clk
    SLICE_X33Y28         FDRE                                         r  bd_0_i/hls_inst/inst/fmul_32ns_32ns_32_3_max_dsp_1_U429/din0_buf1_reg[20]/C
  -------------------------------------------------------------------    -------------------
    SLICE_X33Y28         FDRE (Prop_DFF_SLICEL_C_Q)
                                                      0.079     0.107 f  bd_0_i/hls_inst/inst/fmul_32ns_32ns_32_3_max_dsp_1_U429/din0_buf1_reg[20]/Q
                         net (fo=2, routed)           1.563     1.670    bd_0_i/hls_inst/inst/fmul_32ns_32ns_32_3_max_dsp_1_U429/MLP_fmul_32ns_32ns_32_3_max_dsp_1_ip_u/inst/i_synth/MULT.OP/i_non_prim.MULT/DSP48E1_SPD_SGL_VARIANT.FIX_MULT/DSP1/i_no_versal_es1_workaround.DSP/A[20]
    DSP48E2_X3Y11        DSP_A_B_DATA (Prop_DSP_A_B_DATA_DSP48E2_A[20]_A2_DATA[20])
                                                      0.192     1.862 r  bd_0_i/hls_inst/inst/fmul_32ns_32ns_32_3_max_dsp_1_U429/MLP_fmul_32ns_32ns_32_3_max_dsp_1_ip_u/inst/i_synth/MULT.OP/i_non_prim.MULT/DSP48E1_SPD_SGL_VARIANT.FIX_MULT/DSP1/i_no_versal_es1_workaround.DSP/DSP_A_B_DATA_INST/A2_DATA[20]
                         net (fo=1, routed)           0.000     1.862    bd_0_i/hls_inst/inst/fmul_32ns_32ns_32_3_max_dsp_1_U429/MLP_fmul_32ns_32ns_32_3_max_dsp_1_ip_u/inst/i_synth/MULT.OP/i_non_prim.MULT/DSP48E1_SPD_SGL_VARIANT.FIX_MULT/DSP1/i_no_versal_es1_workaround.DSP/DSP_A_B_DATA.A2_DATA<20>
    DSP48E2_X3Y11        DSP_PREADD_DATA (Prop_DSP_PREADD_DATA_DSP48E2_A2_DATA[20]_A2A1[20])
                                                      0.076     1.938 r  bd_0_i/hls_inst/inst/fmul_32ns_32ns_32_3_max_dsp_1_U429/MLP_fmul_32ns_32ns_32_3_max_dsp_1_ip_u/inst/i_synth/MULT.OP/i_non_prim.MULT/DSP48E1_SPD_SGL_VARIANT.FIX_MULT/DSP1/i_no_versal_es1_workaround.DSP/DSP_PREADD_DATA_INST/A2A1[20]
                         net (fo=1, routed)           0.000     1.938    bd_0_i/hls_inst/inst/fmul_32ns_32ns_32_3_max_dsp_1_U429/MLP_fmul_32ns_32ns_32_3_max_dsp_1_ip_u/inst/i_synth/MULT.OP/i_non_prim.MULT/DSP48E1_SPD_SGL_VARIANT.FIX_MULT/DSP1/i_no_versal_es1_workaround.DSP/DSP_PREADD_DATA.A2A1<20>
    DSP48E2_X3Y11        DSP_MULTIPLIER (Prop_DSP_MULTIPLIER_DSP48E2_A2A1[20]_U[39])
                                                      0.505     2.443 f  bd_0_i/hls_inst/inst/fmul_32ns_32ns_32_3_max_dsp_1_U429/MLP_fmul_32ns_32ns_32_3_max_dsp_1_ip_u/inst/i_synth/MULT.OP/i_non_prim.MULT/DSP48E1_SPD_SGL_VARIANT.FIX_MULT/DSP1/i_no_versal_es1_workaround.DSP/DSP_MULTIPLIER_INST/U[39]
                         net (fo=1, routed)           0.000     2.443    bd_0_i/hls_inst/inst/fmul_32ns_32ns_32_3_max_dsp_1_U429/MLP_fmul_32ns_32ns_32_3_max_dsp_1_ip_u/inst/i_synth/MULT.OP/i_non_prim.MULT/DSP48E1_SPD_SGL_VARIANT.FIX_MULT/DSP1/i_no_versal_es1_workaround.DSP/DSP_MULTIPLIER.U<39>
    DSP48E2_X3Y11        DSP_M_DATA (Prop_DSP_M_DATA_DSP48E2_U[39]_U_DATA[39])
                                                      0.047     2.490 r  bd_0_i/hls_inst/inst/fmul_32ns_32ns_32_3_max_dsp_1_U429/MLP_fmul_32ns_32ns_32_3_max_dsp_1_ip_u/inst/i_synth/MULT.OP/i_non_prim.MULT/DSP48E1_SPD_SGL_VARIANT.FIX_MULT/DSP1/i_no_versal_es1_workaround.DSP/DSP_M_DATA_INST/U_DATA[39]
                         net (fo=1, routed)           0.000     2.490    bd_0_i/hls_inst/inst/fmul_32ns_32ns_32_3_max_dsp_1_U429/MLP_fmul_32ns_32ns_32_3_max_dsp_1_ip_u/inst/i_synth/MULT.OP/i_non_prim.MULT/DSP48E1_SPD_SGL_VARIANT.FIX_MULT/DSP1/i_no_versal_es1_workaround.DSP/DSP_M_DATA.U_DATA<39>
    DSP48E2_X3Y11        DSP_ALU (Prop_DSP_ALU_DSP48E2_U_DATA[39]_ALU_OUT[47])
                                                      0.585     3.075 f  bd_0_i/hls_inst/inst/fmul_32ns_32ns_32_3_max_dsp_1_U429/MLP_fmul_32ns_32ns_32_3_max_dsp_1_ip_u/inst/i_synth/MULT.OP/i_non_prim.MULT/DSP48E1_SPD_SGL_VARIANT.FIX_MULT/DSP1/i_no_versal_es1_workaround.DSP/DSP_ALU_INST/ALU_OUT[47]
                         net (fo=1, routed)           0.000     3.075    bd_0_i/hls_inst/inst/fmul_32ns_32ns_32_3_max_dsp_1_U429/MLP_fmul_32ns_32ns_32_3_max_dsp_1_ip_u/inst/i_synth/MULT.OP/i_non_prim.MULT/DSP48E1_SPD_SGL_VARIANT.FIX_MULT/DSP1/i_no_versal_es1_workaround.DSP/DSP_ALU.ALU_OUT<47>
    DSP48E2_X3Y11        DSP_OUTPUT (Prop_DSP_OUTPUT_DSP48E2_ALU_OUT[47]_PCOUT[47])
                                                      0.122     3.197 r  bd_0_i/hls_inst/inst/fmul_32ns_32ns_32_3_max_dsp_1_U429/MLP_fmul_32ns_32ns_32_3_max_dsp_1_ip_u/inst/i_synth/MULT.OP/i_non_prim.MULT/DSP48E1_SPD_SGL_VARIANT.FIX_MULT/DSP1/i_no_versal_es1_workaround.DSP/DSP_OUTPUT_INST/PCOUT[47]
                         net (fo=1, routed)           0.073     3.270    bd_0_i/hls_inst/inst/fmul_32ns_32ns_32_3_max_dsp_1_U429/MLP_fmul_32ns_32ns_32_3_max_dsp_1_ip_u/inst/i_synth/MULT.OP/i_non_prim.MULT/DSP48E1_SPD_SGL_VARIANT.FIX_MULT/DSP2/i_no_versal_es1_workaround.DSP/PCIN[47]
    DSP48E2_X3Y12        DSP_ALU (Prop_DSP_ALU_DSP48E2_PCIN[47]_ALU_OUT[47])
                                                      0.546     3.816 r  bd_0_i/hls_inst/inst/fmul_32ns_32ns_32_3_max_dsp_1_U429/MLP_fmul_32ns_32ns_32_3_max_dsp_1_ip_u/inst/i_synth/MULT.OP/i_non_prim.MULT/DSP48E1_SPD_SGL_VARIANT.FIX_MULT/DSP2/i_no_versal_es1_workaround.DSP/DSP_ALU_INST/ALU_OUT[47]
                         net (fo=1, routed)           0.000     3.816    bd_0_i/hls_inst/inst/fmul_32ns_32ns_32_3_max_dsp_1_U429/MLP_fmul_32ns_32ns_32_3_max_dsp_1_ip_u/inst/i_synth/MULT.OP/i_non_prim.MULT/DSP48E1_SPD_SGL_VARIANT.FIX_MULT/DSP2/i_no_versal_es1_workaround.DSP/DSP_ALU.ALU_OUT<47>
    DSP48E2_X3Y12        DSP_OUTPUT (Prop_DSP_OUTPUT_DSP48E2_ALU_OUT[47]_PATTERN_DETECT)
                                                      0.363     4.179 f  bd_0_i/hls_inst/inst/fmul_32ns_32ns_32_3_max_dsp_1_U429/MLP_fmul_32ns_32ns_32_3_max_dsp_1_ip_u/inst/i_synth/MULT.OP/i_non_prim.MULT/DSP48E1_SPD_SGL_VARIANT.FIX_MULT/DSP2/i_no_versal_es1_workaround.DSP/DSP_OUTPUT_INST/PATTERN_DETECT
                         net (fo=2, routed)           0.368     4.547    bd_0_i/hls_inst/inst/fmul_32ns_32ns_32_3_max_dsp_1_U429/MLP_fmul_32ns_32ns_32_3_max_dsp_1_ip_u/inst/i_synth/MULT.OP/i_non_prim.MULT/DSP48E1_SPD_SGL_VARIANT.FIX_MULT/DSP2/zero_detect_rnd[1]
    SLICE_X41Y29         LUT6 (Prop_G6LUT_SLICEL_I2_O)
                                                      0.149     4.696 r  bd_0_i/hls_inst/inst/fmul_32ns_32ns_32_3_max_dsp_1_U429/MLP_fmul_32ns_32ns_32_3_max_dsp_1_ip_u/inst/i_synth/MULT.OP/i_non_prim.MULT/DSP48E1_SPD_SGL_VARIANT.FIX_MULT/DSP2/RESULT_REG.NORMAL.mant_op[0]_i_2/O
                         net (fo=2, routed)           0.272     4.968    bd_0_i/hls_inst/inst/fmul_32ns_32ns_32_3_max_dsp_1_U429/MLP_fmul_32ns_32ns_32_3_max_dsp_1_ip_u/inst/i_synth/MULT.OP/i_non_prim.MULT/DSP48E1_SPD_SGL_VARIANT.FIX_MULT/DSP2/i_non_prim.R_AND_R/LAT_OPT.FULL.R_AND_R/flt_get_round_bit__3
    SLICE_X40Y32         LUT4 (Prop_H5LUT_SLICEM_I1_O)
                                                      0.161     5.129 r  bd_0_i/hls_inst/inst/fmul_32ns_32ns_32_3_max_dsp_1_U429/MLP_fmul_32ns_32ns_32_3_max_dsp_1_ip_u/inst/i_synth/MULT.OP/i_non_prim.MULT/DSP48E1_SPD_SGL_VARIANT.FIX_MULT/DSP2/RESULT_REG.NORMAL.exp_op[7]_i_8/O
                         net (fo=8, routed)           0.225     5.354    bd_0_i/hls_inst/inst/fmul_32ns_32ns_32_3_max_dsp_1_U429/MLP_fmul_32ns_32ns_32_3_max_dsp_1_ip_u/inst/i_synth/MULT.OP/i_non_prim.R_AND_R/LAT_OPT.FULL.R_AND_R/DSP48E1_SGL_EXP_IP.OLD_ADD.ADD/round_exp_inc_op
    SLICE_X40Y29         LUT4 (Prop_B6LUT_SLICEM_I1_O)
                                                      0.089     5.443 r  bd_0_i/hls_inst/inst/fmul_32ns_32ns_32_3_max_dsp_1_U429/MLP_fmul_32ns_32ns_32_3_max_dsp_1_ip_u/inst/i_synth/MULT.OP/i_non_prim.R_AND_R/LAT_OPT.FULL.R_AND_R/DSP48E1_SGL_EXP_IP.OLD_ADD.ADD/RESULT_REG.NORMAL.exp_op[3]_i_1/O
                         net (fo=1, routed)           0.059     5.502    bd_0_i/hls_inst/inst/fmul_32ns_32ns_32_3_max_dsp_1_U429/MLP_fmul_32ns_32ns_32_3_max_dsp_1_ip_u/inst/i_synth/MULT.OP/i_non_prim.OP/RESULT_REG.NORMAL.exp_op_reg[3]_0
    SLICE_X40Y29         FDRE                                         r  bd_0_i/hls_inst/inst/fmul_32ns_32ns_32_3_max_dsp_1_U429/MLP_fmul_32ns_32ns_32_3_max_dsp_1_ip_u/inst/i_synth/MULT.OP/i_non_prim.OP/RESULT_REG.NORMAL.exp_op_reg[3]/D
  -------------------------------------------------------------------    -------------------

                         (clock ap_clk rise edge)    10.000    10.000 r  
                                                      0.000    10.000 r  ap_clk (IN)
                         net (fo=29822, unset)        0.021    10.021    bd_0_i/hls_inst/inst/fmul_32ns_32ns_32_3_max_dsp_1_U429/MLP_fmul_32ns_32ns_32_3_max_dsp_1_ip_u/inst/i_synth/MULT.OP/i_non_prim.OP/aclk
    SLICE_X40Y29         FDRE                                         r  bd_0_i/hls_inst/inst/fmul_32ns_32ns_32_3_max_dsp_1_U429/MLP_fmul_32ns_32ns_32_3_max_dsp_1_ip_u/inst/i_synth/MULT.OP/i_non_prim.OP/RESULT_REG.NORMAL.exp_op_reg[3]/C
                         clock pessimism              0.000    10.021    
                         clock uncertainty           -0.035     9.986    
    SLICE_X40Y29         FDRE (Setup_BFF_SLICEM_C_D)
                                                      0.025    10.011    bd_0_i/hls_inst/inst/fmul_32ns_32ns_32_3_max_dsp_1_U429/MLP_fmul_32ns_32ns_32_3_max_dsp_1_ip_u/inst/i_synth/MULT.OP/i_non_prim.OP/RESULT_REG.NORMAL.exp_op_reg[3]
  -------------------------------------------------------------------
                         required time                         10.011    
                         arrival time                          -5.502    
  -------------------------------------------------------------------
                         slack                                  4.508    

Slack (MET) :             4.521ns  (required time - arrival time)
  Source:                 bd_0_i/hls_inst/inst/fmul_32ns_32ns_32_3_max_dsp_1_U429/din0_buf1_reg[20]/C
                            (rising edge-triggered cell FDRE clocked by ap_clk  {rise@0.000ns fall@5.000ns period=10.000ns})
  Destination:            bd_0_i/hls_inst/inst/fmul_32ns_32ns_32_3_max_dsp_1_U429/MLP_fmul_32ns_32ns_32_3_max_dsp_1_ip_u/inst/i_synth/MULT.OP/i_non_prim.OP/RESULT_REG.NORMAL.exp_op_reg[1]/D
                            (rising edge-triggered cell FDRE clocked by ap_clk  {rise@0.000ns fall@5.000ns period=10.000ns})
  Path Group:             ap_clk
  Path Type:              Setup (Max at Slow Process Corner)
  Requirement:            10.000ns  (ap_clk rise@10.000ns - ap_clk rise@0.000ns)
  Data Path Delay:        5.462ns  (logic 2.876ns (52.659%)  route 2.586ns (47.341%))
  Logic Levels:           11  (DSP_A_B_DATA=1 DSP_ALU=2 DSP_M_DATA=1 DSP_MULTIPLIER=1 DSP_OUTPUT=2 DSP_PREADD_DATA=1 LUT4=2 LUT6=1)
  Clock Path Skew:        -0.007ns (DCD - SCD + CPR)
    Destination Clock Delay (DCD):    0.021ns = ( 10.021 - 10.000 ) 
    Source Clock Delay      (SCD):    0.028ns
    Clock Pessimism Removal (CPR):    0.000ns
  Clock Uncertainty:      0.035ns  ((TSJ^2 + TIJ^2)^1/2 + DJ) / 2 + PE
    Total System Jitter     (TSJ):    0.071ns
    Total Input Jitter      (TIJ):    0.000ns
    Discrete Jitter          (DJ):    0.000ns
    Phase Error              (PE):    0.000ns

    Location             Delay type                Incr(ns)  Path(ns)    Netlist Resource(s)
  -------------------------------------------------------------------    -------------------
                         (clock ap_clk rise edge)     0.000     0.000 r  
                                                      0.000     0.000 r  ap_clk (IN)
                         net (fo=29822, unset)        0.028     0.028    bd_0_i/hls_inst/inst/fmul_32ns_32ns_32_3_max_dsp_1_U429/ap_clk
    SLICE_X33Y28         FDRE                                         r  bd_0_i/hls_inst/inst/fmul_32ns_32ns_32_3_max_dsp_1_U429/din0_buf1_reg[20]/C
  -------------------------------------------------------------------    -------------------
    SLICE_X33Y28         FDRE (Prop_DFF_SLICEL_C_Q)
                                                      0.079     0.107 f  bd_0_i/hls_inst/inst/fmul_32ns_32ns_32_3_max_dsp_1_U429/din0_buf1_reg[20]/Q
                         net (fo=2, routed)           1.563     1.670    bd_0_i/hls_inst/inst/fmul_32ns_32ns_32_3_max_dsp_1_U429/MLP_fmul_32ns_32ns_32_3_max_dsp_1_ip_u/inst/i_synth/MULT.OP/i_non_prim.MULT/DSP48E1_SPD_SGL_VARIANT.FIX_MULT/DSP1/i_no_versal_es1_workaround.DSP/A[20]
    DSP48E2_X3Y11        DSP_A_B_DATA (Prop_DSP_A_B_DATA_DSP48E2_A[20]_A2_DATA[20])
                                                      0.192     1.862 r  bd_0_i/hls_inst/inst/fmul_32ns_32ns_32_3_max_dsp_1_U429/MLP_fmul_32ns_32ns_32_3_max_dsp_1_ip_u/inst/i_synth/MULT.OP/i_non_prim.MULT/DSP48E1_SPD_SGL_VARIANT.FIX_MULT/DSP1/i_no_versal_es1_workaround.DSP/DSP_A_B_DATA_INST/A2_DATA[20]
                         net (fo=1, routed)           0.000     1.862    bd_0_i/hls_inst/inst/fmul_32ns_32ns_32_3_max_dsp_1_U429/MLP_fmul_32ns_32ns_32_3_max_dsp_1_ip_u/inst/i_synth/MULT.OP/i_non_prim.MULT/DSP48E1_SPD_SGL_VARIANT.FIX_MULT/DSP1/i_no_versal_es1_workaround.DSP/DSP_A_B_DATA.A2_DATA<20>
    DSP48E2_X3Y11        DSP_PREADD_DATA (Prop_DSP_PREADD_DATA_DSP48E2_A2_DATA[20]_A2A1[20])
                                                      0.076     1.938 r  bd_0_i/hls_inst/inst/fmul_32ns_32ns_32_3_max_dsp_1_U429/MLP_fmul_32ns_32ns_32_3_max_dsp_1_ip_u/inst/i_synth/MULT.OP/i_non_prim.MULT/DSP48E1_SPD_SGL_VARIANT.FIX_MULT/DSP1/i_no_versal_es1_workaround.DSP/DSP_PREADD_DATA_INST/A2A1[20]
                         net (fo=1, routed)           0.000     1.938    bd_0_i/hls_inst/inst/fmul_32ns_32ns_32_3_max_dsp_1_U429/MLP_fmul_32ns_32ns_32_3_max_dsp_1_ip_u/inst/i_synth/MULT.OP/i_non_prim.MULT/DSP48E1_SPD_SGL_VARIANT.FIX_MULT/DSP1/i_no_versal_es1_workaround.DSP/DSP_PREADD_DATA.A2A1<20>
    DSP48E2_X3Y11        DSP_MULTIPLIER (Prop_DSP_MULTIPLIER_DSP48E2_A2A1[20]_U[39])
                                                      0.505     2.443 f  bd_0_i/hls_inst/inst/fmul_32ns_32ns_32_3_max_dsp_1_U429/MLP_fmul_32ns_32ns_32_3_max_dsp_1_ip_u/inst/i_synth/MULT.OP/i_non_prim.MULT/DSP48E1_SPD_SGL_VARIANT.FIX_MULT/DSP1/i_no_versal_es1_workaround.DSP/DSP_MULTIPLIER_INST/U[39]
                         net (fo=1, routed)           0.000     2.443    bd_0_i/hls_inst/inst/fmul_32ns_32ns_32_3_max_dsp_1_U429/MLP_fmul_32ns_32ns_32_3_max_dsp_1_ip_u/inst/i_synth/MULT.OP/i_non_prim.MULT/DSP48E1_SPD_SGL_VARIANT.FIX_MULT/DSP1/i_no_versal_es1_workaround.DSP/DSP_MULTIPLIER.U<39>
    DSP48E2_X3Y11        DSP_M_DATA (Prop_DSP_M_DATA_DSP48E2_U[39]_U_DATA[39])
                                                      0.047     2.490 r  bd_0_i/hls_inst/inst/fmul_32ns_32ns_32_3_max_dsp_1_U429/MLP_fmul_32ns_32ns_32_3_max_dsp_1_ip_u/inst/i_synth/MULT.OP/i_non_prim.MULT/DSP48E1_SPD_SGL_VARIANT.FIX_MULT/DSP1/i_no_versal_es1_workaround.DSP/DSP_M_DATA_INST/U_DATA[39]
                         net (fo=1, routed)           0.000     2.490    bd_0_i/hls_inst/inst/fmul_32ns_32ns_32_3_max_dsp_1_U429/MLP_fmul_32ns_32ns_32_3_max_dsp_1_ip_u/inst/i_synth/MULT.OP/i_non_prim.MULT/DSP48E1_SPD_SGL_VARIANT.FIX_MULT/DSP1/i_no_versal_es1_workaround.DSP/DSP_M_DATA.U_DATA<39>
    DSP48E2_X3Y11        DSP_ALU (Prop_DSP_ALU_DSP48E2_U_DATA[39]_ALU_OUT[47])
                                                      0.585     3.075 f  bd_0_i/hls_inst/inst/fmul_32ns_32ns_32_3_max_dsp_1_U429/MLP_fmul_32ns_32ns_32_3_max_dsp_1_ip_u/inst/i_synth/MULT.OP/i_non_prim.MULT/DSP48E1_SPD_SGL_VARIANT.FIX_MULT/DSP1/i_no_versal_es1_workaround.DSP/DSP_ALU_INST/ALU_OUT[47]
                         net (fo=1, routed)           0.000     3.075    bd_0_i/hls_inst/inst/fmul_32ns_32ns_32_3_max_dsp_1_U429/MLP_fmul_32ns_32ns_32_3_max_dsp_1_ip_u/inst/i_synth/MULT.OP/i_non_prim.MULT/DSP48E1_SPD_SGL_VARIANT.FIX_MULT/DSP1/i_no_versal_es1_workaround.DSP/DSP_ALU.ALU_OUT<47>
    DSP48E2_X3Y11        DSP_OUTPUT (Prop_DSP_OUTPUT_DSP48E2_ALU_OUT[47]_PCOUT[47])
                                                      0.122     3.197 r  bd_0_i/hls_inst/inst/fmul_32ns_32ns_32_3_max_dsp_1_U429/MLP_fmul_32ns_32ns_32_3_max_dsp_1_ip_u/inst/i_synth/MULT.OP/i_non_prim.MULT/DSP48E1_SPD_SGL_VARIANT.FIX_MULT/DSP1/i_no_versal_es1_workaround.DSP/DSP_OUTPUT_INST/PCOUT[47]
                         net (fo=1, routed)           0.073     3.270    bd_0_i/hls_inst/inst/fmul_32ns_32ns_32_3_max_dsp_1_U429/MLP_fmul_32ns_32ns_32_3_max_dsp_1_ip_u/inst/i_synth/MULT.OP/i_non_prim.MULT/DSP48E1_SPD_SGL_VARIANT.FIX_MULT/DSP2/i_no_versal_es1_workaround.DSP/PCIN[47]
    DSP48E2_X3Y12        DSP_ALU (Prop_DSP_ALU_DSP48E2_PCIN[47]_ALU_OUT[47])
                                                      0.546     3.816 r  bd_0_i/hls_inst/inst/fmul_32ns_32ns_32_3_max_dsp_1_U429/MLP_fmul_32ns_32ns_32_3_max_dsp_1_ip_u/inst/i_synth/MULT.OP/i_non_prim.MULT/DSP48E1_SPD_SGL_VARIANT.FIX_MULT/DSP2/i_no_versal_es1_workaround.DSP/DSP_ALU_INST/ALU_OUT[47]
                         net (fo=1, routed)           0.000     3.816    bd_0_i/hls_inst/inst/fmul_32ns_32ns_32_3_max_dsp_1_U429/MLP_fmul_32ns_32ns_32_3_max_dsp_1_ip_u/inst/i_synth/MULT.OP/i_non_prim.MULT/DSP48E1_SPD_SGL_VARIANT.FIX_MULT/DSP2/i_no_versal_es1_workaround.DSP/DSP_ALU.ALU_OUT<47>
    DSP48E2_X3Y12        DSP_OUTPUT (Prop_DSP_OUTPUT_DSP48E2_ALU_OUT[47]_PATTERN_DETECT)
                                                      0.363     4.179 f  bd_0_i/hls_inst/inst/fmul_32ns_32ns_32_3_max_dsp_1_U429/MLP_fmul_32ns_32ns_32_3_max_dsp_1_ip_u/inst/i_synth/MULT.OP/i_non_prim.MULT/DSP48E1_SPD_SGL_VARIANT.FIX_MULT/DSP2/i_no_versal_es1_workaround.DSP/DSP_OUTPUT_INST/PATTERN_DETECT
                         net (fo=2, routed)           0.368     4.547    bd_0_i/hls_inst/inst/fmul_32ns_32ns_32_3_max_dsp_1_U429/MLP_fmul_32ns_32ns_32_3_max_dsp_1_ip_u/inst/i_synth/MULT.OP/i_non_prim.MULT/DSP48E1_SPD_SGL_VARIANT.FIX_MULT/DSP2/zero_detect_rnd[1]
    SLICE_X41Y29         LUT6 (Prop_G6LUT_SLICEL_I2_O)
                                                      0.149     4.696 r  bd_0_i/hls_inst/inst/fmul_32ns_32ns_32_3_max_dsp_1_U429/MLP_fmul_32ns_32ns_32_3_max_dsp_1_ip_u/inst/i_synth/MULT.OP/i_non_prim.MULT/DSP48E1_SPD_SGL_VARIANT.FIX_MULT/DSP2/RESULT_REG.NORMAL.mant_op[0]_i_2/O
                         net (fo=2, routed)           0.272     4.968    bd_0_i/hls_inst/inst/fmul_32ns_32ns_32_3_max_dsp_1_U429/MLP_fmul_32ns_32ns_32_3_max_dsp_1_ip_u/inst/i_synth/MULT.OP/i_non_prim.MULT/DSP48E1_SPD_SGL_VARIANT.FIX_MULT/DSP2/i_non_prim.R_AND_R/LAT_OPT.FULL.R_AND_R/flt_get_round_bit__3
    SLICE_X40Y32         LUT4 (Prop_H5LUT_SLICEM_I1_O)
                                                      0.161     5.129 r  bd_0_i/hls_inst/inst/fmul_32ns_32ns_32_3_max_dsp_1_U429/MLP_fmul_32ns_32ns_32_3_max_dsp_1_ip_u/inst/i_synth/MULT.OP/i_non_prim.MULT/DSP48E1_SPD_SGL_VARIANT.FIX_MULT/DSP2/RESULT_REG.NORMAL.exp_op[7]_i_8/O
                         net (fo=8, routed)           0.243     5.373    bd_0_i/hls_inst/inst/fmul_32ns_32ns_32_3_max_dsp_1_U429/MLP_fmul_32ns_32ns_32_3_max_dsp_1_ip_u/inst/i_synth/MULT.OP/i_non_prim.R_AND_R/LAT_OPT.FULL.R_AND_R/DSP48E1_SGL_EXP_IP.OLD_ADD.ADD/round_exp_inc_op
    SLICE_X40Y29         LUT4 (Prop_C6LUT_SLICEM_I1_O)
                                                      0.051     5.424 r  bd_0_i/hls_inst/inst/fmul_32ns_32ns_32_3_max_dsp_1_U429/MLP_fmul_32ns_32ns_32_3_max_dsp_1_ip_u/inst/i_synth/MULT.OP/i_non_prim.R_AND_R/LAT_OPT.FULL.R_AND_R/DSP48E1_SGL_EXP_IP.OLD_ADD.ADD/RESULT_REG.NORMAL.exp_op[1]_i_1/O
                         net (fo=1, routed)           0.066     5.490    bd_0_i/hls_inst/inst/fmul_32ns_32ns_32_3_max_dsp_1_U429/MLP_fmul_32ns_32ns_32_3_max_dsp_1_ip_u/inst/i_synth/MULT.OP/i_non_prim.OP/RESULT_REG.NORMAL.exp_op_reg[1]_0
    SLICE_X40Y29         FDRE                                         r  bd_0_i/hls_inst/inst/fmul_32ns_32ns_32_3_max_dsp_1_U429/MLP_fmul_32ns_32ns_32_3_max_dsp_1_ip_u/inst/i_synth/MULT.OP/i_non_prim.OP/RESULT_REG.NORMAL.exp_op_reg[1]/D
  -------------------------------------------------------------------    -------------------

                         (clock ap_clk rise edge)    10.000    10.000 r  
                                                      0.000    10.000 r  ap_clk (IN)
                         net (fo=29822, unset)        0.021    10.021    bd_0_i/hls_inst/inst/fmul_32ns_32ns_32_3_max_dsp_1_U429/MLP_fmul_32ns_32ns_32_3_max_dsp_1_ip_u/inst/i_synth/MULT.OP/i_non_prim.OP/aclk
    SLICE_X40Y29         FDRE                                         r  bd_0_i/hls_inst/inst/fmul_32ns_32ns_32_3_max_dsp_1_U429/MLP_fmul_32ns_32ns_32_3_max_dsp_1_ip_u/inst/i_synth/MULT.OP/i_non_prim.OP/RESULT_REG.NORMAL.exp_op_reg[1]/C
                         clock pessimism              0.000    10.021    
                         clock uncertainty           -0.035     9.986    
    SLICE_X40Y29         FDRE (Setup_CFF_SLICEM_C_D)
                                                      0.025    10.011    bd_0_i/hls_inst/inst/fmul_32ns_32ns_32_3_max_dsp_1_U429/MLP_fmul_32ns_32ns_32_3_max_dsp_1_ip_u/inst/i_synth/MULT.OP/i_non_prim.OP/RESULT_REG.NORMAL.exp_op_reg[1]
  -------------------------------------------------------------------
                         required time                         10.011    
                         arrival time                          -5.490    
  -------------------------------------------------------------------
                         slack                                  4.521    

Slack (MET) :             4.531ns  (required time - arrival time)
  Source:                 bd_0_i/hls_inst/inst/ap_CS_fsm_reg[53]/C
                            (rising edge-triggered cell FDRE clocked by ap_clk  {rise@0.000ns fall@5.000ns period=10.000ns})
  Destination:            bd_0_i/hls_inst/inst/fmul_32ns_32ns_32_3_max_dsp_1_U427/din1_buf1_reg[12]/D
                            (rising edge-triggered cell FDRE clocked by ap_clk  {rise@0.000ns fall@5.000ns period=10.000ns})
  Path Group:             ap_clk
  Path Type:              Setup (Max at Slow Process Corner)
  Requirement:            10.000ns  (ap_clk rise@10.000ns - ap_clk rise@0.000ns)
  Data Path Delay:        5.449ns  (logic 0.168ns (3.083%)  route 5.281ns (96.917%))
  Logic Levels:           1  (LUT5=1)
  Clock Path Skew:        -0.009ns (DCD - SCD + CPR)
    Destination Clock Delay (DCD):    0.020ns = ( 10.020 - 10.000 ) 
    Source Clock Delay      (SCD):    0.029ns
    Clock Pessimism Removal (CPR):    0.000ns
  Clock Uncertainty:      0.035ns  ((TSJ^2 + TIJ^2)^1/2 + DJ) / 2 + PE
    Total System Jitter     (TSJ):    0.071ns
    Total Input Jitter      (TIJ):    0.000ns
    Discrete Jitter          (DJ):    0.000ns
    Phase Error              (PE):    0.000ns

    Location             Delay type                Incr(ns)  Path(ns)    Netlist Resource(s)
  -------------------------------------------------------------------    -------------------
                         (clock ap_clk rise edge)     0.000     0.000 r  
                                                      0.000     0.000 r  ap_clk (IN)
                         net (fo=29822, unset)        0.029     0.029    bd_0_i/hls_inst/inst/ap_clk
    SLICE_X18Y34         FDRE                                         r  bd_0_i/hls_inst/inst/ap_CS_fsm_reg[53]/C
  -------------------------------------------------------------------    -------------------
    SLICE_X18Y34         FDRE (Prop_FFF_SLICEL_C_Q)
                                                      0.079     0.108 r  bd_0_i/hls_inst/inst/ap_CS_fsm_reg[53]/Q
                         net (fo=812, routed)         5.232     5.340    bd_0_i/hls_inst/inst/grp_MLP_Pipeline_VITIS_LOOP_111_7_fu_1391/Q[3]
    SLICE_X36Y1          LUT5 (Prop_D6LUT_SLICEL_I1_O)
                                                      0.089     5.429 r  bd_0_i/hls_inst/inst/grp_MLP_Pipeline_VITIS_LOOP_111_7_fu_1391/din1_buf1[12]_i_1__36/O
                         net (fo=1, routed)           0.049     5.478    bd_0_i/hls_inst/inst/fmul_32ns_32ns_32_3_max_dsp_1_U427/grp_fu_2507_p1[11]
    SLICE_X36Y1          FDRE                                         r  bd_0_i/hls_inst/inst/fmul_32ns_32ns_32_3_max_dsp_1_U427/din1_buf1_reg[12]/D
  -------------------------------------------------------------------    -------------------

                         (clock ap_clk rise edge)    10.000    10.000 r  
                                                      0.000    10.000 r  ap_clk (IN)
                         net (fo=29822, unset)        0.020    10.020    bd_0_i/hls_inst/inst/fmul_32ns_32ns_32_3_max_dsp_1_U427/ap_clk
    SLICE_X36Y1          FDRE                                         r  bd_0_i/hls_inst/inst/fmul_32ns_32ns_32_3_max_dsp_1_U427/din1_buf1_reg[12]/C
                         clock pessimism              0.000    10.020    
                         clock uncertainty           -0.035     9.985    
    SLICE_X36Y1          FDRE (Setup_DFF_SLICEL_C_D)
                                                      0.025    10.010    bd_0_i/hls_inst/inst/fmul_32ns_32ns_32_3_max_dsp_1_U427/din1_buf1_reg[12]
  -------------------------------------------------------------------
                         required time                         10.010    
                         arrival time                          -5.478    
  -------------------------------------------------------------------
                         slack                                  4.531    

Slack (MET) :             4.544ns  (required time - arrival time)
  Source:                 bd_0_i/hls_inst/inst/fmul_32ns_32ns_32_3_max_dsp_1_U429/din0_buf1_reg[20]/C
                            (rising edge-triggered cell FDRE clocked by ap_clk  {rise@0.000ns fall@5.000ns period=10.000ns})
  Destination:            bd_0_i/hls_inst/inst/fmul_32ns_32ns_32_3_max_dsp_1_U429/MLP_fmul_32ns_32ns_32_3_max_dsp_1_ip_u/inst/i_synth/MULT.OP/i_non_prim.OP/RESULT_REG.NORMAL.exp_op_reg[0]/D
                            (rising edge-triggered cell FDRE clocked by ap_clk  {rise@0.000ns fall@5.000ns period=10.000ns})
  Path Group:             ap_clk
  Path Type:              Setup (Max at Slow Process Corner)
  Requirement:            10.000ns  (ap_clk rise@10.000ns - ap_clk rise@0.000ns)
  Data Path Delay:        5.439ns  (logic 2.891ns (53.158%)  route 2.548ns (46.842%))
  Logic Levels:           11  (DSP_A_B_DATA=1 DSP_ALU=2 DSP_M_DATA=1 DSP_MULTIPLIER=1 DSP_OUTPUT=2 DSP_PREADD_DATA=1 LUT4=2 LUT6=1)
  Clock Path Skew:        -0.007ns (DCD - SCD + CPR)
    Destination Clock Delay (DCD):    0.021ns = ( 10.021 - 10.000 ) 
    Source Clock Delay      (SCD):    0.028ns
    Clock Pessimism Removal (CPR):    0.000ns
  Clock Uncertainty:      0.035ns  ((TSJ^2 + TIJ^2)^1/2 + DJ) / 2 + PE
    Total System Jitter     (TSJ):    0.071ns
    Total Input Jitter      (TIJ):    0.000ns
    Discrete Jitter          (DJ):    0.000ns
    Phase Error              (PE):    0.000ns

    Location             Delay type                Incr(ns)  Path(ns)    Netlist Resource(s)
  -------------------------------------------------------------------    -------------------
                         (clock ap_clk rise edge)     0.000     0.000 r  
                                                      0.000     0.000 r  ap_clk (IN)
                         net (fo=29822, unset)        0.028     0.028    bd_0_i/hls_inst/inst/fmul_32ns_32ns_32_3_max_dsp_1_U429/ap_clk
    SLICE_X33Y28         FDRE                                         r  bd_0_i/hls_inst/inst/fmul_32ns_32ns_32_3_max_dsp_1_U429/din0_buf1_reg[20]/C
  -------------------------------------------------------------------    -------------------
    SLICE_X33Y28         FDRE (Prop_DFF_SLICEL_C_Q)
                                                      0.079     0.107 f  bd_0_i/hls_inst/inst/fmul_32ns_32ns_32_3_max_dsp_1_U429/din0_buf1_reg[20]/Q
                         net (fo=2, routed)           1.563     1.670    bd_0_i/hls_inst/inst/fmul_32ns_32ns_32_3_max_dsp_1_U429/MLP_fmul_32ns_32ns_32_3_max_dsp_1_ip_u/inst/i_synth/MULT.OP/i_non_prim.MULT/DSP48E1_SPD_SGL_VARIANT.FIX_MULT/DSP1/i_no_versal_es1_workaround.DSP/A[20]
    DSP48E2_X3Y11        DSP_A_B_DATA (Prop_DSP_A_B_DATA_DSP48E2_A[20]_A2_DATA[20])
                                                      0.192     1.862 r  bd_0_i/hls_inst/inst/fmul_32ns_32ns_32_3_max_dsp_1_U429/MLP_fmul_32ns_32ns_32_3_max_dsp_1_ip_u/inst/i_synth/MULT.OP/i_non_prim.MULT/DSP48E1_SPD_SGL_VARIANT.FIX_MULT/DSP1/i_no_versal_es1_workaround.DSP/DSP_A_B_DATA_INST/A2_DATA[20]
                         net (fo=1, routed)           0.000     1.862    bd_0_i/hls_inst/inst/fmul_32ns_32ns_32_3_max_dsp_1_U429/MLP_fmul_32ns_32ns_32_3_max_dsp_1_ip_u/inst/i_synth/MULT.OP/i_non_prim.MULT/DSP48E1_SPD_SGL_VARIANT.FIX_MULT/DSP1/i_no_versal_es1_workaround.DSP/DSP_A_B_DATA.A2_DATA<20>
    DSP48E2_X3Y11        DSP_PREADD_DATA (Prop_DSP_PREADD_DATA_DSP48E2_A2_DATA[20]_A2A1[20])
                                                      0.076     1.938 r  bd_0_i/hls_inst/inst/fmul_32ns_32ns_32_3_max_dsp_1_U429/MLP_fmul_32ns_32ns_32_3_max_dsp_1_ip_u/inst/i_synth/MULT.OP/i_non_prim.MULT/DSP48E1_SPD_SGL_VARIANT.FIX_MULT/DSP1/i_no_versal_es1_workaround.DSP/DSP_PREADD_DATA_INST/A2A1[20]
                         net (fo=1, routed)           0.000     1.938    bd_0_i/hls_inst/inst/fmul_32ns_32ns_32_3_max_dsp_1_U429/MLP_fmul_32ns_32ns_32_3_max_dsp_1_ip_u/inst/i_synth/MULT.OP/i_non_prim.MULT/DSP48E1_SPD_SGL_VARIANT.FIX_MULT/DSP1/i_no_versal_es1_workaround.DSP/DSP_PREADD_DATA.A2A1<20>
    DSP48E2_X3Y11        DSP_MULTIPLIER (Prop_DSP_MULTIPLIER_DSP48E2_A2A1[20]_U[39])
                                                      0.505     2.443 f  bd_0_i/hls_inst/inst/fmul_32ns_32ns_32_3_max_dsp_1_U429/MLP_fmul_32ns_32ns_32_3_max_dsp_1_ip_u/inst/i_synth/MULT.OP/i_non_prim.MULT/DSP48E1_SPD_SGL_VARIANT.FIX_MULT/DSP1/i_no_versal_es1_workaround.DSP/DSP_MULTIPLIER_INST/U[39]
                         net (fo=1, routed)           0.000     2.443    bd_0_i/hls_inst/inst/fmul_32ns_32ns_32_3_max_dsp_1_U429/MLP_fmul_32ns_32ns_32_3_max_dsp_1_ip_u/inst/i_synth/MULT.OP/i_non_prim.MULT/DSP48E1_SPD_SGL_VARIANT.FIX_MULT/DSP1/i_no_versal_es1_workaround.DSP/DSP_MULTIPLIER.U<39>
    DSP48E2_X3Y11        DSP_M_DATA (Prop_DSP_M_DATA_DSP48E2_U[39]_U_DATA[39])
                                                      0.047     2.490 r  bd_0_i/hls_inst/inst/fmul_32ns_32ns_32_3_max_dsp_1_U429/MLP_fmul_32ns_32ns_32_3_max_dsp_1_ip_u/inst/i_synth/MULT.OP/i_non_prim.MULT/DSP48E1_SPD_SGL_VARIANT.FIX_MULT/DSP1/i_no_versal_es1_workaround.DSP/DSP_M_DATA_INST/U_DATA[39]
                         net (fo=1, routed)           0.000     2.490    bd_0_i/hls_inst/inst/fmul_32ns_32ns_32_3_max_dsp_1_U429/MLP_fmul_32ns_32ns_32_3_max_dsp_1_ip_u/inst/i_synth/MULT.OP/i_non_prim.MULT/DSP48E1_SPD_SGL_VARIANT.FIX_MULT/DSP1/i_no_versal_es1_workaround.DSP/DSP_M_DATA.U_DATA<39>
    DSP48E2_X3Y11        DSP_ALU (Prop_DSP_ALU_DSP48E2_U_DATA[39]_ALU_OUT[47])
                                                      0.585     3.075 f  bd_0_i/hls_inst/inst/fmul_32ns_32ns_32_3_max_dsp_1_U429/MLP_fmul_32ns_32ns_32_3_max_dsp_1_ip_u/inst/i_synth/MULT.OP/i_non_prim.MULT/DSP48E1_SPD_SGL_VARIANT.FIX_MULT/DSP1/i_no_versal_es1_workaround.DSP/DSP_ALU_INST/ALU_OUT[47]
                         net (fo=1, routed)           0.000     3.075    bd_0_i/hls_inst/inst/fmul_32ns_32ns_32_3_max_dsp_1_U429/MLP_fmul_32ns_32ns_32_3_max_dsp_1_ip_u/inst/i_synth/MULT.OP/i_non_prim.MULT/DSP48E1_SPD_SGL_VARIANT.FIX_MULT/DSP1/i_no_versal_es1_workaround.DSP/DSP_ALU.ALU_OUT<47>
    DSP48E2_X3Y11        DSP_OUTPUT (Prop_DSP_OUTPUT_DSP48E2_ALU_OUT[47]_PCOUT[47])
                                                      0.122     3.197 r  bd_0_i/hls_inst/inst/fmul_32ns_32ns_32_3_max_dsp_1_U429/MLP_fmul_32ns_32ns_32_3_max_dsp_1_ip_u/inst/i_synth/MULT.OP/i_non_prim.MULT/DSP48E1_SPD_SGL_VARIANT.FIX_MULT/DSP1/i_no_versal_es1_workaround.DSP/DSP_OUTPUT_INST/PCOUT[47]
                         net (fo=1, routed)           0.073     3.270    bd_0_i/hls_inst/inst/fmul_32ns_32ns_32_3_max_dsp_1_U429/MLP_fmul_32ns_32ns_32_3_max_dsp_1_ip_u/inst/i_synth/MULT.OP/i_non_prim.MULT/DSP48E1_SPD_SGL_VARIANT.FIX_MULT/DSP2/i_no_versal_es1_workaround.DSP/PCIN[47]
    DSP48E2_X3Y12        DSP_ALU (Prop_DSP_ALU_DSP48E2_PCIN[47]_ALU_OUT[47])
                                                      0.546     3.816 r  bd_0_i/hls_inst/inst/fmul_32ns_32ns_32_3_max_dsp_1_U429/MLP_fmul_32ns_32ns_32_3_max_dsp_1_ip_u/inst/i_synth/MULT.OP/i_non_prim.MULT/DSP48E1_SPD_SGL_VARIANT.FIX_MULT/DSP2/i_no_versal_es1_workaround.DSP/DSP_ALU_INST/ALU_OUT[47]
                         net (fo=1, routed)           0.000     3.816    bd_0_i/hls_inst/inst/fmul_32ns_32ns_32_3_max_dsp_1_U429/MLP_fmul_32ns_32ns_32_3_max_dsp_1_ip_u/inst/i_synth/MULT.OP/i_non_prim.MULT/DSP48E1_SPD_SGL_VARIANT.FIX_MULT/DSP2/i_no_versal_es1_workaround.DSP/DSP_ALU.ALU_OUT<47>
    DSP48E2_X3Y12        DSP_OUTPUT (Prop_DSP_OUTPUT_DSP48E2_ALU_OUT[47]_PATTERN_DETECT)
                                                      0.363     4.179 f  bd_0_i/hls_inst/inst/fmul_32ns_32ns_32_3_max_dsp_1_U429/MLP_fmul_32ns_32ns_32_3_max_dsp_1_ip_u/inst/i_synth/MULT.OP/i_non_prim.MULT/DSP48E1_SPD_SGL_VARIANT.FIX_MULT/DSP2/i_no_versal_es1_workaround.DSP/DSP_OUTPUT_INST/PATTERN_DETECT
                         net (fo=2, routed)           0.368     4.547    bd_0_i/hls_inst/inst/fmul_32ns_32ns_32_3_max_dsp_1_U429/MLP_fmul_32ns_32ns_32_3_max_dsp_1_ip_u/inst/i_synth/MULT.OP/i_non_prim.MULT/DSP48E1_SPD_SGL_VARIANT.FIX_MULT/DSP2/zero_detect_rnd[1]
    SLICE_X41Y29         LUT6 (Prop_G6LUT_SLICEL_I2_O)
                                                      0.149     4.696 r  bd_0_i/hls_inst/inst/fmul_32ns_32ns_32_3_max_dsp_1_U429/MLP_fmul_32ns_32ns_32_3_max_dsp_1_ip_u/inst/i_synth/MULT.OP/i_non_prim.MULT/DSP48E1_SPD_SGL_VARIANT.FIX_MULT/DSP2/RESULT_REG.NORMAL.mant_op[0]_i_2/O
                         net (fo=2, routed)           0.272     4.968    bd_0_i/hls_inst/inst/fmul_32ns_32ns_32_3_max_dsp_1_U429/MLP_fmul_32ns_32ns_32_3_max_dsp_1_ip_u/inst/i_synth/MULT.OP/i_non_prim.MULT/DSP48E1_SPD_SGL_VARIANT.FIX_MULT/DSP2/i_non_prim.R_AND_R/LAT_OPT.FULL.R_AND_R/flt_get_round_bit__3
    SLICE_X40Y32         LUT4 (Prop_H5LUT_SLICEM_I1_O)
                                                      0.161     5.129 r  bd_0_i/hls_inst/inst/fmul_32ns_32ns_32_3_max_dsp_1_U429/MLP_fmul_32ns_32ns_32_3_max_dsp_1_ip_u/inst/i_synth/MULT.OP/i_non_prim.MULT/DSP48E1_SPD_SGL_VARIANT.FIX_MULT/DSP2/RESULT_REG.NORMAL.exp_op[7]_i_8/O
                         net (fo=8, routed)           0.241     5.371    bd_0_i/hls_inst/inst/fmul_32ns_32ns_32_3_max_dsp_1_U429/MLP_fmul_32ns_32ns_32_3_max_dsp_1_ip_u/inst/i_synth/MULT.OP/i_non_prim.R_AND_R/LAT_OPT.FULL.R_AND_R/DSP48E1_SGL_EXP_IP.OLD_ADD.ADD/round_exp_inc_op
    SLICE_X40Y29         LUT4 (Prop_D5LUT_SLICEM_I1_O)
                                                      0.066     5.437 r  bd_0_i/hls_inst/inst/fmul_32ns_32ns_32_3_max_dsp_1_U429/MLP_fmul_32ns_32ns_32_3_max_dsp_1_ip_u/inst/i_synth/MULT.OP/i_non_prim.R_AND_R/LAT_OPT.FULL.R_AND_R/DSP48E1_SGL_EXP_IP.OLD_ADD.ADD/RESULT_REG.NORMAL.exp_op[0]_i_1/O
                         net (fo=1, routed)           0.030     5.467    bd_0_i/hls_inst/inst/fmul_32ns_32ns_32_3_max_dsp_1_U429/MLP_fmul_32ns_32ns_32_3_max_dsp_1_ip_u/inst/i_synth/MULT.OP/i_non_prim.OP/RESULT_REG.NORMAL.exp_op_reg[0]_0
    SLICE_X40Y29         FDRE                                         r  bd_0_i/hls_inst/inst/fmul_32ns_32ns_32_3_max_dsp_1_U429/MLP_fmul_32ns_32ns_32_3_max_dsp_1_ip_u/inst/i_synth/MULT.OP/i_non_prim.OP/RESULT_REG.NORMAL.exp_op_reg[0]/D
  -------------------------------------------------------------------    -------------------

                         (clock ap_clk rise edge)    10.000    10.000 r  
                                                      0.000    10.000 r  ap_clk (IN)
                         net (fo=29822, unset)        0.021    10.021    bd_0_i/hls_inst/inst/fmul_32ns_32ns_32_3_max_dsp_1_U429/MLP_fmul_32ns_32ns_32_3_max_dsp_1_ip_u/inst/i_synth/MULT.OP/i_non_prim.OP/aclk
    SLICE_X40Y29         FDRE                                         r  bd_0_i/hls_inst/inst/fmul_32ns_32ns_32_3_max_dsp_1_U429/MLP_fmul_32ns_32ns_32_3_max_dsp_1_ip_u/inst/i_synth/MULT.OP/i_non_prim.OP/RESULT_REG.NORMAL.exp_op_reg[0]/C
                         clock pessimism              0.000    10.021    
                         clock uncertainty           -0.035     9.986    
    SLICE_X40Y29         FDRE (Setup_DFF2_SLICEM_C_D)
                                                      0.025    10.011    bd_0_i/hls_inst/inst/fmul_32ns_32ns_32_3_max_dsp_1_U429/MLP_fmul_32ns_32ns_32_3_max_dsp_1_ip_u/inst/i_synth/MULT.OP/i_non_prim.OP/RESULT_REG.NORMAL.exp_op_reg[0]
  -------------------------------------------------------------------
                         required time                         10.011    
                         arrival time                          -5.467    
  -------------------------------------------------------------------
                         slack                                  4.544    

Slack (MET) :             4.598ns  (required time - arrival time)
  Source:                 bd_0_i/hls_inst/inst/fmul_32ns_32ns_32_3_max_dsp_1_U429/din0_buf1_reg[20]/C
                            (rising edge-triggered cell FDRE clocked by ap_clk  {rise@0.000ns fall@5.000ns period=10.000ns})
  Destination:            bd_0_i/hls_inst/inst/fmul_32ns_32ns_32_3_max_dsp_1_U429/MLP_fmul_32ns_32ns_32_3_max_dsp_1_ip_u/inst/i_synth/MULT.OP/i_non_prim.OP/RESULT_REG.NORMAL.exp_op_reg[6]/D
                            (rising edge-triggered cell FDRE clocked by ap_clk  {rise@0.000ns fall@5.000ns period=10.000ns})
  Path Group:             ap_clk
  Path Type:              Setup (Max at Slow Process Corner)
  Requirement:            10.000ns  (ap_clk rise@10.000ns - ap_clk rise@0.000ns)
  Data Path Delay:        5.384ns  (logic 2.875ns (53.403%)  route 2.509ns (46.597%))
  Logic Levels:           11  (DSP_A_B_DATA=1 DSP_ALU=2 DSP_M_DATA=1 DSP_MULTIPLIER=1 DSP_OUTPUT=2 DSP_PREADD_DATA=1 LUT4=2 LUT6=1)
  Clock Path Skew:        -0.008ns (DCD - SCD + CPR)
    Destination Clock Delay (DCD):    0.020ns = ( 10.020 - 10.000 ) 
    Source Clock Delay      (SCD):    0.028ns
    Clock Pessimism Removal (CPR):    0.000ns
  Clock Uncertainty:      0.035ns  ((TSJ^2 + TIJ^2)^1/2 + DJ) / 2 + PE
    Total System Jitter     (TSJ):    0.071ns
    Total Input Jitter      (TIJ):    0.000ns
    Discrete Jitter          (DJ):    0.000ns
    Phase Error              (PE):    0.000ns

    Location             Delay type                Incr(ns)  Path(ns)    Netlist Resource(s)
  -------------------------------------------------------------------    -------------------
                         (clock ap_clk rise edge)     0.000     0.000 r  
                                                      0.000     0.000 r  ap_clk (IN)
                         net (fo=29822, unset)        0.028     0.028    bd_0_i/hls_inst/inst/fmul_32ns_32ns_32_3_max_dsp_1_U429/ap_clk
    SLICE_X33Y28         FDRE                                         r  bd_0_i/hls_inst/inst/fmul_32ns_32ns_32_3_max_dsp_1_U429/din0_buf1_reg[20]/C
  -------------------------------------------------------------------    -------------------
    SLICE_X33Y28         FDRE (Prop_DFF_SLICEL_C_Q)
                                                      0.079     0.107 f  bd_0_i/hls_inst/inst/fmul_32ns_32ns_32_3_max_dsp_1_U429/din0_buf1_reg[20]/Q
                         net (fo=2, routed)           1.563     1.670    bd_0_i/hls_inst/inst/fmul_32ns_32ns_32_3_max_dsp_1_U429/MLP_fmul_32ns_32ns_32_3_max_dsp_1_ip_u/inst/i_synth/MULT.OP/i_non_prim.MULT/DSP48E1_SPD_SGL_VARIANT.FIX_MULT/DSP1/i_no_versal_es1_workaround.DSP/A[20]
    DSP48E2_X3Y11        DSP_A_B_DATA (Prop_DSP_A_B_DATA_DSP48E2_A[20]_A2_DATA[20])
                                                      0.192     1.862 r  bd_0_i/hls_inst/inst/fmul_32ns_32ns_32_3_max_dsp_1_U429/MLP_fmul_32ns_32ns_32_3_max_dsp_1_ip_u/inst/i_synth/MULT.OP/i_non_prim.MULT/DSP48E1_SPD_SGL_VARIANT.FIX_MULT/DSP1/i_no_versal_es1_workaround.DSP/DSP_A_B_DATA_INST/A2_DATA[20]
                         net (fo=1, routed)           0.000     1.862    bd_0_i/hls_inst/inst/fmul_32ns_32ns_32_3_max_dsp_1_U429/MLP_fmul_32ns_32ns_32_3_max_dsp_1_ip_u/inst/i_synth/MULT.OP/i_non_prim.MULT/DSP48E1_SPD_SGL_VARIANT.FIX_MULT/DSP1/i_no_versal_es1_workaround.DSP/DSP_A_B_DATA.A2_DATA<20>
    DSP48E2_X3Y11        DSP_PREADD_DATA (Prop_DSP_PREADD_DATA_DSP48E2_A2_DATA[20]_A2A1[20])
                                                      0.076     1.938 r  bd_0_i/hls_inst/inst/fmul_32ns_32ns_32_3_max_dsp_1_U429/MLP_fmul_32ns_32ns_32_3_max_dsp_1_ip_u/inst/i_synth/MULT.OP/i_non_prim.MULT/DSP48E1_SPD_SGL_VARIANT.FIX_MULT/DSP1/i_no_versal_es1_workaround.DSP/DSP_PREADD_DATA_INST/A2A1[20]
                         net (fo=1, routed)           0.000     1.938    bd_0_i/hls_inst/inst/fmul_32ns_32ns_32_3_max_dsp_1_U429/MLP_fmul_32ns_32ns_32_3_max_dsp_1_ip_u/inst/i_synth/MULT.OP/i_non_prim.MULT/DSP48E1_SPD_SGL_VARIANT.FIX_MULT/DSP1/i_no_versal_es1_workaround.DSP/DSP_PREADD_DATA.A2A1<20>
    DSP48E2_X3Y11        DSP_MULTIPLIER (Prop_DSP_MULTIPLIER_DSP48E2_A2A1[20]_U[39])
                                                      0.505     2.443 f  bd_0_i/hls_inst/inst/fmul_32ns_32ns_32_3_max_dsp_1_U429/MLP_fmul_32ns_32ns_32_3_max_dsp_1_ip_u/inst/i_synth/MULT.OP/i_non_prim.MULT/DSP48E1_SPD_SGL_VARIANT.FIX_MULT/DSP1/i_no_versal_es1_workaround.DSP/DSP_MULTIPLIER_INST/U[39]
                         net (fo=1, routed)           0.000     2.443    bd_0_i/hls_inst/inst/fmul_32ns_32ns_32_3_max_dsp_1_U429/MLP_fmul_32ns_32ns_32_3_max_dsp_1_ip_u/inst/i_synth/MULT.OP/i_non_prim.MULT/DSP48E1_SPD_SGL_VARIANT.FIX_MULT/DSP1/i_no_versal_es1_workaround.DSP/DSP_MULTIPLIER.U<39>
    DSP48E2_X3Y11        DSP_M_DATA (Prop_DSP_M_DATA_DSP48E2_U[39]_U_DATA[39])
                                                      0.047     2.490 r  bd_0_i/hls_inst/inst/fmul_32ns_32ns_32_3_max_dsp_1_U429/MLP_fmul_32ns_32ns_32_3_max_dsp_1_ip_u/inst/i_synth/MULT.OP/i_non_prim.MULT/DSP48E1_SPD_SGL_VARIANT.FIX_MULT/DSP1/i_no_versal_es1_workaround.DSP/DSP_M_DATA_INST/U_DATA[39]
                         net (fo=1, routed)           0.000     2.490    bd_0_i/hls_inst/inst/fmul_32ns_32ns_32_3_max_dsp_1_U429/MLP_fmul_32ns_32ns_32_3_max_dsp_1_ip_u/inst/i_synth/MULT.OP/i_non_prim.MULT/DSP48E1_SPD_SGL_VARIANT.FIX_MULT/DSP1/i_no_versal_es1_workaround.DSP/DSP_M_DATA.U_DATA<39>
    DSP48E2_X3Y11        DSP_ALU (Prop_DSP_ALU_DSP48E2_U_DATA[39]_ALU_OUT[47])
                                                      0.585     3.075 f  bd_0_i/hls_inst/inst/fmul_32ns_32ns_32_3_max_dsp_1_U429/MLP_fmul_32ns_32ns_32_3_max_dsp_1_ip_u/inst/i_synth/MULT.OP/i_non_prim.MULT/DSP48E1_SPD_SGL_VARIANT.FIX_MULT/DSP1/i_no_versal_es1_workaround.DSP/DSP_ALU_INST/ALU_OUT[47]
                         net (fo=1, routed)           0.000     3.075    bd_0_i/hls_inst/inst/fmul_32ns_32ns_32_3_max_dsp_1_U429/MLP_fmul_32ns_32ns_32_3_max_dsp_1_ip_u/inst/i_synth/MULT.OP/i_non_prim.MULT/DSP48E1_SPD_SGL_VARIANT.FIX_MULT/DSP1/i_no_versal_es1_workaround.DSP/DSP_ALU.ALU_OUT<47>
    DSP48E2_X3Y11        DSP_OUTPUT (Prop_DSP_OUTPUT_DSP48E2_ALU_OUT[47]_PCOUT[47])
                                                      0.122     3.197 r  bd_0_i/hls_inst/inst/fmul_32ns_32ns_32_3_max_dsp_1_U429/MLP_fmul_32ns_32ns_32_3_max_dsp_1_ip_u/inst/i_synth/MULT.OP/i_non_prim.MULT/DSP48E1_SPD_SGL_VARIANT.FIX_MULT/DSP1/i_no_versal_es1_workaround.DSP/DSP_OUTPUT_INST/PCOUT[47]
                         net (fo=1, routed)           0.073     3.270    bd_0_i/hls_inst/inst/fmul_32ns_32ns_32_3_max_dsp_1_U429/MLP_fmul_32ns_32ns_32_3_max_dsp_1_ip_u/inst/i_synth/MULT.OP/i_non_prim.MULT/DSP48E1_SPD_SGL_VARIANT.FIX_MULT/DSP2/i_no_versal_es1_workaround.DSP/PCIN[47]
    DSP48E2_X3Y12        DSP_ALU (Prop_DSP_ALU_DSP48E2_PCIN[47]_ALU_OUT[47])
                                                      0.546     3.816 r  bd_0_i/hls_inst/inst/fmul_32ns_32ns_32_3_max_dsp_1_U429/MLP_fmul_32ns_32ns_32_3_max_dsp_1_ip_u/inst/i_synth/MULT.OP/i_non_prim.MULT/DSP48E1_SPD_SGL_VARIANT.FIX_MULT/DSP2/i_no_versal_es1_workaround.DSP/DSP_ALU_INST/ALU_OUT[47]
                         net (fo=1, routed)           0.000     3.816    bd_0_i/hls_inst/inst/fmul_32ns_32ns_32_3_max_dsp_1_U429/MLP_fmul_32ns_32ns_32_3_max_dsp_1_ip_u/inst/i_synth/MULT.OP/i_non_prim.MULT/DSP48E1_SPD_SGL_VARIANT.FIX_MULT/DSP2/i_no_versal_es1_workaround.DSP/DSP_ALU.ALU_OUT<47>
    DSP48E2_X3Y12        DSP_OUTPUT (Prop_DSP_OUTPUT_DSP48E2_ALU_OUT[47]_PATTERN_DETECT)
                                                      0.363     4.179 f  bd_0_i/hls_inst/inst/fmul_32ns_32ns_32_3_max_dsp_1_U429/MLP_fmul_32ns_32ns_32_3_max_dsp_1_ip_u/inst/i_synth/MULT.OP/i_non_prim.MULT/DSP48E1_SPD_SGL_VARIANT.FIX_MULT/DSP2/i_no_versal_es1_workaround.DSP/DSP_OUTPUT_INST/PATTERN_DETECT
                         net (fo=2, routed)           0.368     4.547    bd_0_i/hls_inst/inst/fmul_32ns_32ns_32_3_max_dsp_1_U429/MLP_fmul_32ns_32ns_32_3_max_dsp_1_ip_u/inst/i_synth/MULT.OP/i_non_prim.MULT/DSP48E1_SPD_SGL_VARIANT.FIX_MULT/DSP2/zero_detect_rnd[1]
    SLICE_X41Y29         LUT6 (Prop_G6LUT_SLICEL_I2_O)
                                                      0.149     4.696 r  bd_0_i/hls_inst/inst/fmul_32ns_32ns_32_3_max_dsp_1_U429/MLP_fmul_32ns_32ns_32_3_max_dsp_1_ip_u/inst/i_synth/MULT.OP/i_non_prim.MULT/DSP48E1_SPD_SGL_VARIANT.FIX_MULT/DSP2/RESULT_REG.NORMAL.mant_op[0]_i_2/O
                         net (fo=2, routed)           0.272     4.968    bd_0_i/hls_inst/inst/fmul_32ns_32ns_32_3_max_dsp_1_U429/MLP_fmul_32ns_32ns_32_3_max_dsp_1_ip_u/inst/i_synth/MULT.OP/i_non_prim.MULT/DSP48E1_SPD_SGL_VARIANT.FIX_MULT/DSP2/i_non_prim.R_AND_R/LAT_OPT.FULL.R_AND_R/flt_get_round_bit__3
    SLICE_X40Y32         LUT4 (Prop_H5LUT_SLICEM_I1_O)
                                                      0.161     5.129 r  bd_0_i/hls_inst/inst/fmul_32ns_32ns_32_3_max_dsp_1_U429/MLP_fmul_32ns_32ns_32_3_max_dsp_1_ip_u/inst/i_synth/MULT.OP/i_non_prim.MULT/DSP48E1_SPD_SGL_VARIANT.FIX_MULT/DSP2/RESULT_REG.NORMAL.exp_op[7]_i_8/O
                         net (fo=8, routed)           0.182     5.312    bd_0_i/hls_inst/inst/fmul_32ns_32ns_32_3_max_dsp_1_U429/MLP_fmul_32ns_32ns_32_3_max_dsp_1_ip_u/inst/i_synth/MULT.OP/i_non_prim.R_AND_R/LAT_OPT.FULL.R_AND_R/DSP48E1_SGL_EXP_IP.OLD_ADD.ADD/round_exp_inc_op
    SLICE_X41Y30         LUT4 (Prop_C6LUT_SLICEL_I1_O)
                                                      0.050     5.362 r  bd_0_i/hls_inst/inst/fmul_32ns_32ns_32_3_max_dsp_1_U429/MLP_fmul_32ns_32ns_32_3_max_dsp_1_ip_u/inst/i_synth/MULT.OP/i_non_prim.R_AND_R/LAT_OPT.FULL.R_AND_R/DSP48E1_SGL_EXP_IP.OLD_ADD.ADD/RESULT_REG.NORMAL.exp_op[6]_i_1/O
                         net (fo=1, routed)           0.050     5.412    bd_0_i/hls_inst/inst/fmul_32ns_32ns_32_3_max_dsp_1_U429/MLP_fmul_32ns_32ns_32_3_max_dsp_1_ip_u/inst/i_synth/MULT.OP/i_non_prim.OP/RESULT_REG.NORMAL.exp_op_reg[6]_0
    SLICE_X41Y30         FDRE                                         r  bd_0_i/hls_inst/inst/fmul_32ns_32ns_32_3_max_dsp_1_U429/MLP_fmul_32ns_32ns_32_3_max_dsp_1_ip_u/inst/i_synth/MULT.OP/i_non_prim.OP/RESULT_REG.NORMAL.exp_op_reg[6]/D
  -------------------------------------------------------------------    -------------------

                         (clock ap_clk rise edge)    10.000    10.000 r  
                                                      0.000    10.000 r  ap_clk (IN)
                         net (fo=29822, unset)        0.020    10.020    bd_0_i/hls_inst/inst/fmul_32ns_32ns_32_3_max_dsp_1_U429/MLP_fmul_32ns_32ns_32_3_max_dsp_1_ip_u/inst/i_synth/MULT.OP/i_non_prim.OP/aclk
    SLICE_X41Y30         FDRE                                         r  bd_0_i/hls_inst/inst/fmul_32ns_32ns_32_3_max_dsp_1_U429/MLP_fmul_32ns_32ns_32_3_max_dsp_1_ip_u/inst/i_synth/MULT.OP/i_non_prim.OP/RESULT_REG.NORMAL.exp_op_reg[6]/C
                         clock pessimism              0.000    10.020    
                         clock uncertainty           -0.035     9.985    
    SLICE_X41Y30         FDRE (Setup_CFF_SLICEL_C_D)
                                                      0.025    10.010    bd_0_i/hls_inst/inst/fmul_32ns_32ns_32_3_max_dsp_1_U429/MLP_fmul_32ns_32ns_32_3_max_dsp_1_ip_u/inst/i_synth/MULT.OP/i_non_prim.OP/RESULT_REG.NORMAL.exp_op_reg[6]
  -------------------------------------------------------------------
                         required time                         10.010    
                         arrival time                          -5.412    
  -------------------------------------------------------------------
                         slack                                  4.598    

Slack (MET) :             4.600ns  (required time - arrival time)
  Source:                 bd_0_i/hls_inst/inst/fmul_32ns_32ns_32_3_max_dsp_1_U429/din0_buf1_reg[20]/C
                            (rising edge-triggered cell FDRE clocked by ap_clk  {rise@0.000ns fall@5.000ns period=10.000ns})
  Destination:            bd_0_i/hls_inst/inst/fmul_32ns_32ns_32_3_max_dsp_1_U429/MLP_fmul_32ns_32ns_32_3_max_dsp_1_ip_u/inst/i_synth/MULT.OP/i_non_prim.OP/RESULT_REG.NORMAL.exp_op_reg[5]/D
                            (rising edge-triggered cell FDRE clocked by ap_clk  {rise@0.000ns fall@5.000ns period=10.000ns})
  Path Group:             ap_clk
  Path Type:              Setup (Max at Slow Process Corner)
  Requirement:            10.000ns  (ap_clk rise@10.000ns - ap_clk rise@0.000ns)
  Data Path Delay:        5.382ns  (logic 2.875ns (53.423%)  route 2.507ns (46.577%))
  Logic Levels:           11  (DSP_A_B_DATA=1 DSP_ALU=2 DSP_M_DATA=1 DSP_MULTIPLIER=1 DSP_OUTPUT=2 DSP_PREADD_DATA=1 LUT4=2 LUT6=1)
  Clock Path Skew:        -0.008ns (DCD - SCD + CPR)
    Destination Clock Delay (DCD):    0.020ns = ( 10.020 - 10.000 ) 
    Source Clock Delay      (SCD):    0.028ns
    Clock Pessimism Removal (CPR):    0.000ns
  Clock Uncertainty:      0.035ns  ((TSJ^2 + TIJ^2)^1/2 + DJ) / 2 + PE
    Total System Jitter     (TSJ):    0.071ns
    Total Input Jitter      (TIJ):    0.000ns
    Discrete Jitter          (DJ):    0.000ns
    Phase Error              (PE):    0.000ns

    Location             Delay type                Incr(ns)  Path(ns)    Netlist Resource(s)
  -------------------------------------------------------------------    -------------------
                         (clock ap_clk rise edge)     0.000     0.000 r  
                                                      0.000     0.000 r  ap_clk (IN)
                         net (fo=29822, unset)        0.028     0.028    bd_0_i/hls_inst/inst/fmul_32ns_32ns_32_3_max_dsp_1_U429/ap_clk
    SLICE_X33Y28         FDRE                                         r  bd_0_i/hls_inst/inst/fmul_32ns_32ns_32_3_max_dsp_1_U429/din0_buf1_reg[20]/C
  -------------------------------------------------------------------    -------------------
    SLICE_X33Y28         FDRE (Prop_DFF_SLICEL_C_Q)
                                                      0.079     0.107 f  bd_0_i/hls_inst/inst/fmul_32ns_32ns_32_3_max_dsp_1_U429/din0_buf1_reg[20]/Q
                         net (fo=2, routed)           1.563     1.670    bd_0_i/hls_inst/inst/fmul_32ns_32ns_32_3_max_dsp_1_U429/MLP_fmul_32ns_32ns_32_3_max_dsp_1_ip_u/inst/i_synth/MULT.OP/i_non_prim.MULT/DSP48E1_SPD_SGL_VARIANT.FIX_MULT/DSP1/i_no_versal_es1_workaround.DSP/A[20]
    DSP48E2_X3Y11        DSP_A_B_DATA (Prop_DSP_A_B_DATA_DSP48E2_A[20]_A2_DATA[20])
                                                      0.192     1.862 r  bd_0_i/hls_inst/inst/fmul_32ns_32ns_32_3_max_dsp_1_U429/MLP_fmul_32ns_32ns_32_3_max_dsp_1_ip_u/inst/i_synth/MULT.OP/i_non_prim.MULT/DSP48E1_SPD_SGL_VARIANT.FIX_MULT/DSP1/i_no_versal_es1_workaround.DSP/DSP_A_B_DATA_INST/A2_DATA[20]
                         net (fo=1, routed)           0.000     1.862    bd_0_i/hls_inst/inst/fmul_32ns_32ns_32_3_max_dsp_1_U429/MLP_fmul_32ns_32ns_32_3_max_dsp_1_ip_u/inst/i_synth/MULT.OP/i_non_prim.MULT/DSP48E1_SPD_SGL_VARIANT.FIX_MULT/DSP1/i_no_versal_es1_workaround.DSP/DSP_A_B_DATA.A2_DATA<20>
    DSP48E2_X3Y11        DSP_PREADD_DATA (Prop_DSP_PREADD_DATA_DSP48E2_A2_DATA[20]_A2A1[20])
                                                      0.076     1.938 r  bd_0_i/hls_inst/inst/fmul_32ns_32ns_32_3_max_dsp_1_U429/MLP_fmul_32ns_32ns_32_3_max_dsp_1_ip_u/inst/i_synth/MULT.OP/i_non_prim.MULT/DSP48E1_SPD_SGL_VARIANT.FIX_MULT/DSP1/i_no_versal_es1_workaround.DSP/DSP_PREADD_DATA_INST/A2A1[20]
                         net (fo=1, routed)           0.000     1.938    bd_0_i/hls_inst/inst/fmul_32ns_32ns_32_3_max_dsp_1_U429/MLP_fmul_32ns_32ns_32_3_max_dsp_1_ip_u/inst/i_synth/MULT.OP/i_non_prim.MULT/DSP48E1_SPD_SGL_VARIANT.FIX_MULT/DSP1/i_no_versal_es1_workaround.DSP/DSP_PREADD_DATA.A2A1<20>
    DSP48E2_X3Y11        DSP_MULTIPLIER (Prop_DSP_MULTIPLIER_DSP48E2_A2A1[20]_U[39])
                                                      0.505     2.443 f  bd_0_i/hls_inst/inst/fmul_32ns_32ns_32_3_max_dsp_1_U429/MLP_fmul_32ns_32ns_32_3_max_dsp_1_ip_u/inst/i_synth/MULT.OP/i_non_prim.MULT/DSP48E1_SPD_SGL_VARIANT.FIX_MULT/DSP1/i_no_versal_es1_workaround.DSP/DSP_MULTIPLIER_INST/U[39]
                         net (fo=1, routed)           0.000     2.443    bd_0_i/hls_inst/inst/fmul_32ns_32ns_32_3_max_dsp_1_U429/MLP_fmul_32ns_32ns_32_3_max_dsp_1_ip_u/inst/i_synth/MULT.OP/i_non_prim.MULT/DSP48E1_SPD_SGL_VARIANT.FIX_MULT/DSP1/i_no_versal_es1_workaround.DSP/DSP_MULTIPLIER.U<39>
    DSP48E2_X3Y11        DSP_M_DATA (Prop_DSP_M_DATA_DSP48E2_U[39]_U_DATA[39])
                                                      0.047     2.490 r  bd_0_i/hls_inst/inst/fmul_32ns_32ns_32_3_max_dsp_1_U429/MLP_fmul_32ns_32ns_32_3_max_dsp_1_ip_u/inst/i_synth/MULT.OP/i_non_prim.MULT/DSP48E1_SPD_SGL_VARIANT.FIX_MULT/DSP1/i_no_versal_es1_workaround.DSP/DSP_M_DATA_INST/U_DATA[39]
                         net (fo=1, routed)           0.000     2.490    bd_0_i/hls_inst/inst/fmul_32ns_32ns_32_3_max_dsp_1_U429/MLP_fmul_32ns_32ns_32_3_max_dsp_1_ip_u/inst/i_synth/MULT.OP/i_non_prim.MULT/DSP48E1_SPD_SGL_VARIANT.FIX_MULT/DSP1/i_no_versal_es1_workaround.DSP/DSP_M_DATA.U_DATA<39>
    DSP48E2_X3Y11        DSP_ALU (Prop_DSP_ALU_DSP48E2_U_DATA[39]_ALU_OUT[47])
                                                      0.585     3.075 f  bd_0_i/hls_inst/inst/fmul_32ns_32ns_32_3_max_dsp_1_U429/MLP_fmul_32ns_32ns_32_3_max_dsp_1_ip_u/inst/i_synth/MULT.OP/i_non_prim.MULT/DSP48E1_SPD_SGL_VARIANT.FIX_MULT/DSP1/i_no_versal_es1_workaround.DSP/DSP_ALU_INST/ALU_OUT[47]
                         net (fo=1, routed)           0.000     3.075    bd_0_i/hls_inst/inst/fmul_32ns_32ns_32_3_max_dsp_1_U429/MLP_fmul_32ns_32ns_32_3_max_dsp_1_ip_u/inst/i_synth/MULT.OP/i_non_prim.MULT/DSP48E1_SPD_SGL_VARIANT.FIX_MULT/DSP1/i_no_versal_es1_workaround.DSP/DSP_ALU.ALU_OUT<47>
    DSP48E2_X3Y11        DSP_OUTPUT (Prop_DSP_OUTPUT_DSP48E2_ALU_OUT[47]_PCOUT[47])
                                                      0.122     3.197 r  bd_0_i/hls_inst/inst/fmul_32ns_32ns_32_3_max_dsp_1_U429/MLP_fmul_32ns_32ns_32_3_max_dsp_1_ip_u/inst/i_synth/MULT.OP/i_non_prim.MULT/DSP48E1_SPD_SGL_VARIANT.FIX_MULT/DSP1/i_no_versal_es1_workaround.DSP/DSP_OUTPUT_INST/PCOUT[47]
                         net (fo=1, routed)           0.073     3.270    bd_0_i/hls_inst/inst/fmul_32ns_32ns_32_3_max_dsp_1_U429/MLP_fmul_32ns_32ns_32_3_max_dsp_1_ip_u/inst/i_synth/MULT.OP/i_non_prim.MULT/DSP48E1_SPD_SGL_VARIANT.FIX_MULT/DSP2/i_no_versal_es1_workaround.DSP/PCIN[47]
    DSP48E2_X3Y12        DSP_ALU (Prop_DSP_ALU_DSP48E2_PCIN[47]_ALU_OUT[47])
                                                      0.546     3.816 r  bd_0_i/hls_inst/inst/fmul_32ns_32ns_32_3_max_dsp_1_U429/MLP_fmul_32ns_32ns_32_3_max_dsp_1_ip_u/inst/i_synth/MULT.OP/i_non_prim.MULT/DSP48E1_SPD_SGL_VARIANT.FIX_MULT/DSP2/i_no_versal_es1_workaround.DSP/DSP_ALU_INST/ALU_OUT[47]
                         net (fo=1, routed)           0.000     3.816    bd_0_i/hls_inst/inst/fmul_32ns_32ns_32_3_max_dsp_1_U429/MLP_fmul_32ns_32ns_32_3_max_dsp_1_ip_u/inst/i_synth/MULT.OP/i_non_prim.MULT/DSP48E1_SPD_SGL_VARIANT.FIX_MULT/DSP2/i_no_versal_es1_workaround.DSP/DSP_ALU.ALU_OUT<47>
    DSP48E2_X3Y12        DSP_OUTPUT (Prop_DSP_OUTPUT_DSP48E2_ALU_OUT[47]_PATTERN_DETECT)
                                                      0.363     4.179 f  bd_0_i/hls_inst/inst/fmul_32ns_32ns_32_3_max_dsp_1_U429/MLP_fmul_32ns_32ns_32_3_max_dsp_1_ip_u/inst/i_synth/MULT.OP/i_non_prim.MULT/DSP48E1_SPD_SGL_VARIANT.FIX_MULT/DSP2/i_no_versal_es1_workaround.DSP/DSP_OUTPUT_INST/PATTERN_DETECT
                         net (fo=2, routed)           0.368     4.547    bd_0_i/hls_inst/inst/fmul_32ns_32ns_32_3_max_dsp_1_U429/MLP_fmul_32ns_32ns_32_3_max_dsp_1_ip_u/inst/i_synth/MULT.OP/i_non_prim.MULT/DSP48E1_SPD_SGL_VARIANT.FIX_MULT/DSP2/zero_detect_rnd[1]
    SLICE_X41Y29         LUT6 (Prop_G6LUT_SLICEL_I2_O)
                                                      0.149     4.696 r  bd_0_i/hls_inst/inst/fmul_32ns_32ns_32_3_max_dsp_1_U429/MLP_fmul_32ns_32ns_32_3_max_dsp_1_ip_u/inst/i_synth/MULT.OP/i_non_prim.MULT/DSP48E1_SPD_SGL_VARIANT.FIX_MULT/DSP2/RESULT_REG.NORMAL.mant_op[0]_i_2/O
                         net (fo=2, routed)           0.272     4.968    bd_0_i/hls_inst/inst/fmul_32ns_32ns_32_3_max_dsp_1_U429/MLP_fmul_32ns_32ns_32_3_max_dsp_1_ip_u/inst/i_synth/MULT.OP/i_non_prim.MULT/DSP48E1_SPD_SGL_VARIANT.FIX_MULT/DSP2/i_non_prim.R_AND_R/LAT_OPT.FULL.R_AND_R/flt_get_round_bit__3
    SLICE_X40Y32         LUT4 (Prop_H5LUT_SLICEM_I1_O)
                                                      0.161     5.129 r  bd_0_i/hls_inst/inst/fmul_32ns_32ns_32_3_max_dsp_1_U429/MLP_fmul_32ns_32ns_32_3_max_dsp_1_ip_u/inst/i_synth/MULT.OP/i_non_prim.MULT/DSP48E1_SPD_SGL_VARIANT.FIX_MULT/DSP2/RESULT_REG.NORMAL.exp_op[7]_i_8/O
                         net (fo=8, routed)           0.181     5.311    bd_0_i/hls_inst/inst/fmul_32ns_32ns_32_3_max_dsp_1_U429/MLP_fmul_32ns_32ns_32_3_max_dsp_1_ip_u/inst/i_synth/MULT.OP/i_non_prim.R_AND_R/LAT_OPT.FULL.R_AND_R/DSP48E1_SGL_EXP_IP.OLD_ADD.ADD/round_exp_inc_op
    SLICE_X41Y30         LUT4 (Prop_D6LUT_SLICEL_I1_O)
                                                      0.050     5.361 r  bd_0_i/hls_inst/inst/fmul_32ns_32ns_32_3_max_dsp_1_U429/MLP_fmul_32ns_32ns_32_3_max_dsp_1_ip_u/inst/i_synth/MULT.OP/i_non_prim.R_AND_R/LAT_OPT.FULL.R_AND_R/DSP48E1_SGL_EXP_IP.OLD_ADD.ADD/RESULT_REG.NORMAL.exp_op[5]_i_1/O
                         net (fo=1, routed)           0.049     5.410    bd_0_i/hls_inst/inst/fmul_32ns_32ns_32_3_max_dsp_1_U429/MLP_fmul_32ns_32ns_32_3_max_dsp_1_ip_u/inst/i_synth/MULT.OP/i_non_prim.OP/RESULT_REG.NORMAL.exp_op_reg[5]_0
    SLICE_X41Y30         FDRE                                         r  bd_0_i/hls_inst/inst/fmul_32ns_32ns_32_3_max_dsp_1_U429/MLP_fmul_32ns_32ns_32_3_max_dsp_1_ip_u/inst/i_synth/MULT.OP/i_non_prim.OP/RESULT_REG.NORMAL.exp_op_reg[5]/D
  -------------------------------------------------------------------    -------------------

                         (clock ap_clk rise edge)    10.000    10.000 r  
                                                      0.000    10.000 r  ap_clk (IN)
                         net (fo=29822, unset)        0.020    10.020    bd_0_i/hls_inst/inst/fmul_32ns_32ns_32_3_max_dsp_1_U429/MLP_fmul_32ns_32ns_32_3_max_dsp_1_ip_u/inst/i_synth/MULT.OP/i_non_prim.OP/aclk
    SLICE_X41Y30         FDRE                                         r  bd_0_i/hls_inst/inst/fmul_32ns_32ns_32_3_max_dsp_1_U429/MLP_fmul_32ns_32ns_32_3_max_dsp_1_ip_u/inst/i_synth/MULT.OP/i_non_prim.OP/RESULT_REG.NORMAL.exp_op_reg[5]/C
                         clock pessimism              0.000    10.020    
                         clock uncertainty           -0.035     9.985    
    SLICE_X41Y30         FDRE (Setup_DFF_SLICEL_C_D)
                                                      0.025    10.010    bd_0_i/hls_inst/inst/fmul_32ns_32ns_32_3_max_dsp_1_U429/MLP_fmul_32ns_32ns_32_3_max_dsp_1_ip_u/inst/i_synth/MULT.OP/i_non_prim.OP/RESULT_REG.NORMAL.exp_op_reg[5]
  -------------------------------------------------------------------
                         required time                         10.010    
                         arrival time                          -5.410    
  -------------------------------------------------------------------
                         slack                                  4.600    

Slack (MET) :             4.652ns  (required time - arrival time)
  Source:                 bd_0_i/hls_inst/inst/ap_CS_fsm_reg[53]/C
                            (rising edge-triggered cell FDRE clocked by ap_clk  {rise@0.000ns fall@5.000ns period=10.000ns})
  Destination:            bd_0_i/hls_inst/inst/fmul_32ns_32ns_32_3_max_dsp_1_U425/din1_buf1_reg[31]/D
                            (rising edge-triggered cell FDRE clocked by ap_clk  {rise@0.000ns fall@5.000ns period=10.000ns})
  Path Group:             ap_clk
  Path Type:              Setup (Max at Slow Process Corner)
  Requirement:            10.000ns  (ap_clk rise@10.000ns - ap_clk rise@0.000ns)
  Data Path Delay:        5.329ns  (logic 0.169ns (3.172%)  route 5.160ns (96.828%))
  Logic Levels:           1  (LUT5=1)
  Clock Path Skew:        -0.009ns (DCD - SCD + CPR)
    Destination Clock Delay (DCD):    0.020ns = ( 10.020 - 10.000 ) 
    Source Clock Delay      (SCD):    0.029ns
    Clock Pessimism Removal (CPR):    0.000ns
  Clock Uncertainty:      0.035ns  ((TSJ^2 + TIJ^2)^1/2 + DJ) / 2 + PE
    Total System Jitter     (TSJ):    0.071ns
    Total Input Jitter      (TIJ):    0.000ns
    Discrete Jitter          (DJ):    0.000ns
    Phase Error              (PE):    0.000ns

    Location             Delay type                Incr(ns)  Path(ns)    Netlist Resource(s)
  -------------------------------------------------------------------    -------------------
                         (clock ap_clk rise edge)     0.000     0.000 r  
                                                      0.000     0.000 r  ap_clk (IN)
                         net (fo=29822, unset)        0.029     0.029    bd_0_i/hls_inst/inst/ap_clk
    SLICE_X18Y34         FDRE                                         r  bd_0_i/hls_inst/inst/ap_CS_fsm_reg[53]/C
  -------------------------------------------------------------------    -------------------
    SLICE_X18Y34         FDRE (Prop_FFF_SLICEL_C_Q)
                                                      0.079     0.108 r  bd_0_i/hls_inst/inst/ap_CS_fsm_reg[53]/Q
                         net (fo=812, routed)         5.111     5.219    bd_0_i/hls_inst/inst/grp_MLP_Pipeline_VITIS_LOOP_111_7_fu_1391/Q[3]
    SLICE_X21Y3          LUT5 (Prop_B6LUT_SLICEL_I1_O)
                                                      0.090     5.309 r  bd_0_i/hls_inst/inst/grp_MLP_Pipeline_VITIS_LOOP_111_7_fu_1391/din1_buf1[31]_i_1__38/O
                         net (fo=1, routed)           0.049     5.358    bd_0_i/hls_inst/inst/fmul_32ns_32ns_32_3_max_dsp_1_U425/grp_fu_2499_p1[25]
    SLICE_X21Y3          FDRE                                         r  bd_0_i/hls_inst/inst/fmul_32ns_32ns_32_3_max_dsp_1_U425/din1_buf1_reg[31]/D
  -------------------------------------------------------------------    -------------------

                         (clock ap_clk rise edge)    10.000    10.000 r  
                                                      0.000    10.000 r  ap_clk (IN)
                         net (fo=29822, unset)        0.020    10.020    bd_0_i/hls_inst/inst/fmul_32ns_32ns_32_3_max_dsp_1_U425/ap_clk
    SLICE_X21Y3          FDRE                                         r  bd_0_i/hls_inst/inst/fmul_32ns_32ns_32_3_max_dsp_1_U425/din1_buf1_reg[31]/C
                         clock pessimism              0.000    10.020    
                         clock uncertainty           -0.035     9.985    
    SLICE_X21Y3          FDRE (Setup_BFF_SLICEL_C_D)
                                                      0.025    10.010    bd_0_i/hls_inst/inst/fmul_32ns_32ns_32_3_max_dsp_1_U425/din1_buf1_reg[31]
  -------------------------------------------------------------------
                         required time                         10.010    
                         arrival time                          -5.358    
  -------------------------------------------------------------------
                         slack                                  4.652    




