Copyright 1986-2022 Xilinx, Inc. All Rights Reserved.
------------------------------------------------------------------------------------
| Tool Version : Vivado v.2022.1 (win64) Build 3526262 Mon Apr 18 15:48:16 MDT 2022
| Date         : Wed Feb 14 01:00:43 2024
| Host         : DESKTOP-7J5H59V running 64-bit major release  (build 9200)
| Command      : report_utilization -file ./report/MLP_utilization_routed.rpt
| Design       : bd_0_wrapper
| Device       : xczu3eg-sbva484-2-i
| Speed File   : -2
| Design State : Routed
------------------------------------------------------------------------------------

Utilization Design Information

Table of Contents
-----------------
1. CLB Logic
1.1 Summary of Registers by Type
2. CLB Logic Distribution
3. BLOCKRAM
4. ARITHMETIC
5. I/O
6. CLOCK
7. ADVANCED
8. CONFIGURATION
9. Primitives
10. Black Boxes
11. Instantiated Netlists

1. CLB Logic
------------

+----------------------------+-------+-------+------------+-----------+-------+
|          Site Type         |  Used | Fixed | Prohibited | Available | Util% |
+----------------------------+-------+-------+------------+-----------+-------+
| CLB LUTs                   | 18878 |     0 |          0 |     70560 | 26.75 |
|   LUT as Logic             | 18093 |     0 |          0 |     70560 | 25.64 |
|   LUT as Memory            |   785 |     0 |          0 |     28800 |  2.73 |
|     LUT as Distributed RAM |   224 |     0 |            |           |       |
|     LUT as Shift Register  |   561 |     0 |            |           |       |
| CLB Registers              | 27362 |     0 |          0 |    141120 | 19.39 |
|   Register as Flip Flop    | 27362 |     0 |          0 |    141120 | 19.39 |
|   Register as Latch        |     0 |     0 |          0 |    141120 |  0.00 |
| CARRY8                     |  1010 |     0 |          0 |      8820 | 11.45 |
| F7 Muxes                   |    12 |     0 |          0 |     35280 |  0.03 |
| F8 Muxes                   |     0 |     0 |          0 |     17640 |  0.00 |
| F9 Muxes                   |     0 |     0 |          0 |      8820 |  0.00 |
+----------------------------+-------+-------+------------+-----------+-------+


1.1 Summary of Registers by Type
--------------------------------

+-------+--------------+-------------+--------------+
| Total | Clock Enable | Synchronous | Asynchronous |
+-------+--------------+-------------+--------------+
| 0     |            _ |           - |            - |
| 0     |            _ |           - |          Set |
| 0     |            _ |           - |        Reset |
| 0     |            _ |         Set |            - |
| 0     |            _ |       Reset |            - |
| 0     |          Yes |           - |            - |
| 0     |          Yes |           - |          Set |
| 0     |          Yes |           - |        Reset |
| 63    |          Yes |         Set |            - |
| 27299 |          Yes |       Reset |            - |
+-------+--------------+-------------+--------------+


2. CLB Logic Distribution
-------------------------

+--------------------------------------------+-------+-------+------------+-----------+-------+
|                  Site Type                 |  Used | Fixed | Prohibited | Available | Util% |
+--------------------------------------------+-------+-------+------------+-----------+-------+
| CLB                                        |  4388 |     0 |          0 |      8820 | 49.75 |
|   CLBL                                     |  2294 |     0 |            |           |       |
|   CLBM                                     |  2094 |     0 |            |           |       |
| LUT as Logic                               | 18093 |     0 |          0 |     70560 | 25.64 |
|   using O5 output only                     |   190 |       |            |           |       |
|   using O6 output only                     | 11362 |       |            |           |       |
|   using O5 and O6                          |  6541 |       |            |           |       |
| LUT as Memory                              |   785 |     0 |          0 |     28800 |  2.73 |
|   LUT as Distributed RAM                   |   224 |     0 |            |           |       |
|     using O5 output only                   |     0 |       |            |           |       |
|     using O6 output only                   |     0 |       |            |           |       |
|     using O5 and O6                        |   224 |       |            |           |       |
|   LUT as Shift Register                    |   561 |     0 |            |           |       |
|     using O5 output only                   |     0 |       |            |           |       |
|     using O6 output only                   |   561 |       |            |           |       |
|     using O5 and O6                        |     0 |       |            |           |       |
| CLB Registers                              | 27362 |     0 |          0 |    141120 | 19.39 |
|   Register driven from within the CLB      | 11561 |       |            |           |       |
|   Register driven from outside the CLB     | 15801 |       |            |           |       |
|     LUT in front of the register is unused | 12470 |       |            |           |       |
|     LUT in front of the register is used   |  3331 |       |            |           |       |
| Unique Control Sets                        |   349 |       |          0 |     17640 |  1.98 |
+--------------------------------------------+-------+-------+------------+-----------+-------+
* * Note: Available Control Sets calculated as Slices * 2, Review the Control Sets Report for more information regarding control sets.


3. BLOCKRAM
-----------

+----------------+------+-------+------------+-----------+-------+
|    Site Type   | Used | Fixed | Prohibited | Available | Util% |
+----------------+------+-------+------------+-----------+-------+
| Block RAM Tile |    0 |     0 |          0 |       216 |  0.00 |
|   RAMB36/FIFO* |    0 |     0 |          0 |       216 |  0.00 |
|   RAMB18       |    0 |     0 |          0 |       432 |  0.00 |
+----------------+------+-------+------------+-----------+-------+
* Note: Each Block RAM Tile only has one FIFO logic available and therefore can accommodate only one FIFO36E2 or one FIFO18E2. However, if a FIFO18E2 occupies a Block RAM Tile, that tile can still accommodate a RAMB18E2


4. ARITHMETIC
-------------

+----------------+------+-------+------------+-----------+-------+
|    Site Type   | Used | Fixed | Prohibited | Available | Util% |
+----------------+------+-------+------------+-----------+-------+
| DSPs           |  242 |     0 |          0 |       360 | 67.22 |
|   DSP48E2 only |  242 |       |            |           |       |
+----------------+------+-------+------------+-----------+-------+


5. I/O
------

+------------------+------+-------+------------+-----------+-------+
|     Site Type    | Used | Fixed | Prohibited | Available | Util% |
+------------------+------+-------+------------+-----------+-------+
| Bonded IOB       |    0 |     0 |          0 |        82 |  0.00 |
| HPIOB_M          |    0 |     0 |          0 |        26 |  0.00 |
| HPIOB_S          |    0 |     0 |          0 |        26 |  0.00 |
| HDIOB_M          |    0 |     0 |          0 |        12 |  0.00 |
| HDIOB_S          |    0 |     0 |          0 |        12 |  0.00 |
| HPIOB_SNGL       |    0 |     0 |          0 |         6 |  0.00 |
| HPIOBDIFFINBUF   |    0 |     0 |          0 |        72 |  0.00 |
| HPIOBDIFFOUTBUF  |    0 |     0 |          0 |        72 |  0.00 |
| HDIOBDIFFINBUF   |    0 |     0 |          0 |        48 |  0.00 |
| BITSLICE_CONTROL |    0 |     0 |          0 |        24 |  0.00 |
| BITSLICE_RX_TX   |    0 |     0 |          0 |       936 |  0.00 |
| BITSLICE_TX      |    0 |     0 |          0 |        24 |  0.00 |
| RIU_OR           |    0 |     0 |          0 |        12 |  0.00 |
+------------------+------+-------+------------+-----------+-------+


6. CLOCK
--------

+----------------------+------+-------+------------+-----------+-------+
|       Site Type      | Used | Fixed | Prohibited | Available | Util% |
+----------------------+------+-------+------------+-----------+-------+
| GLOBAL CLOCK BUFFERs |    0 |     0 |          0 |       196 |  0.00 |
|   BUFGCE             |    0 |     0 |          0 |        88 |  0.00 |
|   BUFGCE_DIV         |    0 |     0 |          0 |        12 |  0.00 |
|   BUFG_PS            |    0 |     0 |          0 |        72 |  0.00 |
|   BUFGCTRL*          |    0 |     0 |          0 |        24 |  0.00 |
| PLL                  |    0 |     0 |          0 |         6 |  0.00 |
| MMCM                 |    0 |     0 |          0 |         3 |  0.00 |
+----------------------+------+-------+------------+-----------+-------+
* Note: Each used BUFGCTRL counts as two GLOBAL CLOCK BUFFERs. This table does not include global clocking resources, only buffer cell usage. See the Clock Utilization Report (report_clock_utilization) for detailed accounting of global clocking resource availability.


7. ADVANCED
-----------

+-----------+------+-------+------------+-----------+-------+
| Site Type | Used | Fixed | Prohibited | Available | Util% |
+-----------+------+-------+------------+-----------+-------+
| PS8       |    0 |     0 |          0 |         1 |  0.00 |
| SYSMONE4  |    0 |     0 |          0 |         1 |  0.00 |
+-----------+------+-------+------------+-----------+-------+


8. CONFIGURATION
----------------

+-------------+------+-------+------------+-----------+-------+
|  Site Type  | Used | Fixed | Prohibited | Available | Util% |
+-------------+------+-------+------------+-----------+-------+
| BSCANE2     |    0 |     0 |          0 |         4 |  0.00 |
| DNA_PORTE2  |    0 |     0 |          0 |         1 |  0.00 |
| EFUSE_USR   |    0 |     0 |          0 |         1 |  0.00 |
| FRAME_ECCE4 |    0 |     0 |          0 |         1 |  0.00 |
| ICAPE3      |    0 |     0 |          0 |         2 |  0.00 |
| MASTER_JTAG |    0 |     0 |          0 |         1 |  0.00 |
| STARTUPE3   |    0 |     0 |          0 |         1 |  0.00 |
+-------------+------+-------+------------+-----------+-------+


9. Primitives
-------------

+----------+-------+---------------------+
| Ref Name |  Used | Functional Category |
+----------+-------+---------------------+
| FDRE     | 27299 |            Register |
| LUT3     |  7013 |                 CLB |
| LUT4     |  4512 |                 CLB |
| LUT2     |  4468 |                 CLB |
| LUT6     |  4464 |                 CLB |
| LUT5     |  4105 |                 CLB |
| CARRY8   |  1010 |                 CLB |
| SRL16E   |   525 |                 CLB |
| RAMD32   |   320 |                 CLB |
| DSP48E2  |   242 |          Arithmetic |
| RAMS32   |   128 |                 CLB |
| LUT1     |    72 |                 CLB |
| FDSE     |    63 |            Register |
| SRLC32E  |    36 |                 CLB |
| MUXF7    |    12 |                 CLB |
+----------+-------+---------------------+


10. Black Boxes
---------------

+----------+------+
| Ref Name | Used |
+----------+------+


11. Instantiated Netlists
-------------------------

+-----------------+------+
|     Ref Name    | Used |
+-----------------+------+
| bd_0_hls_inst_0 |    1 |
+-----------------+------+


