Copyright 1986-2022 Xilinx, Inc. All Rights Reserved.
-----------------------------------------------------------------------------------------
| Tool Version      : Vivado v.2022.1 (win64) Build 3526262 Mon Apr 18 15:48:16 MDT 2022
| Date              : Wed Feb 14 01:01:07 2024
| Host              : DESKTOP-7J5H59V running 64-bit major release  (build 9200)
| Command           : report_timing_summary -file ./report/MLP_timing_routed.rpt
| Design            : bd_0_wrapper
| Device            : xczu3eg-sbva484
| Speed File        : -2  PRODUCTION 1.29 08-03-2020
| Temperature Grade : I
-----------------------------------------------------------------------------------------

Timing Summary Report

------------------------------------------------------------------------------------------------
| Timer Settings
| --------------
------------------------------------------------------------------------------------------------

  Enable Multi Corner Analysis               :  Yes
  Enable Pessimism Removal                   :  Yes
  Pessimism Removal Resolution               :  Nearest Common Node
  Enable Input Delay Default Clock           :  No
  Enable Preset / Clear Arcs                 :  No
  Disable Flight Delays                      :  No
  Ignore I/O Paths                           :  No
  Timing Early Launch at Borrowing Latches   :  No
  Borrow Time for Max Delay Exceptions       :  Yes
  Merge Timing Exceptions                    :  Yes

  Corner  Analyze    Analyze    
  Name    Max Paths  Min Paths  
  ------  ---------  ---------  
  Slow    Yes        Yes        
  Fast    Yes        Yes        


------------------------------------------------------------------------------------------------
| Report Methodology
| ------------------
------------------------------------------------------------------------------------------------

Rule  Severity  Description  Violations  
----  --------  -----------  ----------  

Note: This report is based on the most recent report_methodology run and may not be up-to-date. Run report_methodology on the current design for the latest report.



check_timing report

Table of Contents
-----------------
1. checking no_clock (0)
2. checking constant_clock (0)
3. checking pulse_width_clock (0)
4. checking unconstrained_internal_endpoints (0)
5. checking no_input_delay (57)
6. checking no_output_delay (56)
7. checking multiple_clock (0)
8. checking generated_clocks (0)
9. checking loops (0)
10. checking partial_input_delay (0)
11. checking partial_output_delay (0)
12. checking latch_loops (0)

1. checking no_clock (0)
------------------------
 There are 0 register/latch pins with no clock.


2. checking constant_clock (0)
------------------------------
 There are 0 register/latch pins with constant_clock.


3. checking pulse_width_clock (0)
---------------------------------
 There are 0 register/latch pins which need pulse_width check


4. checking unconstrained_internal_endpoints (0)
------------------------------------------------
 There are 0 pins that are not constrained for maximum delay.

 There are 0 pins that are not constrained for maximum delay due to constant clock.


5. checking no_input_delay (57)
-------------------------------
 There are 57 input ports with no input delay specified. (HIGH)

 There are 0 input ports with no input delay but user has a false path constraint.


6. checking no_output_delay (56)
--------------------------------
 There are 56 ports with no output delay specified. (HIGH)

 There are 0 ports with no output delay but user has a false path constraint

 There are 0 ports with no output delay but with a timing clock defined on it or propagating through it


7. checking multiple_clock (0)
------------------------------
 There are 0 register/latch pins with multiple clocks.


8. checking generated_clocks (0)
--------------------------------
 There are 0 generated clocks that are not connected to a clock source.


9. checking loops (0)
---------------------
 There are 0 combinational loops in the design.


10. checking partial_input_delay (0)
------------------------------------
 There are 0 input ports with partial input delay specified.


11. checking partial_output_delay (0)
-------------------------------------
 There are 0 ports with partial output delay specified.


12. checking latch_loops (0)
----------------------------
 There are 0 combinational latch loops in the design through latch input



------------------------------------------------------------------------------------------------
| Design Timing Summary
| ---------------------
------------------------------------------------------------------------------------------------

    WNS(ns)      TNS(ns)  TNS Failing Endpoints  TNS Total Endpoints      WHS(ns)      THS(ns)  THS Failing Endpoints  THS Total Endpoints     WPWS(ns)     TPWS(ns)  TPWS Failing Endpoints  TPWS Total Endpoints  
    -------      -------  ---------------------  -------------------      -------      -------  ---------------------  -------------------     --------     --------  ----------------------  --------------------  
      4.421        0.000                      0                38471        0.019        0.000                      0                38471        4.468        0.000                       0                 28371  


All user specified timing constraints are met.


------------------------------------------------------------------------------------------------
| Clock Summary
| -------------
------------------------------------------------------------------------------------------------

Clock   Waveform(ns)       Period(ns)      Frequency(MHz)
-----   ------------       ----------      --------------
ap_clk  {0.000 5.000}      10.000          100.000         


------------------------------------------------------------------------------------------------
| Intra Clock Table
| -----------------
------------------------------------------------------------------------------------------------

Clock             WNS(ns)      TNS(ns)  TNS Failing Endpoints  TNS Total Endpoints      WHS(ns)      THS(ns)  THS Failing Endpoints  THS Total Endpoints     WPWS(ns)     TPWS(ns)  TPWS Failing Endpoints  TPWS Total Endpoints  
-----             -------      -------  ---------------------  -------------------      -------      -------  ---------------------  -------------------     --------     --------  ----------------------  --------------------  
ap_clk              4.421        0.000                      0                38471        0.019        0.000                      0                38471        4.468        0.000                       0                 28371  


------------------------------------------------------------------------------------------------
| Inter Clock Table
| -----------------
------------------------------------------------------------------------------------------------

From Clock    To Clock          WNS(ns)      TNS(ns)  TNS Failing Endpoints  TNS Total Endpoints      WHS(ns)      THS(ns)  THS Failing Endpoints  THS Total Endpoints  
----------    --------          -------      -------  ---------------------  -------------------      -------      -------  ---------------------  -------------------  


------------------------------------------------------------------------------------------------
| Other Path Groups Table
| -----------------------
------------------------------------------------------------------------------------------------

Path Group    From Clock    To Clock          WNS(ns)      TNS(ns)  TNS Failing Endpoints  TNS Total Endpoints      WHS(ns)      THS(ns)  THS Failing Endpoints  THS Total Endpoints  
----------    ----------    --------          -------      -------  ---------------------  -------------------      -------      -------  ---------------------  -------------------  


------------------------------------------------------------------------------------------------
| Timing Details
| --------------
------------------------------------------------------------------------------------------------


---------------------------------------------------------------------------------------------------
From Clock:  ap_clk
  To Clock:  ap_clk

Setup :            0  Failing Endpoints,  Worst Slack        4.421ns,  Total Violation        0.000ns
Hold  :            0  Failing Endpoints,  Worst Slack        0.019ns,  Total Violation        0.000ns
PW    :            0  Failing Endpoints,  Worst Slack        4.468ns,  Total Violation        0.000ns
---------------------------------------------------------------------------------------------------


Max Delay Paths
--------------------------------------------------------------------------------------
Slack (MET) :             4.421ns  (required time - arrival time)
  Source:                 bd_0_i/hls_inst/inst/fmul_32ns_32ns_32_3_max_dsp_1_U429/din0_buf1_reg[20]/C
                            (rising edge-triggered cell FDRE clocked by ap_clk  {rise@0.000ns fall@5.000ns period=10.000ns})
  Destination:            bd_0_i/hls_inst/inst/fmul_32ns_32ns_32_3_max_dsp_1_U429/MLP_fmul_32ns_32ns_32_3_max_dsp_1_ip_u/inst/i_synth/MULT.OP/i_non_prim.OP/RESULT_REG.NORMAL.mant_op_reg[22]/D
                            (rising edge-triggered cell FDRE clocked by ap_clk  {rise@0.000ns fall@5.000ns period=10.000ns})
  Path Group:             ap_clk
  Path Type:              Setup (Max at Slow Process Corner)
  Requirement:            10.000ns  (ap_clk rise@10.000ns - ap_clk rise@0.000ns)
  Data Path Delay:        5.561ns  (logic 2.779ns (49.977%)  route 2.782ns (50.023%))
  Logic Levels:           11  (DSP_A_B_DATA=1 DSP_ALU=2 DSP_M_DATA=1 DSP_MULTIPLIER=1 DSP_OUTPUT=2 DSP_PREADD_DATA=1 LUT3=1 LUT6=2)
  Clock Path Skew:        -0.008ns (DCD - SCD + CPR)
    Destination Clock Delay (DCD):    0.020ns = ( 10.020 - 10.000 ) 
    Source Clock Delay      (SCD):    0.028ns
    Clock Pessimism Removal (CPR):    0.000ns
  Clock Uncertainty:      0.035ns  ((TSJ^2 + TIJ^2)^1/2 + DJ) / 2 + PE
    Total System Jitter     (TSJ):    0.071ns
    Total Input Jitter      (TIJ):    0.000ns
    Discrete Jitter          (DJ):    0.000ns
    Phase Error              (PE):    0.000ns

    Location             Delay type                Incr(ns)  Path(ns)    Netlist Resource(s)
  -------------------------------------------------------------------    -------------------
                         (clock ap_clk rise edge)     0.000     0.000 r  
                                                      0.000     0.000 r  ap_clk (IN)
                         net (fo=29822, unset)        0.028     0.028    bd_0_i/hls_inst/inst/fmul_32ns_32ns_32_3_max_dsp_1_U429/ap_clk
    SLICE_X33Y28         FDRE                                         r  bd_0_i/hls_inst/inst/fmul_32ns_32ns_32_3_max_dsp_1_U429/din0_buf1_reg[20]/C
  -------------------------------------------------------------------    -------------------
    SLICE_X33Y28         FDRE (Prop_DFF_SLICEL_C_Q)
                                                      0.079     0.107 f  bd_0_i/hls_inst/inst/fmul_32ns_32ns_32_3_max_dsp_1_U429/din0_buf1_reg[20]/Q
                         net (fo=2, routed)           1.563     1.670    bd_0_i/hls_inst/inst/fmul_32ns_32ns_32_3_max_dsp_1_U429/MLP_fmul_32ns_32ns_32_3_max_dsp_1_ip_u/inst/i_synth/MULT.OP/i_non_prim.MULT/DSP48E1_SPD_SGL_VARIANT.FIX_MULT/DSP1/i_no_versal_es1_workaround.DSP/A[20]
    DSP48E2_X3Y11        DSP_A_B_DATA (Prop_DSP_A_B_DATA_DSP48E2_A[20]_A2_DATA[20])
                                                      0.192     1.862 r  bd_0_i/hls_inst/inst/fmul_32ns_32ns_32_3_max_dsp_1_U429/MLP_fmul_32ns_32ns_32_3_max_dsp_1_ip_u/inst/i_synth/MULT.OP/i_non_prim.MULT/DSP48E1_SPD_SGL_VARIANT.FIX_MULT/DSP1/i_no_versal_es1_workaround.DSP/DSP_A_B_DATA_INST/A2_DATA[20]
                         net (fo=1, routed)           0.000     1.862    bd_0_i/hls_inst/inst/fmul_32ns_32ns_32_3_max_dsp_1_U429/MLP_fmul_32ns_32ns_32_3_max_dsp_1_ip_u/inst/i_synth/MULT.OP/i_non_prim.MULT/DSP48E1_SPD_SGL_VARIANT.FIX_MULT/DSP1/i_no_versal_es1_workaround.DSP/DSP_A_B_DATA.A2_DATA<20>
    DSP48E2_X3Y11        DSP_PREADD_DATA (Prop_DSP_PREADD_DATA_DSP48E2_A2_DATA[20]_A2A1[20])
                                                      0.076     1.938 r  bd_0_i/hls_inst/inst/fmul_32ns_32ns_32_3_max_dsp_1_U429/MLP_fmul_32ns_32ns_32_3_max_dsp_1_ip_u/inst/i_synth/MULT.OP/i_non_prim.MULT/DSP48E1_SPD_SGL_VARIANT.FIX_MULT/DSP1/i_no_versal_es1_workaround.DSP/DSP_PREADD_DATA_INST/A2A1[20]
                         net (fo=1, routed)           0.000     1.938    bd_0_i/hls_inst/inst/fmul_32ns_32ns_32_3_max_dsp_1_U429/MLP_fmul_32ns_32ns_32_3_max_dsp_1_ip_u/inst/i_synth/MULT.OP/i_non_prim.MULT/DSP48E1_SPD_SGL_VARIANT.FIX_MULT/DSP1/i_no_versal_es1_workaround.DSP/DSP_PREADD_DATA.A2A1<20>
    DSP48E2_X3Y11        DSP_MULTIPLIER (Prop_DSP_MULTIPLIER_DSP48E2_A2A1[20]_U[39])
                                                      0.505     2.443 f  bd_0_i/hls_inst/inst/fmul_32ns_32ns_32_3_max_dsp_1_U429/MLP_fmul_32ns_32ns_32_3_max_dsp_1_ip_u/inst/i_synth/MULT.OP/i_non_prim.MULT/DSP48E1_SPD_SGL_VARIANT.FIX_MULT/DSP1/i_no_versal_es1_workaround.DSP/DSP_MULTIPLIER_INST/U[39]
                         net (fo=1, routed)           0.000     2.443    bd_0_i/hls_inst/inst/fmul_32ns_32ns_32_3_max_dsp_1_U429/MLP_fmul_32ns_32ns_32_3_max_dsp_1_ip_u/inst/i_synth/MULT.OP/i_non_prim.MULT/DSP48E1_SPD_SGL_VARIANT.FIX_MULT/DSP1/i_no_versal_es1_workaround.DSP/DSP_MULTIPLIER.U<39>
    DSP48E2_X3Y11        DSP_M_DATA (Prop_DSP_M_DATA_DSP48E2_U[39]_U_DATA[39])
                                                      0.047     2.490 r  bd_0_i/hls_inst/inst/fmul_32ns_32ns_32_3_max_dsp_1_U429/MLP_fmul_32ns_32ns_32_3_max_dsp_1_ip_u/inst/i_synth/MULT.OP/i_non_prim.MULT/DSP48E1_SPD_SGL_VARIANT.FIX_MULT/DSP1/i_no_versal_es1_workaround.DSP/DSP_M_DATA_INST/U_DATA[39]
                         net (fo=1, routed)           0.000     2.490    bd_0_i/hls_inst/inst/fmul_32ns_32ns_32_3_max_dsp_1_U429/MLP_fmul_32ns_32ns_32_3_max_dsp_1_ip_u/inst/i_synth/MULT.OP/i_non_prim.MULT/DSP48E1_SPD_SGL_VARIANT.FIX_MULT/DSP1/i_no_versal_es1_workaround.DSP/DSP_M_DATA.U_DATA<39>
    DSP48E2_X3Y11        DSP_ALU (Prop_DSP_ALU_DSP48E2_U_DATA[39]_ALU_OUT[47])
                                                      0.585     3.075 f  bd_0_i/hls_inst/inst/fmul_32ns_32ns_32_3_max_dsp_1_U429/MLP_fmul_32ns_32ns_32_3_max_dsp_1_ip_u/inst/i_synth/MULT.OP/i_non_prim.MULT/DSP48E1_SPD_SGL_VARIANT.FIX_MULT/DSP1/i_no_versal_es1_workaround.DSP/DSP_ALU_INST/ALU_OUT[47]
                         net (fo=1, routed)           0.000     3.075    bd_0_i/hls_inst/inst/fmul_32ns_32ns_32_3_max_dsp_1_U429/MLP_fmul_32ns_32ns_32_3_max_dsp_1_ip_u/inst/i_synth/MULT.OP/i_non_prim.MULT/DSP48E1_SPD_SGL_VARIANT.FIX_MULT/DSP1/i_no_versal_es1_workaround.DSP/DSP_ALU.ALU_OUT<47>
    DSP48E2_X3Y11        DSP_OUTPUT (Prop_DSP_OUTPUT_DSP48E2_ALU_OUT[47]_PCOUT[47])
                                                      0.122     3.197 r  bd_0_i/hls_inst/inst/fmul_32ns_32ns_32_3_max_dsp_1_U429/MLP_fmul_32ns_32ns_32_3_max_dsp_1_ip_u/inst/i_synth/MULT.OP/i_non_prim.MULT/DSP48E1_SPD_SGL_VARIANT.FIX_MULT/DSP1/i_no_versal_es1_workaround.DSP/DSP_OUTPUT_INST/PCOUT[47]
                         net (fo=1, routed)           0.073     3.270    bd_0_i/hls_inst/inst/fmul_32ns_32ns_32_3_max_dsp_1_U429/MLP_fmul_32ns_32ns_32_3_max_dsp_1_ip_u/inst/i_synth/MULT.OP/i_non_prim.MULT/DSP48E1_SPD_SGL_VARIANT.FIX_MULT/DSP2/i_no_versal_es1_workaround.DSP/PCIN[47]
    DSP48E2_X3Y12        DSP_ALU (Prop_DSP_ALU_DSP48E2_PCIN[47]_ALU_OUT[47])
                                                      0.546     3.816 r  bd_0_i/hls_inst/inst/fmul_32ns_32ns_32_3_max_dsp_1_U429/MLP_fmul_32ns_32ns_32_3_max_dsp_1_ip_u/inst/i_synth/MULT.OP/i_non_prim.MULT/DSP48E1_SPD_SGL_VARIANT.FIX_MULT/DSP2/i_no_versal_es1_workaround.DSP/DSP_ALU_INST/ALU_OUT[47]
                         net (fo=1, routed)           0.000     3.816    bd_0_i/hls_inst/inst/fmul_32ns_32ns_32_3_max_dsp_1_U429/MLP_fmul_32ns_32ns_32_3_max_dsp_1_ip_u/inst/i_synth/MULT.OP/i_non_prim.MULT/DSP48E1_SPD_SGL_VARIANT.FIX_MULT/DSP2/i_no_versal_es1_workaround.DSP/DSP_ALU.ALU_OUT<47>
    DSP48E2_X3Y12        DSP_OUTPUT (Prop_DSP_OUTPUT_DSP48E2_ALU_OUT[47]_PATTERN_DETECT)
                                                      0.363     4.179 f  bd_0_i/hls_inst/inst/fmul_32ns_32ns_32_3_max_dsp_1_U429/MLP_fmul_32ns_32ns_32_3_max_dsp_1_ip_u/inst/i_synth/MULT.OP/i_non_prim.MULT/DSP48E1_SPD_SGL_VARIANT.FIX_MULT/DSP2/i_no_versal_es1_workaround.DSP/DSP_OUTPUT_INST/PATTERN_DETECT
                         net (fo=2, routed)           0.368     4.547    bd_0_i/hls_inst/inst/fmul_32ns_32ns_32_3_max_dsp_1_U429/MLP_fmul_32ns_32ns_32_3_max_dsp_1_ip_u/inst/i_synth/MULT.OP/i_non_prim.MULT/DSP48E1_SPD_SGL_VARIANT.FIX_MULT/DSP2/zero_detect_rnd[1]
    SLICE_X41Y29         LUT6 (Prop_F6LUT_SLICEL_I2_O)
                                                      0.148     4.695 r  bd_0_i/hls_inst/inst/fmul_32ns_32ns_32_3_max_dsp_1_U429/MLP_fmul_32ns_32ns_32_3_max_dsp_1_ip_u/inst/i_synth/MULT.OP/i_non_prim.MULT/DSP48E1_SPD_SGL_VARIANT.FIX_MULT/DSP2/RESULT_REG.NORMAL.mant_op[21]_i_4/O
                         net (fo=22, routed)          0.175     4.871    bd_0_i/hls_inst/inst/fmul_32ns_32ns_32_3_max_dsp_1_U429/MLP_fmul_32ns_32ns_32_3_max_dsp_1_ip_u/inst/i_synth/MULT.OP/i_non_prim.MULT/DSP48E1_SPD_SGL_VARIANT.FIX_MULT/DSP2/i_non_prim.R_AND_R/LAT_OPT.FULL.R_AND_R/plus2_sel_ip__4
    SLICE_X41Y33         LUT6 (Prop_G6LUT_SLICEL_I4_O)
                                                      0.050     4.921 r  bd_0_i/hls_inst/inst/fmul_32ns_32ns_32_3_max_dsp_1_U429/MLP_fmul_32ns_32ns_32_3_max_dsp_1_ip_u/inst/i_synth/MULT.OP/i_non_prim.MULT/DSP48E1_SPD_SGL_VARIANT.FIX_MULT/DSP2/RESULT_REG.NORMAL.mant_op[22]_i_2/O
                         net (fo=1, routed)           0.230     5.151    bd_0_i/hls_inst/inst/fmul_32ns_32ns_32_3_max_dsp_1_U429/MLP_fmul_32ns_32ns_32_3_max_dsp_1_ip_u/inst/i_synth/MULT.OP/i_non_prim.EXP/EXP_ADD.C_CHAIN/p_3_out[0]
    SLICE_X41Y33         LUT3 (Prop_D5LUT_SLICEL_I1_O)
                                                      0.066     5.217 r  bd_0_i/hls_inst/inst/fmul_32ns_32ns_32_3_max_dsp_1_U429/MLP_fmul_32ns_32ns_32_3_max_dsp_1_ip_u/inst/i_synth/MULT.OP/i_non_prim.EXP/EXP_ADD.C_CHAIN/RESULT_REG.NORMAL.mant_op[22]_i_1/O
                         net (fo=1, routed)           0.372     5.589    bd_0_i/hls_inst/inst/fmul_32ns_32ns_32_3_max_dsp_1_U429/MLP_fmul_32ns_32ns_32_3_max_dsp_1_ip_u/inst/i_synth/MULT.OP/i_non_prim.OP/RESULT_REG.NORMAL.mant_op_reg[22]_0
    SLICE_X41Y28         FDRE                                         r  bd_0_i/hls_inst/inst/fmul_32ns_32ns_32_3_max_dsp_1_U429/MLP_fmul_32ns_32ns_32_3_max_dsp_1_ip_u/inst/i_synth/MULT.OP/i_non_prim.OP/RESULT_REG.NORMAL.mant_op_reg[22]/D
  -------------------------------------------------------------------    -------------------

                         (clock ap_clk rise edge)    10.000    10.000 r  
                                                      0.000    10.000 r  ap_clk (IN)
                         net (fo=29822, unset)        0.020    10.020    bd_0_i/hls_inst/inst/fmul_32ns_32ns_32_3_max_dsp_1_U429/MLP_fmul_32ns_32ns_32_3_max_dsp_1_ip_u/inst/i_synth/MULT.OP/i_non_prim.OP/aclk
    SLICE_X41Y28         FDRE                                         r  bd_0_i/hls_inst/inst/fmul_32ns_32ns_32_3_max_dsp_1_U429/MLP_fmul_32ns_32ns_32_3_max_dsp_1_ip_u/inst/i_synth/MULT.OP/i_non_prim.OP/RESULT_REG.NORMAL.mant_op_reg[22]/C
                         clock pessimism              0.000    10.020    
                         clock uncertainty           -0.035     9.985    
    SLICE_X41Y28         FDRE (Setup_FFF_SLICEL_C_D)
                                                      0.025    10.010    bd_0_i/hls_inst/inst/fmul_32ns_32ns_32_3_max_dsp_1_U429/MLP_fmul_32ns_32ns_32_3_max_dsp_1_ip_u/inst/i_synth/MULT.OP/i_non_prim.OP/RESULT_REG.NORMAL.mant_op_reg[22]
  -------------------------------------------------------------------
                         required time                         10.010    
                         arrival time                          -5.589    
  -------------------------------------------------------------------
                         slack                                  4.421    





Min Delay Paths
--------------------------------------------------------------------------------------
Slack (MET) :             0.019ns  (arrival time - required time)
  Source:                 bd_0_i/hls_inst/inst/grp_MLP_Pipeline_VITIS_LOOP_94_5_fu_1310/mul1_19_reg_1478_reg[20]/C
                            (rising edge-triggered cell FDRE clocked by ap_clk  {rise@0.000ns fall@5.000ns period=10.000ns})
  Destination:            bd_0_i/hls_inst/inst/fadd_32ns_32ns_32_4_full_dsp_1_U413/din1_buf1_reg[20]/D
                            (rising edge-triggered cell FDRE clocked by ap_clk  {rise@0.000ns fall@5.000ns period=10.000ns})
  Path Group:             ap_clk
  Path Type:              Hold (Min at Fast Process Corner)
  Requirement:            0.000ns  (ap_clk rise@0.000ns - ap_clk rise@0.000ns)
  Data Path Delay:        0.072ns  (logic 0.039ns (54.167%)  route 0.033ns (45.833%))
  Logic Levels:           0  
  Clock Path Skew:        0.006ns (DCD - SCD - CPR)
    Destination Clock Delay (DCD):    0.018ns
    Source Clock Delay      (SCD):    0.012ns
    Clock Pessimism Removal (CPR):    -0.000ns

    Location             Delay type                Incr(ns)  Path(ns)    Netlist Resource(s)
  -------------------------------------------------------------------    -------------------
                         (clock ap_clk rise edge)     0.000     0.000 r  
                                                      0.000     0.000 r  ap_clk (IN)
                         net (fo=29822, unset)        0.012     0.012    bd_0_i/hls_inst/inst/grp_MLP_Pipeline_VITIS_LOOP_94_5_fu_1310/ap_clk
    SLICE_X6Y88          FDRE                                         r  bd_0_i/hls_inst/inst/grp_MLP_Pipeline_VITIS_LOOP_94_5_fu_1310/mul1_19_reg_1478_reg[20]/C
  -------------------------------------------------------------------    -------------------
    SLICE_X6Y88          FDRE (Prop_DFF_SLICEL_C_Q)
                                                      0.039     0.051 r  bd_0_i/hls_inst/inst/grp_MLP_Pipeline_VITIS_LOOP_94_5_fu_1310/mul1_19_reg_1478_reg[20]/Q
                         net (fo=1, routed)           0.033     0.084    bd_0_i/hls_inst/inst/fadd_32ns_32ns_32_4_full_dsp_1_U413/din1_buf1_reg[20]_0
    SLICE_X6Y88          FDRE                                         r  bd_0_i/hls_inst/inst/fadd_32ns_32ns_32_4_full_dsp_1_U413/din1_buf1_reg[20]/D
  -------------------------------------------------------------------    -------------------

                         (clock ap_clk rise edge)     0.000     0.000 r  
                                                      0.000     0.000 r  ap_clk (IN)
                         net (fo=29822, unset)        0.018     0.018    bd_0_i/hls_inst/inst/fadd_32ns_32ns_32_4_full_dsp_1_U413/ap_clk
    SLICE_X6Y88          FDRE                                         r  bd_0_i/hls_inst/inst/fadd_32ns_32ns_32_4_full_dsp_1_U413/din1_buf1_reg[20]/C
                         clock pessimism              0.000     0.018    
    SLICE_X6Y88          FDRE (Hold_CFF2_SLICEL_C_D)
                                                      0.047     0.065    bd_0_i/hls_inst/inst/fadd_32ns_32ns_32_4_full_dsp_1_U413/din1_buf1_reg[20]
  -------------------------------------------------------------------
                         required time                         -0.065    
                         arrival time                           0.084    
  -------------------------------------------------------------------
                         slack                                  0.019    





Pulse Width Checks
--------------------------------------------------------------------------------------
Clock Name:         ap_clk
Waveform(ns):       { 0.000 5.000 }
Period(ns):         10.000
Sources:            { ap_clk }

Check Type        Corner  Lib Pin     Reference Pin  Required(ns)  Actual(ns)  Slack(ns)  Location      Pin
Min Period        n/a     SRL16E/CLK  n/a            1.064         10.000      8.936      SLICE_X20Y22  bd_0_i/hls_inst/inst/grp_MLP_Pipeline_VITIS_LOOP_111_7_fu_1391/ap_enable_reg_pp0_iter10_reg_srl2___grp_MLP_Pipeline_VITIS_LOOP_69_2_fu_1151_ap_enable_reg_pp0_iter3_reg_r/CLK
Low Pulse Width   Slow    SRL16E/CLK  n/a            0.532         5.000       4.468      SLICE_X20Y22  bd_0_i/hls_inst/inst/grp_MLP_Pipeline_VITIS_LOOP_111_7_fu_1391/ap_enable_reg_pp0_iter10_reg_srl2___grp_MLP_Pipeline_VITIS_LOOP_69_2_fu_1151_ap_enable_reg_pp0_iter3_reg_r/CLK
High Pulse Width  Slow    SRL16E/CLK  n/a            0.532         5.000       4.468      SLICE_X20Y22  bd_0_i/hls_inst/inst/grp_MLP_Pipeline_VITIS_LOOP_111_7_fu_1391/ap_enable_reg_pp0_iter10_reg_srl2___grp_MLP_Pipeline_VITIS_LOOP_69_2_fu_1151_ap_enable_reg_pp0_iter3_reg_r/CLK



