Copyright 1986-2022 Xilinx, Inc. All Rights Reserved.
-------------------------------------------------------------------------------------
| Tool Version : Vivado v.2022.1 (win64) Build 3526262 Mon Apr 18 15:48:16 MDT 2022
| Date         : Wed Feb 14 00:44:54 2024
| Host         : DESKTOP-7J5H59V running 64-bit major release  (build 9200)
| Command      : report_design_analysis -file ./report/MLP_design_analysis_synth.rpt
| Design       : bd_0_wrapper
| Device       : xczu3eg
| Design State : Synthesized
-------------------------------------------------------------------------------------

Report Design Analysis

Table of Contents
-----------------
1. Setup Path Characteristics 1-1
2. Logic Level Distribution
3. Placer Final Level Congestion Reporting
4. SLR Net Crossing Reporting

1. Setup Path Characteristics 1-1
---------------------------------

+---------------------------+---------------------------------------------------------------------------------------------------------------------------------------------------------+
|      Characteristics      |                                                                         Path #1                                                                         |
+---------------------------+---------------------------------------------------------------------------------------------------------------------------------------------------------+
| Requirement               | 10.000                                                                                                                                                  |
| Path Delay                | 3.819                                                                                                                                                   |
| Logic Delay               | 3.209(85%)                                                                                                                                              |
| Net Delay                 | 0.610(15%)                                                                                                                                              |
| Clock Skew                | -0.009                                                                                                                                                  |
| Slack                     | 6.162                                                                                                                                                   |
| Clock Uncertainty         | 0.035                                                                                                                                                   |
| Clock Relationship        | Safely Timed                                                                                                                                            |
| Clock Delay Group         | Same Clock                                                                                                                                              |
| Logic Levels              | 12                                                                                                                                                      |
| Routes                    | NA                                                                                                                                                      |
| Logical Path              | FDRE/C-(1)-DSP_A_B_DATA-(1)-DSP_PREADD_DATA-DSP_MULTIPLIER-DSP_M_DATA-DSP_ALU-DSP_OUTPUT-DSP_ALU-DSP_OUTPUT-DSP_ALU-DSP_OUTPUT-LUT6-(1)-LUT3-(1)-FDRE/D |
| Start Point Clock         | ap_clk                                                                                                                                                  |
| End Point Clock           | ap_clk                                                                                                                                                  |
| DSP Block                 | Comb                                                                                                                                                    |
| RAM Registers             |                                                                                                                                                         |
| IO Crossings              | 0                                                                                                                                                       |
| SLR Crossings             | 0                                                                                                                                                       |
| PBlocks                   | 0                                                                                                                                                       |
| High Fanout               | 1                                                                                                                                                       |
| Dont Touch                | 0                                                                                                                                                       |
| Mark Debug                | 0                                                                                                                                                       |
| Start Point Pin Primitive | FDRE/C                                                                                                                                                  |
| End Point Pin Primitive   | FDRE/D                                                                                                                                                  |
| Start Point Pin           | din1_buf1_reg[15]/C                                                                                                                                     |
| End Point Pin             | RESULT_REG.NORMAL.mant_op_reg[22]/D                                                                                                                     |
+---------------------------+---------------------------------------------------------------------------------------------------------------------------------------------------------+
* Bounding box calculated as % of dimensions for the target device (2447, 372)


2. Logic Level Distribution
---------------------------

+-----------------+-------------+-----+-----+
| End Point Clock | Requirement |  11 |  12 |
+-----------------+-------------+-----+-----+
| ap_clk          | 10.000ns    | 568 | 432 |
+-----------------+-------------+-----+-----+
* Columns represent the logic levels per end point clock
** Distribution is for top worst 1000 paths


3. Placer Final Level Congestion Reporting
------------------------------------------

+-----------+------+-------+--------+---------------+---------------+-----+--------+------+------+------+------+-----+-------+-----+------------+
| Direction | Type | Level | Window | Combined LUTs | Avg LUT Input | LUT | LUTRAM | Flop | MUXF | RAMB | URAM | DSP | CARRY | SRL | Cell Names |
+-----------+------+-------+--------+---------------+---------------+-----+--------+------+------+------+------+-----+-------+-----+------------+
* The design has not been placed, hence congestion data is not available. The command report_design_analysis -congestion should be run only after place_design has completed.


4. SLR Net Crossing Reporting
-----------------------------

+------------+-----------------------------+
| Cell Names | Number of Nets crossing SLR |
+------------+-----------------------------+
* The current part is not an SSI device


